[2022-05-03T00:28:09.095+0000][0.009s] Heap region size: 1M
[2022-05-03T00:28:09.315+0000][0.229s] Using G1
[2022-05-03T00:28:09.316+0000][0.230s] Heap address: 0x00000000e0000000, size: 512 MB, Compressed Oops mode: 32-bit
[2022-05-03T00:28:09.316+0000][0.230s] Mark closed archive regions in map: [0x00000000fff00000, 0x00000000fff63ff8]
[2022-05-03T00:28:09.317+0000][0.231s] Mark open archive regions in map: [0x00000000ffe00000, 0x00000000ffe41ff8]
[2022-05-03T00:28:10.424+0000][1.338s] GC(0) Pause Young (Normal) (G1 Evacuation Pause)
[2022-05-03T00:28:10.425+0000][1.339s] GC(0) Using 8 workers of 8 for evacuation
[2022-05-03T00:28:10.455+0000][1.369s] GC(0)   Pre Evacuate Collection Set: 0.0ms
[2022-05-03T00:28:10.455+0000][1.369s] GC(0)   Evacuate Collection Set: 23.2ms
[2022-05-03T00:28:10.455+0000][1.369s] GC(0)   Post Evacuate Collection Set: 3.9ms
[2022-05-03T00:28:10.455+0000][1.369s] GC(0)   Other: 3.7ms
[2022-05-03T00:28:10.455+0000][1.370s] GC(0) Eden regions: 30->0(303)
[2022-05-03T00:28:10.456+0000][1.370s] GC(0) Survivor regions: 0->4(4)
[2022-05-03T00:28:10.456+0000][1.370s] GC(0) Old regions: 2->2
[2022-05-03T00:28:10.456+0000][1.370s] GC(0) Humongous regions: 0->0
[2022-05-03T00:28:10.456+0000][1.370s] GC(0) Metaspace: 9247K->9247K(1058816K)
[2022-05-03T00:28:10.456+0000][1.371s] GC(0) Pause Young (Normal) (G1 Evacuation Pause) 30M->4M(512M) 32.599ms
[2022-05-03T00:28:10.457+0000][1.371s] GC(0) User=0.22s Sys=0.01s Real=0.04s
[2022-05-03T00:28:11.539+0000][2.453s] GC(1) Pause Young (Concurrent Start) (Metadata GC Threshold)
[2022-05-03T00:28:11.540+0000][2.454s] GC(1) Using 8 workers of 8 for evacuation
[2022-05-03T00:28:11.562+0000][2.476s] GC(1)   Pre Evacuate Collection Set: 0.0ms
[2022-05-03T00:28:11.563+0000][2.477s] GC(1)   Evacuate Collection Set: 18.2ms
[2022-05-03T00:28:11.563+0000][2.477s] GC(1)   Post Evacuate Collection Set: 4.2ms
[2022-05-03T00:28:11.563+0000][2.477s] GC(1)   Other: 0.7ms
[2022-05-03T00:28:11.563+0000][2.477s] GC(1) Eden regions: 85->0(79)
[2022-05-03T00:28:11.563+0000][2.477s] GC(1) Survivor regions: 4->19(39)
[2022-05-03T00:28:11.563+0000][2.478s] GC(1) Old regions: 2->2
[2022-05-03T00:28:11.564+0000][2.478s] GC(1) Humongous regions: 4->4
[2022-05-03T00:28:11.564+0000][2.478s] GC(1) Metaspace: 20429K->20429K(1069056K)
[2022-05-03T00:28:11.564+0000][2.478s] GC(1) Pause Young (Concurrent Start) (Metadata GC Threshold) 92M->23M(512M) 24.799ms
[2022-05-03T00:28:11.564+0000][2.478s] GC(1) User=0.13s Sys=0.00s Real=0.03s
[2022-05-03T00:28:11.564+0000][2.479s] GC(2) Concurrent Cycle
[2022-05-03T00:28:11.565+0000][2.479s] GC(2) Concurrent Clear Claimed Marks
[2022-05-03T00:28:11.565+0000][2.479s] GC(2) Concurrent Clear Claimed Marks 0.217ms
[2022-05-03T00:28:11.565+0000][2.479s] GC(2) Concurrent Scan Root Regions
[2022-05-03T00:28:11.575+0000][2.489s] GC(2) Concurrent Scan Root Regions 10.153ms
[2022-05-03T00:28:11.576+0000][2.490s] GC(2) Concurrent Mark (2.490s)
[2022-05-03T00:28:11.576+0000][2.490s] GC(2) Concurrent Mark From Roots
[2022-05-03T00:28:11.576+0000][2.490s] GC(2) Using 2 workers of 2 for marking
[2022-05-03T00:28:11.583+0000][2.497s] GC(2) Concurrent Mark From Roots 7.180ms
[2022-05-03T00:28:11.583+0000][2.497s] GC(2) Concurrent Preclean
[2022-05-03T00:28:11.583+0000][2.498s] GC(2) Concurrent Preclean 0.290ms
[2022-05-03T00:28:11.584+0000][2.498s] GC(2) Concurrent Mark (2.490s, 2.498s) 8.205ms
[2022-05-03T00:28:11.584+0000][2.498s] GC(2) Pause Remark
[2022-05-03T00:28:11.592+0000][2.506s] GC(2) Cleaned string and symbol table, strings: 9061 processed, 0 removed, symbols: 60783 processed, 39 removed
[2022-05-03T00:28:11.593+0000][2.507s] GC(2) Pause Remark 24M->24M(512M) 8.455ms
[2022-05-03T00:28:11.593+0000][2.507s] GC(2) User=0.04s Sys=0.01s Real=0.00s
[2022-05-03T00:28:11.593+0000][2.507s] GC(2) Concurrent Rebuild Remembered Sets
[2022-05-03T00:28:11.597+0000][2.511s] GC(2) Concurrent Rebuild Remembered Sets 3.871ms
[2022-05-03T00:28:11.597+0000][2.511s] GC(2) Pause Cleanup
[2022-05-03T00:28:11.598+0000][2.512s] GC(2) Pause Cleanup 24M->24M(512M) 0.450ms
[2022-05-03T00:28:11.598+0000][2.512s] GC(2) User=0.00s Sys=0.00s Real=0.00s
[2022-05-03T00:28:11.598+0000][2.512s] GC(2) Concurrent Cleanup for Next Mark
[2022-05-03T00:28:11.600+0000][2.514s] GC(2) Concurrent Cleanup for Next Mark 1.511ms
[2022-05-03T00:28:11.601+0000][2.515s] GC(2) Concurrent Cycle 36.358ms
[2022-05-03T00:28:12.504+0000][3.418s] GC(3) Pause Young (Normal) (G1 Evacuation Pause)
[2022-05-03T00:28:12.504+0000][3.418s] GC(3) Using 8 workers of 8 for evacuation
[2022-05-03T00:28:12.526+0000][3.440s] GC(3)   Pre Evacuate Collection Set: 0.0ms
[2022-05-03T00:28:12.526+0000][3.441s] GC(3)   Evacuate Collection Set: 16.2ms
[2022-05-03T00:28:12.527+0000][3.441s] GC(3)   Post Evacuate Collection Set: 5.3ms
[2022-05-03T00:28:12.527+0000][3.441s] GC(3)   Other: 0.7ms
[2022-05-03T00:28:12.527+0000][3.441s] GC(3) Eden regions: 68->0(101)
[2022-05-03T00:28:12.527+0000][3.441s] GC(3) Survivor regions: 19->5(11)
[2022-05-03T00:28:12.527+0000][3.441s] GC(3) Old regions: 2->21
[2022-05-03T00:28:12.527+0000][3.441s] GC(3) Humongous regions: 4->4
[2022-05-03T00:28:12.527+0000][3.442s] GC(3) Metaspace: 29272K->29272K(1075200K)
[2022-05-03T00:28:12.528+0000][3.442s] GC(3) Pause Young (Normal) (G1 Evacuation Pause) 91M->28M(512M) 23.604ms
[2022-05-03T00:28:12.528+0000][3.442s] GC(3) User=0.18s Sys=0.00s Real=0.03s
[2022-05-03T00:28:13.119+0000][4.033s] GC(4) Pause Young (Concurrent Start) (Metadata GC Threshold)
[2022-05-03T00:28:13.119+0000][4.034s] GC(4) Using 8 workers of 8 for evacuation
[2022-05-03T00:28:13.136+0000][4.050s] GC(4)   Pre Evacuate Collection Set: 0.1ms
[2022-05-03T00:28:13.136+0000][4.050s] GC(4)   Evacuate Collection Set: 14.7ms
[2022-05-03T00:28:13.136+0000][4.050s] GC(4)   Post Evacuate Collection Set: 0.9ms
[2022-05-03T00:28:13.136+0000][4.050s] GC(4)   Other: 0.7ms
[2022-05-03T00:28:13.136+0000][4.051s] GC(4) Eden regions: 54->0(125)
[2022-05-03T00:28:13.137+0000][4.051s] GC(4) Survivor regions: 5->6(14)
[2022-05-03T00:28:13.137+0000][4.051s] GC(4) Old regions: 21->21
[2022-05-03T00:28:13.137+0000][4.051s] GC(4) Humongous regions: 4->4
[2022-05-03T00:28:13.137+0000][4.051s] GC(4) Metaspace: 34704K->34704K(1081344K)
[2022-05-03T00:28:13.137+0000][4.051s] GC(4) Pause Young (Concurrent Start) (Metadata GC Threshold) 81M->29M(512M) 18.111ms
[2022-05-03T00:28:13.137+0000][4.052s] GC(4) User=0.12s Sys=0.00s Real=0.02s
[2022-05-03T00:28:13.138+0000][4.052s] GC(5) Concurrent Cycle
[2022-05-03T00:28:13.138+0000][4.052s] GC(5) Concurrent Clear Claimed Marks
[2022-05-03T00:28:13.138+0000][4.052s] GC(5) Concurrent Clear Claimed Marks 0.282ms
[2022-05-03T00:28:13.138+0000][4.053s] GC(5) Concurrent Scan Root Regions
[2022-05-03T00:28:13.145+0000][4.059s] GC(5) Concurrent Scan Root Regions 6.276ms
[2022-05-03T00:28:13.145+0000][4.059s] GC(5) Concurrent Mark (4.059s)
[2022-05-03T00:28:13.145+0000][4.059s] GC(5) Concurrent Mark From Roots
[2022-05-03T00:28:13.146+0000][4.060s] GC(5) Using 2 workers of 2 for marking
[2022-05-03T00:28:13.171+0000][4.085s] GC(5) Concurrent Mark From Roots 25.705ms
[2022-05-03T00:28:13.171+0000][4.085s] GC(5) Concurrent Preclean
[2022-05-03T00:28:13.171+0000][4.086s] GC(5) Concurrent Preclean 0.286ms
[2022-05-03T00:28:13.172+0000][4.086s] GC(5) Concurrent Mark (4.059s, 4.086s) 26.616ms
[2022-05-03T00:28:13.172+0000][4.086s] GC(5) Pause Remark
[2022-05-03T00:28:13.176+0000][4.090s] GC(5) Cleaned string and symbol table, strings: 15816 processed, 27 removed, symbols: 102228 processed, 123 removed
[2022-05-03T00:28:13.176+0000][4.091s] GC(5) Pause Remark 31M->31M(512M) 4.372ms
[2022-05-03T00:28:13.177+0000][4.091s] GC(5) User=0.03s Sys=0.00s Real=0.01s
[2022-05-03T00:28:13.177+0000][4.091s] GC(5) Concurrent Rebuild Remembered Sets
[2022-05-03T00:28:13.193+0000][4.107s] GC(5) Concurrent Rebuild Remembered Sets 15.880ms
[2022-05-03T00:28:13.193+0000][4.107s] GC(5) Pause Cleanup
[2022-05-03T00:28:13.194+0000][4.108s] GC(5) Pause Cleanup 32M->32M(512M) 0.421ms
[2022-05-03T00:28:13.194+0000][4.108s] GC(5) User=0.00s Sys=0.00s Real=0.00s
[2022-05-03T00:28:13.194+0000][4.108s] GC(5) Concurrent Cleanup for Next Mark
[2022-05-03T00:28:13.195+0000][4.110s] GC(5) Concurrent Cleanup for Next Mark 1.253ms
[2022-05-03T00:28:13.196+0000][4.110s] GC(5) Concurrent Cycle 57.973ms
[2022-05-03T00:28:14.455+0000][5.370s] GC(6) Pause Young (Concurrent Start) (G1 Evacuation Pause)
[2022-05-03T00:28:14.456+0000][5.370s] GC(6) Using 8 workers of 8 for evacuation
[2022-05-03T00:28:14.476+0000][5.390s] GC(6)   Pre Evacuate Collection Set: 0.1ms
[2022-05-03T00:28:14.476+0000][5.390s] GC(6)   Evacuate Collection Set: 18.2ms
[2022-05-03T00:28:14.476+0000][5.391s] GC(6)   Post Evacuate Collection Set: 1.5ms
[2022-05-03T00:28:14.477+0000][5.391s] GC(6)   Other: 0.6ms
[2022-05-03T00:28:14.477+0000][5.391s] GC(6) Eden regions: 129->0(170)
[2022-05-03T00:28:14.477+0000][5.391s] GC(6) Survivor regions: 6->10(17)
[2022-05-03T00:28:14.477+0000][5.392s] GC(6) Old regions: 21->21
[2022-05-03T00:28:14.478+0000][5.392s] GC(6) Humongous regions: 4->4
[2022-05-03T00:28:14.478+0000][5.392s] GC(6) Metaspace: 42948K->42948K(1087488K)
[2022-05-03T00:28:14.478+0000][5.392s] GC(6) Pause Young (Concurrent Start) (G1 Evacuation Pause) 158M->33M(512M) 22.493ms
[2022-05-03T00:28:14.478+0000][5.392s] GC(6) User=0.10s Sys=0.00s Real=0.02s
[2022-05-03T00:28:14.478+0000][5.392s] GC(7) Concurrent Cycle
[2022-05-03T00:28:14.479+0000][5.393s] GC(7) Concurrent Clear Claimed Marks
[2022-05-03T00:28:14.479+0000][5.394s] GC(7) Concurrent Clear Claimed Marks 0.454ms
[2022-05-03T00:28:14.480+0000][5.394s] GC(7) Concurrent Scan Root Regions
[2022-05-03T00:28:14.488+0000][5.403s] GC(7) Concurrent Scan Root Regions 8.707ms
[2022-05-03T00:28:14.489+0000][5.403s] GC(7) Concurrent Mark (5.403s)
[2022-05-03T00:28:14.489+0000][5.403s] GC(7) Concurrent Mark From Roots
[2022-05-03T00:28:14.489+0000][5.403s] GC(7) Using 2 workers of 2 for marking
[2022-05-03T00:28:14.518+0000][5.432s] GC(7) Concurrent Mark From Roots 28.995ms
[2022-05-03T00:28:14.518+0000][5.433s] GC(7) Concurrent Preclean
[2022-05-03T00:28:14.519+0000][5.433s] GC(7) Concurrent Preclean 0.590ms
[2022-05-03T00:28:14.519+0000][5.433s] GC(7) Concurrent Mark (5.403s, 5.433s) 30.466ms
[2022-05-03T00:28:14.521+0000][5.435s] GC(7) Pause Remark
[2022-05-03T00:28:14.533+0000][5.447s] GC(7) Cleaned string and symbol table, strings: 19476 processed, 0 removed, symbols: 123852 processed, 480 removed
[2022-05-03T00:28:14.534+0000][5.448s] GC(7) Pause Remark 37M->37M(512M) 12.808ms
[2022-05-03T00:28:14.534+0000][5.448s] GC(7) User=0.10s Sys=0.00s Real=0.01s
[2022-05-03T00:28:14.534+0000][5.448s] GC(7) Concurrent Rebuild Remembered Sets
[2022-05-03T00:28:14.551+0000][5.465s] GC(7) Concurrent Rebuild Remembered Sets 16.436ms
[2022-05-03T00:28:14.551+0000][5.466s] GC(7) Pause Cleanup
[2022-05-03T00:28:14.552+0000][5.466s] GC(7) Pause Cleanup 38M->38M(512M) 0.583ms
[2022-05-03T00:28:14.552+0000][5.466s] GC(7) User=0.00s Sys=0.00s Real=0.00s
[2022-05-03T00:28:14.552+0000][5.467s] GC(7) Concurrent Cleanup for Next Mark
[2022-05-03T00:28:14.554+0000][5.468s] GC(7) Concurrent Cleanup for Next Mark 1.103ms
[2022-05-03T00:28:14.554+0000][5.468s] GC(7) Concurrent Cycle 75.362ms
[2022-05-03T00:30:26.120+0000][137.034s] GC(8) Pause Young (Normal) (G1 Evacuation Pause)
[2022-05-03T00:30:26.121+0000][137.035s] GC(8) Using 8 workers of 8 for evacuation
[2022-05-03T00:30:26.144+0000][137.058s] GC(8)   Pre Evacuate Collection Set: 0.1ms
[2022-05-03T00:30:26.144+0000][137.058s] GC(8)   Evacuate Collection Set: 19.9ms
[2022-05-03T00:30:26.144+0000][137.058s] GC(8)   Post Evacuate Collection Set: 2.7ms
[2022-05-03T00:30:26.144+0000][137.058s] GC(8)   Other: 0.7ms
[2022-05-03T00:30:26.145+0000][137.059s] GC(8) Eden regions: 174->0(226)
[2022-05-03T00:30:26.145+0000][137.059s] GC(8) Survivor regions: 10->19(23)
[2022-05-03T00:30:26.145+0000][137.059s] GC(8) Old regions: 21->21
[2022-05-03T00:30:26.145+0000][137.059s] GC(8) Humongous regions: 7->7
[2022-05-03T00:30:26.145+0000][137.059s] GC(8) Metaspace: 51227K->51227K(1095680K)
[2022-05-03T00:30:26.145+0000][137.059s] GC(8) Pause Young (Normal) (G1 Evacuation Pause) 210M->45M(512M) 25.056ms
[2022-05-03T00:30:26.145+0000][137.060s] GC(8) User=0.18s Sys=0.00s Real=0.03s
[2022-05-03T00:30:37.105+0000][148.019s] GC(9) Pause Young (Normal) (G1 Evacuation Pause)
[2022-05-03T00:30:37.105+0000][148.020s] GC(9) Using 8 workers of 8 for evacuation
[2022-05-03T00:30:37.139+0000][148.053s] GC(9)   Pre Evacuate Collection Set: 0.1ms
[2022-05-03T00:30:37.139+0000][148.053s] GC(9)   Evacuate Collection Set: 16.5ms
[2022-05-03T00:30:37.139+0000][148.054s] GC(9)   Post Evacuate Collection Set: 16.4ms
[2022-05-03T00:30:37.140+0000][148.054s] GC(9)   Other: 0.9ms
[2022-05-03T00:30:37.140+0000][148.054s] GC(9) Eden regions: 226->0(280)
[2022-05-03T00:30:37.140+0000][148.054s] GC(9) Survivor regions: 19->27(31)
[2022-05-03T00:30:37.141+0000][148.055s] GC(9) Old regions: 21->25
[2022-05-03T00:30:37.141+0000][148.055s] GC(9) Humongous regions: 7->7
[2022-05-03T00:30:37.141+0000][148.055s] GC(9) Metaspace: 52061K->52061K(1095680K)
[2022-05-03T00:30:37.142+0000][148.056s] GC(9) Pause Young (Normal) (G1 Evacuation Pause) 271M->56M(512M) 36.480ms
[2022-05-03T00:30:37.142+0000][148.056s] GC(9) User=0.18s Sys=0.00s Real=0.03s
[2022-05-03T00:30:47.909+0000][158.823s] GC(10) Pause Young (Normal) (G1 Evacuation Pause)
[2022-05-03T00:30:47.909+0000][158.823s] GC(10) Using 8 workers of 8 for evacuation
[2022-05-03T00:30:47.953+0000][158.868s] GC(10)   Pre Evacuate Collection Set: 0.0ms
[2022-05-03T00:30:47.954+0000][158.868s] GC(10)   Evacuate Collection Set: 28.4ms
[2022-05-03T00:30:47.954+0000][158.868s] GC(10)   Post Evacuate Collection Set: 15.4ms
[2022-05-03T00:30:47.954+0000][158.869s] GC(10)   Other: 1.0ms
[2022-05-03T00:30:47.955+0000][158.869s] GC(10) Eden regions: 280->0(283)
[2022-05-03T00:30:47.955+0000][158.869s] GC(10) Survivor regions: 27->24(39)
[2022-05-03T00:30:47.955+0000][158.870s] GC(10) Old regions: 25->31
[2022-05-03T00:30:47.956+0000][158.870s] GC(10) Humongous regions: 7->7
[2022-05-03T00:30:47.956+0000][158.870s] GC(10) Metaspace: 52910K->52910K(1097728K)
[2022-05-03T00:30:47.956+0000][158.871s] GC(10) Pause Young (Normal) (G1 Evacuation Pause) 336M->59M(512M) 47.878ms
[2022-05-03T00:30:47.957+0000][158.871s] GC(10) User=0.21s Sys=0.01s Real=0.05s
[2022-05-03T00:30:58.915+0000][169.829s] GC(11) Pause Young (Normal) (G1 Evacuation Pause)
[2022-05-03T00:30:58.916+0000][169.830s] GC(11) Using 8 workers of 8 for evacuation
[2022-05-03T00:30:58.973+0000][169.887s] GC(11)   Pre Evacuate Collection Set: 0.0ms
[2022-05-03T00:30:58.973+0000][169.887s] GC(11)   Evacuate Collection Set: 36.9ms
[2022-05-03T00:30:58.973+0000][169.887s] GC(11)   Post Evacuate Collection Set: 19.4ms
[2022-05-03T00:30:58.974+0000][169.888s] GC(11)   Other: 1.0ms
[2022-05-03T00:30:58.974+0000][169.888s] GC(11) Eden regions: 283->0(287)
[2022-05-03T00:30:58.974+0000][169.888s] GC(11) Survivor regions: 24->20(39)
[2022-05-03T00:30:58.974+0000][169.889s] GC(11) Old regions: 31->35
[2022-05-03T00:30:58.975+0000][169.889s] GC(11) Humongous regions: 7->7
[2022-05-03T00:30:58.975+0000][169.889s] GC(11) Metaspace: 53215K->53215K(1097728K)
[2022-05-03T00:30:58.976+0000][169.890s] GC(11) Pause Young (Normal) (G1 Evacuation Pause) 342M->59M(512M) 60.311ms
[2022-05-03T00:30:58.976+0000][169.890s] GC(11) User=0.31s Sys=0.01s Real=0.06s
[2022-05-03T00:31:09.902+0000][180.816s] GC(12) Pause Young (Normal) (G1 Evacuation Pause)
[2022-05-03T00:31:09.903+0000][180.817s] GC(12) Using 8 workers of 8 for evacuation
[2022-05-03T00:31:09.922+0000][180.836s] GC(12)   Pre Evacuate Collection Set: 0.0ms
[2022-05-03T00:31:09.922+0000][180.837s] GC(12)   Evacuate Collection Set: 4.9ms
[2022-05-03T00:31:09.923+0000][180.837s] GC(12)   Post Evacuate Collection Set: 13.8ms
[2022-05-03T00:31:09.923+0000][180.837s] GC(12)   Other: 0.7ms
[2022-05-03T00:31:09.923+0000][180.837s] GC(12) Eden regions: 287->0(288)
[2022-05-03T00:31:09.924+0000][180.838s] GC(12) Survivor regions: 20->19(39)
[2022-05-03T00:31:09.924+0000][180.838s] GC(12) Old regions: 35->35
[2022-05-03T00:31:09.924+0000][180.838s] GC(12) Humongous regions: 7->7
[2022-05-03T00:31:09.924+0000][180.838s] GC(12) Metaspace: 53428K->53428K(1097728K)
[2022-05-03T00:31:09.925+0000][180.839s] GC(12) Pause Young (Normal) (G1 Evacuation Pause) 346M->59M(512M) 22.363ms
[2022-05-03T00:31:09.925+0000][180.839s] GC(12) User=0.10s Sys=0.00s Real=0.03s
[2022-05-03T00:31:19.747+0000][190.661s] GC(13) Pause Young (Normal) (G1 Evacuation Pause)
[2022-05-03T00:31:19.747+0000][190.662s] GC(13) Using 8 workers of 8 for evacuation
[2022-05-03T00:31:19.772+0000][190.686s] GC(13)   Pre Evacuate Collection Set: 0.0ms
[2022-05-03T00:31:19.772+0000][190.686s] GC(13)   Evacuate Collection Set: 5.0ms
[2022-05-03T00:31:19.772+0000][190.687s] GC(13)   Post Evacuate Collection Set: 19.0ms
[2022-05-03T00:31:19.773+0000][190.687s] GC(13)   Other: 0.7ms
[2022-05-03T00:31:19.773+0000][190.687s] GC(13) Eden regions: 288->0(288)
[2022-05-03T00:31:19.773+0000][190.687s] GC(13) Survivor regions: 19->19(39)
[2022-05-03T00:31:19.773+0000][190.688s] GC(13) Old regions: 35->35
[2022-05-03T00:31:19.774+0000][190.688s] GC(13) Humongous regions: 7->7
[2022-05-03T00:31:19.774+0000][190.688s] GC(13) Metaspace: 53650K->53650K(1097728K)
[2022-05-03T00:31:19.774+0000][190.688s] GC(13) Pause Young (Normal) (G1 Evacuation Pause) 347M->59M(512M) 26.991ms
[2022-05-03T00:31:19.774+0000][190.689s] GC(13) User=0.10s Sys=0.01s Real=0.03s
[2022-05-03T00:31:29.459+0000][200.373s] GC(14) Pause Young (Normal) (G1 Evacuation Pause)
[2022-05-03T00:31:29.459+0000][200.373s] GC(14) Using 8 workers of 8 for evacuation
[2022-05-03T00:31:29.480+0000][200.394s] GC(14)   Pre Evacuate Collection Set: 0.1ms
[2022-05-03T00:31:29.480+0000][200.394s] GC(14)   Evacuate Collection Set: 8.2ms
[2022-05-03T00:31:29.480+0000][200.394s] GC(14)   Post Evacuate Collection Set: 11.9ms
[2022-05-03T00:31:29.480+0000][200.395s] GC(14)   Other: 0.9ms
[2022-05-03T00:31:29.481+0000][200.395s] GC(14) Eden regions: 288->0(289)
[2022-05-03T00:31:29.481+0000][200.395s] GC(14) Survivor regions: 19->18(39)
[2022-05-03T00:31:29.481+0000][200.395s] GC(14) Old regions: 35->35
[2022-05-03T00:31:29.482+0000][200.396s] GC(14) Humongous regions: 7->7
[2022-05-03T00:31:29.482+0000][200.396s] GC(14) Metaspace: 53905K->53905K(1097728K)
[2022-05-03T00:31:29.482+0000][200.397s] GC(14) Pause Young (Normal) (G1 Evacuation Pause) 347M->58M(512M) 23.756ms
[2022-05-03T00:31:29.483+0000][200.397s] GC(14) User=0.10s Sys=0.01s Real=0.02s
[2022-05-03T00:31:38.474+0000][209.388s] GC(15) Pause Young (Normal) (G1 Evacuation Pause)
[2022-05-03T00:31:38.475+0000][209.389s] GC(15) Using 8 workers of 8 for evacuation
[2022-05-03T00:31:38.500+0000][209.415s] GC(15)   Pre Evacuate Collection Set: 0.0ms
[2022-05-03T00:31:38.501+0000][209.415s] GC(15)   Evacuate Collection Set: 7.6ms
[2022-05-03T00:31:38.501+0000][209.415s] GC(15)   Post Evacuate Collection Set: 17.7ms
[2022-05-03T00:31:38.502+0000][209.416s] GC(15)   Other: 1.0ms
[2022-05-03T00:31:38.502+0000][209.416s] GC(15) Eden regions: 289->0(286)
[2022-05-03T00:31:38.502+0000][209.416s] GC(15) Survivor regions: 18->21(39)
[2022-05-03T00:31:38.502+0000][209.417s] GC(15) Old regions: 35->35
[2022-05-03T00:31:38.503+0000][209.417s] GC(15) Humongous regions: 7->7
[2022-05-03T00:31:38.503+0000][209.417s] GC(15) Metaspace: 54031K->54031K(1097728K)
[2022-05-03T00:31:38.503+0000][209.417s] GC(15) Pause Young (Normal) (G1 Evacuation Pause) 347M->60M(512M) 29.039ms
[2022-05-03T00:31:38.504+0000][209.418s] GC(15) User=0.14s Sys=0.02s Real=0.02s
[2022-05-03T00:31:47.598+0000][218.512s] GC(16) Pause Young (Normal) (G1 Evacuation Pause)
[2022-05-03T00:31:47.598+0000][218.512s] GC(16) Using 8 workers of 8 for evacuation
[2022-05-03T00:31:47.621+0000][218.535s] GC(16)   Pre Evacuate Collection Set: 0.0ms
[2022-05-03T00:31:47.621+0000][218.536s] GC(16)   Evacuate Collection Set: 6.9ms
[2022-05-03T00:31:47.622+0000][218.536s] GC(16)   Post Evacuate Collection Set: 15.3ms
[2022-05-03T00:31:47.622+0000][218.536s] GC(16)   Other: 1.0ms
[2022-05-03T00:31:47.623+0000][218.537s] GC(16) Eden regions: 286->0(287)
[2022-05-03T00:31:47.624+0000][218.538s] GC(16) Survivor regions: 21->20(39)
[2022-05-03T00:31:47.624+0000][218.538s] GC(16) Old regions: 35->35
[2022-05-03T00:31:47.624+0000][218.538s] GC(16) Humongous regions: 7->7
[2022-05-03T00:31:47.625+0000][218.539s] GC(16) Metaspace: 54144K->54144K(1097728K)
[2022-05-03T00:31:47.625+0000][218.539s] GC(16) Pause Young (Normal) (G1 Evacuation Pause) 346M->59M(512M) 27.326ms
[2022-05-03T00:31:47.625+0000][218.539s] GC(16) User=0.12s Sys=0.00s Real=0.03s
[2022-05-03T00:31:56.014+0000][226.928s] GC(17) Pause Young (Normal) (G1 Evacuation Pause)
[2022-05-03T00:31:56.014+0000][226.929s] GC(17) Using 8 workers of 8 for evacuation
[2022-05-03T00:31:56.032+0000][226.946s] GC(17)   Pre Evacuate Collection Set: 0.0ms
[2022-05-03T00:31:56.032+0000][226.947s] GC(17)   Evacuate Collection Set: 5.4ms
[2022-05-03T00:31:56.033+0000][226.947s] GC(17)   Post Evacuate Collection Set: 11.9ms
[2022-05-03T00:31:56.033+0000][226.947s] GC(17)   Other: 0.8ms
[2022-05-03T00:31:56.033+0000][226.947s] GC(17) Eden regions: 287->0(287)
[2022-05-03T00:31:56.033+0000][226.947s] GC(17) Survivor regions: 20->20(39)
[2022-05-03T00:31:56.033+0000][226.948s] GC(17) Old regions: 35->35
[2022-05-03T00:31:56.034+0000][226.948s] GC(17) Humongous regions: 7->7
[2022-05-03T00:31:56.034+0000][226.948s] GC(17) Metaspace: 54257K->54257K(1097728K)
[2022-05-03T00:31:56.034+0000][226.948s] GC(17) Pause Young (Normal) (G1 Evacuation Pause) 346M->60M(512M) 20.096ms
[2022-05-03T00:31:56.035+0000][226.949s] GC(17) User=0.10s Sys=0.01s Real=0.02s
[2022-05-03T00:32:04.430+0000][235.344s] GC(18) Pause Young (Normal) (G1 Evacuation Pause)
[2022-05-03T00:32:04.431+0000][235.345s] GC(18) Using 8 workers of 8 for evacuation
[2022-05-03T00:32:04.451+0000][235.365s] GC(18)   Pre Evacuate Collection Set: 0.0ms
[2022-05-03T00:32:04.451+0000][235.365s] GC(18)   Evacuate Collection Set: 7.7ms
[2022-05-03T00:32:04.451+0000][235.365s] GC(18)   Post Evacuate Collection Set: 11.8ms
[2022-05-03T00:32:04.451+0000][235.365s] GC(18)   Other: 0.7ms
[2022-05-03T00:32:04.452+0000][235.366s] GC(18) Eden regions: 287->0(286)
[2022-05-03T00:32:04.452+0000][235.366s] GC(18) Survivor regions: 20->21(39)
[2022-05-03T00:32:04.452+0000][235.366s] GC(18) Old regions: 35->35
[2022-05-03T00:32:04.452+0000][235.366s] GC(18) Humongous regions: 7->7
[2022-05-03T00:32:04.452+0000][235.367s] GC(18) Metaspace: 54487K->54487K(1099776K)
[2022-05-03T00:32:04.453+0000][235.367s] GC(18) Pause Young (Normal) (G1 Evacuation Pause) 347M->60M(512M) 22.418ms
[2022-05-03T00:32:04.453+0000][235.367s] GC(18) User=0.11s Sys=0.00s Real=0.02s
[2022-05-03T00:32:13.003+0000][243.918s] GC(19) Pause Young (Normal) (G1 Evacuation Pause)
[2022-05-03T00:32:13.004+0000][243.918s] GC(19) Using 8 workers of 8 for evacuation
[2022-05-03T00:32:13.022+0000][243.936s] GC(19)   Pre Evacuate Collection Set: 0.0ms
[2022-05-03T00:32:13.022+0000][243.936s] GC(19)   Evacuate Collection Set: 5.8ms
[2022-05-03T00:32:13.022+0000][243.936s] GC(19)   Post Evacuate Collection Set: 11.6ms
[2022-05-03T00:32:13.023+0000][243.937s] GC(19)   Other: 0.9ms
[2022-05-03T00:32:13.023+0000][243.937s] GC(19) Eden regions: 286->0(287)
[2022-05-03T00:32:13.024+0000][243.938s] GC(19) Survivor regions: 21->20(39)
[2022-05-03T00:32:13.024+0000][243.938s] GC(19) Old regions: 35->35
[2022-05-03T00:32:13.024+0000][243.938s] GC(19) Humongous regions: 7->7
[2022-05-03T00:32:13.024+0000][243.939s] GC(19) Metaspace: 54561K->54561K(1099776K)
[2022-05-03T00:32:13.025+0000][243.939s] GC(19) Pause Young (Normal) (G1 Evacuation Pause) 346M->60M(512M) 21.294ms
[2022-05-03T00:32:13.025+0000][243.939s] GC(19) User=0.09s Sys=0.00s Real=0.03s
[2022-05-03T00:32:21.501+0000][252.415s] GC(20) Pause Young (Normal) (G1 Evacuation Pause)
[2022-05-03T00:32:21.501+0000][252.415s] GC(20) Using 8 workers of 8 for evacuation
[2022-05-03T00:32:21.523+0000][252.437s] GC(20)   Pre Evacuate Collection Set: 0.1ms
[2022-05-03T00:32:21.524+0000][252.438s] GC(20)   Evacuate Collection Set: 8.0ms
[2022-05-03T00:32:21.524+0000][252.438s] GC(20)   Post Evacuate Collection Set: 13.3ms
[2022-05-03T00:32:21.525+0000][252.439s] GC(20)   Other: 0.9ms
[2022-05-03T00:32:21.525+0000][252.439s] GC(20) Eden regions: 287->0(287)
[2022-05-03T00:32:21.526+0000][252.440s] GC(20) Survivor regions: 20->20(39)
[2022-05-03T00:32:21.526+0000][252.440s] GC(20) Old regions: 35->35
[2022-05-03T00:32:21.526+0000][252.440s] GC(20) Humongous regions: 7->7
[2022-05-03T00:32:21.526+0000][252.441s] GC(20) Metaspace: 54608K->54608K(1099776K)
[2022-05-03T00:32:21.527+0000][252.441s] GC(20) Pause Young (Normal) (G1 Evacuation Pause) 347M->59M(512M) 25.762ms
[2022-05-03T00:32:21.527+0000][252.441s] GC(20) User=0.12s Sys=0.00s Real=0.03s
[2022-05-03T00:32:29.598+0000][260.512s] GC(21) Pause Young (Normal) (G1 Evacuation Pause)
[2022-05-03T00:32:29.598+0000][260.513s] GC(21) Using 8 workers of 8 for evacuation
[2022-05-03T00:32:29.621+0000][260.535s] GC(21)   Pre Evacuate Collection Set: 0.1ms
[2022-05-03T00:32:29.621+0000][260.535s] GC(21)   Evacuate Collection Set: 6.9ms
[2022-05-03T00:32:29.622+0000][260.536s] GC(21)   Post Evacuate Collection Set: 15.1ms
[2022-05-03T00:32:29.622+0000][260.536s] GC(21)   Other: 0.7ms
[2022-05-03T00:32:29.622+0000][260.536s] GC(21) Eden regions: 287->0(287)
[2022-05-03T00:32:29.623+0000][260.537s] GC(21) Survivor regions: 20->20(39)
[2022-05-03T00:32:29.623+0000][260.537s] GC(21) Old regions: 35->35
[2022-05-03T00:32:29.623+0000][260.537s] GC(21) Humongous regions: 7->7
[2022-05-03T00:32:29.624+0000][260.538s] GC(21) Metaspace: 54639K->54639K(1099776K)
[2022-05-03T00:32:29.624+0000][260.538s] GC(21) Pause Young (Normal) (G1 Evacuation Pause) 346M->60M(512M) 25.619ms
[2022-05-03T00:32:29.624+0000][260.538s] GC(21) User=0.12s Sys=0.00s Real=0.03s
[2022-05-03T00:32:37.961+0000][268.875s] GC(22) Pause Young (Normal) (G1 Evacuation Pause)
[2022-05-03T00:32:37.961+0000][268.875s] GC(22) Using 8 workers of 8 for evacuation
[2022-05-03T00:32:37.987+0000][268.901s] GC(22)   Pre Evacuate Collection Set: 0.1ms
[2022-05-03T00:32:37.987+0000][268.901s] GC(22)   Evacuate Collection Set: 7.3ms
[2022-05-03T00:32:37.987+0000][268.901s] GC(22)   Post Evacuate Collection Set: 17.7ms
[2022-05-03T00:32:37.987+0000][268.902s] GC(22)   Other: 1.0ms
[2022-05-03T00:32:37.988+0000][268.902s] GC(22) Eden regions: 287->0(287)
[2022-05-03T00:32:37.988+0000][268.902s] GC(22) Survivor regions: 20->20(39)
[2022-05-03T00:32:37.988+0000][268.902s] GC(22) Old regions: 35->35
[2022-05-03T00:32:37.989+0000][268.903s] GC(22) Humongous regions: 7->7
[2022-05-03T00:32:37.989+0000][268.903s] GC(22) Metaspace: 54710K->54710K(1099776K)
[2022-05-03T00:32:37.989+0000][268.903s] GC(22) Pause Young (Normal) (G1 Evacuation Pause) 347M->60M(512M) 28.384ms
[2022-05-03T00:32:37.989+0000][268.903s] GC(22) User=0.13s Sys=0.00s Real=0.03s
[2022-05-03T00:32:46.014+0000][276.928s] GC(23) Pause Young (Normal) (G1 Evacuation Pause)
[2022-05-03T00:32:46.014+0000][276.928s] GC(23) Using 8 workers of 8 for evacuation
[2022-05-03T00:32:46.035+0000][276.949s] GC(23)   Pre Evacuate Collection Set: 0.1ms
[2022-05-03T00:32:46.036+0000][276.950s] GC(23)   Evacuate Collection Set: 8.0ms
[2022-05-03T00:32:46.036+0000][276.950s] GC(23)   Post Evacuate Collection Set: 12.5ms
[2022-05-03T00:32:46.036+0000][276.950s] GC(23)   Other: 1.1ms
[2022-05-03T00:32:46.036+0000][276.951s] GC(23) Eden regions: 287->0(287)
[2022-05-03T00:32:46.037+0000][276.951s] GC(23) Survivor regions: 20->20(39)
[2022-05-03T00:32:46.037+0000][276.951s] GC(23) Old regions: 35->35
[2022-05-03T00:32:46.037+0000][276.951s] GC(23) Humongous regions: 7->7
[2022-05-03T00:32:46.037+0000][276.952s] GC(23) Metaspace: 54875K->54875K(1099776K)
[2022-05-03T00:32:46.038+0000][276.952s] GC(23) Pause Young (Normal) (G1 Evacuation Pause) 347M->59M(512M) 24.107ms
[2022-05-03T00:32:46.038+0000][276.952s] GC(23) User=0.10s Sys=0.01s Real=0.03s
[2022-05-03T00:32:54.391+0000][285.305s] GC(24) Pause Young (Normal) (G1 Evacuation Pause)
[2022-05-03T00:32:54.391+0000][285.306s] GC(24) Using 8 workers of 8 for evacuation
[2022-05-03T00:32:54.410+0000][285.324s] GC(24)   Pre Evacuate Collection Set: 0.0ms
[2022-05-03T00:32:54.410+0000][285.324s] GC(24)   Evacuate Collection Set: 6.5ms
[2022-05-03T00:32:54.411+0000][285.325s] GC(24)   Post Evacuate Collection Set: 11.6ms
[2022-05-03T00:32:54.411+0000][285.325s] GC(24)   Other: 0.7ms
[2022-05-03T00:32:54.411+0000][285.325s] GC(24) Eden regions: 287->0(287)
[2022-05-03T00:32:54.411+0000][285.325s] GC(24) Survivor regions: 20->20(39)
[2022-05-03T00:32:54.412+0000][285.326s] GC(24) Old regions: 35->35
[2022-05-03T00:32:54.412+0000][285.326s] GC(24) Humongous regions: 7->7
[2022-05-03T00:32:54.412+0000][285.326s] GC(24) Metaspace: 55055K->55055K(1099776K)
[2022-05-03T00:32:54.413+0000][285.327s] GC(24) Pause Young (Normal) (G1 Evacuation Pause) 346M->60M(512M) 21.390ms
[2022-05-03T00:32:54.413+0000][285.327s] GC(24) User=0.10s Sys=0.00s Real=0.02s
[2022-05-03T00:33:02.348+0000][293.262s] GC(25) Pause Young (Normal) (G1 Evacuation Pause)
[2022-05-03T00:33:02.349+0000][293.263s] GC(25) Using 8 workers of 8 for evacuation
[2022-05-03T00:33:02.372+0000][293.286s] GC(25)   Pre Evacuate Collection Set: 0.1ms
[2022-05-03T00:33:02.372+0000][293.286s] GC(25)   Evacuate Collection Set: 7.2ms
[2022-05-03T00:33:02.372+0000][293.286s] GC(25)   Post Evacuate Collection Set: 15.5ms
[2022-05-03T00:33:02.373+0000][293.287s] GC(25)   Other: 1.1ms
[2022-05-03T00:33:02.373+0000][293.287s] GC(25) Eden regions: 287->0(289)
[2022-05-03T00:33:02.373+0000][293.287s] GC(25) Survivor regions: 20->18(39)
[2022-05-03T00:33:02.373+0000][293.288s] GC(25) Old regions: 35->36
[2022-05-03T00:33:02.374+0000][293.288s] GC(25) Humongous regions: 7->7
[2022-05-03T00:33:02.374+0000][293.288s] GC(25) Metaspace: 55070K->55070K(1099776K)
[2022-05-03T00:33:02.374+0000][293.288s] GC(25) Pause Young (Normal) (G1 Evacuation Pause) 347M->58M(512M) 26.352ms
[2022-05-03T00:33:02.375+0000][293.289s] GC(25) User=0.12s Sys=0.00s Real=0.03s
[2022-05-03T00:33:09.864+0000][300.778s] GC(26) Pause Young (Normal) (G1 Evacuation Pause)
[2022-05-03T00:33:09.864+0000][300.778s] GC(26) Using 8 workers of 8 for evacuation
[2022-05-03T00:33:09.884+0000][300.798s] GC(26)   Pre Evacuate Collection Set: 0.0ms
[2022-05-03T00:33:09.884+0000][300.798s] GC(26)   Evacuate Collection Set: 9.5ms
[2022-05-03T00:33:09.884+0000][300.798s] GC(26)   Post Evacuate Collection Set: 9.3ms
[2022-05-03T00:33:09.884+0000][300.799s] GC(26)   Other: 0.7ms
[2022-05-03T00:33:09.885+0000][300.799s] GC(26) Eden regions: 289->0(288)
[2022-05-03T00:33:09.886+0000][300.800s] GC(26) Survivor regions: 18->19(39)
[2022-05-03T00:33:09.886+0000][300.800s] GC(26) Old regions: 36->36
[2022-05-03T00:33:09.886+0000][300.800s] GC(26) Humongous regions: 7->7
[2022-05-03T00:33:09.886+0000][300.800s] GC(26) Metaspace: 55074K->55074K(1099776K)
[2022-05-03T00:33:09.886+0000][300.801s] GC(26) Pause Young (Normal) (G1 Evacuation Pause) 347M->59M(512M) 22.458ms
[2022-05-03T00:33:09.887+0000][300.801s] GC(26) User=0.09s Sys=0.00s Real=0.03s
[2022-05-03T00:33:17.995+0000][308.909s] GC(27) Pause Young (Normal) (G1 Evacuation Pause)
[2022-05-03T00:33:17.996+0000][308.910s] GC(27) Using 8 workers of 8 for evacuation
[2022-05-03T00:33:18.013+0000][308.927s] GC(27)   Pre Evacuate Collection Set: 0.0ms
[2022-05-03T00:33:18.014+0000][308.928s] GC(27)   Evacuate Collection Set: 7.2ms
[2022-05-03T00:33:18.014+0000][308.928s] GC(27)   Post Evacuate Collection Set: 9.8ms
[2022-05-03T00:33:18.014+0000][308.928s] GC(27)   Other: 0.9ms
[2022-05-03T00:33:18.015+0000][308.929s] GC(27) Eden regions: 288->0(287)
[2022-05-03T00:33:18.015+0000][308.929s] GC(27) Survivor regions: 19->20(39)
[2022-05-03T00:33:18.015+0000][308.929s] GC(27) Old regions: 36->36
[2022-05-03T00:33:18.016+0000][308.930s] GC(27) Humongous regions: 7->7
[2022-05-03T00:33:18.016+0000][308.930s] GC(27) Metaspace: 55082K->55082K(1099776K)
[2022-05-03T00:33:18.016+0000][308.930s] GC(27) Pause Young (Normal) (G1 Evacuation Pause) 347M->61M(512M) 20.865ms
[2022-05-03T00:33:18.017+0000][308.931s] GC(27) User=0.08s Sys=0.00s Real=0.02s
[2022-05-03T00:33:27.081+0000][317.995s] GC(28) Pause Young (Normal) (G1 Evacuation Pause)
[2022-05-03T00:33:27.082+0000][317.996s] GC(28) Using 8 workers of 8 for evacuation
[2022-05-03T00:33:27.103+0000][318.017s] GC(28)   Pre Evacuate Collection Set: 0.1ms
[2022-05-03T00:33:27.103+0000][318.017s] GC(28)   Evacuate Collection Set: 6.1ms
[2022-05-03T00:33:27.104+0000][318.018s] GC(28)   Post Evacuate Collection Set: 14.9ms
[2022-05-03T00:33:27.104+0000][318.018s] GC(28)   Other: 0.7ms
[2022-05-03T00:33:27.104+0000][318.018s] GC(28) Eden regions: 287->0(287)
[2022-05-03T00:33:27.104+0000][318.019s] GC(28) Survivor regions: 20->20(39)
[2022-05-03T00:33:27.105+0000][318.019s] GC(28) Old regions: 36->36
[2022-05-03T00:33:27.105+0000][318.019s] GC(28) Humongous regions: 7->7
[2022-05-03T00:33:27.105+0000][318.019s] GC(28) Metaspace: 55107K->55107K(1099776K)
[2022-05-03T00:33:27.105+0000][318.019s] GC(28) Pause Young (Normal) (G1 Evacuation Pause) 348M->60M(512M) 24.034ms
[2022-05-03T00:33:27.106+0000][318.020s] GC(28) User=0.09s Sys=0.00s Real=0.03s
[2022-05-03T00:33:35.215+0000][326.130s] GC(29) Pause Young (Normal) (G1 Evacuation Pause)
[2022-05-03T00:33:35.216+0000][326.130s] GC(29) Using 8 workers of 8 for evacuation
[2022-05-03T00:33:35.241+0000][326.155s] GC(29)   Pre Evacuate Collection Set: 0.0ms
[2022-05-03T00:33:35.241+0000][326.155s] GC(29)   Evacuate Collection Set: 7.8ms
[2022-05-03T00:33:35.242+0000][326.156s] GC(29)   Post Evacuate Collection Set: 16.8ms
[2022-05-03T00:33:35.242+0000][326.156s] GC(29)   Other: 0.7ms
[2022-05-03T00:33:35.242+0000][326.156s] GC(29) Eden regions: 287->0(287)
[2022-05-03T00:33:35.243+0000][326.157s] GC(29) Survivor regions: 20->20(39)
[2022-05-03T00:33:35.243+0000][326.157s] GC(29) Old regions: 36->36
[2022-05-03T00:33:35.243+0000][326.157s] GC(29) Humongous regions: 7->7
[2022-05-03T00:33:35.244+0000][326.158s] GC(29) Metaspace: 55126K->55126K(1099776K)
[2022-05-03T00:33:35.244+0000][326.158s] GC(29) Pause Young (Normal) (G1 Evacuation Pause) 347M->61M(512M) 28.912ms
[2022-05-03T00:33:35.245+0000][326.159s] GC(29) User=0.12s Sys=0.01s Real=0.03s
[2022-05-03T00:33:42.735+0000][333.650s] GC(30) Pause Young (Normal) (G1 Evacuation Pause)
[2022-05-03T00:33:42.736+0000][333.650s] GC(30) Using 8 workers of 8 for evacuation
[2022-05-03T00:33:42.757+0000][333.671s] GC(30)   Pre Evacuate Collection Set: 0.0ms
[2022-05-03T00:33:42.758+0000][333.672s] GC(30)   Evacuate Collection Set: 5.9ms
[2022-05-03T00:33:42.758+0000][333.672s] GC(30)   Post Evacuate Collection Set: 15.0ms
[2022-05-03T00:33:42.758+0000][333.672s] GC(30)   Other: 0.8ms
[2022-05-03T00:33:42.758+0000][333.673s] GC(30) Eden regions: 287->0(287)
[2022-05-03T00:33:42.759+0000][333.673s] GC(30) Survivor regions: 20->20(39)
[2022-05-03T00:33:42.759+0000][333.673s] GC(30) Old regions: 36->37
[2022-05-03T00:33:42.759+0000][333.673s] GC(30) Humongous regions: 7->7
[2022-05-03T00:33:42.759+0000][333.674s] GC(30) Metaspace: 55156K->55156K(1099776K)
[2022-05-03T00:33:42.760+0000][333.674s] GC(30) Pause Young (Normal) (G1 Evacuation Pause) 348M->61M(512M) 24.229ms
[2022-05-03T00:33:42.760+0000][333.674s] GC(30) User=0.12s Sys=0.01s Real=0.02s
[2022-05-03T00:33:50.581+0000][341.495s] GC(31) Pause Young (Normal) (G1 Evacuation Pause)
[2022-05-03T00:33:50.581+0000][341.495s] GC(31) Using 8 workers of 8 for evacuation
[2022-05-03T00:33:50.656+0000][341.570s] GC(31)   Pre Evacuate Collection Set: 0.1ms
[2022-05-03T00:33:50.656+0000][341.570s] GC(31)   Evacuate Collection Set: 22.3ms
[2022-05-03T00:33:50.656+0000][341.570s] GC(31)   Post Evacuate Collection Set: 51.2ms
[2022-05-03T00:33:50.657+0000][341.571s] GC(31)   Other: 1.3ms
[2022-05-03T00:33:50.657+0000][341.571s] GC(31) Eden regions: 287->0(287)
[2022-05-03T00:33:50.657+0000][341.571s] GC(31) Survivor regions: 20->20(39)
[2022-05-03T00:33:50.658+0000][341.572s] GC(31) Old regions: 37->37
[2022-05-03T00:33:50.658+0000][341.572s] GC(31) Humongous regions: 7->7
[2022-05-03T00:33:50.658+0000][341.572s] GC(31) Metaspace: 55204K->55204K(1099776K)
[2022-05-03T00:33:50.659+0000][341.573s] GC(31) Pause Young (Normal) (G1 Evacuation Pause) 348M->61M(512M) 77.790ms
[2022-05-03T00:33:50.659+0000][341.573s] GC(31) User=0.36s Sys=0.03s Real=0.08s
[2022-05-03T00:33:58.376+0000][349.290s] GC(32) Pause Young (Normal) (G1 Evacuation Pause)
[2022-05-03T00:33:58.376+0000][349.290s] GC(32) Using 8 workers of 8 for evacuation
[2022-05-03T00:33:58.393+0000][349.307s] GC(32)   Pre Evacuate Collection Set: 0.0ms
[2022-05-03T00:33:58.394+0000][349.308s] GC(32)   Evacuate Collection Set: 7.2ms
[2022-05-03T00:33:58.394+0000][349.308s] GC(32)   Post Evacuate Collection Set: 9.2ms
[2022-05-03T00:33:58.394+0000][349.308s] GC(32)   Other: 0.9ms
[2022-05-03T00:33:58.394+0000][349.309s] GC(32) Eden regions: 287->0(288)
[2022-05-03T00:33:58.395+0000][349.309s] GC(32) Survivor regions: 20->19(39)
[2022-05-03T00:33:58.395+0000][349.309s] GC(32) Old regions: 37->37
[2022-05-03T00:33:58.395+0000][349.309s] GC(32) Humongous regions: 7->7
[2022-05-03T00:33:58.396+0000][349.310s] GC(32) Metaspace: 55273K->55273K(1099776K)
[2022-05-03T00:33:58.396+0000][349.310s] GC(32) Pause Young (Normal) (G1 Evacuation Pause) 348M->61M(512M) 19.841ms
[2022-05-03T00:33:58.396+0000][349.310s] GC(32) User=0.08s Sys=0.01s Real=0.02s
[2022-05-03T00:34:05.536+0000][356.451s] GC(33) Pause Young (Normal) (G1 Evacuation Pause)
[2022-05-03T00:34:05.537+0000][356.451s] GC(33) Using 8 workers of 8 for evacuation
[2022-05-03T00:34:05.564+0000][356.479s] GC(33)   Pre Evacuate Collection Set: 0.1ms
[2022-05-03T00:34:05.565+0000][356.479s] GC(33)   Evacuate Collection Set: 4.4ms
[2022-05-03T00:34:05.565+0000][356.479s] GC(33)   Post Evacuate Collection Set: 22.2ms
[2022-05-03T00:34:05.565+0000][356.480s] GC(33)   Other: 1.4ms
[2022-05-03T00:34:05.566+0000][356.480s] GC(33) Eden regions: 288->0(288)
[2022-05-03T00:34:05.566+0000][356.480s] GC(33) Survivor regions: 19->19(39)
[2022-05-03T00:34:05.566+0000][356.480s] GC(33) Old regions: 37->37
[2022-05-03T00:34:05.567+0000][356.481s] GC(33) Humongous regions: 7->7
[2022-05-03T00:34:05.567+0000][356.481s] GC(33) Metaspace: 55382K->55382K(1099776K)
[2022-05-03T00:34:05.567+0000][356.482s] GC(33) Pause Young (Normal) (G1 Evacuation Pause) 349M->61M(512M) 31.082ms
[2022-05-03T00:34:05.568+0000][356.482s] GC(33) User=0.10s Sys=0.02s Real=0.03s
[2022-05-03T00:34:12.379+0000][363.293s] GC(34) Pause Young (Normal) (G1 Evacuation Pause)
[2022-05-03T00:34:12.380+0000][363.294s] GC(34) Using 8 workers of 8 for evacuation
[2022-05-03T00:34:12.395+0000][363.309s] GC(34)   Pre Evacuate Collection Set: 0.0ms
[2022-05-03T00:34:12.395+0000][363.309s] GC(34)   Evacuate Collection Set: 7.1ms
[2022-05-03T00:34:12.396+0000][363.310s] GC(34)   Post Evacuate Collection Set: 8.1ms
[2022-05-03T00:34:12.396+0000][363.310s] GC(34)   Other: 0.6ms
[2022-05-03T00:34:12.396+0000][363.310s] GC(34) Eden regions: 288->0(288)
[2022-05-03T00:34:12.396+0000][363.310s] GC(34) Survivor regions: 19->19(39)
[2022-05-03T00:34:12.396+0000][363.310s] GC(34) Old regions: 37->37
[2022-05-03T00:34:12.397+0000][363.311s] GC(34) Humongous regions: 7->7
[2022-05-03T00:34:12.397+0000][363.311s] GC(34) Metaspace: 55390K->55390K(1099776K)
[2022-05-03T00:34:12.397+0000][363.311s] GC(34) Pause Young (Normal) (G1 Evacuation Pause) 349M->61M(512M) 17.610ms
[2022-05-03T00:34:12.397+0000][363.311s] GC(34) User=0.08s Sys=0.00s Real=0.02s
[2022-05-03T00:34:19.866+0000][370.780s] GC(35) Pause Young (Normal) (G1 Evacuation Pause)
[2022-05-03T00:34:19.867+0000][370.781s] GC(35) Using 8 workers of 8 for evacuation
[2022-05-03T00:34:19.903+0000][370.818s] GC(35)   Pre Evacuate Collection Set: 0.0ms
[2022-05-03T00:34:19.904+0000][370.818s] GC(35)   Evacuate Collection Set: 18.0ms
[2022-05-03T00:34:19.904+0000][370.818s] GC(35)   Post Evacuate Collection Set: 18.4ms
[2022-05-03T00:34:19.905+0000][370.819s] GC(35)   Other: 0.7ms
[2022-05-03T00:34:19.905+0000][370.819s] GC(35) Eden regions: 288->0(288)
[2022-05-03T00:34:19.905+0000][370.819s] GC(35) Survivor regions: 19->19(39)
[2022-05-03T00:34:19.905+0000][370.820s] GC(35) Old regions: 37->37
[2022-05-03T00:34:19.906+0000][370.820s] GC(35) Humongous regions: 7->7
[2022-05-03T00:34:19.906+0000][370.820s] GC(35) Metaspace: 55404K->55404K(1099776K)
[2022-05-03T00:34:19.906+0000][370.820s] GC(35) Pause Young (Normal) (G1 Evacuation Pause) 349M->61M(512M) 39.907ms
[2022-05-03T00:34:19.907+0000][370.821s] GC(35) User=0.18s Sys=0.00s Real=0.04s
[2022-05-03T00:34:26.742+0000][377.656s] GC(36) Pause Young (Normal) (G1 Evacuation Pause)
[2022-05-03T00:34:26.742+0000][377.656s] GC(36) Using 8 workers of 8 for evacuation
[2022-05-03T00:34:26.757+0000][377.672s] GC(36)   Pre Evacuate Collection Set: 0.1ms
[2022-05-03T00:34:26.758+0000][377.672s] GC(36)   Evacuate Collection Set: 4.8ms
[2022-05-03T00:34:26.758+0000][377.672s] GC(36)   Post Evacuate Collection Set: 10.0ms
[2022-05-03T00:34:26.758+0000][377.673s] GC(36)   Other: 1.0ms
[2022-05-03T00:34:26.759+0000][377.673s] GC(36) Eden regions: 288->0(289)
[2022-05-03T00:34:26.759+0000][377.673s] GC(36) Survivor regions: 19->18(39)
[2022-05-03T00:34:26.759+0000][377.673s] GC(36) Old regions: 37->38
[2022-05-03T00:34:26.760+0000][377.674s] GC(36) Humongous regions: 7->7
[2022-05-03T00:34:26.760+0000][377.674s] GC(36) Metaspace: 55409K->55409K(1099776K)
[2022-05-03T00:34:26.760+0000][377.674s] GC(36) Pause Young (Normal) (G1 Evacuation Pause) 349M->60M(512M) 18.701ms
[2022-05-03T00:34:26.761+0000][377.675s] GC(36) User=0.08s Sys=0.00s Real=0.02s
[2022-05-03T00:34:33.467+0000][384.381s] GC(37) Pause Young (Normal) (G1 Evacuation Pause)
[2022-05-03T00:34:33.467+0000][384.381s] GC(37) Using 8 workers of 8 for evacuation
[2022-05-03T00:34:33.484+0000][384.398s] GC(37)   Pre Evacuate Collection Set: 0.0ms
[2022-05-03T00:34:33.485+0000][384.399s] GC(37)   Evacuate Collection Set: 6.6ms
[2022-05-03T00:34:33.485+0000][384.399s] GC(37)   Post Evacuate Collection Set: 9.7ms
[2022-05-03T00:34:33.485+0000][384.399s] GC(37)   Other: 0.8ms
[2022-05-03T00:34:33.485+0000][384.399s] GC(37) Eden regions: 289->0(289)
[2022-05-03T00:34:33.485+0000][384.400s] GC(37) Survivor regions: 18->18(39)
[2022-05-03T00:34:33.486+0000][384.400s] GC(37) Old regions: 38->38
[2022-05-03T00:34:33.486+0000][384.400s] GC(37) Humongous regions: 7->7
[2022-05-03T00:34:33.486+0000][384.400s] GC(37) Metaspace: 55418K->55418K(1099776K)
[2022-05-03T00:34:33.486+0000][384.400s] GC(37) Pause Young (Normal) (G1 Evacuation Pause) 349M->60M(512M) 19.362ms
[2022-05-03T00:34:33.487+0000][384.401s] GC(37) User=0.08s Sys=0.00s Real=0.02s
[2022-05-03T00:34:40.546+0000][391.460s] GC(38) Pause Young (Normal) (G1 Evacuation Pause)
[2022-05-03T00:34:40.546+0000][391.460s] GC(38) Using 8 workers of 8 for evacuation
[2022-05-03T00:34:40.567+0000][391.481s] GC(38)   Pre Evacuate Collection Set: 0.1ms
[2022-05-03T00:34:40.567+0000][391.482s] GC(38)   Evacuate Collection Set: 5.4ms
[2022-05-03T00:34:40.568+0000][391.482s] GC(38)   Post Evacuate Collection Set: 15.4ms
[2022-05-03T00:34:40.568+0000][391.482s] GC(38)   Other: 0.8ms
[2022-05-03T00:34:40.568+0000][391.482s] GC(38) Eden regions: 289->0(288)
[2022-05-03T00:34:40.569+0000][391.483s] GC(38) Survivor regions: 18->19(39)
[2022-05-03T00:34:40.569+0000][391.483s] GC(38) Old regions: 38->38
[2022-05-03T00:34:40.569+0000][391.483s] GC(38) Humongous regions: 7->7
[2022-05-03T00:34:40.569+0000][391.483s] GC(38) Metaspace: 55429K->55429K(1099776K)
[2022-05-03T00:34:40.570+0000][391.484s] GC(38) Pause Young (Normal) (G1 Evacuation Pause) 349M->61M(512M) 24.061ms
[2022-05-03T00:34:40.570+0000][391.485s] GC(38) User=0.12s Sys=0.01s Real=0.02s
[2022-05-03T00:34:48.164+0000][399.078s] GC(39) Pause Young (Normal) (G1 Evacuation Pause)
[2022-05-03T00:34:48.165+0000][399.079s] GC(39) Using 8 workers of 8 for evacuation
[2022-05-03T00:34:48.182+0000][399.096s] GC(39)   Pre Evacuate Collection Set: 0.0ms
[2022-05-03T00:34:48.182+0000][399.096s] GC(39)   Evacuate Collection Set: 5.7ms
[2022-05-03T00:34:48.182+0000][399.097s] GC(39)   Post Evacuate Collection Set: 11.0ms
[2022-05-03T00:34:48.183+0000][399.097s] GC(39)   Other: 0.7ms
[2022-05-03T00:34:48.183+0000][399.097s] GC(39) Eden regions: 288->0(288)
[2022-05-03T00:34:48.183+0000][399.097s] GC(39) Survivor regions: 19->19(39)
[2022-05-03T00:34:48.183+0000][399.098s] GC(39) Old regions: 38->38
[2022-05-03T00:34:48.184+0000][399.098s] GC(39) Humongous regions: 7->7
[2022-05-03T00:34:48.184+0000][399.098s] GC(39) Metaspace: 55442K->55442K(1099776K)
[2022-05-03T00:34:48.185+0000][399.099s] GC(39) Pause Young (Normal) (G1 Evacuation Pause) 349M->61M(512M) 20.181ms
[2022-05-03T00:34:48.185+0000][399.099s] GC(39) User=0.07s Sys=0.03s Real=0.02s
[2022-05-03T00:34:55.856+0000][406.770s] GC(40) Pause Young (Normal) (G1 Evacuation Pause)
[2022-05-03T00:34:55.856+0000][406.771s] GC(40) Using 8 workers of 8 for evacuation
[2022-05-03T00:34:55.885+0000][406.799s] GC(40)   Pre Evacuate Collection Set: 0.1ms
[2022-05-03T00:34:55.885+0000][406.799s] GC(40)   Evacuate Collection Set: 8.8ms
[2022-05-03T00:34:55.886+0000][406.800s] GC(40)   Post Evacuate Collection Set: 19.2ms
[2022-05-03T00:34:55.886+0000][406.800s] GC(40)   Other: 0.7ms
[2022-05-03T00:34:55.886+0000][406.800s] GC(40) Eden regions: 288->0(288)
[2022-05-03T00:34:55.886+0000][406.800s] GC(40) Survivor regions: 19->19(39)
[2022-05-03T00:34:55.887+0000][406.801s] GC(40) Old regions: 38->38
[2022-05-03T00:34:55.887+0000][406.801s] GC(40) Humongous regions: 7->7
[2022-05-03T00:34:55.887+0000][406.801s] GC(40) Metaspace: 55466K->55466K(1099776K)
[2022-05-03T00:34:55.887+0000][406.801s] GC(40) Pause Young (Normal) (G1 Evacuation Pause) 349M->62M(512M) 31.202ms
[2022-05-03T00:34:55.888+0000][406.802s] GC(40) User=0.13s Sys=0.00s Real=0.03s
[2022-05-03T00:35:03.005+0000][413.919s] GC(41) Pause Young (Normal) (G1 Evacuation Pause)
[2022-05-03T00:35:03.005+0000][413.920s] GC(41) Using 8 workers of 8 for evacuation
[2022-05-03T00:35:03.023+0000][413.937s] GC(41)   Pre Evacuate Collection Set: 0.0ms
[2022-05-03T00:35:03.023+0000][413.937s] GC(41)   Evacuate Collection Set: 3.9ms
[2022-05-03T00:35:03.023+0000][413.938s] GC(41)   Post Evacuate Collection Set: 12.9ms
[2022-05-03T00:35:03.024+0000][413.938s] GC(41)   Other: 0.8ms
[2022-05-03T00:35:03.024+0000][413.938s] GC(41) Eden regions: 288->0(289)
[2022-05-03T00:35:03.024+0000][413.938s] GC(41) Survivor regions: 19->18(39)
[2022-05-03T00:35:03.025+0000][413.939s] GC(41) Old regions: 38->38
[2022-05-03T00:35:03.025+0000][413.939s] GC(41) Humongous regions: 7->7
[2022-05-03T00:35:03.025+0000][413.939s] GC(41) Metaspace: 55558K->55558K(1099776K)
[2022-05-03T00:35:03.025+0000][413.940s] GC(41) Pause Young (Normal) (G1 Evacuation Pause) 350M->61M(512M) 20.259ms
[2022-05-03T00:35:03.026+0000][413.940s] GC(41) User=0.07s Sys=0.02s Real=0.02s
[2022-05-03T00:35:10.322+0000][421.236s] GC(42) Pause Young (Normal) (G1 Evacuation Pause)
[2022-05-03T00:35:10.322+0000][421.236s] GC(42) Using 8 workers of 8 for evacuation
[2022-05-03T00:35:10.338+0000][421.252s] GC(42)   Pre Evacuate Collection Set: 0.0ms
[2022-05-03T00:35:10.338+0000][421.252s] GC(42)   Evacuate Collection Set: 6.0ms
[2022-05-03T00:35:10.339+0000][421.253s] GC(42)   Post Evacuate Collection Set: 9.5ms
[2022-05-03T00:35:10.339+0000][421.253s] GC(42)   Other: 0.8ms
[2022-05-03T00:35:10.339+0000][421.253s] GC(42) Eden regions: 289->0(289)
[2022-05-03T00:35:10.339+0000][421.254s] GC(42) Survivor regions: 18->18(39)
[2022-05-03T00:35:10.340+0000][421.254s] GC(42) Old regions: 38->38
[2022-05-03T00:35:10.340+0000][421.254s] GC(42) Humongous regions: 7->7
[2022-05-03T00:35:10.340+0000][421.254s] GC(42) Metaspace: 55691K->55691K(1099776K)
[2022-05-03T00:35:10.340+0000][421.255s] GC(42) Pause Young (Normal) (G1 Evacuation Pause) 350M->61M(512M) 18.840ms
[2022-05-03T00:35:10.341+0000][421.255s] GC(42) User=0.08s Sys=0.00s Real=0.02s
[2022-05-03T00:35:17.183+0000][428.098s] GC(43) Pause Young (Normal) (G1 Evacuation Pause)
[2022-05-03T00:35:17.184+0000][428.098s] GC(43) Using 8 workers of 8 for evacuation
[2022-05-03T00:35:17.200+0000][428.114s] GC(43)   Pre Evacuate Collection Set: 0.1ms
[2022-05-03T00:35:17.200+0000][428.114s] GC(43)   Evacuate Collection Set: 6.1ms
[2022-05-03T00:35:17.200+0000][428.114s] GC(43)   Post Evacuate Collection Set: 9.2ms
[2022-05-03T00:35:17.201+0000][428.115s] GC(43)   Other: 0.9ms
[2022-05-03T00:35:17.201+0000][428.115s] GC(43) Eden regions: 289->0(289)
[2022-05-03T00:35:17.201+0000][428.115s] GC(43) Survivor regions: 18->18(39)
[2022-05-03T00:35:17.201+0000][428.116s] GC(43) Old regions: 38->39
[2022-05-03T00:35:17.202+0000][428.116s] GC(43) Humongous regions: 7->7
[2022-05-03T00:35:17.202+0000][428.116s] GC(43) Metaspace: 56027K->56027K(1099776K)
[2022-05-03T00:35:17.202+0000][428.116s] GC(43) Pause Young (Normal) (G1 Evacuation Pause) 350M->61M(512M) 18.770ms
[2022-05-03T00:35:17.202+0000][428.117s] GC(43) User=0.06s Sys=0.01s Real=0.02s
[2022-05-03T00:35:24.626+0000][435.540s] GC(44) Pause Young (Normal) (G1 Evacuation Pause)
[2022-05-03T00:35:24.626+0000][435.540s] GC(44) Using 8 workers of 8 for evacuation
[2022-05-03T00:35:24.652+0000][435.566s] GC(44)   Pre Evacuate Collection Set: 0.0ms
[2022-05-03T00:35:24.652+0000][435.566s] GC(44)   Evacuate Collection Set: 6.6ms
[2022-05-03T00:35:24.653+0000][435.567s] GC(44)   Post Evacuate Collection Set: 18.4ms
[2022-05-03T00:35:24.653+0000][435.567s] GC(44)   Other: 0.9ms
[2022-05-03T00:35:24.653+0000][435.568s] GC(44) Eden regions: 289->0(289)
[2022-05-03T00:35:24.654+0000][435.568s] GC(44) Survivor regions: 18->18(39)
[2022-05-03T00:35:24.654+0000][435.568s] GC(44) Old regions: 39->39
[2022-05-03T00:35:24.655+0000][435.569s] GC(44) Humongous regions: 7->7
[2022-05-03T00:35:24.655+0000][435.569s] GC(44) Metaspace: 56074K->56074K(1099776K)
[2022-05-03T00:35:24.656+0000][435.570s] GC(44) Pause Young (Normal) (G1 Evacuation Pause) 350M->61M(512M) 29.839ms
[2022-05-03T00:35:24.656+0000][435.570s] GC(44) User=0.11s Sys=0.01s Real=0.03s
[2022-05-03T00:35:33.259+0000][444.173s] GC(45) Pause Young (Normal) (G1 Evacuation Pause)
[2022-05-03T00:35:33.259+0000][444.174s] GC(45) Using 8 workers of 8 for evacuation
[2022-05-03T00:35:33.305+0000][444.219s] GC(45)   Pre Evacuate Collection Set: 0.1ms
[2022-05-03T00:35:33.306+0000][444.221s] GC(45)   Evacuate Collection Set: 24.5ms
[2022-05-03T00:35:33.307+0000][444.221s] GC(45)   Post Evacuate Collection Set: 20.5ms
[2022-05-03T00:35:33.308+0000][444.222s] GC(45)   Other: 1.2ms
[2022-05-03T00:35:33.308+0000][444.222s] GC(45) Eden regions: 289->0(290)
[2022-05-03T00:35:33.309+0000][444.223s] GC(45) Survivor regions: 18->17(39)
[2022-05-03T00:35:33.310+0000][444.224s] GC(45) Old regions: 39->39
[2022-05-03T00:35:33.313+0000][444.227s] GC(45) Humongous regions: 7->7
[2022-05-03T00:35:33.314+0000][444.228s] GC(45) Metaspace: 56082K->56082K(1099776K)
[2022-05-03T00:35:33.315+0000][444.229s] GC(45) Pause Young (Normal) (G1 Evacuation Pause) 350M->60M(512M) 55.904ms
[2022-05-03T00:35:33.315+0000][444.230s] GC(45) User=0.17s Sys=0.08s Real=0.06s
[2022-05-03T00:35:40.101+0000][451.015s] GC(46) Pause Young (Normal) (G1 Evacuation Pause)
[2022-05-03T00:35:40.101+0000][451.016s] GC(46) Using 8 workers of 8 for evacuation
[2022-05-03T00:35:40.135+0000][451.049s] GC(46)   Pre Evacuate Collection Set: 0.1ms
[2022-05-03T00:35:40.136+0000][451.050s] GC(46)   Evacuate Collection Set: 10.5ms
[2022-05-03T00:35:40.136+0000][451.050s] GC(46)   Post Evacuate Collection Set: 22.9ms
[2022-05-03T00:35:40.136+0000][451.051s] GC(46)   Other: 1.0ms
[2022-05-03T00:35:40.137+0000][451.051s] GC(46) Eden regions: 290->0(288)
[2022-05-03T00:35:40.137+0000][451.051s] GC(46) Survivor regions: 17->19(39)
[2022-05-03T00:35:40.137+0000][451.052s] GC(46) Old regions: 39->39
[2022-05-03T00:35:40.138+0000][451.052s] GC(46) Humongous regions: 7->7
[2022-05-03T00:35:40.138+0000][451.052s] GC(46) Metaspace: 56119K->56119K(1099776K)
[2022-05-03T00:35:40.138+0000][451.052s] GC(46) Pause Young (Normal) (G1 Evacuation Pause) 350M->62M(512M) 37.322ms
[2022-05-03T00:35:40.139+0000][451.053s] GC(46) User=0.19s Sys=0.00s Real=0.04s
[2022-05-03T00:35:46.822+0000][457.736s] GC(47) Pause Young (Normal) (G1 Evacuation Pause)
[2022-05-03T00:35:46.822+0000][457.736s] GC(47) Using 8 workers of 8 for evacuation
[2022-05-03T00:35:46.837+0000][457.751s] GC(47)   Pre Evacuate Collection Set: 0.1ms
[2022-05-03T00:35:46.837+0000][457.751s] GC(47)   Evacuate Collection Set: 4.8ms
[2022-05-03T00:35:46.837+0000][457.751s] GC(47)   Post Evacuate Collection Set: 9.3ms
[2022-05-03T00:35:46.838+0000][457.752s] GC(47)   Other: 1.0ms
[2022-05-03T00:35:46.838+0000][457.752s] GC(47) Eden regions: 288->0(290)
[2022-05-03T00:35:46.838+0000][457.752s] GC(47) Survivor regions: 19->17(39)
[2022-05-03T00:35:46.838+0000][457.752s] GC(47) Old regions: 39->39
[2022-05-03T00:35:46.838+0000][457.752s] GC(47) Humongous regions: 7->7
[2022-05-03T00:35:46.839+0000][457.753s] GC(47) Metaspace: 56125K->56125K(1099776K)
[2022-05-03T00:35:46.839+0000][457.753s] GC(47) Pause Young (Normal) (G1 Evacuation Pause) 350M->61M(512M) 17.159ms
[2022-05-03T00:35:46.839+0000][457.753s] GC(47) User=0.08s Sys=0.00s Real=0.02s
[2022-05-03T00:35:53.197+0000][464.111s] GC(48) Pause Young (Normal) (G1 Evacuation Pause)
[2022-05-03T00:35:53.199+0000][464.113s] GC(48) Using 8 workers of 8 for evacuation
[2022-05-03T00:35:53.211+0000][464.125s] GC(48)   Pre Evacuate Collection Set: 0.1ms
[2022-05-03T00:35:53.211+0000][464.125s] GC(48)   Evacuate Collection Set: 4.8ms
[2022-05-03T00:35:53.211+0000][464.126s] GC(48)   Post Evacuate Collection Set: 6.2ms
[2022-05-03T00:35:53.212+0000][464.126s] GC(48)   Other: 2.6ms
[2022-05-03T00:35:53.212+0000][464.126s] GC(48) Eden regions: 290->0(290)
[2022-05-03T00:35:53.212+0000][464.126s] GC(48) Survivor regions: 17->17(39)
[2022-05-03T00:35:53.212+0000][464.126s] GC(48) Old regions: 39->39
[2022-05-03T00:35:53.213+0000][464.127s] GC(48) Humongous regions: 7->7
[2022-05-03T00:35:53.213+0000][464.127s] GC(48) Metaspace: 56132K->56132K(1099776K)
[2022-05-03T00:35:53.213+0000][464.127s] GC(48) Pause Young (Normal) (G1 Evacuation Pause) 351M->60M(512M) 15.811ms
[2022-05-03T00:35:53.213+0000][464.127s] GC(48) User=0.07s Sys=0.00s Real=0.01s
[2022-05-03T00:35:59.530+0000][470.444s] GC(49) Pause Young (Normal) (G1 Evacuation Pause)
[2022-05-03T00:35:59.530+0000][470.444s] GC(49) Using 8 workers of 8 for evacuation
[2022-05-03T00:35:59.546+0000][470.460s] GC(49)   Pre Evacuate Collection Set: 0.0ms
[2022-05-03T00:35:59.546+0000][470.461s] GC(49)   Evacuate Collection Set: 5.1ms
[2022-05-03T00:35:59.547+0000][470.461s] GC(49)   Post Evacuate Collection Set: 10.8ms
[2022-05-03T00:35:59.547+0000][470.461s] GC(49)   Other: 0.8ms
[2022-05-03T00:35:59.547+0000][470.461s] GC(49) Eden regions: 290->0(289)
[2022-05-03T00:35:59.548+0000][470.462s] GC(49) Survivor regions: 17->18(39)
[2022-05-03T00:35:59.548+0000][470.462s] GC(49) Old regions: 39->39
[2022-05-03T00:35:59.548+0000][470.462s] GC(49) Humongous regions: 7->7
[2022-05-03T00:35:59.548+0000][470.463s] GC(49) Metaspace: 56139K->56139K(1099776K)
[2022-05-03T00:35:59.549+0000][470.463s] GC(49) Pause Young (Normal) (G1 Evacuation Pause) 350M->61M(512M) 19.152ms
[2022-05-03T00:35:59.549+0000][470.463s] GC(49) User=0.10s Sys=0.00s Real=0.02s
[2022-05-03T00:36:05.175+0000][476.089s] GC(50) Pause Young (Normal) (G1 Evacuation Pause)
[2022-05-03T00:36:05.175+0000][476.090s] GC(50) Using 8 workers of 8 for evacuation
[2022-05-03T00:36:05.195+0000][476.109s] GC(50)   Pre Evacuate Collection Set: 0.0ms
[2022-05-03T00:36:05.195+0000][476.109s] GC(50)   Evacuate Collection Set: 9.2ms
[2022-05-03T00:36:05.195+0000][476.109s] GC(50)   Post Evacuate Collection Set: 9.5ms
[2022-05-03T00:36:05.196+0000][476.110s] GC(50)   Other: 0.9ms
[2022-05-03T00:36:05.196+0000][476.110s] GC(50) Eden regions: 289->0(291)
[2022-05-03T00:36:05.196+0000][476.110s] GC(50) Survivor regions: 18->16(39)
[2022-05-03T00:36:05.197+0000][476.111s] GC(50) Old regions: 39->39
[2022-05-03T00:36:05.197+0000][476.111s] GC(50) Humongous regions: 7->7
[2022-05-03T00:36:05.197+0000][476.111s] GC(50) Metaspace: 56152K->56152K(1099776K)
[2022-05-03T00:36:05.197+0000][476.111s] GC(50) Pause Young (Normal) (G1 Evacuation Pause) 350M->60M(512M) 22.326ms
[2022-05-03T00:36:05.198+0000][476.112s] GC(50) User=0.07s Sys=0.02s Real=0.02s
[2022-05-03T00:36:10.900+0000][481.814s] GC(51) Pause Young (Normal) (G1 Evacuation Pause)
[2022-05-03T00:36:10.900+0000][481.814s] GC(51) Using 8 workers of 8 for evacuation
[2022-05-03T00:36:10.913+0000][481.827s] GC(51)   Pre Evacuate Collection Set: 0.0ms
[2022-05-03T00:36:10.913+0000][481.827s] GC(51)   Evacuate Collection Set: 4.2ms
[2022-05-03T00:36:10.913+0000][481.827s] GC(51)   Post Evacuate Collection Set: 7.7ms
[2022-05-03T00:36:10.914+0000][481.828s] GC(51)   Other: 0.6ms
[2022-05-03T00:36:10.914+0000][481.828s] GC(51) Eden regions: 291->0(289)
[2022-05-03T00:36:10.914+0000][481.828s] GC(51) Survivor regions: 16->18(39)
[2022-05-03T00:36:10.914+0000][481.829s] GC(51) Old regions: 39->40
[2022-05-03T00:36:10.915+0000][481.829s] GC(51) Humongous regions: 7->7
[2022-05-03T00:36:10.915+0000][481.829s] GC(51) Metaspace: 56153K->56153K(1099776K)
[2022-05-03T00:36:10.915+0000][481.829s] GC(51) Pause Young (Normal) (G1 Evacuation Pause) 351M->62M(512M) 15.036ms
[2022-05-03T00:36:10.915+0000][481.829s] GC(51) User=0.07s Sys=0.00s Real=0.02s
[2022-05-03T00:36:16.620+0000][487.534s] GC(52) Pause Young (Normal) (G1 Evacuation Pause)
[2022-05-03T00:36:16.620+0000][487.534s] GC(52) Using 8 workers of 8 for evacuation
[2022-05-03T00:36:16.645+0000][487.559s] GC(52)   Pre Evacuate Collection Set: 0.0ms
[2022-05-03T00:36:16.645+0000][487.559s] GC(52)   Evacuate Collection Set: 12.2ms
[2022-05-03T00:36:16.645+0000][487.559s] GC(52)   Post Evacuate Collection Set: 11.8ms
[2022-05-03T00:36:16.646+0000][487.560s] GC(52)   Other: 0.8ms
[2022-05-03T00:36:16.646+0000][487.560s] GC(52) Eden regions: 289->0(289)
[2022-05-03T00:36:16.646+0000][487.560s] GC(52) Survivor regions: 18->18(39)
[2022-05-03T00:36:16.646+0000][487.560s] GC(52) Old regions: 40->40
[2022-05-03T00:36:16.647+0000][487.561s] GC(52) Humongous regions: 7->7
[2022-05-03T00:36:16.647+0000][487.561s] GC(52) Metaspace: 56158K->56158K(1099776K)
[2022-05-03T00:36:16.647+0000][487.561s] GC(52) Pause Young (Normal) (G1 Evacuation Pause) 351M->62M(512M) 27.064ms
[2022-05-03T00:36:16.647+0000][487.562s] GC(52) User=0.11s Sys=0.02s Real=0.03s
[2022-05-03T00:36:22.396+0000][493.311s] GC(53) Pause Young (Normal) (G1 Evacuation Pause)
[2022-05-03T00:36:22.397+0000][493.311s] GC(53) Using 8 workers of 8 for evacuation
[2022-05-03T00:36:22.411+0000][493.325s] GC(53)   Pre Evacuate Collection Set: 0.0ms
[2022-05-03T00:36:22.412+0000][493.326s] GC(53)   Evacuate Collection Set: 4.7ms
[2022-05-03T00:36:22.412+0000][493.326s] GC(53)   Post Evacuate Collection Set: 9.0ms
[2022-05-03T00:36:22.412+0000][493.326s] GC(53)   Other: 1.0ms
[2022-05-03T00:36:22.412+0000][493.327s] GC(53) Eden regions: 289->0(290)
[2022-05-03T00:36:22.413+0000][493.327s] GC(53) Survivor regions: 18->17(39)
[2022-05-03T00:36:22.413+0000][493.327s] GC(53) Old regions: 40->40
[2022-05-03T00:36:22.413+0000][493.328s] GC(53) Humongous regions: 7->7
[2022-05-03T00:36:22.414+0000][493.328s] GC(53) Metaspace: 56168K->56168K(1099776K)
[2022-05-03T00:36:22.414+0000][493.328s] GC(53) Pause Young (Normal) (G1 Evacuation Pause) 351M->61M(512M) 17.748ms
[2022-05-03T00:36:22.414+0000][493.329s] GC(53) User=0.08s Sys=0.00s Real=0.02s
[2022-05-03T00:36:27.690+0000][498.605s] GC(54) Pause Young (Normal) (G1 Evacuation Pause)
[2022-05-03T00:36:27.691+0000][498.605s] GC(54) Using 8 workers of 8 for evacuation
[2022-05-03T00:36:27.715+0000][498.629s] GC(54)   Pre Evacuate Collection Set: 0.0ms
[2022-05-03T00:36:27.715+0000][498.629s] GC(54)   Evacuate Collection Set: 7.4ms
[2022-05-03T00:36:27.716+0000][498.630s] GC(54)   Post Evacuate Collection Set: 16.2ms
[2022-05-03T00:36:27.716+0000][498.630s] GC(54)   Other: 1.0ms
[2022-05-03T00:36:27.716+0000][498.630s] GC(54) Eden regions: 290->0(291)
[2022-05-03T00:36:27.716+0000][498.631s] GC(54) Survivor regions: 17->16(39)
[2022-05-03T00:36:27.717+0000][498.631s] GC(54) Old regions: 40->40
[2022-05-03T00:36:27.717+0000][498.631s] GC(54) Humongous regions: 7->7
[2022-05-03T00:36:27.717+0000][498.631s] GC(54) Metaspace: 56189K->56189K(1099776K)
[2022-05-03T00:36:27.717+0000][498.632s] GC(54) Pause Young (Normal) (G1 Evacuation Pause) 351M->60M(512M) 27.062ms
[2022-05-03T00:36:27.718+0000][498.632s] GC(54) User=0.08s Sys=0.01s Real=0.03s
[2022-05-03T00:36:33.618+0000][504.533s] GC(55) Pause Young (Normal) (G1 Evacuation Pause)
[2022-05-03T00:36:33.619+0000][504.533s] GC(55) Using 8 workers of 8 for evacuation
[2022-05-03T00:36:33.629+0000][504.543s] GC(55)   Pre Evacuate Collection Set: 0.0ms
[2022-05-03T00:36:33.629+0000][504.543s] GC(55)   Evacuate Collection Set: 3.6ms
[2022-05-03T00:36:33.629+0000][504.544s] GC(55)   Post Evacuate Collection Set: 5.6ms
[2022-05-03T00:36:33.630+0000][504.544s] GC(55)   Other: 1.0ms
[2022-05-03T00:36:33.630+0000][504.544s] GC(55) Eden regions: 291->0(289)
[2022-05-03T00:36:33.631+0000][504.545s] GC(55) Survivor regions: 16->18(39)
[2022-05-03T00:36:33.631+0000][504.545s] GC(55) Old regions: 40->40
[2022-05-03T00:36:33.631+0000][504.545s] GC(55) Humongous regions: 7->7
[2022-05-03T00:36:33.632+0000][504.546s] GC(55) Metaspace: 56192K->56192K(1099776K)
[2022-05-03T00:36:33.632+0000][504.546s] GC(55) Pause Young (Normal) (G1 Evacuation Pause) 351M->63M(512M) 13.524ms
[2022-05-03T00:36:33.632+0000][504.546s] GC(55) User=0.06s Sys=0.00s Real=0.01s
[2022-05-03T00:36:39.196+0000][510.110s] GC(56) Pause Young (Normal) (G1 Evacuation Pause)
[2022-05-03T00:36:39.197+0000][510.111s] GC(56) Using 8 workers of 8 for evacuation
[2022-05-03T00:36:39.210+0000][510.124s] GC(56)   Pre Evacuate Collection Set: 0.0ms
[2022-05-03T00:36:39.210+0000][510.124s] GC(56)   Evacuate Collection Set: 3.7ms
[2022-05-03T00:36:39.210+0000][510.125s] GC(56)   Post Evacuate Collection Set: 9.3ms
[2022-05-03T00:36:39.211+0000][510.125s] GC(56)   Other: 0.6ms
[2022-05-03T00:36:39.211+0000][510.125s] GC(56) Eden regions: 289->0(290)
[2022-05-03T00:36:39.211+0000][510.125s] GC(56) Survivor regions: 18->17(39)
[2022-05-03T00:36:39.211+0000][510.125s] GC(56) Old regions: 40->40
[2022-05-03T00:36:39.211+0000][510.125s] GC(56) Humongous regions: 7->7
[2022-05-03T00:36:39.211+0000][510.126s] GC(56) Metaspace: 56202K->56202K(1099776K)
[2022-05-03T00:36:39.212+0000][510.126s] GC(56) Pause Young (Normal) (G1 Evacuation Pause) 352M->61M(512M) 15.314ms
[2022-05-03T00:36:39.212+0000][510.126s] GC(56) User=0.09s Sys=0.01s Real=0.01s
[2022-05-03T00:36:43.640+0000][514.554s] GC(57) Pause Young (Normal) (G1 Evacuation Pause)
[2022-05-03T00:36:43.640+0000][514.554s] GC(57) Using 8 workers of 8 for evacuation
[2022-05-03T00:36:43.649+0000][514.564s] GC(57)   Pre Evacuate Collection Set: 0.0ms
[2022-05-03T00:36:43.650+0000][514.564s] GC(57)   Evacuate Collection Set: 3.8ms
[2022-05-03T00:36:43.650+0000][514.564s] GC(57)   Post Evacuate Collection Set: 4.8ms
[2022-05-03T00:36:43.651+0000][514.565s] GC(57)   Other: 0.8ms
[2022-05-03T00:36:43.651+0000][514.565s] GC(57) Eden regions: 290->0(291)
[2022-05-03T00:36:43.651+0000][514.565s] GC(57) Survivor regions: 17->16(39)
[2022-05-03T00:36:43.652+0000][514.566s] GC(57) Old regions: 40->40
[2022-05-03T00:36:43.652+0000][514.566s] GC(57) Humongous regions: 7->7
[2022-05-03T00:36:43.652+0000][514.566s] GC(57) Metaspace: 56202K->56202K(1099776K)
[2022-05-03T00:36:43.653+0000][514.567s] GC(57) Pause Young (Normal) (G1 Evacuation Pause) 351M->61M(512M) 12.614ms
[2022-05-03T00:36:43.653+0000][514.567s] GC(57) User=0.06s Sys=0.00s Real=0.01s
[2022-05-03T00:36:48.616+0000][519.530s] GC(58) Pause Young (Normal) (G1 Evacuation Pause)
[2022-05-03T00:36:48.617+0000][519.531s] GC(58) Using 8 workers of 8 for evacuation
[2022-05-03T00:36:48.626+0000][519.540s] GC(58)   Pre Evacuate Collection Set: 0.0ms
[2022-05-03T00:36:48.627+0000][519.541s] GC(58)   Evacuate Collection Set: 3.5ms
[2022-05-03T00:36:48.627+0000][519.541s] GC(58)   Post Evacuate Collection Set: 5.6ms
[2022-05-03T00:36:48.627+0000][519.542s] GC(58)   Other: 0.9ms
[2022-05-03T00:36:48.628+0000][519.542s] GC(58) Eden regions: 291->0(289)
[2022-05-03T00:36:48.628+0000][519.542s] GC(58) Survivor regions: 16->18(39)
[2022-05-03T00:36:48.628+0000][519.542s] GC(58) Old regions: 40->40
[2022-05-03T00:36:48.629+0000][519.543s] GC(58) Humongous regions: 7->7
[2022-05-03T00:36:48.629+0000][519.543s] GC(58) Metaspace: 56229K->56229K(1099776K)
[2022-05-03T00:36:48.629+0000][519.543s] GC(58) Pause Young (Normal) (G1 Evacuation Pause) 352M->63M(512M) 12.879ms
[2022-05-03T00:36:48.630+0000][519.544s] GC(58) User=0.05s Sys=0.00s Real=0.01s
[2022-05-03T00:36:53.279+0000][524.193s] GC(59) Pause Young (Normal) (G1 Evacuation Pause)
[2022-05-03T00:36:53.279+0000][524.193s] GC(59) Using 8 workers of 8 for evacuation
[2022-05-03T00:36:53.290+0000][524.205s] GC(59)   Pre Evacuate Collection Set: 0.0ms
[2022-05-03T00:36:53.291+0000][524.205s] GC(59)   Evacuate Collection Set: 4.7ms
[2022-05-03T00:36:53.291+0000][524.205s] GC(59)   Post Evacuate Collection Set: 6.1ms
[2022-05-03T00:36:53.291+0000][524.206s] GC(59)   Other: 0.8ms
[2022-05-03T00:36:53.292+0000][524.206s] GC(59) Eden regions: 289->0(289)
[2022-05-03T00:36:53.292+0000][524.206s] GC(59) Survivor regions: 18->18(39)
[2022-05-03T00:36:53.292+0000][524.206s] GC(59) Old regions: 40->41
[2022-05-03T00:36:53.292+0000][524.207s] GC(59) Humongous regions: 7->7
[2022-05-03T00:36:53.293+0000][524.207s] GC(59) Metaspace: 56280K->56280K(1099776K)
[2022-05-03T00:36:53.293+0000][524.207s] GC(59) Pause Young (Normal) (G1 Evacuation Pause) 352M->63M(512M) 14.087ms
[2022-05-03T00:36:53.293+0000][524.207s] GC(59) User=0.05s Sys=0.03s Real=0.01s
[2022-05-03T00:36:57.828+0000][528.742s] GC(60) Pause Young (Normal) (G1 Evacuation Pause)
[2022-05-03T00:36:57.829+0000][528.743s] GC(60) Using 8 workers of 8 for evacuation
[2022-05-03T00:36:57.863+0000][528.777s] GC(60)   Pre Evacuate Collection Set: 0.1ms
[2022-05-03T00:36:57.864+0000][528.778s] GC(60)   Evacuate Collection Set: 5.4ms
[2022-05-03T00:36:57.864+0000][528.778s] GC(60)   Post Evacuate Collection Set: 28.7ms
[2022-05-03T00:36:57.864+0000][528.778s] GC(60)   Other: 0.9ms
[2022-05-03T00:36:57.864+0000][528.779s] GC(60) Eden regions: 289->0(294)
[2022-05-03T00:36:57.865+0000][528.779s] GC(60) Survivor regions: 18->13(39)
[2022-05-03T00:36:57.865+0000][528.779s] GC(60) Old regions: 41->41
[2022-05-03T00:36:57.865+0000][528.779s] GC(60) Humongous regions: 7->7
[2022-05-03T00:36:57.865+0000][528.779s] GC(60) Metaspace: 56475K->56475K(1099776K)
[2022-05-03T00:36:57.865+0000][528.780s] GC(60) Pause Young (Normal) (G1 Evacuation Pause) 352M->58M(512M) 37.173ms
[2022-05-03T00:36:57.866+0000][528.780s] GC(60) User=0.28s Sys=0.00s Real=0.04s
[2022-05-03T00:37:02.453+0000][533.367s] GC(61) Pause Young (Normal) (G1 Evacuation Pause)
[2022-05-03T00:37:02.453+0000][533.367s] GC(61) Using 8 workers of 8 for evacuation
[2022-05-03T00:37:02.464+0000][533.378s] GC(61)   Pre Evacuate Collection Set: 0.0ms
[2022-05-03T00:37:02.465+0000][533.379s] GC(61)   Evacuate Collection Set: 5.2ms
[2022-05-03T00:37:02.465+0000][533.379s] GC(61)   Post Evacuate Collection Set: 5.3ms
[2022-05-03T00:37:02.465+0000][533.379s] GC(61)   Other: 0.9ms
[2022-05-03T00:37:02.466+0000][533.380s] GC(61) Eden regions: 294->0(293)
[2022-05-03T00:37:02.466+0000][533.380s] GC(61) Survivor regions: 13->14(39)
[2022-05-03T00:37:02.466+0000][533.380s] GC(61) Old regions: 41->41
[2022-05-03T00:37:02.466+0000][533.380s] GC(61) Humongous regions: 7->7
[2022-05-03T00:37:02.466+0000][533.381s] GC(61) Metaspace: 56482K->56482K(1099776K)
[2022-05-03T00:37:02.467+0000][533.381s] GC(61) Pause Young (Normal) (G1 Evacuation Pause) 352M->59M(512M) 13.915ms
[2022-05-03T00:37:02.467+0000][533.381s] GC(61) User=0.10s Sys=0.00s Real=0.02s
[2022-05-03T00:37:06.284+0000][537.198s] GC(62) Pause Young (Normal) (G1 Evacuation Pause)
[2022-05-03T00:37:06.285+0000][537.199s] GC(62) Using 8 workers of 8 for evacuation
[2022-05-03T00:37:06.291+0000][537.206s] GC(62)   Pre Evacuate Collection Set: 0.1ms
[2022-05-03T00:37:06.292+0000][537.206s] GC(62)   Evacuate Collection Set: 3.0ms
[2022-05-03T00:37:06.292+0000][537.206s] GC(62)   Post Evacuate Collection Set: 3.3ms
[2022-05-03T00:37:06.292+0000][537.206s] GC(62)   Other: 0.9ms
[2022-05-03T00:37:06.293+0000][537.207s] GC(62) Eden regions: 293->0(292)
[2022-05-03T00:37:06.293+0000][537.207s] GC(62) Survivor regions: 14->15(39)
[2022-05-03T00:37:06.293+0000][537.207s] GC(62) Old regions: 41->41
[2022-05-03T00:37:06.293+0000][537.207s] GC(62) Humongous regions: 7->7
[2022-05-03T00:37:06.294+0000][537.208s] GC(62) Metaspace: 56495K->56495K(1099776K)
[2022-05-03T00:37:06.294+0000][537.208s] GC(62) Pause Young (Normal) (G1 Evacuation Pause) 352M->60M(512M) 9.601ms
[2022-05-03T00:37:06.294+0000][537.208s] GC(62) User=0.04s Sys=0.01s Real=0.00s
[2022-05-03T00:37:09.833+0000][540.748s] GC(63) Pause Young (Normal) (G1 Evacuation Pause)
[2022-05-03T00:37:09.834+0000][540.748s] GC(63) Using 8 workers of 8 for evacuation
[2022-05-03T00:37:09.850+0000][540.764s] GC(63)   Pre Evacuate Collection Set: 0.0ms
[2022-05-03T00:37:09.851+0000][540.765s] GC(63)   Evacuate Collection Set: 7.2ms
[2022-05-03T00:37:09.851+0000][540.765s] GC(63)   Post Evacuate Collection Set: 8.8ms
[2022-05-03T00:37:09.851+0000][540.765s] GC(63)   Other: 0.8ms
[2022-05-03T00:37:09.852+0000][540.766s] GC(63) Eden regions: 292->0(291)
[2022-05-03T00:37:09.852+0000][540.766s] GC(63) Survivor regions: 15->16(39)
[2022-05-03T00:37:09.852+0000][540.766s] GC(63) Old regions: 41->41
[2022-05-03T00:37:09.852+0000][540.766s] GC(63) Humongous regions: 7->7
[2022-05-03T00:37:09.853+0000][540.767s] GC(63) Metaspace: 56499K->56499K(1099776K)
[2022-05-03T00:37:09.853+0000][540.767s] GC(63) Pause Young (Normal) (G1 Evacuation Pause) 352M->61M(512M) 19.393ms
[2022-05-03T00:37:09.853+0000][540.767s] GC(63) User=0.10s Sys=0.00s Real=0.02s
[2022-05-03T00:37:13.244+0000][544.158s] GC(64) Pause Young (Normal) (G1 Evacuation Pause)
[2022-05-03T00:37:13.244+0000][544.158s] GC(64) Using 8 workers of 8 for evacuation
[2022-05-03T00:37:13.251+0000][544.165s] GC(64)   Pre Evacuate Collection Set: 0.0ms
[2022-05-03T00:37:13.251+0000][544.165s] GC(64)   Evacuate Collection Set: 2.9ms
[2022-05-03T00:37:13.252+0000][544.166s] GC(64)   Post Evacuate Collection Set: 3.2ms
[2022-05-03T00:37:13.252+0000][544.166s] GC(64)   Other: 1.0ms
[2022-05-03T00:37:13.253+0000][544.167s] GC(64) Eden regions: 291->0(292)
[2022-05-03T00:37:13.253+0000][544.167s] GC(64) Survivor regions: 16->15(39)
[2022-05-03T00:37:13.253+0000][544.167s] GC(64) Old regions: 41->41
[2022-05-03T00:37:13.254+0000][544.168s] GC(64) Humongous regions: 7->7
[2022-05-03T00:37:13.254+0000][544.168s] GC(64) Metaspace: 56503K->56503K(1099776K)
[2022-05-03T00:37:13.254+0000][544.168s] GC(64) Pause Young (Normal) (G1 Evacuation Pause) 352M->60M(512M) 10.508ms
[2022-05-03T00:37:13.255+0000][544.169s] GC(64) User=0.04s Sys=0.01s Real=0.02s
[2022-05-03T00:37:16.964+0000][547.878s] GC(65) Pause Young (Normal) (G1 Evacuation Pause)
[2022-05-03T00:37:16.964+0000][547.878s] GC(65) Using 8 workers of 8 for evacuation
[2022-05-03T00:37:16.977+0000][547.891s] GC(65)   Pre Evacuate Collection Set: 0.0ms
[2022-05-03T00:37:16.978+0000][547.892s] GC(65)   Evacuate Collection Set: 8.0ms
[2022-05-03T00:37:16.978+0000][547.892s] GC(65)   Post Evacuate Collection Set: 5.0ms
[2022-05-03T00:37:16.978+0000][547.892s] GC(65)   Other: 0.6ms
[2022-05-03T00:37:16.978+0000][547.892s] GC(65) Eden regions: 292->0(292)
[2022-05-03T00:37:16.978+0000][547.893s] GC(65) Survivor regions: 15->15(39)
[2022-05-03T00:37:16.979+0000][547.893s] GC(65) Old regions: 41->41
[2022-05-03T00:37:16.979+0000][547.893s] GC(65) Humongous regions: 7->7
[2022-05-03T00:37:16.979+0000][547.893s] GC(65) Metaspace: 56503K->56503K(1099776K)
[2022-05-03T00:37:16.979+0000][547.893s] GC(65) Pause Young (Normal) (G1 Evacuation Pause) 352M->60M(512M) 15.750ms
[2022-05-03T00:37:16.979+0000][547.894s] GC(65) User=0.10s Sys=0.00s Real=0.02s
[2022-05-03T00:37:20.549+0000][551.463s] GC(66) Pause Young (Normal) (G1 Evacuation Pause)
[2022-05-03T00:37:20.549+0000][551.463s] GC(66) Using 8 workers of 8 for evacuation
[2022-05-03T00:37:20.556+0000][551.470s] GC(66)   Pre Evacuate Collection Set: 0.0ms
[2022-05-03T00:37:20.556+0000][551.470s] GC(66)   Evacuate Collection Set: 2.8ms
[2022-05-03T00:37:20.557+0000][551.471s] GC(66)   Post Evacuate Collection Set: 3.7ms
[2022-05-03T00:37:20.557+0000][551.471s] GC(66)   Other: 0.8ms
[2022-05-03T00:37:20.557+0000][551.471s] GC(66) Eden regions: 292->0(290)
[2022-05-03T00:37:20.558+0000][551.472s] GC(66) Survivor regions: 15->17(39)
[2022-05-03T00:37:20.558+0000][551.472s] GC(66) Old regions: 41->41
[2022-05-03T00:37:20.558+0000][551.472s] GC(66) Humongous regions: 7->7
[2022-05-03T00:37:20.559+0000][551.473s] GC(66) Metaspace: 56504K->56504K(1099776K)
[2022-05-03T00:37:20.559+0000][551.473s] GC(66) Pause Young (Normal) (G1 Evacuation Pause) 352M->63M(512M) 10.309ms
[2022-05-03T00:37:20.559+0000][551.473s] GC(66) User=0.05s Sys=0.00s Real=0.01s
[2022-05-03T00:37:23.859+0000][554.773s] GC(67) Pause Young (Normal) (G1 Evacuation Pause)
[2022-05-03T00:37:23.859+0000][554.773s] GC(67) Using 8 workers of 8 for evacuation
[2022-05-03T00:37:23.873+0000][554.787s] GC(67)   Pre Evacuate Collection Set: 0.0ms
[2022-05-03T00:37:23.874+0000][554.788s] GC(67)   Evacuate Collection Set: 8.8ms
[2022-05-03T00:37:23.874+0000][554.788s] GC(67)   Post Evacuate Collection Set: 4.6ms
[2022-05-03T00:37:23.874+0000][554.788s] GC(67)   Other: 0.8ms
[2022-05-03T00:37:23.874+0000][554.789s] GC(67) Eden regions: 290->0(292)
[2022-05-03T00:37:23.875+0000][554.789s] GC(67) Survivor regions: 17->15(39)
[2022-05-03T00:37:23.875+0000][554.789s] GC(67) Old regions: 41->41
[2022-05-03T00:37:23.875+0000][554.790s] GC(67) Humongous regions: 7->7
[2022-05-03T00:37:23.876+0000][554.790s] GC(67) Metaspace: 56517K->56517K(1101824K)
[2022-05-03T00:37:23.876+0000][554.790s] GC(67) Pause Young (Normal) (G1 Evacuation Pause) 353M->60M(512M) 17.034ms
[2022-05-03T00:37:23.876+0000][554.790s] GC(67) User=0.10s Sys=0.00s Real=0.02s
[2022-05-03T00:37:27.370+0000][558.284s] GC(68) Pause Young (Normal) (G1 Evacuation Pause)
[2022-05-03T00:37:27.370+0000][558.284s] GC(68) Using 8 workers of 8 for evacuation
[2022-05-03T00:37:27.381+0000][558.295s] GC(68)   Pre Evacuate Collection Set: 0.0ms
[2022-05-03T00:37:27.381+0000][558.295s] GC(68)   Evacuate Collection Set: 6.0ms
[2022-05-03T00:37:27.381+0000][558.295s] GC(68)   Post Evacuate Collection Set: 4.0ms
[2022-05-03T00:37:27.382+0000][558.296s] GC(68)   Other: 0.7ms
[2022-05-03T00:37:27.382+0000][558.296s] GC(68) Eden regions: 292->0(291)
[2022-05-03T00:37:27.382+0000][558.296s] GC(68) Survivor regions: 15->16(39)
[2022-05-03T00:37:27.382+0000][558.297s] GC(68) Old regions: 41->41
[2022-05-03T00:37:27.383+0000][558.297s] GC(68) Humongous regions: 7->7
[2022-05-03T00:37:27.383+0000][558.297s] GC(68) Metaspace: 56523K->56523K(1101824K)
[2022-05-03T00:37:27.383+0000][558.297s] GC(68) Pause Young (Normal) (G1 Evacuation Pause) 352M->62M(512M) 13.261ms
[2022-05-03T00:37:27.384+0000][558.298s] GC(68) User=0.07s Sys=0.00s Real=0.01s
[2022-05-03T00:37:30.802+0000][561.717s] GC(69) Pause Young (Normal) (G1 Evacuation Pause)
[2022-05-03T00:37:30.803+0000][561.717s] GC(69) Using 8 workers of 8 for evacuation
[2022-05-03T00:37:30.810+0000][561.724s] GC(69)   Pre Evacuate Collection Set: 0.0ms
[2022-05-03T00:37:30.811+0000][561.725s] GC(69)   Evacuate Collection Set: 3.5ms
[2022-05-03T00:37:30.811+0000][561.725s] GC(69)   Post Evacuate Collection Set: 3.3ms
[2022-05-03T00:37:30.811+0000][561.725s] GC(69)   Other: 0.9ms
[2022-05-03T00:37:30.812+0000][561.726s] GC(69) Eden regions: 291->0(290)
[2022-05-03T00:37:30.812+0000][561.726s] GC(69) Survivor regions: 16->17(39)
[2022-05-03T00:37:30.812+0000][561.727s] GC(69) Old regions: 41->42
[2022-05-03T00:37:30.813+0000][561.727s] GC(69) Humongous regions: 7->7
[2022-05-03T00:37:30.813+0000][561.727s] GC(69) Metaspace: 56769K->56769K(1101824K)
[2022-05-03T00:37:30.813+0000][561.728s] GC(69) Pause Young (Normal) (G1 Evacuation Pause) 353M->62M(512M) 10.895ms
[2022-05-03T00:37:30.814+0000][561.728s] GC(69) User=0.05s Sys=0.00s Real=0.01s
[2022-05-03T00:37:33.999+0000][564.914s] GC(70) Pause Young (Normal) (G1 Evacuation Pause)
[2022-05-03T00:37:34.000+0000][564.914s] GC(70) Using 8 workers of 8 for evacuation
[2022-05-03T00:37:34.024+0000][564.938s] GC(70)   Pre Evacuate Collection Set: 0.0ms
[2022-05-03T00:37:34.024+0000][564.939s] GC(70)   Evacuate Collection Set: 10.0ms
[2022-05-03T00:37:34.025+0000][564.939s] GC(70)   Post Evacuate Collection Set: 13.8ms
[2022-05-03T00:37:34.025+0000][564.939s] GC(70)   Other: 0.8ms
[2022-05-03T00:37:34.025+0000][564.939s] GC(70) Eden regions: 290->0(290)
[2022-05-03T00:37:34.025+0000][564.939s] GC(70) Survivor regions: 17->17(39)
[2022-05-03T00:37:34.026+0000][564.940s] GC(70) Old regions: 42->42
[2022-05-03T00:37:34.026+0000][564.940s] GC(70) Humongous regions: 7->7
[2022-05-03T00:37:34.026+0000][564.940s] GC(70) Metaspace: 56812K->56812K(1101824K)
[2022-05-03T00:37:34.026+0000][564.940s] GC(70) Pause Young (Normal) (G1 Evacuation Pause) 352M->63M(512M) 26.688ms
[2022-05-03T00:37:34.026+0000][564.940s] GC(70) User=0.17s Sys=0.01s Real=0.03s
[2022-05-03T00:37:37.231+0000][568.145s] GC(71) Pause Young (Normal) (G1 Evacuation Pause)
[2022-05-03T00:37:37.232+0000][568.146s] GC(71) Using 8 workers of 8 for evacuation
[2022-05-03T00:37:37.238+0000][568.152s] GC(71)   Pre Evacuate Collection Set: 0.0ms
[2022-05-03T00:37:37.238+0000][568.153s] GC(71)   Evacuate Collection Set: 2.4ms
[2022-05-03T00:37:37.239+0000][568.153s] GC(71)   Post Evacuate Collection Set: 3.4ms
[2022-05-03T00:37:37.239+0000][568.153s] GC(71)   Other: 0.8ms
[2022-05-03T00:37:37.240+0000][568.154s] GC(71) Eden regions: 290->0(293)
[2022-05-03T00:37:37.240+0000][568.154s] GC(71) Survivor regions: 17->14(39)
[2022-05-03T00:37:37.240+0000][568.154s] GC(71) Old regions: 42->42
[2022-05-03T00:37:37.241+0000][568.155s] GC(71) Humongous regions: 7->7
[2022-05-03T00:37:37.241+0000][568.155s] GC(71) Metaspace: 56854K->56854K(1101824K)
[2022-05-03T00:37:37.241+0000][568.155s] GC(71) Pause Young (Normal) (G1 Evacuation Pause) 353M->60M(512M) 10.002ms
[2022-05-03T00:37:37.242+0000][568.156s] GC(71) User=0.04s Sys=0.00s Real=0.01s
[2022-05-03T00:37:40.670+0000][571.584s] GC(72) Pause Young (Normal) (G1 Evacuation Pause)
[2022-05-03T00:37:40.671+0000][571.585s] GC(72) Using 8 workers of 8 for evacuation
[2022-05-03T00:37:40.677+0000][571.592s] GC(72)   Pre Evacuate Collection Set: 0.0ms
[2022-05-03T00:37:40.678+0000][571.592s] GC(72)   Evacuate Collection Set: 2.7ms
[2022-05-03T00:37:40.678+0000][571.592s] GC(72)   Post Evacuate Collection Set: 3.6ms
[2022-05-03T00:37:40.679+0000][571.593s] GC(72)   Other: 1.0ms
[2022-05-03T00:37:40.679+0000][571.593s] GC(72) Eden regions: 293->0(291)
[2022-05-03T00:37:40.679+0000][571.594s] GC(72) Survivor regions: 14->16(39)
[2022-05-03T00:37:40.680+0000][571.594s] GC(72) Old regions: 42->42
[2022-05-03T00:37:40.680+0000][571.594s] GC(72) Humongous regions: 7->7
[2022-05-03T00:37:40.680+0000][571.595s] GC(72) Metaspace: 56872K->56872K(1101824K)
[2022-05-03T00:37:40.681+0000][571.595s] GC(72) Pause Young (Normal) (G1 Evacuation Pause) 353M->62M(512M) 10.585ms
[2022-05-03T00:37:40.681+0000][571.595s] GC(72) User=0.04s Sys=0.01s Real=0.01s
[2022-05-03T00:37:44.115+0000][575.029s] GC(73) Pause Young (Normal) (G1 Evacuation Pause)
[2022-05-03T00:37:44.116+0000][575.030s] GC(73) Using 8 workers of 8 for evacuation
[2022-05-03T00:37:44.123+0000][575.037s] GC(73)   Pre Evacuate Collection Set: 0.0ms
[2022-05-03T00:37:44.123+0000][575.038s] GC(73)   Evacuate Collection Set: 3.6ms
[2022-05-03T00:37:44.124+0000][575.038s] GC(73)   Post Evacuate Collection Set: 3.4ms
[2022-05-03T00:37:44.124+0000][575.038s] GC(73)   Other: 0.6ms
[2022-05-03T00:37:44.124+0000][575.039s] GC(73) Eden regions: 291->0(290)
[2022-05-03T00:37:44.125+0000][575.039s] GC(73) Survivor regions: 16->17(39)
[2022-05-03T00:37:44.125+0000][575.039s] GC(73) Old regions: 42->42
[2022-05-03T00:37:44.125+0000][575.040s] GC(73) Humongous regions: 7->7
[2022-05-03T00:37:44.126+0000][575.040s] GC(73) Metaspace: 56879K->56879K(1101824K)
[2022-05-03T00:37:44.126+0000][575.040s] GC(73) Pause Young (Normal) (G1 Evacuation Pause) 353M->63M(512M) 10.804ms
[2022-05-03T00:37:44.126+0000][575.040s] GC(73) User=0.03s Sys=0.01s Real=0.01s
[2022-05-03T00:37:47.363+0000][578.278s] GC(74) Pause Young (Normal) (G1 Evacuation Pause)
[2022-05-03T00:37:47.364+0000][578.278s] GC(74) Using 8 workers of 8 for evacuation
[2022-05-03T00:37:47.388+0000][578.302s] GC(74)   Pre Evacuate Collection Set: 0.0ms
[2022-05-03T00:37:47.389+0000][578.303s] GC(74)   Evacuate Collection Set: 9.8ms
[2022-05-03T00:37:47.389+0000][578.303s] GC(74)   Post Evacuate Collection Set: 14.1ms
[2022-05-03T00:37:47.389+0000][578.303s] GC(74)   Other: 0.8ms
[2022-05-03T00:37:47.390+0000][578.304s] GC(74) Eden regions: 290->0(290)
[2022-05-03T00:37:47.390+0000][578.304s] GC(74) Survivor regions: 17->17(39)
[2022-05-03T00:37:47.390+0000][578.304s] GC(74) Old regions: 42->42
[2022-05-03T00:37:47.390+0000][578.304s] GC(74) Humongous regions: 7->7
[2022-05-03T00:37:47.390+0000][578.305s] GC(74) Metaspace: 56902K->56902K(1101824K)
[2022-05-03T00:37:47.391+0000][578.305s] GC(74) Pause Young (Normal) (G1 Evacuation Pause) 353M->63M(512M) 27.323ms
[2022-05-03T00:37:47.391+0000][578.305s] GC(74) User=0.18s Sys=0.01s Real=0.03s
[2022-05-03T00:37:50.697+0000][581.612s] GC(75) Pause Young (Normal) (G1 Evacuation Pause)
[2022-05-03T00:37:50.698+0000][581.612s] GC(75) Using 8 workers of 8 for evacuation
[2022-05-03T00:37:50.705+0000][581.619s] GC(75)   Pre Evacuate Collection Set: 0.0ms
[2022-05-03T00:37:50.705+0000][581.620s] GC(75)   Evacuate Collection Set: 3.1ms
[2022-05-03T00:37:50.706+0000][581.620s] GC(75)   Post Evacuate Collection Set: 3.5ms
[2022-05-03T00:37:50.706+0000][581.620s] GC(75)   Other: 0.9ms
[2022-05-03T00:37:50.707+0000][581.621s] GC(75) Eden regions: 290->0(293)
[2022-05-03T00:37:50.707+0000][581.621s] GC(75) Survivor regions: 17->14(39)
[2022-05-03T00:37:50.707+0000][581.621s] GC(75) Old regions: 42->42
[2022-05-03T00:37:50.708+0000][581.622s] GC(75) Humongous regions: 7->7
[2022-05-03T00:37:50.708+0000][581.622s] GC(75) Metaspace: 57132K->57132K(1101824K)
[2022-05-03T00:37:50.708+0000][581.623s] GC(75) Pause Young (Normal) (G1 Evacuation Pause) 353M->61M(512M) 11.030ms
[2022-05-03T00:37:50.709+0000][581.623s] GC(75) User=0.05s Sys=0.00s Real=0.01s
[2022-05-03T00:37:53.929+0000][584.843s] GC(76) Pause Young (Normal) (G1 Evacuation Pause)
[2022-05-03T00:37:53.929+0000][584.843s] GC(76) Using 8 workers of 8 for evacuation
[2022-05-03T00:37:53.942+0000][584.857s] GC(76)   Pre Evacuate Collection Set: 0.0ms
[2022-05-03T00:37:53.943+0000][584.857s] GC(76)   Evacuate Collection Set: 7.3ms
[2022-05-03T00:37:53.943+0000][584.857s] GC(76)   Post Evacuate Collection Set: 5.6ms
[2022-05-03T00:37:53.944+0000][584.858s] GC(76)   Other: 0.6ms
[2022-05-03T00:37:53.944+0000][584.858s] GC(76) Eden regions: 293->0(292)
[2022-05-03T00:37:53.944+0000][584.859s] GC(76) Survivor regions: 14->15(39)
[2022-05-03T00:37:53.945+0000][584.859s] GC(76) Old regions: 42->42
[2022-05-03T00:37:53.945+0000][584.859s] GC(76) Humongous regions: 7->7
[2022-05-03T00:37:53.945+0000][584.859s] GC(76) Metaspace: 57136K->57136K(1101824K)
[2022-05-03T00:37:53.945+0000][584.859s] GC(76) Pause Young (Normal) (G1 Evacuation Pause) 354M->61M(512M) 16.407ms
[2022-05-03T00:37:53.945+0000][584.860s] GC(76) User=0.09s Sys=0.00s Real=0.02s
[2022-05-03T00:37:57.452+0000][588.366s] GC(77) Pause Young (Normal) (G1 Evacuation Pause)
[2022-05-03T00:37:57.453+0000][588.367s] GC(77) Using 8 workers of 8 for evacuation
[2022-05-03T00:37:57.468+0000][588.382s] GC(77)   Pre Evacuate Collection Set: 0.0ms
[2022-05-03T00:37:57.468+0000][588.382s] GC(77)   Evacuate Collection Set: 8.7ms
[2022-05-03T00:37:57.468+0000][588.382s] GC(77)   Post Evacuate Collection Set: 6.1ms
[2022-05-03T00:37:57.468+0000][588.383s] GC(77)   Other: 0.6ms
[2022-05-03T00:37:57.469+0000][588.383s] GC(77) Eden regions: 292->0(291)
[2022-05-03T00:37:57.469+0000][588.383s] GC(77) Survivor regions: 15->16(39)
[2022-05-03T00:37:57.469+0000][588.383s] GC(77) Old regions: 42->42
[2022-05-03T00:37:57.469+0000][588.383s] GC(77) Humongous regions: 7->7
[2022-05-03T00:37:57.469+0000][588.383s] GC(77) Metaspace: 57136K->57136K(1101824K)
[2022-05-03T00:37:57.469+0000][588.384s] GC(77) Pause Young (Normal) (G1 Evacuation Pause) 353M->63M(512M) 17.108ms
[2022-05-03T00:37:57.470+0000][588.384s] GC(77) User=0.11s Sys=0.00s Real=0.02s
[2022-05-03T00:38:01.019+0000][591.933s] GC(78) Pause Young (Normal) (G1 Evacuation Pause)
[2022-05-03T00:38:01.020+0000][591.934s] GC(78) Using 8 workers of 8 for evacuation
[2022-05-03T00:38:01.026+0000][591.940s] GC(78)   Pre Evacuate Collection Set: 0.0ms
[2022-05-03T00:38:01.026+0000][591.941s] GC(78)   Evacuate Collection Set: 2.2ms
[2022-05-03T00:38:01.027+0000][591.941s] GC(78)   Post Evacuate Collection Set: 4.0ms
[2022-05-03T00:38:01.027+0000][591.941s] GC(78)   Other: 0.6ms
[2022-05-03T00:38:01.027+0000][591.941s] GC(78) Eden regions: 291->0(291)
[2022-05-03T00:38:01.027+0000][591.942s] GC(78) Survivor regions: 16->16(39)
[2022-05-03T00:38:01.028+0000][591.942s] GC(78) Old regions: 42->42
[2022-05-03T00:38:01.028+0000][591.942s] GC(78) Humongous regions: 7->7
[2022-05-03T00:38:01.028+0000][591.942s] GC(78) Metaspace: 57137K->57137K(1101824K)
[2022-05-03T00:38:01.028+0000][591.942s] GC(78) Pause Young (Normal) (G1 Evacuation Pause) 354M->62M(512M) 9.046ms
[2022-05-03T00:38:01.029+0000][591.943s] GC(78) User=0.04s Sys=0.00s Real=0.01s
[2022-05-03T00:38:04.108+0000][595.022s] GC(79) Pause Young (Normal) (G1 Evacuation Pause)
[2022-05-03T00:38:04.109+0000][595.023s] GC(79) Using 8 workers of 8 for evacuation
[2022-05-03T00:38:04.115+0000][595.029s] GC(79)   Pre Evacuate Collection Set: 0.0ms
[2022-05-03T00:38:04.116+0000][595.030s] GC(79)   Evacuate Collection Set: 2.7ms
[2022-05-03T00:38:04.116+0000][595.030s] GC(79)   Post Evacuate Collection Set: 3.5ms
[2022-05-03T00:38:04.116+0000][595.030s] GC(79)   Other: 0.8ms
[2022-05-03T00:38:04.116+0000][595.031s] GC(79) Eden regions: 291->0(292)
[2022-05-03T00:38:04.117+0000][595.031s] GC(79) Survivor regions: 16->15(39)
[2022-05-03T00:38:04.117+0000][595.031s] GC(79) Old regions: 42->42
[2022-05-03T00:38:04.117+0000][595.031s] GC(79) Humongous regions: 7->7
[2022-05-03T00:38:04.117+0000][595.031s] GC(79) Metaspace: 57137K->57137K(1101824K)
[2022-05-03T00:38:04.118+0000][595.032s] GC(79) Pause Young (Normal) (G1 Evacuation Pause) 353M->61M(512M) 9.198ms
[2022-05-03T00:38:04.118+0000][595.032s] GC(79) User=0.04s Sys=0.00s Real=0.01s
[2022-05-03T00:38:07.323+0000][598.237s] GC(80) Pause Young (Normal) (G1 Evacuation Pause)
[2022-05-03T00:38:07.323+0000][598.237s] GC(80) Using 8 workers of 8 for evacuation
[2022-05-03T00:38:07.329+0000][598.243s] GC(80)   Pre Evacuate Collection Set: 0.0ms
[2022-05-03T00:38:07.329+0000][598.244s] GC(80)   Evacuate Collection Set: 2.2ms
[2022-05-03T00:38:07.330+0000][598.244s] GC(80)   Post Evacuate Collection Set: 3.1ms
[2022-05-03T00:38:07.330+0000][598.244s] GC(80)   Other: 0.7ms
[2022-05-03T00:38:07.331+0000][598.245s] GC(80) Eden regions: 292->0(294)
[2022-05-03T00:38:07.331+0000][598.245s] GC(80) Survivor regions: 15->13(39)
[2022-05-03T00:38:07.331+0000][598.245s] GC(80) Old regions: 42->42
[2022-05-03T00:38:07.331+0000][598.246s] GC(80) Humongous regions: 7->7
[2022-05-03T00:38:07.332+0000][598.246s] GC(80) Metaspace: 57158K->57158K(1101824K)
[2022-05-03T00:38:07.332+0000][598.246s] GC(80) Pause Young (Normal) (G1 Evacuation Pause) 353M->60M(512M) 9.080ms
[2022-05-03T00:38:07.332+0000][598.246s] GC(80) User=0.04s Sys=0.00s Real=0.01s
[2022-05-03T00:38:10.693+0000][601.607s] GC(81) Pause Young (Normal) (G1 Evacuation Pause)
[2022-05-03T00:38:10.693+0000][601.607s] GC(81) Using 8 workers of 8 for evacuation
[2022-05-03T00:38:10.699+0000][601.613s] GC(81)   Pre Evacuate Collection Set: 0.0ms
[2022-05-03T00:38:10.700+0000][601.614s] GC(81)   Evacuate Collection Set: 2.5ms
[2022-05-03T00:38:10.700+0000][601.614s] GC(81)   Post Evacuate Collection Set: 3.4ms
[2022-05-03T00:38:10.700+0000][601.614s] GC(81)   Other: 0.4ms
[2022-05-03T00:38:10.701+0000][601.615s] GC(81) Eden regions: 294->0(293)
[2022-05-03T00:38:10.701+0000][601.615s] GC(81) Survivor regions: 13->14(39)
[2022-05-03T00:38:10.701+0000][601.615s] GC(81) Old regions: 42->43
[2022-05-03T00:38:10.702+0000][601.616s] GC(81) Humongous regions: 7->7
[2022-05-03T00:38:10.702+0000][601.616s] GC(81) Metaspace: 57158K->57158K(1101824K)
[2022-05-03T00:38:10.702+0000][601.616s] GC(81) Pause Young (Normal) (G1 Evacuation Pause) 354M->61M(512M) 9.553ms
[2022-05-03T00:38:10.703+0000][601.617s] GC(81) User=0.04s Sys=0.00s Real=0.01s
[2022-05-03T00:38:13.805+0000][604.719s] GC(82) Pause Young (Normal) (G1 Evacuation Pause)
[2022-05-03T00:38:13.805+0000][604.719s] GC(82) Using 8 workers of 8 for evacuation
[2022-05-03T00:38:13.811+0000][604.725s] GC(82)   Pre Evacuate Collection Set: 0.0ms
[2022-05-03T00:38:13.811+0000][604.726s] GC(82)   Evacuate Collection Set: 2.7ms
[2022-05-03T00:38:13.812+0000][604.726s] GC(82)   Post Evacuate Collection Set: 3.1ms
[2022-05-03T00:38:13.812+0000][604.726s] GC(82)   Other: 0.5ms
[2022-05-03T00:38:13.812+0000][604.727s] GC(82) Eden regions: 293->0(291)
[2022-05-03T00:38:13.813+0000][604.727s] GC(82) Survivor regions: 14->16(39)
[2022-05-03T00:38:13.813+0000][604.727s] GC(82) Old regions: 43->43
[2022-05-03T00:38:13.813+0000][604.727s] GC(82) Humongous regions: 7->7
[2022-05-03T00:38:13.813+0000][604.728s] GC(82) Metaspace: 57163K->57163K(1101824K)
[2022-05-03T00:38:13.814+0000][604.728s] GC(82) Pause Young (Normal) (G1 Evacuation Pause) 354M->63M(512M) 8.897ms
[2022-05-03T00:38:13.814+0000][604.728s] GC(82) User=0.04s Sys=0.00s Real=0.00s
[2022-05-03T00:38:17.118+0000][608.032s] GC(83) Pause Young (Normal) (G1 Evacuation Pause)
[2022-05-03T00:38:17.119+0000][608.033s] GC(83) Using 8 workers of 8 for evacuation
[2022-05-03T00:38:17.126+0000][608.040s] GC(83)   Pre Evacuate Collection Set: 0.0ms
[2022-05-03T00:38:17.126+0000][608.040s] GC(83)   Evacuate Collection Set: 2.4ms
[2022-05-03T00:38:17.126+0000][608.041s] GC(83)   Post Evacuate Collection Set: 3.9ms
[2022-05-03T00:38:17.127+0000][608.041s] GC(83)   Other: 0.9ms
[2022-05-03T00:38:17.127+0000][608.041s] GC(83) Eden regions: 291->0(291)
[2022-05-03T00:38:17.128+0000][608.042s] GC(83) Survivor regions: 16->16(39)
[2022-05-03T00:38:17.128+0000][608.042s] GC(83) Old regions: 43->43
[2022-05-03T00:38:17.128+0000][608.043s] GC(83) Humongous regions: 7->7
[2022-05-03T00:38:17.129+0000][608.043s] GC(83) Metaspace: 57163K->57163K(1101824K)
[2022-05-03T00:38:17.129+0000][608.043s] GC(83) Pause Young (Normal) (G1 Evacuation Pause) 354M->63M(512M) 10.834ms
[2022-05-03T00:38:17.129+0000][608.043s] GC(83) User=0.04s Sys=0.00s Real=0.01s
[2022-05-03T00:38:20.271+0000][611.185s] GC(84) Pause Young (Normal) (G1 Evacuation Pause)
[2022-05-03T00:38:20.271+0000][611.185s] GC(84) Using 8 workers of 8 for evacuation
[2022-05-03T00:38:20.280+0000][611.194s] GC(84)   Pre Evacuate Collection Set: 0.0ms
[2022-05-03T00:38:20.281+0000][611.195s] GC(84)   Evacuate Collection Set: 3.3ms
[2022-05-03T00:38:20.281+0000][611.195s] GC(84)   Post Evacuate Collection Set: 5.8ms
[2022-05-03T00:38:20.281+0000][611.195s] GC(84)   Other: 0.5ms
[2022-05-03T00:38:20.281+0000][611.195s] GC(84) Eden regions: 291->0(293)
[2022-05-03T00:38:20.282+0000][611.196s] GC(84) Survivor regions: 16->14(39)
[2022-05-03T00:38:20.282+0000][611.196s] GC(84) Old regions: 43->43
[2022-05-03T00:38:20.282+0000][611.196s] GC(84) Humongous regions: 7->7
[2022-05-03T00:38:20.282+0000][611.196s] GC(84) Metaspace: 57164K->57164K(1101824K)
[2022-05-03T00:38:20.283+0000][611.197s] GC(84) Pause Young (Normal) (G1 Evacuation Pause) 354M->61M(512M) 12.090ms
[2022-05-03T00:38:20.283+0000][611.197s] GC(84) User=0.07s Sys=0.00s Real=0.01s
[2022-05-03T00:38:23.720+0000][614.634s] GC(85) Pause Young (Normal) (G1 Evacuation Pause)
[2022-05-03T00:38:23.720+0000][614.634s] GC(85) Using 8 workers of 8 for evacuation
[2022-05-03T00:38:23.738+0000][614.652s] GC(85)   Pre Evacuate Collection Set: 0.0ms
[2022-05-03T00:38:23.738+0000][614.652s] GC(85)   Evacuate Collection Set: 8.0ms
[2022-05-03T00:38:23.739+0000][614.653s] GC(85)   Post Evacuate Collection Set: 9.1ms
[2022-05-03T00:38:23.739+0000][614.653s] GC(85)   Other: 1.1ms
[2022-05-03T00:38:23.739+0000][614.654s] GC(85) Eden regions: 293->0(290)
[2022-05-03T00:38:23.740+0000][614.654s] GC(85) Survivor regions: 14->17(39)
[2022-05-03T00:38:23.740+0000][614.654s] GC(85) Old regions: 43->43
[2022-05-03T00:38:23.740+0000][614.655s] GC(85) Humongous regions: 7->7
[2022-05-03T00:38:23.741+0000][614.655s] GC(85) Metaspace: 57168K->57168K(1101824K)
[2022-05-03T00:38:23.741+0000][614.655s] GC(85) Pause Young (Normal) (G1 Evacuation Pause) 354M->64M(512M) 21.355ms
[2022-05-03T00:38:23.741+0000][614.655s] GC(85) User=0.13s Sys=0.00s Real=0.02s
[2022-05-03T00:38:27.089+0000][618.003s] GC(86) Pause Young (Normal) (G1 Evacuation Pause)
[2022-05-03T00:38:27.090+0000][618.004s] GC(86) Using 8 workers of 8 for evacuation
[2022-05-03T00:38:27.096+0000][618.010s] GC(86)   Pre Evacuate Collection Set: 0.0ms
[2022-05-03T00:38:27.096+0000][618.010s] GC(86)   Evacuate Collection Set: 2.5ms
[2022-05-03T00:38:27.097+0000][618.011s] GC(86)   Post Evacuate Collection Set: 3.6ms
[2022-05-03T00:38:27.097+0000][618.011s] GC(86)   Other: 0.5ms
[2022-05-03T00:38:27.097+0000][618.011s] GC(86) Eden regions: 290->0(293)
[2022-05-03T00:38:27.097+0000][618.011s] GC(86) Survivor regions: 17->14(39)
[2022-05-03T00:38:27.097+0000][618.012s] GC(86) Old regions: 43->43
[2022-05-03T00:38:27.098+0000][618.012s] GC(86) Humongous regions: 7->7
[2022-05-03T00:38:27.098+0000][618.012s] GC(86) Metaspace: 57168K->57168K(1101824K)
[2022-05-03T00:38:27.098+0000][618.012s] GC(86) Pause Young (Normal) (G1 Evacuation Pause) 354M->62M(512M) 8.875ms
[2022-05-03T00:38:27.098+0000][618.013s] GC(86) User=0.04s Sys=0.00s Real=0.01s
[2022-05-03T00:38:30.183+0000][621.097s] GC(87) Pause Young (Normal) (G1 Evacuation Pause)
[2022-05-03T00:38:30.183+0000][621.097s] GC(87) Using 8 workers of 8 for evacuation
[2022-05-03T00:38:30.188+0000][621.102s] GC(87)   Pre Evacuate Collection Set: 0.0ms
[2022-05-03T00:38:30.189+0000][621.103s] GC(87)   Evacuate Collection Set: 2.1ms
[2022-05-03T00:38:30.189+0000][621.103s] GC(87)   Post Evacuate Collection Set: 3.0ms
[2022-05-03T00:38:30.189+0000][621.103s] GC(87)   Other: 0.4ms
[2022-05-03T00:38:30.190+0000][621.104s] GC(87) Eden regions: 293->0(293)
[2022-05-03T00:38:30.190+0000][621.104s] GC(87) Survivor regions: 14->14(39)
[2022-05-03T00:38:30.190+0000][621.105s] GC(87) Old regions: 43->43
[2022-05-03T00:38:30.191+0000][621.105s] GC(87) Humongous regions: 7->7
[2022-05-03T00:38:30.191+0000][621.105s] GC(87) Metaspace: 57171K->57171K(1101824K)
[2022-05-03T00:38:30.191+0000][621.106s] GC(87) Pause Young (Normal) (G1 Evacuation Pause) 355M->62M(512M) 8.804ms
[2022-05-03T00:38:30.192+0000][621.106s] GC(87) User=0.04s Sys=0.00s Real=0.01s
[2022-05-03T00:38:33.414+0000][624.328s] GC(88) Pause Young (Normal) (G1 Evacuation Pause)
[2022-05-03T00:38:33.414+0000][624.328s] GC(88) Using 8 workers of 8 for evacuation
[2022-05-03T00:38:33.419+0000][624.333s] GC(88)   Pre Evacuate Collection Set: 0.0ms
[2022-05-03T00:38:33.420+0000][624.334s] GC(88)   Evacuate Collection Set: 2.1ms
[2022-05-03T00:38:33.420+0000][624.334s] GC(88)   Post Evacuate Collection Set: 2.9ms
[2022-05-03T00:38:33.420+0000][624.335s] GC(88)   Other: 0.6ms
[2022-05-03T00:38:33.421+0000][624.335s] GC(88) Eden regions: 293->0(293)
[2022-05-03T00:38:33.421+0000][624.335s] GC(88) Survivor regions: 14->14(39)
[2022-05-03T00:38:33.422+0000][624.336s] GC(88) Old regions: 43->43
[2022-05-03T00:38:33.422+0000][624.336s] GC(88) Humongous regions: 7->7
[2022-05-03T00:38:33.422+0000][624.336s] GC(88) Metaspace: 57173K->57173K(1101824K)
[2022-05-03T00:38:33.422+0000][624.337s] GC(88) Pause Young (Normal) (G1 Evacuation Pause) 355M->62M(512M) 8.903ms
[2022-05-03T00:38:33.423+0000][624.337s] GC(88) User=0.03s Sys=0.00s Real=0.01s
[2022-05-03T00:38:36.467+0000][627.381s] GC(89) Pause Young (Normal) (G1 Evacuation Pause)
[2022-05-03T00:38:36.467+0000][627.381s] GC(89) Using 8 workers of 8 for evacuation
[2022-05-03T00:38:36.473+0000][627.387s] GC(89)   Pre Evacuate Collection Set: 0.0ms
[2022-05-03T00:38:36.473+0000][627.387s] GC(89)   Evacuate Collection Set: 2.1ms
[2022-05-03T00:38:36.474+0000][627.388s] GC(89)   Post Evacuate Collection Set: 3.0ms
[2022-05-03T00:38:36.474+0000][627.388s] GC(89)   Other: 0.8ms
[2022-05-03T00:38:36.474+0000][627.388s] GC(89) Eden regions: 293->0(292)
[2022-05-03T00:38:36.474+0000][627.388s] GC(89) Survivor regions: 14->15(39)
[2022-05-03T00:38:36.475+0000][627.389s] GC(89) Old regions: 43->43
[2022-05-03T00:38:36.475+0000][627.389s] GC(89) Humongous regions: 7->7
[2022-05-03T00:38:36.475+0000][627.389s] GC(89) Metaspace: 57173K->57173K(1101824K)
[2022-05-03T00:38:36.476+0000][627.390s] GC(89) Pause Young (Normal) (G1 Evacuation Pause) 355M->62M(512M) 8.744ms
[2022-05-03T00:38:36.476+0000][627.390s] GC(89) User=0.03s Sys=0.00s Real=0.01s
[2022-05-03T00:38:39.597+0000][630.511s] GC(90) Pause Young (Normal) (G1 Evacuation Pause)
[2022-05-03T00:38:39.597+0000][630.511s] GC(90) Using 8 workers of 8 for evacuation
[2022-05-03T00:38:39.603+0000][630.517s] GC(90)   Pre Evacuate Collection Set: 0.0ms
[2022-05-03T00:38:39.604+0000][630.518s] GC(90)   Evacuate Collection Set: 2.5ms
[2022-05-03T00:38:39.604+0000][630.518s] GC(90)   Post Evacuate Collection Set: 3.0ms
[2022-05-03T00:38:39.604+0000][630.519s] GC(90)   Other: 0.8ms
[2022-05-03T00:38:39.605+0000][630.519s] GC(90) Eden regions: 292->0(292)
[2022-05-03T00:38:39.605+0000][630.519s] GC(90) Survivor regions: 15->15(39)
[2022-05-03T00:38:39.605+0000][630.519s] GC(90) Old regions: 43->43
[2022-05-03T00:38:39.606+0000][630.520s] GC(90) Humongous regions: 7->7
[2022-05-03T00:38:39.606+0000][630.520s] GC(90) Metaspace: 57174K->57174K(1101824K)
[2022-05-03T00:38:39.606+0000][630.520s] GC(90) Pause Young (Normal) (G1 Evacuation Pause) 354M->62M(512M) 9.267ms
[2022-05-03T00:38:39.606+0000][630.521s] GC(90) User=0.03s Sys=0.01s Real=0.01s
[2022-05-03T00:38:42.726+0000][633.640s] GC(91) Pause Young (Normal) (G1 Evacuation Pause)
[2022-05-03T00:38:42.727+0000][633.641s] GC(91) Using 8 workers of 8 for evacuation
[2022-05-03T00:38:42.733+0000][633.647s] GC(91)   Pre Evacuate Collection Set: 0.0ms
[2022-05-03T00:38:42.733+0000][633.647s] GC(91)   Evacuate Collection Set: 2.6ms
[2022-05-03T00:38:42.734+0000][633.648s] GC(91)   Post Evacuate Collection Set: 3.1ms
[2022-05-03T00:38:42.734+0000][633.648s] GC(91)   Other: 1.0ms
[2022-05-03T00:38:42.734+0000][633.649s] GC(91) Eden regions: 292->0(292)
[2022-05-03T00:38:42.735+0000][633.649s] GC(91) Survivor regions: 15->15(39)
[2022-05-03T00:38:42.735+0000][633.649s] GC(91) Old regions: 43->43
[2022-05-03T00:38:42.736+0000][633.650s] GC(91) Humongous regions: 7->7
[2022-05-03T00:38:42.736+0000][633.650s] GC(91) Metaspace: 57174K->57174K(1101824K)
[2022-05-03T00:38:42.736+0000][633.650s] GC(91) Pause Young (Normal) (G1 Evacuation Pause) 354M->63M(512M) 10.070ms
[2022-05-03T00:38:42.736+0000][633.650s] GC(91) User=0.04s Sys=0.00s Real=0.01s
[2022-05-03T00:38:45.794+0000][636.708s] GC(92) Pause Young (Normal) (G1 Evacuation Pause)
[2022-05-03T00:38:45.795+0000][636.709s] GC(92) Using 8 workers of 8 for evacuation
[2022-05-03T00:38:45.801+0000][636.715s] GC(92)   Pre Evacuate Collection Set: 0.0ms
[2022-05-03T00:38:45.802+0000][636.716s] GC(92)   Evacuate Collection Set: 2.6ms
[2022-05-03T00:38:45.802+0000][636.716s] GC(92)   Post Evacuate Collection Set: 3.4ms
[2022-05-03T00:38:45.802+0000][636.716s] GC(92)   Other: 1.0ms
[2022-05-03T00:38:45.803+0000][636.717s] GC(92) Eden regions: 292->0(292)
[2022-05-03T00:38:45.803+0000][636.717s] GC(92) Survivor regions: 15->15(39)
[2022-05-03T00:38:45.803+0000][636.718s] GC(92) Old regions: 43->43
[2022-05-03T00:38:45.804+0000][636.718s] GC(92) Humongous regions: 7->7
[2022-05-03T00:38:45.804+0000][636.718s] GC(92) Metaspace: 57174K->57174K(1101824K)
[2022-05-03T00:38:45.804+0000][636.718s] GC(92) Pause Young (Normal) (G1 Evacuation Pause) 355M->63M(512M) 9.904ms
[2022-05-03T00:38:45.804+0000][636.718s] GC(92) User=0.03s Sys=0.01s Real=0.01s
[2022-05-03T00:38:48.768+0000][639.682s] GC(93) Pause Young (Normal) (G1 Evacuation Pause)
[2022-05-03T00:38:48.769+0000][639.683s] GC(93) Using 8 workers of 8 for evacuation
[2022-05-03T00:38:48.792+0000][639.706s] GC(93)   Pre Evacuate Collection Set: 0.0ms
[2022-05-03T00:38:48.792+0000][639.707s] GC(93)   Evacuate Collection Set: 9.3ms
[2022-05-03T00:38:48.793+0000][639.707s] GC(93)   Post Evacuate Collection Set: 13.7ms
[2022-05-03T00:38:48.793+0000][639.707s] GC(93)   Other: 0.8ms
[2022-05-03T00:38:48.793+0000][639.707s] GC(93) Eden regions: 292->0(292)
[2022-05-03T00:38:48.793+0000][639.707s] GC(93) Survivor regions: 15->15(39)
[2022-05-03T00:38:48.794+0000][639.708s] GC(93) Old regions: 43->43
[2022-05-03T00:38:48.794+0000][639.708s] GC(93) Humongous regions: 7->7
[2022-05-03T00:38:48.794+0000][639.708s] GC(93) Metaspace: 57174K->57174K(1101824K)
[2022-05-03T00:38:48.794+0000][639.708s] GC(93) Pause Young (Normal) (G1 Evacuation Pause) 355M->63M(512M) 26.084ms
[2022-05-03T00:38:48.795+0000][639.709s] GC(93) User=0.16s Sys=0.01s Real=0.03s
[2022-05-03T00:38:51.999+0000][642.913s] GC(94) Pause Young (Normal) (G1 Evacuation Pause)
[2022-05-03T00:38:51.999+0000][642.913s] GC(94) Using 8 workers of 8 for evacuation
[2022-05-03T00:38:52.005+0000][642.920s] GC(94)   Pre Evacuate Collection Set: 0.0ms
[2022-05-03T00:38:52.006+0000][642.920s] GC(94)   Evacuate Collection Set: 2.8ms
[2022-05-03T00:38:52.006+0000][642.920s] GC(94)   Post Evacuate Collection Set: 3.2ms
[2022-05-03T00:38:52.007+0000][642.921s] GC(94)   Other: 0.5ms
[2022-05-03T00:38:52.007+0000][642.921s] GC(94) Eden regions: 292->0(292)
[2022-05-03T00:38:52.008+0000][642.922s] GC(94) Survivor regions: 15->15(39)
[2022-05-03T00:38:52.008+0000][642.922s] GC(94) Old regions: 43->43
[2022-05-03T00:38:52.008+0000][642.922s] GC(94) Humongous regions: 7->7
[2022-05-03T00:38:52.008+0000][642.923s] GC(94) Metaspace: 57174K->57174K(1101824K)
[2022-05-03T00:38:52.009+0000][642.923s] GC(94) Pause Young (Normal) (G1 Evacuation Pause) 355M->63M(512M) 9.797ms
[2022-05-03T00:38:52.009+0000][642.923s] GC(94) User=0.05s Sys=0.00s Real=0.01s
[2022-05-03T00:38:55.314+0000][646.228s] GC(95) Pause Young (Normal) (G1 Evacuation Pause)
[2022-05-03T00:38:55.314+0000][646.228s] GC(95) Using 8 workers of 8 for evacuation
[2022-05-03T00:38:55.320+0000][646.234s] GC(95)   Pre Evacuate Collection Set: 0.1ms
[2022-05-03T00:38:55.320+0000][646.234s] GC(95)   Evacuate Collection Set: 2.4ms
[2022-05-03T00:38:55.321+0000][646.235s] GC(95)   Post Evacuate Collection Set: 3.2ms
[2022-05-03T00:38:55.321+0000][646.235s] GC(95)   Other: 0.4ms
[2022-05-03T00:38:55.321+0000][646.236s] GC(95) Eden regions: 292->0(292)
[2022-05-03T00:38:55.322+0000][646.236s] GC(95) Survivor regions: 15->15(39)
[2022-05-03T00:38:55.322+0000][646.236s] GC(95) Old regions: 43->43
[2022-05-03T00:38:55.322+0000][646.237s] GC(95) Humongous regions: 7->7
[2022-05-03T00:38:55.323+0000][646.237s] GC(95) Metaspace: 57174K->57174K(1101824K)
[2022-05-03T00:38:55.323+0000][646.237s] GC(95) Pause Young (Normal) (G1 Evacuation Pause) 355M->63M(512M) 9.302ms
[2022-05-03T00:38:55.323+0000][646.237s] GC(95) User=0.04s Sys=0.00s Real=0.01s
[2022-05-03T00:38:58.216+0000][649.130s] GC(96) Pause Young (Normal) (G1 Evacuation Pause)
[2022-05-03T00:38:58.216+0000][649.130s] GC(96) Using 8 workers of 8 for evacuation
[2022-05-03T00:38:58.222+0000][649.136s] GC(96)   Pre Evacuate Collection Set: 0.0ms
[2022-05-03T00:38:58.222+0000][649.136s] GC(96)   Evacuate Collection Set: 2.6ms
[2022-05-03T00:38:58.223+0000][649.137s] GC(96)   Post Evacuate Collection Set: 3.2ms
[2022-05-03T00:38:58.223+0000][649.137s] GC(96)   Other: 0.4ms
[2022-05-03T00:38:58.223+0000][649.137s] GC(96) Eden regions: 292->0(291)
[2022-05-03T00:38:58.224+0000][649.138s] GC(96) Survivor regions: 15->16(39)
[2022-05-03T00:38:58.224+0000][649.138s] GC(96) Old regions: 43->44
[2022-05-03T00:38:58.224+0000][649.139s] GC(96) Humongous regions: 7->7
[2022-05-03T00:38:58.225+0000][649.139s] GC(96) Metaspace: 57174K->57174K(1101824K)
[2022-05-03T00:38:58.225+0000][649.139s] GC(96) Pause Young (Normal) (G1 Evacuation Pause) 355M->64M(512M) 9.396ms
[2022-05-03T00:38:58.225+0000][649.139s] GC(96) User=0.03s Sys=0.00s Real=0.01s
[2022-05-03T00:39:01.260+0000][652.175s] GC(97) Pause Young (Normal) (G1 Evacuation Pause)
[2022-05-03T00:39:01.261+0000][652.175s] GC(97) Using 8 workers of 8 for evacuation
[2022-05-03T00:39:01.280+0000][652.194s] GC(97)   Pre Evacuate Collection Set: 0.0ms
[2022-05-03T00:39:01.280+0000][652.195s] GC(97)   Evacuate Collection Set: 9.5ms
[2022-05-03T00:39:01.281+0000][652.195s] GC(97)   Post Evacuate Collection Set: 9.3ms
[2022-05-03T00:39:01.281+0000][652.195s] GC(97)   Other: 0.8ms
[2022-05-03T00:39:01.281+0000][652.196s] GC(97) Eden regions: 291->0(292)
[2022-05-03T00:39:01.282+0000][652.196s] GC(97) Survivor regions: 16->15(39)
[2022-05-03T00:39:01.282+0000][652.196s] GC(97) Old regions: 44->44
[2022-05-03T00:39:01.282+0000][652.196s] GC(97) Humongous regions: 7->7
[2022-05-03T00:39:01.283+0000][652.197s] GC(97) Metaspace: 57197K->57197K(1101824K)
[2022-05-03T00:39:01.283+0000][652.197s] GC(97) Pause Young (Normal) (G1 Evacuation Pause) 355M->63M(512M) 22.560ms
[2022-05-03T00:39:01.283+0000][652.197s] GC(97) User=0.14s Sys=0.00s Real=0.02s
[2022-05-03T00:39:04.300+0000][655.214s] GC(98) Pause Young (Normal) (G1 Evacuation Pause)
[2022-05-03T00:39:04.301+0000][655.215s] GC(98) Using 8 workers of 8 for evacuation
[2022-05-03T00:39:04.307+0000][655.221s] GC(98)   Pre Evacuate Collection Set: 0.0ms
[2022-05-03T00:39:04.307+0000][655.221s] GC(98)   Evacuate Collection Set: 2.7ms
[2022-05-03T00:39:04.307+0000][655.222s] GC(98)   Post Evacuate Collection Set: 3.0ms
[2022-05-03T00:39:04.308+0000][655.222s] GC(98)   Other: 0.8ms
[2022-05-03T00:39:04.308+0000][655.222s] GC(98) Eden regions: 292->0(292)
[2022-05-03T00:39:04.309+0000][655.223s] GC(98) Survivor regions: 15->15(39)
[2022-05-03T00:39:04.309+0000][655.223s] GC(98) Old regions: 44->44
[2022-05-03T00:39:04.309+0000][655.223s] GC(98) Humongous regions: 7->7
[2022-05-03T00:39:04.310+0000][655.224s] GC(98) Metaspace: 57197K->57197K(1101824K)
[2022-05-03T00:39:04.310+0000][655.224s] GC(98) Pause Young (Normal) (G1 Evacuation Pause) 355M->63M(512M) 9.681ms
[2022-05-03T00:39:04.310+0000][655.224s] GC(98) User=0.04s Sys=0.00s Real=0.01s
[2022-05-03T00:39:07.335+0000][658.249s] GC(99) Pause Young (Normal) (G1 Evacuation Pause)
[2022-05-03T00:39:07.336+0000][658.250s] GC(99) Using 8 workers of 8 for evacuation
[2022-05-03T00:39:07.342+0000][658.256s] GC(99)   Pre Evacuate Collection Set: 0.0ms
[2022-05-03T00:39:07.343+0000][658.257s] GC(99)   Evacuate Collection Set: 2.5ms
[2022-05-03T00:39:07.343+0000][658.257s] GC(99)   Post Evacuate Collection Set: 3.5ms
[2022-05-03T00:39:07.343+0000][658.258s] GC(99)   Other: 1.0ms
[2022-05-03T00:39:07.344+0000][658.258s] GC(99) Eden regions: 292->0(292)
[2022-05-03T00:39:07.344+0000][658.258s] GC(99) Survivor regions: 15->15(39)
[2022-05-03T00:39:07.345+0000][658.259s] GC(99) Old regions: 44->44
[2022-05-03T00:39:07.345+0000][658.259s] GC(99) Humongous regions: 7->7
[2022-05-03T00:39:07.345+0000][658.259s] GC(99) Metaspace: 57197K->57197K(1101824K)
[2022-05-03T00:39:07.346+0000][658.260s] GC(99) Pause Young (Normal) (G1 Evacuation Pause) 355M->63M(512M) 10.292ms
[2022-05-03T00:39:07.346+0000][658.260s] GC(99) User=0.04s Sys=0.00s Real=0.01s
[2022-05-03T00:39:10.470+0000][661.384s] GC(100) Pause Young (Normal) (G1 Evacuation Pause)
[2022-05-03T00:39:10.471+0000][661.385s] GC(100) Using 8 workers of 8 for evacuation
[2022-05-03T00:39:10.477+0000][661.391s] GC(100)   Pre Evacuate Collection Set: 0.0ms
[2022-05-03T00:39:10.478+0000][661.392s] GC(100)   Evacuate Collection Set: 2.8ms
[2022-05-03T00:39:10.478+0000][661.392s] GC(100)   Post Evacuate Collection Set: 3.4ms
[2022-05-03T00:39:10.478+0000][661.393s] GC(100)   Other: 0.8ms
[2022-05-03T00:39:10.479+0000][661.393s] GC(100) Eden regions: 292->0(292)
[2022-05-03T00:39:10.479+0000][661.393s] GC(100) Survivor regions: 15->15(39)
[2022-05-03T00:39:10.480+0000][661.394s] GC(100) Old regions: 44->44
[2022-05-03T00:39:10.480+0000][661.394s] GC(100) Humongous regions: 7->7
[2022-05-03T00:39:10.480+0000][661.394s] GC(100) Metaspace: 57199K->57199K(1101824K)
[2022-05-03T00:39:10.481+0000][661.395s] GC(100) Pause Young (Normal) (G1 Evacuation Pause) 355M->63M(512M) 10.289ms
[2022-05-03T00:39:10.481+0000][661.395s] GC(100) User=0.02s Sys=0.02s Real=0.01s
[2022-05-03T00:39:13.606+0000][664.520s] GC(101) Pause Young (Normal) (G1 Evacuation Pause)
[2022-05-03T00:39:13.607+0000][664.521s] GC(101) Using 8 workers of 8 for evacuation
[2022-05-03T00:39:13.615+0000][664.530s] GC(101)   Pre Evacuate Collection Set: 0.0ms
[2022-05-03T00:39:13.616+0000][664.530s] GC(101)   Evacuate Collection Set: 5.2ms
[2022-05-03T00:39:13.616+0000][664.530s] GC(101)   Post Evacuate Collection Set: 3.0ms
[2022-05-03T00:39:13.617+0000][664.531s] GC(101)   Other: 0.9ms
[2022-05-03T00:39:13.617+0000][664.531s] GC(101) Eden regions: 292->0(292)
[2022-05-03T00:39:13.617+0000][664.531s] GC(101) Survivor regions: 15->15(39)
[2022-05-03T00:39:13.618+0000][664.532s] GC(101) Old regions: 44->44
[2022-05-03T00:39:13.618+0000][664.532s] GC(101) Humongous regions: 7->7
[2022-05-03T00:39:13.618+0000][664.532s] GC(101) Metaspace: 57202K->57202K(1101824K)
[2022-05-03T00:39:13.619+0000][664.533s] GC(101) Pause Young (Normal) (G1 Evacuation Pause) 355M->63M(512M) 12.272ms
[2022-05-03T00:39:13.619+0000][664.533s] GC(101) User=0.06s Sys=0.00s Real=0.01s
[2022-05-03T00:39:16.723+0000][667.637s] GC(102) Pause Young (Normal) (G1 Evacuation Pause)
[2022-05-03T00:39:16.723+0000][667.637s] GC(102) Using 8 workers of 8 for evacuation
[2022-05-03T00:39:16.729+0000][667.643s] GC(102)   Pre Evacuate Collection Set: 0.0ms
[2022-05-03T00:39:16.729+0000][667.643s] GC(102)   Evacuate Collection Set: 2.1ms
[2022-05-03T00:39:16.730+0000][667.644s] GC(102)   Post Evacuate Collection Set: 3.2ms
[2022-05-03T00:39:16.730+0000][667.644s] GC(102)   Other: 0.8ms
[2022-05-03T00:39:16.730+0000][667.644s] GC(102) Eden regions: 292->0(293)
[2022-05-03T00:39:16.731+0000][667.645s] GC(102) Survivor regions: 15->14(39)
[2022-05-03T00:39:16.731+0000][667.645s] GC(102) Old regions: 44->44
[2022-05-03T00:39:16.731+0000][667.645s] GC(102) Humongous regions: 7->7
[2022-05-03T00:39:16.732+0000][667.646s] GC(102) Metaspace: 57202K->57202K(1101824K)
[2022-05-03T00:39:16.732+0000][667.646s] GC(102) Pause Young (Normal) (G1 Evacuation Pause) 355M->62M(512M) 9.133ms
[2022-05-03T00:39:16.732+0000][667.646s] GC(102) User=0.04s Sys=0.00s Real=0.01s
[2022-05-03T00:39:19.824+0000][670.738s] GC(103) Pause Young (Normal) (G1 Evacuation Pause)
[2022-05-03T00:39:19.824+0000][670.738s] GC(103) Using 8 workers of 8 for evacuation
[2022-05-03T00:39:19.848+0000][670.762s] GC(103)   Pre Evacuate Collection Set: 0.0ms
[2022-05-03T00:39:19.848+0000][670.763s] GC(103)   Evacuate Collection Set: 10.2ms
[2022-05-03T00:39:19.849+0000][670.763s] GC(103)   Post Evacuate Collection Set: 13.6ms
[2022-05-03T00:39:19.849+0000][670.763s] GC(103)   Other: 0.8ms
[2022-05-03T00:39:19.849+0000][670.763s] GC(103) Eden regions: 293->0(292)
[2022-05-03T00:39:19.849+0000][670.764s] GC(103) Survivor regions: 14->15(39)
[2022-05-03T00:39:19.850+0000][670.764s] GC(103) Old regions: 44->44
[2022-05-03T00:39:19.850+0000][670.764s] GC(103) Humongous regions: 7->7
[2022-05-03T00:39:19.850+0000][670.764s] GC(103) Metaspace: 57202K->57202K(1101824K)
[2022-05-03T00:39:19.850+0000][670.765s] GC(103) Pause Young (Normal) (G1 Evacuation Pause) 355M->64M(512M) 26.809ms
[2022-05-03T00:39:19.851+0000][670.765s] GC(103) User=0.17s Sys=0.01s Real=0.03s
[2022-05-03T00:39:22.848+0000][673.762s] GC(104) Pause Young (Normal) (G1 Evacuation Pause)
[2022-05-03T00:39:22.848+0000][673.762s] GC(104) Using 8 workers of 8 for evacuation
[2022-05-03T00:39:22.856+0000][673.770s] GC(104)   Pre Evacuate Collection Set: 0.0ms
[2022-05-03T00:39:22.856+0000][673.771s] GC(104)   Evacuate Collection Set: 4.7ms
[2022-05-03T00:39:22.857+0000][673.771s] GC(104)   Post Evacuate Collection Set: 3.4ms
[2022-05-03T00:39:22.857+0000][673.771s] GC(104)   Other: 0.5ms
[2022-05-03T00:39:22.857+0000][673.771s] GC(104) Eden regions: 292->0(293)
[2022-05-03T00:39:22.857+0000][673.771s] GC(104) Survivor regions: 15->14(39)
[2022-05-03T00:39:22.857+0000][673.772s] GC(104) Old regions: 44->44
[2022-05-03T00:39:22.858+0000][673.772s] GC(104) Humongous regions: 7->7
[2022-05-03T00:39:22.858+0000][673.772s] GC(104) Metaspace: 57202K->57202K(1101824K)
[2022-05-03T00:39:22.858+0000][673.772s] GC(104) Pause Young (Normal) (G1 Evacuation Pause) 356M->63M(512M) 10.479ms
[2022-05-03T00:39:22.858+0000][673.772s] GC(104) User=0.06s Sys=0.00s Real=0.01s
[2022-05-03T00:39:25.871+0000][676.785s] GC(105) Pause Young (Normal) (G1 Evacuation Pause)
[2022-05-03T00:39:25.872+0000][676.786s] GC(105) Using 8 workers of 8 for evacuation
[2022-05-03T00:39:25.878+0000][676.792s] GC(105)   Pre Evacuate Collection Set: 0.0ms
[2022-05-03T00:39:25.878+0000][676.792s] GC(105)   Evacuate Collection Set: 2.5ms
[2022-05-03T00:39:25.879+0000][676.793s] GC(105)   Post Evacuate Collection Set: 3.3ms
[2022-05-03T00:39:25.879+0000][676.793s] GC(105)   Other: 0.9ms
[2022-05-03T00:39:25.880+0000][676.794s] GC(105) Eden regions: 293->0(292)
[2022-05-03T00:39:25.880+0000][676.794s] GC(105) Survivor regions: 14->15(39)
[2022-05-03T00:39:25.880+0000][676.794s] GC(105) Old regions: 44->44
[2022-05-03T00:39:25.880+0000][676.795s] GC(105) Humongous regions: 7->7
[2022-05-03T00:39:25.881+0000][676.795s] GC(105) Metaspace: 57202K->57202K(1101824K)
[2022-05-03T00:39:25.881+0000][676.795s] GC(105) Pause Young (Normal) (G1 Evacuation Pause) 356M->64M(512M) 9.705ms
[2022-05-03T00:39:25.881+0000][676.795s] GC(105) User=0.04s Sys=0.00s Real=0.01s
[2022-05-03T00:39:28.922+0000][679.837s] GC(106) Pause Young (Normal) (G1 Evacuation Pause)
[2022-05-03T00:39:28.923+0000][679.837s] GC(106) Using 8 workers of 8 for evacuation
[2022-05-03T00:39:28.929+0000][679.843s] GC(106)   Pre Evacuate Collection Set: 0.0ms
[2022-05-03T00:39:28.930+0000][679.844s] GC(106)   Evacuate Collection Set: 2.6ms
[2022-05-03T00:39:28.930+0000][679.844s] GC(106)   Post Evacuate Collection Set: 3.3ms
[2022-05-03T00:39:28.930+0000][679.844s] GC(106)   Other: 0.9ms
[2022-05-03T00:39:28.931+0000][679.845s] GC(106) Eden regions: 292->0(292)
[2022-05-03T00:39:28.931+0000][679.845s] GC(106) Survivor regions: 15->15(39)
[2022-05-03T00:39:28.931+0000][679.846s] GC(106) Old regions: 44->44
[2022-05-03T00:39:28.932+0000][679.846s] GC(106) Humongous regions: 7->7
[2022-05-03T00:39:28.932+0000][679.846s] GC(106) Metaspace: 57202K->57202K(1101824K)
[2022-05-03T00:39:28.932+0000][679.846s] GC(106) Pause Young (Normal) (G1 Evacuation Pause) 356M->64M(512M) 9.967ms
[2022-05-03T00:39:28.933+0000][679.847s] GC(106) User=0.03s Sys=0.01s Real=0.01s
[2022-05-03T00:39:32.044+0000][682.958s] GC(107) Pause Young (Normal) (G1 Evacuation Pause)
[2022-05-03T00:39:32.045+0000][682.959s] GC(107) Using 8 workers of 8 for evacuation
[2022-05-03T00:39:32.055+0000][682.969s] GC(107)   Pre Evacuate Collection Set: 0.0ms
[2022-05-03T00:39:32.055+0000][682.969s] GC(107)   Evacuate Collection Set: 5.4ms
[2022-05-03T00:39:32.055+0000][682.969s] GC(107)   Post Evacuate Collection Set: 4.1ms
[2022-05-03T00:39:32.055+0000][682.970s] GC(107)   Other: 0.8ms
[2022-05-03T00:39:32.056+0000][682.970s] GC(107) Eden regions: 292->0(293)
[2022-05-03T00:39:32.056+0000][682.970s] GC(107) Survivor regions: 15->14(39)
[2022-05-03T00:39:32.056+0000][682.970s] GC(107) Old regions: 44->44
[2022-05-03T00:39:32.056+0000][682.971s] GC(107) Humongous regions: 7->7
[2022-05-03T00:39:32.057+0000][682.971s] GC(107) Metaspace: 57202K->57202K(1101824K)
[2022-05-03T00:39:32.057+0000][682.971s] GC(107) Pause Young (Normal) (G1 Evacuation Pause) 356M->63M(512M) 12.646ms
[2022-05-03T00:39:32.057+0000][682.971s] GC(107) User=0.06s Sys=0.01s Real=0.01s
[2022-05-03T00:39:35.045+0000][685.959s] GC(108) Pause Young (Normal) (G1 Evacuation Pause)
[2022-05-03T00:39:35.046+0000][685.960s] GC(108) Using 8 workers of 8 for evacuation
[2022-05-03T00:39:35.053+0000][685.967s] GC(108)   Pre Evacuate Collection Set: 0.0ms
[2022-05-03T00:39:35.053+0000][685.967s] GC(108)   Evacuate Collection Set: 3.1ms
[2022-05-03T00:39:35.053+0000][685.967s] GC(108)   Post Evacuate Collection Set: 3.4ms
[2022-05-03T00:39:35.053+0000][685.967s] GC(108)   Other: 0.7ms
[2022-05-03T00:39:35.053+0000][685.967s] GC(108) Eden regions: 293->0(292)
[2022-05-03T00:39:35.054+0000][685.968s] GC(108) Survivor regions: 14->15(39)
[2022-05-03T00:39:35.054+0000][685.968s] GC(108) Old regions: 44->44
[2022-05-03T00:39:35.054+0000][685.968s] GC(108) Humongous regions: 7->7
[2022-05-03T00:39:35.054+0000][685.968s] GC(108) Metaspace: 57202K->57202K(1101824K)
[2022-05-03T00:39:35.054+0000][685.969s] GC(108) Pause Young (Normal) (G1 Evacuation Pause) 356M->64M(512M) 9.043ms
[2022-05-03T00:39:35.055+0000][685.969s] GC(108) User=0.04s Sys=0.00s Real=0.01s
[2022-05-03T00:39:38.109+0000][689.023s] GC(109) Pause Young (Normal) (G1 Evacuation Pause)
[2022-05-03T00:39:38.110+0000][689.024s] GC(109) Using 8 workers of 8 for evacuation
[2022-05-03T00:39:38.116+0000][689.030s] GC(109)   Pre Evacuate Collection Set: 0.0ms
[2022-05-03T00:39:38.116+0000][689.030s] GC(109)   Evacuate Collection Set: 2.2ms
[2022-05-03T00:39:38.116+0000][689.031s] GC(109)   Post Evacuate Collection Set: 3.2ms
[2022-05-03T00:39:38.117+0000][689.031s] GC(109)   Other: 1.0ms
[2022-05-03T00:39:38.117+0000][689.031s] GC(109) Eden regions: 292->0(292)
[2022-05-03T00:39:38.118+0000][689.032s] GC(109) Survivor regions: 15->15(39)
[2022-05-03T00:39:38.118+0000][689.032s] GC(109) Old regions: 44->44
[2022-05-03T00:39:38.118+0000][689.032s] GC(109) Humongous regions: 7->7
[2022-05-03T00:39:38.119+0000][689.033s] GC(109) Metaspace: 57205K->57205K(1101824K)
[2022-05-03T00:39:38.119+0000][689.033s] GC(109) Pause Young (Normal) (G1 Evacuation Pause) 356M->64M(512M) 9.896ms
[2022-05-03T00:39:38.119+0000][689.033s] GC(109) User=0.04s Sys=0.00s Real=0.01s
[2022-05-03T00:39:41.254+0000][692.168s] GC(110) Pause Young (Normal) (G1 Evacuation Pause)
[2022-05-03T00:39:41.255+0000][692.169s] GC(110) Using 8 workers of 8 for evacuation
[2022-05-03T00:39:41.260+0000][692.174s] GC(110)   Pre Evacuate Collection Set: 0.0ms
[2022-05-03T00:39:41.261+0000][692.175s] GC(110)   Evacuate Collection Set: 2.3ms
[2022-05-03T00:39:41.261+0000][692.175s] GC(110)   Post Evacuate Collection Set: 2.9ms
[2022-05-03T00:39:41.262+0000][692.176s] GC(110)   Other: 1.0ms
[2022-05-03T00:39:41.262+0000][692.176s] GC(110) Eden regions: 292->0(292)
[2022-05-03T00:39:41.262+0000][692.176s] GC(110) Survivor regions: 15->15(39)
[2022-05-03T00:39:41.263+0000][692.177s] GC(110) Old regions: 44->44
[2022-05-03T00:39:41.263+0000][692.177s] GC(110) Humongous regions: 7->7
[2022-05-03T00:39:41.263+0000][692.177s] GC(110) Metaspace: 57216K->57216K(1101824K)
[2022-05-03T00:39:41.264+0000][692.178s] GC(110) Pause Young (Normal) (G1 Evacuation Pause) 356M->64M(512M) 9.488ms
[2022-05-03T00:39:41.264+0000][692.178s] GC(110) User=0.03s Sys=0.01s Real=0.00s
[2022-05-03T00:39:44.308+0000][695.222s] GC(111) Pause Young (Normal) (G1 Evacuation Pause)
[2022-05-03T00:39:44.308+0000][695.222s] GC(111) Using 8 workers of 8 for evacuation
[2022-05-03T00:39:44.315+0000][695.229s] GC(111)   Pre Evacuate Collection Set: 0.0ms
[2022-05-03T00:39:44.315+0000][695.229s] GC(111)   Evacuate Collection Set: 3.2ms
[2022-05-03T00:39:44.315+0000][695.230s] GC(111)   Post Evacuate Collection Set: 2.6ms
[2022-05-03T00:39:44.316+0000][695.230s] GC(111)   Other: 0.9ms
[2022-05-03T00:39:44.316+0000][695.230s] GC(111) Eden regions: 292->0(291)
[2022-05-03T00:39:44.316+0000][695.231s] GC(111) Survivor regions: 15->16(39)
[2022-05-03T00:39:44.317+0000][695.231s] GC(111) Old regions: 44->45
[2022-05-03T00:39:44.317+0000][695.231s] GC(111) Humongous regions: 7->7
[2022-05-03T00:39:44.317+0000][695.231s] GC(111) Metaspace: 57330K->57330K(1101824K)
[2022-05-03T00:39:44.318+0000][695.232s] GC(111) Pause Young (Normal) (G1 Evacuation Pause) 356M->64M(512M) 9.717ms
[2022-05-03T00:39:44.318+0000][695.232s] GC(111) User=0.02s Sys=0.02s Real=0.01s
[2022-05-03T00:39:47.296+0000][698.210s] GC(112) Pause Young (Normal) (G1 Evacuation Pause)
[2022-05-03T00:39:47.296+0000][698.210s] GC(112) Using 8 workers of 8 for evacuation
[2022-05-03T00:39:47.313+0000][698.227s] GC(112)   Pre Evacuate Collection Set: 0.0ms
[2022-05-03T00:39:47.314+0000][698.228s] GC(112)   Evacuate Collection Set: 6.3ms
[2022-05-03T00:39:47.314+0000][698.228s] GC(112)   Post Evacuate Collection Set: 10.7ms
[2022-05-03T00:39:47.314+0000][698.228s] GC(112)   Other: 0.8ms
[2022-05-03T00:39:47.314+0000][698.229s] GC(112) Eden regions: 291->0(290)
[2022-05-03T00:39:47.315+0000][698.229s] GC(112) Survivor regions: 16->17(39)
[2022-05-03T00:39:47.315+0000][698.229s] GC(112) Old regions: 45->45
[2022-05-03T00:39:47.315+0000][698.229s] GC(112) Humongous regions: 7->7
[2022-05-03T00:39:47.315+0000][698.229s] GC(112) Metaspace: 57340K->57340K(1101824K)
[2022-05-03T00:39:47.316+0000][698.230s] GC(112) Pause Young (Normal) (G1 Evacuation Pause) 355M->66M(512M) 19.931ms
[2022-05-03T00:39:47.316+0000][698.230s] GC(112) User=0.12s Sys=0.01s Real=0.02s
[2022-05-03T00:39:50.358+0000][701.272s] GC(113) Pause Young (Normal) (G1 Evacuation Pause)
[2022-05-03T00:39:50.358+0000][701.272s] GC(113) Using 8 workers of 8 for evacuation
[2022-05-03T00:39:50.363+0000][701.277s] GC(113)   Pre Evacuate Collection Set: 0.0ms
[2022-05-03T00:39:50.363+0000][701.278s] GC(113)   Evacuate Collection Set: 2.8ms
[2022-05-03T00:39:50.364+0000][701.278s] GC(113)   Post Evacuate Collection Set: 2.3ms
[2022-05-03T00:39:50.364+0000][701.278s] GC(113)   Other: 0.4ms
[2022-05-03T00:39:50.364+0000][701.278s] GC(113) Eden regions: 290->0(293)
[2022-05-03T00:39:50.364+0000][701.278s] GC(113) Survivor regions: 17->14(39)
[2022-05-03T00:39:50.364+0000][701.278s] GC(113) Old regions: 45->45
[2022-05-03T00:39:50.364+0000][701.279s] GC(113) Humongous regions: 7->7
[2022-05-03T00:39:50.365+0000][701.279s] GC(113) Metaspace: 57396K->57396K(1101824K)
[2022-05-03T00:39:50.365+0000][701.279s] GC(113) Pause Young (Normal) (G1 Evacuation Pause) 356M->63M(512M) 7.109ms
[2022-05-03T00:39:50.365+0000][701.279s] GC(113) User=0.02s Sys=0.02s Real=0.01s
[2022-05-03T00:39:53.421+0000][704.335s] GC(114) Pause Young (Normal) (G1 Evacuation Pause)
[2022-05-03T00:39:53.421+0000][704.336s] GC(114) Using 8 workers of 8 for evacuation
[2022-05-03T00:39:53.442+0000][704.356s] GC(114)   Pre Evacuate Collection Set: 0.0ms
[2022-05-03T00:39:53.442+0000][704.356s] GC(114)   Evacuate Collection Set: 9.3ms
[2022-05-03T00:39:53.442+0000][704.357s] GC(114)   Post Evacuate Collection Set: 10.3ms
[2022-05-03T00:39:53.443+0000][704.357s] GC(114)   Other: 0.9ms
[2022-05-03T00:39:53.443+0000][704.357s] GC(114) Eden regions: 293->0(290)
[2022-05-03T00:39:53.443+0000][704.358s] GC(114) Survivor regions: 14->17(39)
[2022-05-03T00:39:53.444+0000][704.358s] GC(114) Old regions: 45->45
[2022-05-03T00:39:53.444+0000][704.358s] GC(114) Humongous regions: 7->7
[2022-05-03T00:39:53.444+0000][704.359s] GC(114) Metaspace: 57396K->57396K(1101824K)
[2022-05-03T00:39:53.445+0000][704.359s] GC(114) Pause Young (Normal) (G1 Evacuation Pause) 356M->66M(512M) 23.669ms
[2022-05-03T00:39:53.445+0000][704.359s] GC(114) User=0.15s Sys=0.00s Real=0.03s
[2022-05-03T00:39:56.425+0000][707.339s] GC(115) Pause Young (Normal) (G1 Evacuation Pause)
[2022-05-03T00:39:56.425+0000][707.339s] GC(115) Using 8 workers of 8 for evacuation
[2022-05-03T00:39:56.431+0000][707.345s] GC(115)   Pre Evacuate Collection Set: 0.0ms
[2022-05-03T00:39:56.431+0000][707.345s] GC(115)   Evacuate Collection Set: 3.1ms
[2022-05-03T00:39:56.431+0000][707.346s] GC(115)   Post Evacuate Collection Set: 2.2ms
[2022-05-03T00:39:56.432+0000][707.346s] GC(115)   Other: 0.4ms
[2022-05-03T00:39:56.432+0000][707.346s] GC(115) Eden regions: 290->0(292)
[2022-05-03T00:39:56.432+0000][707.347s] GC(115) Survivor regions: 17->15(39)
[2022-05-03T00:39:56.433+0000][707.347s] GC(115) Old regions: 45->45
[2022-05-03T00:39:56.433+0000][707.347s] GC(115) Humongous regions: 7->7
[2022-05-03T00:39:56.434+0000][707.348s] GC(115) Metaspace: 57398K->57398K(1101824K)
[2022-05-03T00:39:56.434+0000][707.348s] GC(115) Pause Young (Normal) (G1 Evacuation Pause) 356M->64M(512M) 8.945ms
[2022-05-03T00:39:56.434+0000][707.348s] GC(115) User=0.03s Sys=0.01s Real=0.00s
[2022-05-03T00:39:59.529+0000][710.443s] GC(116) Pause Young (Normal) (G1 Evacuation Pause)
[2022-05-03T00:39:59.530+0000][710.444s] GC(116) Using 8 workers of 8 for evacuation
[2022-05-03T00:39:59.536+0000][710.450s] GC(116)   Pre Evacuate Collection Set: 0.0ms
[2022-05-03T00:39:59.537+0000][710.451s] GC(116)   Evacuate Collection Set: 3.2ms
[2022-05-03T00:39:59.537+0000][710.451s] GC(116)   Post Evacuate Collection Set: 3.1ms
[2022-05-03T00:39:59.538+0000][710.452s] GC(116)   Other: 0.9ms
[2022-05-03T00:39:59.538+0000][710.452s] GC(116) Eden regions: 292->0(290)
[2022-05-03T00:39:59.538+0000][710.452s] GC(116) Survivor regions: 15->17(39)
[2022-05-03T00:39:59.539+0000][710.453s] GC(116) Old regions: 45->45
[2022-05-03T00:39:59.539+0000][710.453s] GC(116) Humongous regions: 7->7
[2022-05-03T00:39:59.539+0000][710.454s] GC(116) Metaspace: 57405K->57405K(1101824K)
[2022-05-03T00:39:59.540+0000][710.454s] GC(116) Pause Young (Normal) (G1 Evacuation Pause) 356M->66M(512M) 10.560ms
[2022-05-03T00:39:59.540+0000][710.454s] GC(116) User=0.04s Sys=0.00s Real=0.01s
[2022-05-03T00:40:02.582+0000][713.496s] GC(117) Pause Young (Normal) (G1 Evacuation Pause)
[2022-05-03T00:40:02.582+0000][713.496s] GC(117) Using 8 workers of 8 for evacuation
[2022-05-03T00:40:02.588+0000][713.502s] GC(117)   Pre Evacuate Collection Set: 0.0ms
[2022-05-03T00:40:02.589+0000][713.503s] GC(117)   Evacuate Collection Set: 3.0ms
[2022-05-03T00:40:02.589+0000][713.503s] GC(117)   Post Evacuate Collection Set: 2.9ms
[2022-05-03T00:40:02.589+0000][713.503s] GC(117)   Other: 0.5ms
[2022-05-03T00:40:02.590+0000][713.504s] GC(117) Eden regions: 290->0(290)
[2022-05-03T00:40:02.590+0000][713.504s] GC(117) Survivor regions: 17->17(39)
[2022-05-03T00:40:02.590+0000][713.504s] GC(117) Old regions: 45->45
[2022-05-03T00:40:02.591+0000][713.505s] GC(117) Humongous regions: 7->7
[2022-05-03T00:40:02.591+0000][713.505s] GC(117) Metaspace: 57601K->57601K(1101824K)
[2022-05-03T00:40:02.591+0000][713.505s] GC(117) Pause Young (Normal) (G1 Evacuation Pause) 356M->67M(512M) 9.387ms
[2022-05-03T00:40:02.591+0000][713.506s] GC(117) User=0.04s Sys=0.00s Real=0.01s
[2022-05-03T00:40:05.453+0000][716.367s] GC(118) Pause Young (Normal) (G1 Evacuation Pause)
[2022-05-03T00:40:05.454+0000][716.368s] GC(118) Using 8 workers of 8 for evacuation
[2022-05-03T00:40:05.460+0000][716.374s] GC(118)   Pre Evacuate Collection Set: 0.0ms
[2022-05-03T00:40:05.460+0000][716.374s] GC(118)   Evacuate Collection Set: 2.7ms
[2022-05-03T00:40:05.461+0000][716.375s] GC(118)   Post Evacuate Collection Set: 3.1ms
[2022-05-03T00:40:05.461+0000][716.375s] GC(118)   Other: 0.8ms
[2022-05-03T00:40:05.462+0000][716.376s] GC(118) Eden regions: 290->0(290)
[2022-05-03T00:40:05.462+0000][716.376s] GC(118) Survivor regions: 17->17(39)
[2022-05-03T00:40:05.462+0000][716.376s] GC(118) Old regions: 45->45
[2022-05-03T00:40:05.463+0000][716.377s] GC(118) Humongous regions: 7->7
[2022-05-03T00:40:05.463+0000][716.377s] GC(118) Metaspace: 57601K->57601K(1101824K)
[2022-05-03T00:40:05.463+0000][716.377s] GC(118) Pause Young (Normal) (G1 Evacuation Pause) 357M->66M(512M) 9.786ms
[2022-05-03T00:40:05.463+0000][716.378s] GC(118) User=0.02s Sys=0.01s Real=0.01s
[2022-05-03T00:40:08.876+0000][719.790s] GC(119) Pause Young (Normal) (G1 Evacuation Pause)
[2022-05-03T00:40:08.876+0000][719.790s] GC(119) Using 8 workers of 8 for evacuation
[2022-05-03T00:40:08.886+0000][719.801s] GC(119)   Pre Evacuate Collection Set: 0.0ms
[2022-05-03T00:40:08.887+0000][719.801s] GC(119)   Evacuate Collection Set: 4.4ms
[2022-05-03T00:40:08.887+0000][719.802s] GC(119)   Post Evacuate Collection Set: 5.3ms
[2022-05-03T00:40:08.888+0000][719.802s] GC(119)   Other: 1.2ms
[2022-05-03T00:40:08.888+0000][719.802s] GC(119) Eden regions: 290->0(291)
[2022-05-03T00:40:08.889+0000][719.803s] GC(119) Survivor regions: 17->16(39)
[2022-05-03T00:40:08.889+0000][719.803s] GC(119) Old regions: 45->45
[2022-05-03T00:40:08.890+0000][719.804s] GC(119) Humongous regions: 7->7
[2022-05-03T00:40:08.890+0000][719.804s] GC(119) Metaspace: 57601K->57601K(1101824K)
[2022-05-03T00:40:08.890+0000][719.805s] GC(119) Pause Young (Normal) (G1 Evacuation Pause) 356M->66M(512M) 14.896ms
[2022-05-03T00:40:08.891+0000][719.805s] GC(119) User=0.07s Sys=0.00s Real=0.01s
[2022-05-03T00:40:12.046+0000][722.960s] GC(120) Pause Young (Normal) (G1 Evacuation Pause)
[2022-05-03T00:40:12.046+0000][722.960s] GC(120) Using 8 workers of 8 for evacuation
[2022-05-03T00:40:12.053+0000][722.967s] GC(120)   Pre Evacuate Collection Set: 0.0ms
[2022-05-03T00:40:12.053+0000][722.967s] GC(120)   Evacuate Collection Set: 2.8ms
[2022-05-03T00:40:12.053+0000][722.968s] GC(120)   Post Evacuate Collection Set: 3.2ms
[2022-05-03T00:40:12.054+0000][722.968s] GC(120)   Other: 0.5ms
[2022-05-03T00:40:12.054+0000][722.968s] GC(120) Eden regions: 291->0(290)
[2022-05-03T00:40:12.054+0000][722.969s] GC(120) Survivor regions: 16->17(39)
[2022-05-03T00:40:12.055+0000][722.969s] GC(120) Old regions: 45->45
[2022-05-03T00:40:12.055+0000][722.969s] GC(120) Humongous regions: 7->7
[2022-05-03T00:40:12.055+0000][722.970s] GC(120) Metaspace: 57602K->57602K(1101824K)
[2022-05-03T00:40:12.056+0000][722.970s] GC(120) Pause Young (Normal) (G1 Evacuation Pause) 357M->66M(512M) 9.477ms
[2022-05-03T00:40:12.056+0000][722.970s] GC(120) User=0.03s Sys=0.01s Real=0.01s
[2022-05-03T00:40:14.966+0000][725.880s] GC(121) Pause Young (Normal) (G1 Evacuation Pause)
[2022-05-03T00:40:14.966+0000][725.880s] GC(121) Using 8 workers of 8 for evacuation
[2022-05-03T00:40:14.972+0000][725.886s] GC(121)   Pre Evacuate Collection Set: 0.0ms
[2022-05-03T00:40:14.973+0000][725.887s] GC(121)   Evacuate Collection Set: 2.5ms
[2022-05-03T00:40:14.973+0000][725.887s] GC(121)   Post Evacuate Collection Set: 2.9ms
[2022-05-03T00:40:14.973+0000][725.887s] GC(121)   Other: 0.8ms
[2022-05-03T00:40:14.974+0000][725.888s] GC(121) Eden regions: 290->0(291)
[2022-05-03T00:40:14.974+0000][725.888s] GC(121) Survivor regions: 17->16(39)
[2022-05-03T00:40:14.974+0000][725.889s] GC(121) Old regions: 45->45
[2022-05-03T00:40:14.975+0000][725.889s] GC(121) Humongous regions: 7->7
[2022-05-03T00:40:14.975+0000][725.889s] GC(121) Metaspace: 57603K->57603K(1101824K)
[2022-05-03T00:40:14.975+0000][725.889s] GC(121) Pause Young (Normal) (G1 Evacuation Pause) 356M->66M(512M) 9.294ms
[2022-05-03T00:40:14.976+0000][725.890s] GC(121) User=0.04s Sys=0.00s Real=0.01s
[2022-05-03T00:40:17.770+0000][728.684s] GC(122) Pause Young (Normal) (G1 Evacuation Pause)
[2022-05-03T00:40:17.770+0000][728.684s] GC(122) Using 8 workers of 8 for evacuation
[2022-05-03T00:40:17.776+0000][728.690s] GC(122)   Pre Evacuate Collection Set: 0.0ms
[2022-05-03T00:40:17.776+0000][728.690s] GC(122)   Evacuate Collection Set: 2.6ms
[2022-05-03T00:40:17.777+0000][728.691s] GC(122)   Post Evacuate Collection Set: 3.1ms
[2022-05-03T00:40:17.777+0000][728.691s] GC(122)   Other: 0.4ms
[2022-05-03T00:40:17.777+0000][728.692s] GC(122) Eden regions: 291->0(291)
[2022-05-03T00:40:17.778+0000][728.692s] GC(122) Survivor regions: 16->16(39)
[2022-05-03T00:40:17.778+0000][728.692s] GC(122) Old regions: 45->45
[2022-05-03T00:40:17.778+0000][728.693s] GC(122) Humongous regions: 7->7
[2022-05-03T00:40:17.779+0000][728.693s] GC(122) Metaspace: 57610K->57610K(1101824K)
[2022-05-03T00:40:17.779+0000][728.693s] GC(122) Pause Young (Normal) (G1 Evacuation Pause) 357M->66M(512M) 9.322ms
[2022-05-03T00:40:17.779+0000][728.693s] GC(122) User=0.05s Sys=0.00s Real=0.01s
[2022-05-03T00:40:20.899+0000][731.813s] GC(123) Pause Young (Normal) (G1 Evacuation Pause)
[2022-05-03T00:40:20.900+0000][731.814s] GC(123) Using 8 workers of 8 for evacuation
[2022-05-03T00:40:20.906+0000][731.821s] GC(123)   Pre Evacuate Collection Set: 0.0ms
[2022-05-03T00:40:20.907+0000][731.821s] GC(123)   Evacuate Collection Set: 2.8ms
[2022-05-03T00:40:20.907+0000][731.821s] GC(123)   Post Evacuate Collection Set: 3.4ms
[2022-05-03T00:40:20.908+0000][731.822s] GC(123)   Other: 1.0ms
[2022-05-03T00:40:20.908+0000][731.822s] GC(123) Eden regions: 291->0(291)
[2022-05-03T00:40:20.908+0000][731.822s] GC(123) Survivor regions: 16->16(39)
[2022-05-03T00:40:20.909+0000][731.823s] GC(123) Old regions: 45->45
[2022-05-03T00:40:20.909+0000][731.823s] GC(123) Humongous regions: 7->7
[2022-05-03T00:40:20.909+0000][731.823s] GC(123) Metaspace: 57610K->57610K(1101824K)
[2022-05-03T00:40:20.910+0000][731.824s] GC(123) Pause Young (Normal) (G1 Evacuation Pause) 357M->65M(512M) 10.424ms
[2022-05-03T00:40:20.910+0000][731.824s] GC(123) User=0.05s Sys=0.00s Real=0.01s
[2022-05-03T00:40:23.914+0000][734.829s] GC(124) Pause Young (Normal) (G1 Evacuation Pause)
[2022-05-03T00:40:23.915+0000][734.829s] GC(124) Using 8 workers of 8 for evacuation
[2022-05-03T00:40:23.937+0000][734.851s] GC(124)   Pre Evacuate Collection Set: 0.0ms
[2022-05-03T00:40:23.937+0000][734.851s] GC(124)   Evacuate Collection Set: 8.4ms
[2022-05-03T00:40:23.937+0000][734.851s] GC(124)   Post Evacuate Collection Set: 12.9ms
[2022-05-03T00:40:23.938+0000][734.852s] GC(124)   Other: 1.0ms
[2022-05-03T00:40:23.938+0000][734.852s] GC(124) Eden regions: 291->0(291)
[2022-05-03T00:40:23.938+0000][734.852s] GC(124) Survivor regions: 16->16(39)
[2022-05-03T00:40:23.938+0000][734.853s] GC(124) Old regions: 45->45
[2022-05-03T00:40:23.939+0000][734.853s] GC(124) Humongous regions: 7->7
[2022-05-03T00:40:23.939+0000][734.853s] GC(124) Metaspace: 57610K->57610K(1101824K)
[2022-05-03T00:40:23.939+0000][734.853s] GC(124) Pause Young (Normal) (G1 Evacuation Pause) 356M->65M(512M) 24.885ms
[2022-05-03T00:40:23.940+0000][734.854s] GC(124) User=0.16s Sys=0.01s Real=0.02s
[2022-05-03T00:40:26.989+0000][737.903s] GC(125) Pause Young (Normal) (G1 Evacuation Pause)
[2022-05-03T00:40:26.989+0000][737.903s] GC(125) Using 8 workers of 8 for evacuation
[2022-05-03T00:40:26.996+0000][737.910s] GC(125)   Pre Evacuate Collection Set: 0.0ms
[2022-05-03T00:40:26.996+0000][737.910s] GC(125)   Evacuate Collection Set: 2.8ms
[2022-05-03T00:40:26.996+0000][737.910s] GC(125)   Post Evacuate Collection Set: 3.4ms
[2022-05-03T00:40:26.996+0000][737.911s] GC(125)   Other: 0.5ms
[2022-05-03T00:40:26.997+0000][737.911s] GC(125) Eden regions: 291->0(292)
[2022-05-03T00:40:26.997+0000][737.911s] GC(125) Survivor regions: 16->15(39)
[2022-05-03T00:40:26.997+0000][737.911s] GC(125) Old regions: 45->45
[2022-05-03T00:40:26.997+0000][737.912s] GC(125) Humongous regions: 7->7
[2022-05-03T00:40:26.998+0000][737.912s] GC(125) Metaspace: 57610K->57610K(1101824K)
[2022-05-03T00:40:26.998+0000][737.912s] GC(125) Pause Young (Normal) (G1 Evacuation Pause) 356M->65M(512M) 8.960ms
[2022-05-03T00:40:26.998+0000][737.912s] GC(125) User=0.05s Sys=0.00s Real=0.01s
[2022-05-03T00:40:30.015+0000][740.930s] GC(126) Pause Young (Normal) (G1 Evacuation Pause)
[2022-05-03T00:40:30.016+0000][740.930s] GC(126) Using 8 workers of 8 for evacuation
[2022-05-03T00:40:30.021+0000][740.935s] GC(126)   Pre Evacuate Collection Set: 0.0ms
[2022-05-03T00:40:30.021+0000][740.935s] GC(126)   Evacuate Collection Set: 2.0ms
[2022-05-03T00:40:30.022+0000][740.936s] GC(126)   Post Evacuate Collection Set: 2.9ms
[2022-05-03T00:40:30.022+0000][740.936s] GC(126)   Other: 0.6ms
[2022-05-03T00:40:30.022+0000][740.936s] GC(126) Eden regions: 292->0(292)
[2022-05-03T00:40:30.022+0000][740.936s] GC(126) Survivor regions: 15->15(39)
[2022-05-03T00:40:30.023+0000][740.937s] GC(126) Old regions: 45->45
[2022-05-03T00:40:30.023+0000][740.937s] GC(126) Humongous regions: 7->7
[2022-05-03T00:40:30.023+0000][740.937s] GC(126) Metaspace: 57610K->57610K(1101824K)
[2022-05-03T00:40:30.023+0000][740.938s] GC(126) Pause Young (Normal) (G1 Evacuation Pause) 357M->64M(512M) 8.003ms
[2022-05-03T00:40:30.024+0000][740.938s] GC(126) User=0.04s Sys=0.00s Real=0.00s
[2022-05-03T00:40:33.122+0000][744.036s] GC(127) Pause Young (Normal) (G1 Evacuation Pause)
[2022-05-03T00:40:33.122+0000][744.036s] GC(127) Using 8 workers of 8 for evacuation
[2022-05-03T00:40:33.127+0000][744.041s] GC(127)   Pre Evacuate Collection Set: 0.0ms
[2022-05-03T00:40:33.128+0000][744.042s] GC(127)   Evacuate Collection Set: 2.1ms
[2022-05-03T00:40:33.128+0000][744.042s] GC(127)   Post Evacuate Collection Set: 3.0ms
[2022-05-03T00:40:33.128+0000][744.043s] GC(127)   Other: 0.4ms
[2022-05-03T00:40:33.129+0000][744.043s] GC(127) Eden regions: 292->0(292)
[2022-05-03T00:40:33.129+0000][744.043s] GC(127) Survivor regions: 15->15(39)
[2022-05-03T00:40:33.130+0000][744.044s] GC(127) Old regions: 45->46
[2022-05-03T00:40:33.130+0000][744.044s] GC(127) Humongous regions: 7->7
[2022-05-03T00:40:33.130+0000][744.044s] GC(127) Metaspace: 57610K->57610K(1101824K)
[2022-05-03T00:40:33.131+0000][744.045s] GC(127) Pause Young (Normal) (G1 Evacuation Pause) 356M->65M(512M) 8.839ms
[2022-05-03T00:40:33.131+0000][744.045s] GC(127) User=0.04s Sys=0.00s Real=0.01s
[2022-05-03T00:40:36.202+0000][747.116s] GC(128) Pause Young (Normal) (G1 Evacuation Pause)
[2022-05-03T00:40:36.202+0000][747.116s] GC(128) Using 8 workers of 8 for evacuation
[2022-05-03T00:40:36.208+0000][747.122s] GC(128)   Pre Evacuate Collection Set: 0.0ms
[2022-05-03T00:40:36.208+0000][747.122s] GC(128)   Evacuate Collection Set: 2.2ms
[2022-05-03T00:40:36.209+0000][747.123s] GC(128)   Post Evacuate Collection Set: 3.2ms
[2022-05-03T00:40:36.209+0000][747.123s] GC(128)   Other: 0.9ms
[2022-05-03T00:40:36.209+0000][747.124s] GC(128) Eden regions: 292->0(292)
[2022-05-03T00:40:36.210+0000][747.124s] GC(128) Survivor regions: 15->15(39)
[2022-05-03T00:40:36.210+0000][747.124s] GC(128) Old regions: 46->46
[2022-05-03T00:40:36.210+0000][747.125s] GC(128) Humongous regions: 7->7
[2022-05-03T00:40:36.211+0000][747.125s] GC(128) Metaspace: 57610K->57610K(1101824K)
[2022-05-03T00:40:36.211+0000][747.125s] GC(128) Pause Young (Normal) (G1 Evacuation Pause) 357M->65M(512M) 9.413ms
[2022-05-03T00:40:36.211+0000][747.126s] GC(128) User=0.04s Sys=0.00s Real=0.01s
[2022-05-03T00:40:39.730+0000][750.644s] GC(129) Pause Young (Normal) (G1 Evacuation Pause)
[2022-05-03T00:40:39.730+0000][750.644s] GC(129) Using 8 workers of 8 for evacuation
[2022-05-03T00:40:39.737+0000][750.651s] GC(129)   Pre Evacuate Collection Set: 0.0ms
[2022-05-03T00:40:39.737+0000][750.651s] GC(129)   Evacuate Collection Set: 2.5ms
[2022-05-03T00:40:39.738+0000][750.652s] GC(129)   Post Evacuate Collection Set: 3.4ms
[2022-05-03T00:40:39.738+0000][750.652s] GC(129)   Other: 1.0ms
[2022-05-03T00:40:39.739+0000][750.653s] GC(129) Eden regions: 292->0(291)
[2022-05-03T00:40:39.739+0000][750.653s] GC(129) Survivor regions: 15->16(39)
[2022-05-03T00:40:39.740+0000][750.654s] GC(129) Old regions: 46->46
[2022-05-03T00:40:39.740+0000][750.654s] GC(129) Humongous regions: 7->7
[2022-05-03T00:40:39.740+0000][750.654s] GC(129) Metaspace: 57611K->57611K(1101824K)
[2022-05-03T00:40:39.740+0000][750.655s] GC(129) Pause Young (Normal) (G1 Evacuation Pause) 357M->66M(512M) 10.750ms
[2022-05-03T00:40:39.741+0000][750.655s] GC(129) User=0.04s Sys=0.00s Real=0.01s
[2022-05-03T00:40:42.690+0000][753.604s] GC(130) Pause Young (Normal) (G1 Evacuation Pause)
[2022-05-03T00:40:42.690+0000][753.605s] GC(130) Using 8 workers of 8 for evacuation
[2022-05-03T00:40:42.697+0000][753.611s] GC(130)   Pre Evacuate Collection Set: 0.0ms
[2022-05-03T00:40:42.697+0000][753.611s] GC(130)   Evacuate Collection Set: 2.4ms
[2022-05-03T00:40:42.697+0000][753.612s] GC(130)   Post Evacuate Collection Set: 3.3ms
[2022-05-03T00:40:42.698+0000][753.612s] GC(130)   Other: 0.8ms
[2022-05-03T00:40:42.698+0000][753.612s] GC(130) Eden regions: 291->0(292)
[2022-05-03T00:40:42.699+0000][753.613s] GC(130) Survivor regions: 16->15(39)
[2022-05-03T00:40:42.699+0000][753.613s] GC(130) Old regions: 46->46
[2022-05-03T00:40:42.700+0000][753.614s] GC(130) Humongous regions: 7->7
[2022-05-03T00:40:42.700+0000][753.614s] GC(130) Metaspace: 57611K->57611K(1101824K)
[2022-05-03T00:40:42.700+0000][753.614s] GC(130) Pause Young (Normal) (G1 Evacuation Pause) 357M->65M(512M) 10.172ms
[2022-05-03T00:40:42.701+0000][753.615s] GC(130) User=0.04s Sys=0.00s Real=0.01s
[2022-05-03T00:40:45.534+0000][756.448s] GC(131) Pause Young (Normal) (G1 Evacuation Pause)
[2022-05-03T00:40:45.535+0000][756.449s] GC(131) Using 8 workers of 8 for evacuation
[2022-05-03T00:40:45.540+0000][756.454s] GC(131)   Pre Evacuate Collection Set: 0.0ms
[2022-05-03T00:40:45.540+0000][756.454s] GC(131)   Evacuate Collection Set: 2.6ms
[2022-05-03T00:40:45.541+0000][756.455s] GC(131)   Post Evacuate Collection Set: 2.3ms
[2022-05-03T00:40:45.541+0000][756.455s] GC(131)   Other: 0.6ms
[2022-05-03T00:40:45.541+0000][756.455s] GC(131) Eden regions: 292->0(292)
[2022-05-03T00:40:45.542+0000][756.456s] GC(131) Survivor regions: 15->15(39)
[2022-05-03T00:40:45.542+0000][756.456s] GC(131) Old regions: 46->46
[2022-05-03T00:40:45.542+0000][756.456s] GC(131) Humongous regions: 7->7
[2022-05-03T00:40:45.543+0000][756.457s] GC(131) Metaspace: 57611K->57611K(1101824K)
[2022-05-03T00:40:45.543+0000][756.457s] GC(131) Pause Young (Normal) (G1 Evacuation Pause) 357M->65M(512M) 8.564ms
[2022-05-03T00:40:45.543+0000][756.457s] GC(131) User=0.03s Sys=0.00s Real=0.00s
[2022-05-03T00:40:48.198+0000][759.112s] GC(132) Pause Young (Normal) (G1 Evacuation Pause)
[2022-05-03T00:40:48.199+0000][759.113s] GC(132) Using 8 workers of 8 for evacuation
[2022-05-03T00:40:48.205+0000][759.119s] GC(132)   Pre Evacuate Collection Set: 0.0ms
[2022-05-03T00:40:48.206+0000][759.120s] GC(132)   Evacuate Collection Set: 2.6ms
[2022-05-03T00:40:48.206+0000][759.120s] GC(132)   Post Evacuate Collection Set: 3.2ms
[2022-05-03T00:40:48.206+0000][759.120s] GC(132)   Other: 1.1ms
[2022-05-03T00:40:48.207+0000][759.121s] GC(132) Eden regions: 292->0(291)
[2022-05-03T00:40:48.207+0000][759.121s] GC(132) Survivor regions: 15->16(39)
[2022-05-03T00:40:48.207+0000][759.121s] GC(132) Old regions: 46->46
[2022-05-03T00:40:48.207+0000][759.122s] GC(132) Humongous regions: 7->7
[2022-05-03T00:40:48.208+0000][759.122s] GC(132) Metaspace: 57612K->57612K(1101824K)
[2022-05-03T00:40:48.208+0000][759.122s] GC(132) Pause Young (Normal) (G1 Evacuation Pause) 357M->66M(512M) 9.771ms
[2022-05-03T00:40:48.208+0000][759.122s] GC(132) User=0.04s Sys=0.00s Real=0.01s
[2022-05-03T00:40:51.302+0000][762.216s] GC(133) Pause Young (Normal) (G1 Evacuation Pause)
[2022-05-03T00:40:51.302+0000][762.216s] GC(133) Using 8 workers of 8 for evacuation
[2022-05-03T00:40:51.308+0000][762.222s] GC(133)   Pre Evacuate Collection Set: 0.0ms
[2022-05-03T00:40:51.308+0000][762.222s] GC(133)   Evacuate Collection Set: 2.2ms
[2022-05-03T00:40:51.309+0000][762.223s] GC(133)   Post Evacuate Collection Set: 3.0ms
[2022-05-03T00:40:51.309+0000][762.223s] GC(133)   Other: 0.9ms
[2022-05-03T00:40:51.309+0000][762.224s] GC(133) Eden regions: 291->0(292)
[2022-05-03T00:40:51.310+0000][762.224s] GC(133) Survivor regions: 16->15(39)
[2022-05-03T00:40:51.310+0000][762.224s] GC(133) Old regions: 46->46
[2022-05-03T00:40:51.310+0000][762.224s] GC(133) Humongous regions: 7->7
[2022-05-03T00:40:51.311+0000][762.225s] GC(133) Metaspace: 57612K->57612K(1101824K)
[2022-05-03T00:40:51.311+0000][762.225s] GC(133) Pause Young (Normal) (G1 Evacuation Pause) 357M->66M(512M) 9.126ms
[2022-05-03T00:40:51.311+0000][762.225s] GC(133) User=0.04s Sys=0.00s Real=0.01s
[2022-05-03T00:40:54.266+0000][765.180s] GC(134) Pause Young (Normal) (G1 Evacuation Pause)
[2022-05-03T00:40:54.266+0000][765.180s] GC(134) Using 8 workers of 8 for evacuation
[2022-05-03T00:40:54.273+0000][765.187s] GC(134)   Pre Evacuate Collection Set: 0.0ms
[2022-05-03T00:40:54.274+0000][765.188s] GC(134)   Evacuate Collection Set: 3.2ms
[2022-05-03T00:40:54.274+0000][765.188s] GC(134)   Post Evacuate Collection Set: 3.3ms
[2022-05-03T00:40:54.274+0000][765.188s] GC(134)   Other: 0.8ms
[2022-05-03T00:40:54.275+0000][765.189s] GC(134) Eden regions: 292->0(291)
[2022-05-03T00:40:54.275+0000][765.189s] GC(134) Survivor regions: 15->16(39)
[2022-05-03T00:40:54.275+0000][765.189s] GC(134) Old regions: 46->46
[2022-05-03T00:40:54.276+0000][765.190s] GC(134) Humongous regions: 7->7
[2022-05-03T00:40:54.276+0000][765.190s] GC(134) Metaspace: 57613K->57613K(1101824K)
[2022-05-03T00:40:54.276+0000][765.190s] GC(134) Pause Young (Normal) (G1 Evacuation Pause) 358M->67M(512M) 10.341ms
[2022-05-03T00:40:54.277+0000][765.191s] GC(134) User=0.04s Sys=0.01s Real=0.01s
[2022-05-03T00:40:57.297+0000][768.211s] GC(135) Pause Young (Normal) (G1 Evacuation Pause)
[2022-05-03T00:40:57.297+0000][768.212s] GC(135) Using 8 workers of 8 for evacuation
[2022-05-03T00:40:57.307+0000][768.221s] GC(135)   Pre Evacuate Collection Set: 0.0ms
[2022-05-03T00:40:57.308+0000][768.222s] GC(135)   Evacuate Collection Set: 3.9ms
[2022-05-03T00:40:57.308+0000][768.222s] GC(135)   Post Evacuate Collection Set: 5.6ms
[2022-05-03T00:40:57.308+0000][768.222s] GC(135)   Other: 0.6ms
[2022-05-03T00:40:57.309+0000][768.223s] GC(135) Eden regions: 291->0(292)
[2022-05-03T00:40:57.309+0000][768.223s] GC(135) Survivor regions: 16->15(39)
[2022-05-03T00:40:57.309+0000][768.223s] GC(135) Old regions: 46->46
[2022-05-03T00:40:57.309+0000][768.224s] GC(135) Humongous regions: 7->7
[2022-05-03T00:40:57.310+0000][768.224s] GC(135) Metaspace: 57613K->57613K(1101824K)
[2022-05-03T00:40:57.310+0000][768.224s] GC(135) Pause Young (Normal) (G1 Evacuation Pause) 358M->65M(512M) 12.737ms
[2022-05-03T00:40:57.310+0000][768.224s] GC(135) User=0.06s Sys=0.00s Real=0.01s
[2022-05-03T00:40:59.868+0000][770.782s] GC(136) Pause Young (Normal) (G1 Evacuation Pause)
[2022-05-03T00:40:59.868+0000][770.782s] GC(136) Using 8 workers of 8 for evacuation
[2022-05-03T00:40:59.875+0000][770.789s] GC(136)   Pre Evacuate Collection Set: 0.0ms
[2022-05-03T00:40:59.875+0000][770.789s] GC(136)   Evacuate Collection Set: 3.3ms
[2022-05-03T00:40:59.876+0000][770.790s] GC(136)   Post Evacuate Collection Set: 3.2ms
[2022-05-03T00:40:59.876+0000][770.790s] GC(136)   Other: 0.4ms
[2022-05-03T00:40:59.876+0000][770.791s] GC(136) Eden regions: 292->0(291)
[2022-05-03T00:40:59.877+0000][770.791s] GC(136) Survivor regions: 15->16(39)
[2022-05-03T00:40:59.877+0000][770.791s] GC(136) Old regions: 46->46
[2022-05-03T00:40:59.877+0000][770.791s] GC(136) Humongous regions: 7->7
[2022-05-03T00:40:59.877+0000][770.791s] GC(136) Metaspace: 57613K->57613K(1101824K)
[2022-05-03T00:40:59.877+0000][770.792s] GC(136) Pause Young (Normal) (G1 Evacuation Pause) 357M->67M(512M) 9.316ms
[2022-05-03T00:40:59.878+0000][770.792s] GC(136) User=0.04s Sys=0.00s Real=0.01s
[2022-05-03T00:41:03.001+0000][773.915s] GC(137) Pause Young (Normal) (G1 Evacuation Pause)
[2022-05-03T00:41:03.001+0000][773.915s] GC(137) Using 8 workers of 8 for evacuation
[2022-05-03T00:41:03.007+0000][773.921s] GC(137)   Pre Evacuate Collection Set: 0.0ms
[2022-05-03T00:41:03.008+0000][773.922s] GC(137)   Evacuate Collection Set: 2.4ms
[2022-05-03T00:41:03.008+0000][773.922s] GC(137)   Post Evacuate Collection Set: 3.7ms
[2022-05-03T00:41:03.008+0000][773.922s] GC(137)   Other: 0.5ms
[2022-05-03T00:41:03.008+0000][773.922s] GC(137) Eden regions: 291->0(292)
[2022-05-03T00:41:03.008+0000][773.922s] GC(137) Survivor regions: 16->15(39)
[2022-05-03T00:41:03.008+0000][773.922s] GC(137) Old regions: 46->46
[2022-05-03T00:41:03.008+0000][773.923s] GC(137) Humongous regions: 7->7
[2022-05-03T00:41:03.009+0000][773.923s] GC(137) Metaspace: 57613K->57613K(1101824K)
[2022-05-03T00:41:03.009+0000][773.923s] GC(137) Pause Young (Normal) (G1 Evacuation Pause) 358M->66M(512M) 8.091ms
[2022-05-03T00:41:03.009+0000][773.923s] GC(137) User=0.04s Sys=0.00s Real=0.01s
[2022-05-03T00:41:06.009+0000][776.923s] GC(138) Pause Young (Normal) (G1 Evacuation Pause)
[2022-05-03T00:41:06.009+0000][776.923s] GC(138) Using 8 workers of 8 for evacuation
[2022-05-03T00:41:06.017+0000][776.931s] GC(138)   Pre Evacuate Collection Set: 0.0ms
[2022-05-03T00:41:06.018+0000][776.932s] GC(138)   Evacuate Collection Set: 4.6ms
[2022-05-03T00:41:06.018+0000][776.932s] GC(138)   Post Evacuate Collection Set: 2.9ms
[2022-05-03T00:41:06.018+0000][776.933s] GC(138)   Other: 0.7ms
[2022-05-03T00:41:06.019+0000][776.933s] GC(138) Eden regions: 292->0(292)
[2022-05-03T00:41:06.019+0000][776.933s] GC(138) Survivor regions: 15->15(39)
[2022-05-03T00:41:06.020+0000][776.934s] GC(138) Old regions: 46->46
[2022-05-03T00:41:06.020+0000][776.934s] GC(138) Humongous regions: 7->7
[2022-05-03T00:41:06.020+0000][776.934s] GC(138) Metaspace: 57614K->57614K(1101824K)
[2022-05-03T00:41:06.020+0000][776.935s] GC(138) Pause Young (Normal) (G1 Evacuation Pause) 358M->66M(512M) 11.546ms
[2022-05-03T00:41:06.021+0000][776.935s] GC(138) User=0.04s Sys=0.02s Real=0.01s
[2022-05-03T00:41:09.096+0000][780.010s] GC(139) Pause Young (Normal) (G1 Evacuation Pause)
[2022-05-03T00:41:09.096+0000][780.011s] GC(139) Using 8 workers of 8 for evacuation
[2022-05-03T00:41:09.102+0000][780.016s] GC(139)   Pre Evacuate Collection Set: 0.0ms
[2022-05-03T00:41:09.102+0000][780.016s] GC(139)   Evacuate Collection Set: 1.8ms
[2022-05-03T00:41:09.102+0000][780.016s] GC(139)   Post Evacuate Collection Set: 3.0ms
[2022-05-03T00:41:09.103+0000][780.017s] GC(139)   Other: 0.4ms
[2022-05-03T00:41:09.103+0000][780.017s] GC(139) Eden regions: 292->0(293)
[2022-05-03T00:41:09.104+0000][780.018s] GC(139) Survivor regions: 15->14(39)
[2022-05-03T00:41:09.104+0000][780.018s] GC(139) Old regions: 46->46
[2022-05-03T00:41:09.104+0000][780.018s] GC(139) Humongous regions: 7->7
[2022-05-03T00:41:09.105+0000][780.019s] GC(139) Metaspace: 57614K->57614K(1101824K)
[2022-05-03T00:41:09.105+0000][780.019s] GC(139) Pause Young (Normal) (G1 Evacuation Pause) 358M->65M(512M) 8.725ms
[2022-05-03T00:41:09.105+0000][780.019s] GC(139) User=0.03s Sys=0.01s Real=0.01s
[2022-05-03T00:41:11.587+0000][782.501s] GC(140) Pause Young (Normal) (G1 Evacuation Pause)
[2022-05-03T00:41:11.588+0000][782.502s] GC(140) Using 8 workers of 8 for evacuation
[2022-05-03T00:41:11.601+0000][782.515s] GC(140)   Pre Evacuate Collection Set: 0.0ms
[2022-05-03T00:41:11.601+0000][782.515s] GC(140)   Evacuate Collection Set: 6.8ms
[2022-05-03T00:41:11.602+0000][782.516s] GC(140)   Post Evacuate Collection Set: 5.8ms
[2022-05-03T00:41:11.602+0000][782.516s] GC(140)   Other: 1.0ms
[2022-05-03T00:41:11.602+0000][782.516s] GC(140) Eden regions: 293->0(294)
[2022-05-03T00:41:11.603+0000][782.517s] GC(140) Survivor regions: 14->13(39)
[2022-05-03T00:41:11.603+0000][782.517s] GC(140) Old regions: 46->46
[2022-05-03T00:41:11.603+0000][782.517s] GC(140) Humongous regions: 7->7
[2022-05-03T00:41:11.603+0000][782.517s] GC(140) Metaspace: 57614K->57614K(1101824K)
[2022-05-03T00:41:11.604+0000][782.518s] GC(140) Pause Young (Normal) (G1 Evacuation Pause) 358M->64M(512M) 16.336ms
[2022-05-03T00:41:11.604+0000][782.518s] GC(140) User=0.09s Sys=0.00s Real=0.01s
[2022-05-03T00:41:14.647+0000][785.561s] GC(141) Pause Young (Normal) (G1 Evacuation Pause)
[2022-05-03T00:41:14.647+0000][785.561s] GC(141) Using 8 workers of 8 for evacuation
[2022-05-03T00:41:14.661+0000][785.576s] GC(141)   Pre Evacuate Collection Set: 0.0ms
[2022-05-03T00:41:14.662+0000][785.576s] GC(141)   Evacuate Collection Set: 7.9ms
[2022-05-03T00:41:14.662+0000][785.576s] GC(141)   Post Evacuate Collection Set: 5.8ms
[2022-05-03T00:41:14.662+0000][785.576s] GC(141)   Other: 0.6ms
[2022-05-03T00:41:14.662+0000][785.576s] GC(141) Eden regions: 294->0(292)
[2022-05-03T00:41:14.662+0000][785.576s] GC(141) Survivor regions: 13->15(39)
[2022-05-03T00:41:14.663+0000][785.577s] GC(141) Old regions: 46->46
[2022-05-03T00:41:14.663+0000][785.577s] GC(141) Humongous regions: 7->7
[2022-05-03T00:41:14.663+0000][785.577s] GC(141) Metaspace: 57615K->57615K(1101824K)
[2022-05-03T00:41:14.663+0000][785.577s] GC(141) Pause Young (Normal) (G1 Evacuation Pause) 358M->66M(512M) 15.899ms
[2022-05-03T00:41:14.663+0000][785.577s] GC(141) User=0.10s Sys=0.00s Real=0.01s
[2022-05-03T00:41:17.648+0000][788.562s] GC(142) Pause Young (Normal) (G1 Evacuation Pause)
[2022-05-03T00:41:17.649+0000][788.563s] GC(142) Using 8 workers of 8 for evacuation
[2022-05-03T00:41:17.655+0000][788.569s] GC(142)   Pre Evacuate Collection Set: 0.0ms
[2022-05-03T00:41:17.656+0000][788.570s] GC(142)   Evacuate Collection Set: 2.6ms
[2022-05-03T00:41:17.656+0000][788.570s] GC(142)   Post Evacuate Collection Set: 3.4ms
[2022-05-03T00:41:17.657+0000][788.571s] GC(142)   Other: 1.0ms
[2022-05-03T00:41:17.657+0000][788.571s] GC(142) Eden regions: 292->0(291)
[2022-05-03T00:41:17.657+0000][788.571s] GC(142) Survivor regions: 15->16(39)
[2022-05-03T00:41:17.658+0000][788.572s] GC(142) Old regions: 46->46
[2022-05-03T00:41:17.658+0000][788.572s] GC(142) Humongous regions: 7->7
[2022-05-03T00:41:17.658+0000][788.572s] GC(142) Metaspace: 57615K->57615K(1101824K)
[2022-05-03T00:41:17.659+0000][788.573s] GC(142) Pause Young (Normal) (G1 Evacuation Pause) 358M->67M(512M) 10.342ms
[2022-05-03T00:41:17.659+0000][788.573s] GC(142) User=0.04s Sys=0.00s Real=0.01s
[2022-05-03T00:41:20.665+0000][791.579s] GC(143) Pause Young (Normal) (G1 Evacuation Pause)
[2022-05-03T00:41:20.665+0000][791.579s] GC(143) Using 8 workers of 8 for evacuation
[2022-05-03T00:41:20.670+0000][791.584s] GC(143)   Pre Evacuate Collection Set: 0.0ms
[2022-05-03T00:41:20.671+0000][791.585s] GC(143)   Evacuate Collection Set: 2.5ms
[2022-05-03T00:41:20.671+0000][791.585s] GC(143)   Post Evacuate Collection Set: 2.3ms
[2022-05-03T00:41:20.672+0000][791.586s] GC(143)   Other: 0.5ms
[2022-05-03T00:41:20.672+0000][791.586s] GC(143) Eden regions: 291->0(294)
[2022-05-03T00:41:20.672+0000][791.587s] GC(143) Survivor regions: 16->13(39)
[2022-05-03T00:41:20.673+0000][791.587s] GC(143) Old regions: 46->47
[2022-05-03T00:41:20.673+0000][791.587s] GC(143) Humongous regions: 7->7
[2022-05-03T00:41:20.673+0000][791.588s] GC(143) Metaspace: 57615K->57615K(1101824K)
[2022-05-03T00:41:20.674+0000][791.588s] GC(143) Pause Young (Normal) (G1 Evacuation Pause) 358M->64M(512M) 8.730ms
[2022-05-03T00:41:20.674+0000][791.588s] GC(143) User=0.03s Sys=0.01s Real=0.00s
[2022-05-03T00:41:23.125+0000][794.039s] GC(144) Pause Young (Normal) (G1 Evacuation Pause)
[2022-05-03T00:41:23.125+0000][794.040s] GC(144) Using 8 workers of 8 for evacuation
[2022-05-03T00:41:23.132+0000][794.046s] GC(144)   Pre Evacuate Collection Set: 0.0ms
[2022-05-03T00:41:23.132+0000][794.046s] GC(144)   Evacuate Collection Set: 2.6ms
[2022-05-03T00:41:23.133+0000][794.047s] GC(144)   Post Evacuate Collection Set: 3.0ms
[2022-05-03T00:41:23.133+0000][794.047s] GC(144)   Other: 1.0ms
[2022-05-03T00:41:23.133+0000][794.047s] GC(144) Eden regions: 294->0(291)
[2022-05-03T00:41:23.134+0000][794.048s] GC(144) Survivor regions: 13->16(39)
[2022-05-03T00:41:23.134+0000][794.048s] GC(144) Old regions: 47->47
[2022-05-03T00:41:23.134+0000][794.049s] GC(144) Humongous regions: 7->7
[2022-05-03T00:41:23.135+0000][794.049s] GC(144) Metaspace: 57615K->57615K(1101824K)
[2022-05-03T00:41:23.135+0000][794.049s] GC(144) Pause Young (Normal) (G1 Evacuation Pause) 358M->67M(512M) 10.071ms
[2022-05-03T00:41:23.135+0000][794.050s] GC(144) User=0.04s Sys=0.00s Real=0.01s
[2022-05-03T00:41:26.222+0000][797.136s] GC(145) Pause Young (Normal) (G1 Evacuation Pause)
[2022-05-03T00:41:26.222+0000][797.136s] GC(145) Using 8 workers of 8 for evacuation
[2022-05-03T00:41:26.228+0000][797.142s] GC(145)   Pre Evacuate Collection Set: 0.0ms
[2022-05-03T00:41:26.228+0000][797.142s] GC(145)   Evacuate Collection Set: 2.0ms
[2022-05-03T00:41:26.228+0000][797.143s] GC(145)   Post Evacuate Collection Set: 3.3ms
[2022-05-03T00:41:26.229+0000][797.143s] GC(145)   Other: 0.5ms
[2022-05-03T00:41:26.229+0000][797.143s] GC(145) Eden regions: 291->0(292)
[2022-05-03T00:41:26.230+0000][797.144s] GC(145) Survivor regions: 16->15(39)
[2022-05-03T00:41:26.230+0000][797.144s] GC(145) Old regions: 47->47
[2022-05-03T00:41:26.230+0000][797.144s] GC(145) Humongous regions: 7->7
[2022-05-03T00:41:26.230+0000][797.144s] GC(145) Metaspace: 57619K->57619K(1101824K)
[2022-05-03T00:41:26.231+0000][797.145s] GC(145) Pause Young (Normal) (G1 Evacuation Pause) 358M->66M(512M) 8.798ms
[2022-05-03T00:41:26.231+0000][797.145s] GC(145) User=0.04s Sys=0.00s Real=0.01s
[2022-05-03T00:41:29.236+0000][800.150s] GC(146) Pause Young (Normal) (G1 Evacuation Pause)
[2022-05-03T00:41:29.236+0000][800.150s] GC(146) Using 8 workers of 8 for evacuation
[2022-05-03T00:41:29.242+0000][800.157s] GC(146)   Pre Evacuate Collection Set: 0.0ms
[2022-05-03T00:41:29.243+0000][800.157s] GC(146)   Evacuate Collection Set: 2.5ms
[2022-05-03T00:41:29.243+0000][800.158s] GC(146)   Post Evacuate Collection Set: 3.1ms
[2022-05-03T00:41:29.244+0000][800.158s] GC(146)   Other: 0.9ms
[2022-05-03T00:41:29.244+0000][800.158s] GC(146) Eden regions: 292->0(292)
[2022-05-03T00:41:29.245+0000][800.159s] GC(146) Survivor regions: 15->15(39)
[2022-05-03T00:41:29.245+0000][800.159s] GC(146) Old regions: 47->47
[2022-05-03T00:41:29.245+0000][800.159s] GC(146) Humongous regions: 7->7
[2022-05-03T00:41:29.246+0000][800.160s] GC(146) Metaspace: 57619K->57619K(1101824K)
[2022-05-03T00:41:29.246+0000][800.160s] GC(146) Pause Young (Normal) (G1 Evacuation Pause) 358M->66M(512M) 10.007ms
[2022-05-03T00:41:29.246+0000][800.160s] GC(146) User=0.04s Sys=0.01s Real=0.01s
[2022-05-03T00:41:32.142+0000][803.056s] GC(147) Pause Young (Normal) (G1 Evacuation Pause)
[2022-05-03T00:41:32.142+0000][803.056s] GC(147) Using 8 workers of 8 for evacuation
[2022-05-03T00:41:32.152+0000][803.066s] GC(147)   Pre Evacuate Collection Set: 0.0ms
[2022-05-03T00:41:32.152+0000][803.066s] GC(147)   Evacuate Collection Set: 2.7ms
[2022-05-03T00:41:32.153+0000][803.067s] GC(147)   Post Evacuate Collection Set: 6.3ms
[2022-05-03T00:41:32.153+0000][803.067s] GC(147)   Other: 0.6ms
[2022-05-03T00:41:32.154+0000][803.068s] GC(147) Eden regions: 292->0(292)
[2022-05-03T00:41:32.154+0000][803.068s] GC(147) Survivor regions: 15->15(39)
[2022-05-03T00:41:32.154+0000][803.068s] GC(147) Old regions: 47->47
[2022-05-03T00:41:32.154+0000][803.069s] GC(147) Humongous regions: 7->7
[2022-05-03T00:41:32.155+0000][803.069s] GC(147) Metaspace: 57619K->57619K(1101824K)
[2022-05-03T00:41:32.155+0000][803.069s] GC(147) Pause Young (Normal) (G1 Evacuation Pause) 358M->66M(512M) 12.893ms
[2022-05-03T00:41:32.155+0000][803.069s] GC(147) User=0.07s Sys=0.00s Real=0.02s
[2022-05-03T00:41:34.768+0000][805.682s] GC(148) Pause Young (Normal) (G1 Evacuation Pause)
[2022-05-03T00:41:34.768+0000][805.683s] GC(148) Using 8 workers of 8 for evacuation
[2022-05-03T00:41:34.774+0000][805.688s] GC(148)   Pre Evacuate Collection Set: 0.0ms
[2022-05-03T00:41:34.775+0000][805.689s] GC(148)   Evacuate Collection Set: 2.2ms
[2022-05-03T00:41:34.775+0000][805.689s] GC(148)   Post Evacuate Collection Set: 3.1ms
[2022-05-03T00:41:34.776+0000][805.690s] GC(148)   Other: 1.0ms
[2022-05-03T00:41:34.776+0000][805.690s] GC(148) Eden regions: 292->0(292)
[2022-05-03T00:41:34.776+0000][805.690s] GC(148) Survivor regions: 15->15(39)
[2022-05-03T00:41:34.777+0000][805.691s] GC(148) Old regions: 47->47
[2022-05-03T00:41:34.777+0000][805.691s] GC(148) Humongous regions: 7->7
[2022-05-03T00:41:34.777+0000][805.691s] GC(148) Metaspace: 57619K->57619K(1101824K)
[2022-05-03T00:41:34.778+0000][805.692s] GC(148) Pause Young (Normal) (G1 Evacuation Pause) 358M->66M(512M) 9.501ms
[2022-05-03T00:41:34.778+0000][805.692s] GC(148) User=0.03s Sys=0.01s Real=0.01s
[2022-05-03T00:41:37.761+0000][808.675s] GC(149) Pause Young (Normal) (G1 Evacuation Pause)
[2022-05-03T00:41:37.762+0000][808.676s] GC(149) Using 8 workers of 8 for evacuation
[2022-05-03T00:41:37.768+0000][808.682s] GC(149)   Pre Evacuate Collection Set: 0.0ms
[2022-05-03T00:41:37.768+0000][808.682s] GC(149)   Evacuate Collection Set: 2.5ms
[2022-05-03T00:41:37.769+0000][808.683s] GC(149)   Post Evacuate Collection Set: 3.3ms
[2022-05-03T00:41:37.769+0000][808.683s] GC(149)   Other: 1.0ms
[2022-05-03T00:41:37.770+0000][808.684s] GC(149) Eden regions: 292->0(291)
[2022-05-03T00:41:37.770+0000][808.684s] GC(149) Survivor regions: 15->16(39)
[2022-05-03T00:41:37.770+0000][808.684s] GC(149) Old regions: 47->47
[2022-05-03T00:41:37.770+0000][808.685s] GC(149) Humongous regions: 7->7
[2022-05-03T00:41:37.771+0000][808.685s] GC(149) Metaspace: 57619K->57619K(1101824K)
[2022-05-03T00:41:37.771+0000][808.685s] GC(149) Pause Young (Normal) (G1 Evacuation Pause) 358M->67M(512M) 9.809ms
[2022-05-03T00:41:37.771+0000][808.685s] GC(149) User=0.03s Sys=0.00s Real=0.01s
[2022-05-03T00:41:41.291+0000][812.205s] GC(150) Pause Young (Normal) (G1 Evacuation Pause)
[2022-05-03T00:41:41.291+0000][812.205s] GC(150) Using 8 workers of 8 for evacuation
[2022-05-03T00:41:41.298+0000][812.212s] GC(150)   Pre Evacuate Collection Set: 0.0ms
[2022-05-03T00:41:41.299+0000][812.213s] GC(150)   Evacuate Collection Set: 3.5ms
[2022-05-03T00:41:41.299+0000][812.213s] GC(150)   Post Evacuate Collection Set: 3.0ms
[2022-05-03T00:41:41.300+0000][812.214s] GC(150)   Other: 1.1ms
[2022-05-03T00:41:41.300+0000][812.214s] GC(150) Eden regions: 291->0(292)
[2022-05-03T00:41:41.302+0000][812.216s] GC(150) Survivor regions: 16->15(39)
[2022-05-03T00:41:41.302+0000][812.216s] GC(150) Old regions: 47->47
[2022-05-03T00:41:41.303+0000][812.217s] GC(150) Humongous regions: 7->7
[2022-05-03T00:41:41.303+0000][812.217s] GC(150) Metaspace: 57621K->57621K(1101824K)
[2022-05-03T00:41:41.303+0000][812.217s] GC(150) Pause Young (Normal) (G1 Evacuation Pause) 358M->67M(512M) 12.629ms
[2022-05-03T00:41:41.304+0000][812.218s] GC(150) User=0.05s Sys=0.00s Real=0.01s
[2022-05-03T00:41:43.990+0000][814.905s] GC(151) Pause Young (Normal) (G1 Evacuation Pause)
[2022-05-03T00:41:43.991+0000][814.905s] GC(151) Using 8 workers of 8 for evacuation
[2022-05-03T00:41:43.998+0000][814.912s] GC(151)   Pre Evacuate Collection Set: 0.0ms
[2022-05-03T00:41:43.998+0000][814.912s] GC(151)   Evacuate Collection Set: 2.6ms
[2022-05-03T00:41:43.998+0000][814.912s] GC(151)   Post Evacuate Collection Set: 3.5ms
[2022-05-03T00:41:43.999+0000][814.913s] GC(151)   Other: 0.9ms
[2022-05-03T00:41:43.999+0000][814.913s] GC(151) Eden regions: 292->0(291)
[2022-05-03T00:41:44.000+0000][814.914s] GC(151) Survivor regions: 15->16(39)
[2022-05-03T00:41:44.000+0000][814.914s] GC(151) Old regions: 47->47
[2022-05-03T00:41:44.000+0000][814.914s] GC(151) Humongous regions: 7->7
[2022-05-03T00:41:44.001+0000][814.915s] GC(151) Metaspace: 57621K->57621K(1101824K)
[2022-05-03T00:41:44.001+0000][814.915s] GC(151) Pause Young (Normal) (G1 Evacuation Pause) 359M->68M(512M) 10.531ms
[2022-05-03T00:41:44.001+0000][814.915s] GC(151) User=0.04s Sys=0.00s Real=0.01s
[2022-05-03T00:41:46.724+0000][817.639s] GC(152) Pause Young (Normal) (G1 Evacuation Pause)
[2022-05-03T00:41:46.725+0000][817.639s] GC(152) Using 8 workers of 8 for evacuation
[2022-05-03T00:41:46.735+0000][817.649s] GC(152)   Pre Evacuate Collection Set: 0.0ms
[2022-05-03T00:41:46.735+0000][817.649s] GC(152)   Evacuate Collection Set: 3.2ms
[2022-05-03T00:41:46.735+0000][817.649s] GC(152)   Post Evacuate Collection Set: 6.0ms
[2022-05-03T00:41:46.736+0000][817.650s] GC(152)   Other: 1.0ms
[2022-05-03T00:41:46.736+0000][817.650s] GC(152) Eden regions: 291->0(291)
[2022-05-03T00:41:46.736+0000][817.650s] GC(152) Survivor regions: 16->16(39)
[2022-05-03T00:41:46.737+0000][817.651s] GC(152) Old regions: 47->47
[2022-05-03T00:41:46.737+0000][817.651s] GC(152) Humongous regions: 7->7
[2022-05-03T00:41:46.737+0000][817.651s] GC(152) Metaspace: 57622K->57622K(1101824K)
[2022-05-03T00:41:46.737+0000][817.651s] GC(152) Pause Young (Normal) (G1 Evacuation Pause) 359M->68M(512M) 12.506ms
[2022-05-03T00:41:46.737+0000][817.651s] GC(152) User=0.07s Sys=0.00s Real=0.01s
[2022-05-03T00:41:49.705+0000][820.619s] GC(153) Pause Young (Normal) (G1 Evacuation Pause)
[2022-05-03T00:41:49.705+0000][820.619s] GC(153) Using 8 workers of 8 for evacuation
[2022-05-03T00:41:49.711+0000][820.626s] GC(153)   Pre Evacuate Collection Set: 0.0ms
[2022-05-03T00:41:49.712+0000][820.626s] GC(153)   Evacuate Collection Set: 2.3ms
[2022-05-03T00:41:49.712+0000][820.626s] GC(153)   Post Evacuate Collection Set: 3.3ms
[2022-05-03T00:41:49.713+0000][820.627s] GC(153)   Other: 1.0ms
[2022-05-03T00:41:49.713+0000][820.627s] GC(153) Eden regions: 291->0(291)
[2022-05-03T00:41:49.714+0000][820.628s] GC(153) Survivor regions: 16->16(39)
[2022-05-03T00:41:49.714+0000][820.628s] GC(153) Old regions: 47->47
[2022-05-03T00:41:49.714+0000][820.628s] GC(153) Humongous regions: 7->7
[2022-05-03T00:41:49.715+0000][820.629s] GC(153) Metaspace: 57622K->57622K(1101824K)
[2022-05-03T00:41:49.715+0000][820.629s] GC(153) Pause Young (Normal) (G1 Evacuation Pause) 359M->67M(512M) 10.038ms
[2022-05-03T00:41:49.715+0000][820.629s] GC(153) User=0.03s Sys=0.00s Real=0.01s
[2022-05-03T00:41:52.447+0000][823.361s] GC(154) Pause Young (Normal) (G1 Evacuation Pause)
[2022-05-03T00:41:52.447+0000][823.361s] GC(154) Using 8 workers of 8 for evacuation
[2022-05-03T00:41:52.453+0000][823.367s] GC(154)   Pre Evacuate Collection Set: 0.0ms
[2022-05-03T00:41:52.454+0000][823.368s] GC(154)   Evacuate Collection Set: 2.6ms
[2022-05-03T00:41:52.454+0000][823.368s] GC(154)   Post Evacuate Collection Set: 2.9ms
[2022-05-03T00:41:52.454+0000][823.369s] GC(154)   Other: 0.5ms
[2022-05-03T00:41:52.455+0000][823.369s] GC(154) Eden regions: 291->0(293)
[2022-05-03T00:41:52.455+0000][823.369s] GC(154) Survivor regions: 16->14(39)
[2022-05-03T00:41:52.456+0000][823.370s] GC(154) Old regions: 47->47
[2022-05-03T00:41:52.456+0000][823.370s] GC(154) Humongous regions: 7->7
[2022-05-03T00:41:52.456+0000][823.370s] GC(154) Metaspace: 57622K->57622K(1101824K)
[2022-05-03T00:41:52.457+0000][823.371s] GC(154) Pause Young (Normal) (G1 Evacuation Pause) 358M->66M(512M) 9.536ms
[2022-05-03T00:41:52.457+0000][823.371s] GC(154) User=0.03s Sys=0.01s Real=0.01s
[2022-05-03T00:41:55.173+0000][826.087s] GC(155) Pause Young (Normal) (G1 Evacuation Pause)
[2022-05-03T00:41:55.173+0000][826.087s] GC(155) Using 8 workers of 8 for evacuation
[2022-05-03T00:41:55.180+0000][826.094s] GC(155)   Pre Evacuate Collection Set: 0.0ms
[2022-05-03T00:41:55.181+0000][826.095s] GC(155)   Evacuate Collection Set: 3.0ms
[2022-05-03T00:41:55.181+0000][826.095s] GC(155)   Post Evacuate Collection Set: 4.0ms
[2022-05-03T00:41:55.181+0000][826.095s] GC(155)   Other: 0.7ms
[2022-05-03T00:41:55.181+0000][826.096s] GC(155) Eden regions: 293->0(291)
[2022-05-03T00:41:55.182+0000][826.096s] GC(155) Survivor regions: 14->16(39)
[2022-05-03T00:41:55.182+0000][826.096s] GC(155) Old regions: 47->47
[2022-05-03T00:41:55.182+0000][826.096s] GC(155) Humongous regions: 7->7
[2022-05-03T00:41:55.182+0000][826.097s] GC(155) Metaspace: 57622K->57622K(1101824K)
[2022-05-03T00:41:55.183+0000][826.097s] GC(155) Pause Young (Normal) (G1 Evacuation Pause) 359M->67M(512M) 10.026ms
[2022-05-03T00:41:55.183+0000][826.097s] GC(155) User=0.04s Sys=0.00s Real=0.01s
[2022-05-03T00:41:58.083+0000][828.997s] GC(156) Pause Young (Normal) (G1 Evacuation Pause)
[2022-05-03T00:41:58.083+0000][828.997s] GC(156) Using 8 workers of 8 for evacuation
[2022-05-03T00:41:58.090+0000][829.004s] GC(156)   Pre Evacuate Collection Set: 0.0ms
[2022-05-03T00:41:58.090+0000][829.004s] GC(156)   Evacuate Collection Set: 2.8ms
[2022-05-03T00:41:58.090+0000][829.004s] GC(156)   Post Evacuate Collection Set: 3.4ms
[2022-05-03T00:41:58.090+0000][829.004s] GC(156)   Other: 0.6ms
[2022-05-03T00:41:58.090+0000][829.005s] GC(156) Eden regions: 291->0(292)
[2022-05-03T00:41:58.091+0000][829.005s] GC(156) Survivor regions: 16->15(39)
[2022-05-03T00:41:58.091+0000][829.005s] GC(156) Old regions: 47->47
[2022-05-03T00:41:58.091+0000][829.005s] GC(156) Humongous regions: 7->7
[2022-05-03T00:41:58.091+0000][829.005s] GC(156) Metaspace: 57632K->57632K(1101824K)
[2022-05-03T00:41:58.091+0000][829.005s] GC(156) Pause Young (Normal) (G1 Evacuation Pause) 358M->67M(512M) 8.561ms
[2022-05-03T00:41:58.091+0000][829.006s] GC(156) User=0.04s Sys=0.00s Real=0.01s
[2022-05-03T00:42:00.532+0000][831.446s] GC(157) Pause Young (Normal) (G1 Evacuation Pause)
[2022-05-03T00:42:00.533+0000][831.447s] GC(157) Using 8 workers of 8 for evacuation
[2022-05-03T00:42:00.538+0000][831.452s] GC(157)   Pre Evacuate Collection Set: 0.0ms
[2022-05-03T00:42:00.539+0000][831.453s] GC(157)   Evacuate Collection Set: 2.6ms
[2022-05-03T00:42:00.539+0000][831.453s] GC(157)   Post Evacuate Collection Set: 2.5ms
[2022-05-03T00:42:00.539+0000][831.454s] GC(157)   Other: 1.1ms
[2022-05-03T00:42:00.540+0000][831.454s] GC(157) Eden regions: 292->0(293)
[2022-05-03T00:42:00.540+0000][831.454s] GC(157) Survivor regions: 15->14(39)
[2022-05-03T00:42:00.541+0000][831.455s] GC(157) Old regions: 47->47
[2022-05-03T00:42:00.541+0000][831.455s] GC(157) Humongous regions: 7->7
[2022-05-03T00:42:00.541+0000][831.455s] GC(157) Metaspace: 57641K->57641K(1101824K)
[2022-05-03T00:42:00.542+0000][831.456s] GC(157) Pause Young (Normal) (G1 Evacuation Pause) 359M->66M(512M) 9.565ms
[2022-05-03T00:42:00.542+0000][831.456s] GC(157) User=0.03s Sys=0.00s Real=0.01s
[2022-05-03T00:42:03.600+0000][834.514s] GC(158) Pause Young (Normal) (G1 Evacuation Pause)
[2022-05-03T00:42:03.600+0000][834.515s] GC(158) Using 8 workers of 8 for evacuation
[2022-05-03T00:42:03.607+0000][834.521s] GC(158)   Pre Evacuate Collection Set: 0.0ms
[2022-05-03T00:42:03.607+0000][834.521s] GC(158)   Evacuate Collection Set: 2.6ms
[2022-05-03T00:42:03.608+0000][834.522s] GC(158)   Post Evacuate Collection Set: 3.1ms
[2022-05-03T00:42:03.608+0000][834.522s] GC(158)   Other: 0.9ms
[2022-05-03T00:42:03.608+0000][834.522s] GC(158) Eden regions: 293->0(290)
[2022-05-03T00:42:03.609+0000][834.523s] GC(158) Survivor regions: 14->17(39)
[2022-05-03T00:42:03.609+0000][834.523s] GC(158) Old regions: 47->47
[2022-05-03T00:42:03.609+0000][834.523s] GC(158) Humongous regions: 7->7
[2022-05-03T00:42:03.610+0000][834.524s] GC(158) Metaspace: 57642K->57642K(1101824K)
[2022-05-03T00:42:03.610+0000][834.524s] GC(158) Pause Young (Normal) (G1 Evacuation Pause) 359M->69M(512M) 9.788ms
[2022-05-03T00:42:03.610+0000][834.524s] GC(158) User=0.04s Sys=0.00s Real=0.01s
[2022-05-03T00:42:06.411+0000][837.325s] GC(159) Pause Young (Normal) (G1 Evacuation Pause)
[2022-05-03T00:42:06.411+0000][837.326s] GC(159) Using 8 workers of 8 for evacuation
[2022-05-03T00:42:06.418+0000][837.332s] GC(159)   Pre Evacuate Collection Set: 0.0ms
[2022-05-03T00:42:06.419+0000][837.333s] GC(159)   Evacuate Collection Set: 2.6ms
[2022-05-03T00:42:06.419+0000][837.333s] GC(159)   Post Evacuate Collection Set: 3.8ms
[2022-05-03T00:42:06.420+0000][837.334s] GC(159)   Other: 0.7ms
[2022-05-03T00:42:06.420+0000][837.334s] GC(159) Eden regions: 290->0(292)
[2022-05-03T00:42:06.420+0000][837.334s] GC(159) Survivor regions: 17->15(39)
[2022-05-03T00:42:06.421+0000][837.335s] GC(159) Old regions: 47->47
[2022-05-03T00:42:06.421+0000][837.335s] GC(159) Humongous regions: 7->7
[2022-05-03T00:42:06.421+0000][837.335s] GC(159) Metaspace: 57642K->57642K(1101824K)
[2022-05-03T00:42:06.422+0000][837.336s] GC(159) Pause Young (Normal) (G1 Evacuation Pause) 359M->67M(512M) 10.447ms
[2022-05-03T00:42:06.422+0000][837.336s] GC(159) User=0.04s Sys=0.00s Real=0.01s
[2022-05-03T00:42:09.135+0000][840.049s] GC(160) Pause Young (Normal) (G1 Evacuation Pause)
[2022-05-03T00:42:09.135+0000][840.049s] GC(160) Using 8 workers of 8 for evacuation
[2022-05-03T00:42:09.144+0000][840.058s] GC(160)   Pre Evacuate Collection Set: 0.0ms
[2022-05-03T00:42:09.145+0000][840.059s] GC(160)   Evacuate Collection Set: 3.5ms
[2022-05-03T00:42:09.145+0000][840.059s] GC(160)   Post Evacuate Collection Set: 5.6ms
[2022-05-03T00:42:09.146+0000][840.060s] GC(160)   Other: 0.5ms
[2022-05-03T00:42:09.146+0000][840.060s] GC(160) Eden regions: 292->0(289)
[2022-05-03T00:42:09.146+0000][840.061s] GC(160) Survivor regions: 15->18(39)
[2022-05-03T00:42:09.147+0000][840.061s] GC(160) Old regions: 47->48
[2022-05-03T00:42:09.147+0000][840.061s] GC(160) Humongous regions: 7->7
[2022-05-03T00:42:09.147+0000][840.062s] GC(160) Metaspace: 57642K->57642K(1101824K)
[2022-05-03T00:42:09.148+0000][840.062s] GC(160) Pause Young (Normal) (G1 Evacuation Pause) 359M->70M(512M) 12.979ms
[2022-05-03T00:42:09.148+0000][840.062s] GC(160) User=0.04s Sys=0.03s Real=0.01s
[2022-05-03T00:42:12.151+0000][843.066s] GC(161) Pause Young (Normal) (G1 Evacuation Pause)
[2022-05-03T00:42:12.152+0000][843.066s] GC(161) Using 8 workers of 8 for evacuation
[2022-05-03T00:42:12.159+0000][843.073s] GC(161)   Pre Evacuate Collection Set: 0.0ms
[2022-05-03T00:42:12.159+0000][843.074s] GC(161)   Evacuate Collection Set: 3.2ms
[2022-05-03T00:42:12.160+0000][843.074s] GC(161)   Post Evacuate Collection Set: 3.3ms
[2022-05-03T00:42:12.160+0000][843.074s] GC(161)   Other: 1.0ms
[2022-05-03T00:42:12.161+0000][843.075s] GC(161) Eden regions: 289->0(288)
[2022-05-03T00:42:12.161+0000][843.075s] GC(161) Survivor regions: 18->19(39)
[2022-05-03T00:42:12.161+0000][843.075s] GC(161) Old regions: 48->48
[2022-05-03T00:42:12.162+0000][843.076s] GC(161) Humongous regions: 7->7
[2022-05-03T00:42:12.162+0000][843.076s] GC(161) Metaspace: 57642K->57642K(1101824K)
[2022-05-03T00:42:12.162+0000][843.076s] GC(161) Pause Young (Normal) (G1 Evacuation Pause) 359M->71M(512M) 10.839ms
[2022-05-03T00:42:12.163+0000][843.077s] GC(161) User=0.04s Sys=0.00s Real=0.01s
[2022-05-03T00:42:14.702+0000][845.616s] GC(162) Pause Young (Normal) (G1 Evacuation Pause)
[2022-05-03T00:42:14.703+0000][845.617s] GC(162) Using 8 workers of 8 for evacuation
[2022-05-03T00:42:14.709+0000][845.623s] GC(162)   Pre Evacuate Collection Set: 0.0ms
[2022-05-03T00:42:14.709+0000][845.624s] GC(162)   Evacuate Collection Set: 2.7ms
[2022-05-03T00:42:14.710+0000][845.624s] GC(162)   Post Evacuate Collection Set: 3.1ms
[2022-05-03T00:42:14.710+0000][845.624s] GC(162)   Other: 0.9ms
[2022-05-03T00:42:14.711+0000][845.625s] GC(162) Eden regions: 288->0(289)
[2022-05-03T00:42:14.711+0000][845.625s] GC(162) Survivor regions: 19->18(39)
[2022-05-03T00:42:14.711+0000][845.626s] GC(162) Old regions: 48->48
[2022-05-03T00:42:14.712+0000][845.626s] GC(162) Humongous regions: 7->7
[2022-05-03T00:42:14.712+0000][845.626s] GC(162) Metaspace: 57644K->57644K(1101824K)
[2022-05-03T00:42:14.712+0000][845.627s] GC(162) Pause Young (Normal) (G1 Evacuation Pause) 359M->70M(512M) 10.322ms
[2022-05-03T00:42:14.713+0000][845.627s] GC(162) User=0.04s Sys=0.00s Real=0.01s
[2022-05-03T00:42:17.666+0000][848.580s] GC(163) Pause Young (Normal) (G1 Evacuation Pause)
[2022-05-03T00:42:17.666+0000][848.580s] GC(163) Using 8 workers of 8 for evacuation
[2022-05-03T00:42:17.684+0000][848.598s] GC(163)   Pre Evacuate Collection Set: 0.0ms
[2022-05-03T00:42:17.684+0000][848.598s] GC(163)   Evacuate Collection Set: 11.0ms
[2022-05-03T00:42:17.684+0000][848.598s] GC(163)   Post Evacuate Collection Set: 6.4ms
[2022-05-03T00:42:17.684+0000][848.599s] GC(163)   Other: 0.4ms
[2022-05-03T00:42:17.685+0000][848.599s] GC(163) Eden regions: 289->0(292)
[2022-05-03T00:42:17.685+0000][848.599s] GC(163) Survivor regions: 18->15(39)
[2022-05-03T00:42:17.685+0000][848.599s] GC(163) Old regions: 48->48
[2022-05-03T00:42:17.686+0000][848.600s] GC(163) Humongous regions: 7->7
[2022-05-03T00:42:17.686+0000][848.600s] GC(163) Metaspace: 57655K->57655K(1101824K)
[2022-05-03T00:42:17.686+0000][848.600s] GC(163) Pause Young (Normal) (G1 Evacuation Pause) 359M->67M(512M) 20.323ms
[2022-05-03T00:42:17.686+0000][848.600s] GC(163) User=0.11s Sys=0.00s Real=0.02s
[2022-05-03T00:42:20.132+0000][851.046s] GC(164) Pause Young (Normal) (G1 Evacuation Pause)
[2022-05-03T00:42:20.132+0000][851.046s] GC(164) Using 8 workers of 8 for evacuation
[2022-05-03T00:42:20.138+0000][851.052s] GC(164)   Pre Evacuate Collection Set: 0.0ms
[2022-05-03T00:42:20.138+0000][851.052s] GC(164)   Evacuate Collection Set: 2.6ms
[2022-05-03T00:42:20.139+0000][851.053s] GC(164)   Post Evacuate Collection Set: 2.3ms
[2022-05-03T00:42:20.139+0000][851.053s] GC(164)   Other: 1.0ms
[2022-05-03T00:42:20.139+0000][851.053s] GC(164) Eden regions: 292->0(293)
[2022-05-03T00:42:20.140+0000][851.054s] GC(164) Survivor regions: 15->14(39)
[2022-05-03T00:42:20.140+0000][851.054s] GC(164) Old regions: 48->48
[2022-05-03T00:42:20.140+0000][851.054s] GC(164) Humongous regions: 7->7
[2022-05-03T00:42:20.141+0000][851.055s] GC(164) Metaspace: 57655K->57655K(1101824K)
[2022-05-03T00:42:20.141+0000][851.055s] GC(164) Pause Young (Normal) (G1 Evacuation Pause) 359M->66M(512M) 9.271ms
[2022-05-03T00:42:20.141+0000][851.055s] GC(164) User=0.04s Sys=0.00s Real=0.01s
[2022-05-03T00:42:23.090+0000][854.004s] GC(165) Pause Young (Normal) (G1 Evacuation Pause)
[2022-05-03T00:42:23.091+0000][854.005s] GC(165) Using 8 workers of 8 for evacuation
[2022-05-03T00:42:23.098+0000][854.012s] GC(165)   Pre Evacuate Collection Set: 0.0ms
[2022-05-03T00:42:23.098+0000][854.012s] GC(165)   Evacuate Collection Set: 2.5ms
[2022-05-03T00:42:23.099+0000][854.013s] GC(165)   Post Evacuate Collection Set: 4.0ms
[2022-05-03T00:42:23.099+0000][854.013s] GC(165)   Other: 1.0ms
[2022-05-03T00:42:23.099+0000][854.014s] GC(165) Eden regions: 293->0(290)
[2022-05-03T00:42:23.100+0000][854.014s] GC(165) Survivor regions: 14->17(39)
[2022-05-03T00:42:23.100+0000][854.014s] GC(165) Old regions: 48->48
[2022-05-03T00:42:23.100+0000][854.015s] GC(165) Humongous regions: 7->7
[2022-05-03T00:42:23.101+0000][854.015s] GC(165) Metaspace: 57655K->57655K(1101824K)
[2022-05-03T00:42:23.101+0000][854.015s] GC(165) Pause Young (Normal) (G1 Evacuation Pause) 359M->69M(512M) 10.623ms
[2022-05-03T00:42:23.101+0000][854.015s] GC(165) User=0.02s Sys=0.01s Real=0.01s
[2022-05-03T00:42:25.810+0000][856.725s] GC(166) Pause Young (Normal) (G1 Evacuation Pause)
[2022-05-03T00:42:25.811+0000][856.725s] GC(166) Using 8 workers of 8 for evacuation
[2022-05-03T00:42:25.816+0000][856.730s] GC(166)   Pre Evacuate Collection Set: 0.0ms
[2022-05-03T00:42:25.817+0000][856.731s] GC(166)   Evacuate Collection Set: 2.5ms
[2022-05-03T00:42:25.817+0000][856.731s] GC(166)   Post Evacuate Collection Set: 2.4ms
[2022-05-03T00:42:25.818+0000][856.732s] GC(166)   Other: 0.8ms
[2022-05-03T00:42:25.818+0000][856.732s] GC(166) Eden regions: 290->0(292)
[2022-05-03T00:42:25.818+0000][856.732s] GC(166) Survivor regions: 17->15(39)
[2022-05-03T00:42:25.819+0000][856.733s] GC(166) Old regions: 48->48
[2022-05-03T00:42:25.819+0000][856.733s] GC(166) Humongous regions: 7->7
[2022-05-03T00:42:25.819+0000][856.733s] GC(166) Metaspace: 57655K->57655K(1101824K)
[2022-05-03T00:42:25.819+0000][856.733s] GC(166) Pause Young (Normal) (G1 Evacuation Pause) 359M->67M(512M) 8.932ms
[2022-05-03T00:42:25.820+0000][856.734s] GC(166) User=0.02s Sys=0.01s Real=0.01s
[2022-05-03T00:42:28.486+0000][859.400s] GC(167) Pause Young (Normal) (G1 Evacuation Pause)
[2022-05-03T00:42:28.486+0000][859.400s] GC(167) Using 8 workers of 8 for evacuation
[2022-05-03T00:42:28.498+0000][859.412s] GC(167)   Pre Evacuate Collection Set: 0.0ms
[2022-05-03T00:42:28.498+0000][859.412s] GC(167)   Evacuate Collection Set: 3.2ms
[2022-05-03T00:42:28.498+0000][859.413s] GC(167)   Post Evacuate Collection Set: 7.8ms
[2022-05-03T00:42:28.499+0000][859.413s] GC(167)   Other: 1.0ms
[2022-05-03T00:42:28.499+0000][859.413s] GC(167) Eden regions: 292->0(290)
[2022-05-03T00:42:28.499+0000][859.413s] GC(167) Survivor regions: 15->17(39)
[2022-05-03T00:42:28.500+0000][859.414s] GC(167) Old regions: 48->48
[2022-05-03T00:42:28.500+0000][859.414s] GC(167) Humongous regions: 7->7
[2022-05-03T00:42:28.500+0000][859.414s] GC(167) Metaspace: 57655K->57655K(1101824K)
[2022-05-03T00:42:28.500+0000][859.414s] GC(167) Pause Young (Normal) (G1 Evacuation Pause) 359M->69M(512M) 14.562ms
[2022-05-03T00:42:28.501+0000][859.415s] GC(167) User=0.08s Sys=0.00s Real=0.01s
[2022-05-03T00:42:31.078+0000][861.992s] GC(168) Pause Young (Normal) (G1 Evacuation Pause)
[2022-05-03T00:42:31.079+0000][861.993s] GC(168) Using 8 workers of 8 for evacuation
[2022-05-03T00:42:31.088+0000][862.002s] GC(168)   Pre Evacuate Collection Set: 0.1ms
[2022-05-03T00:42:31.089+0000][862.003s] GC(168)   Evacuate Collection Set: 6.5ms
[2022-05-03T00:42:31.089+0000][862.003s] GC(168)   Post Evacuate Collection Set: 2.6ms
[2022-05-03T00:42:31.090+0000][862.004s] GC(168)   Other: 0.8ms
[2022-05-03T00:42:31.090+0000][862.004s] GC(168) Eden regions: 290->0(292)
[2022-05-03T00:42:31.091+0000][862.005s] GC(168) Survivor regions: 17->15(39)
[2022-05-03T00:42:31.091+0000][862.005s] GC(168) Old regions: 48->48
[2022-05-03T00:42:31.091+0000][862.006s] GC(168) Humongous regions: 7->7
[2022-05-03T00:42:31.092+0000][862.006s] GC(168) Metaspace: 57655K->57655K(1101824K)
[2022-05-03T00:42:31.092+0000][862.006s] GC(168) Pause Young (Normal) (G1 Evacuation Pause) 359M->67M(512M) 14.124ms
[2022-05-03T00:42:31.093+0000][862.007s] GC(168) User=0.06s Sys=0.00s Real=0.01s
[2022-05-03T00:42:34.373+0000][865.287s] GC(169) Pause Young (Normal) (G1 Evacuation Pause)
[2022-05-03T00:42:34.373+0000][865.287s] GC(169) Using 8 workers of 8 for evacuation
[2022-05-03T00:42:34.387+0000][865.302s] GC(169)   Pre Evacuate Collection Set: 0.0ms
[2022-05-03T00:42:34.388+0000][865.302s] GC(169)   Evacuate Collection Set: 7.1ms
[2022-05-03T00:42:34.388+0000][865.302s] GC(169)   Post Evacuate Collection Set: 6.5ms
[2022-05-03T00:42:34.389+0000][865.303s] GC(169)   Other: 0.8ms
[2022-05-03T00:42:34.389+0000][865.303s] GC(169) Eden regions: 292->0(290)
[2022-05-03T00:42:34.389+0000][865.303s] GC(169) Survivor regions: 15->17(39)
[2022-05-03T00:42:34.390+0000][865.304s] GC(169) Old regions: 48->48
[2022-05-03T00:42:34.390+0000][865.304s] GC(169) Humongous regions: 7->7
[2022-05-03T00:42:34.390+0000][865.304s] GC(169) Metaspace: 57655K->57655K(1101824K)
[2022-05-03T00:42:34.390+0000][865.304s] GC(169) Pause Young (Normal) (G1 Evacuation Pause) 359M->70M(512M) 17.274ms
[2022-05-03T00:42:34.390+0000][865.305s] GC(169) User=0.09s Sys=0.00s Real=0.02s
[2022-05-03T00:42:37.010+0000][867.924s] GC(170) Pause Young (Normal) (G1 Evacuation Pause)
[2022-05-03T00:42:37.010+0000][867.924s] GC(170) Using 8 workers of 8 for evacuation
[2022-05-03T00:42:37.026+0000][867.940s] GC(170)   Pre Evacuate Collection Set: 0.0ms
[2022-05-03T00:42:37.026+0000][867.940s] GC(170)   Evacuate Collection Set: 8.3ms
[2022-05-03T00:42:37.026+0000][867.940s] GC(170)   Post Evacuate Collection Set: 6.4ms
[2022-05-03T00:42:37.027+0000][867.941s] GC(170)   Other: 0.9ms
[2022-05-03T00:42:37.027+0000][867.941s] GC(170) Eden regions: 290->0(290)
[2022-05-03T00:42:37.027+0000][867.941s] GC(170) Survivor regions: 17->17(39)
[2022-05-03T00:42:37.028+0000][867.942s] GC(170) Old regions: 48->48
[2022-05-03T00:42:37.028+0000][867.942s] GC(170) Humongous regions: 7->7
[2022-05-03T00:42:37.028+0000][867.942s] GC(170) Metaspace: 57655K->57655K(1101824K)
[2022-05-03T00:42:37.028+0000][867.943s] GC(170) Pause Young (Normal) (G1 Evacuation Pause) 360M->69M(512M) 18.612ms
[2022-05-03T00:42:37.029+0000][867.943s] GC(170) User=0.10s Sys=0.00s Real=0.02s
[2022-05-03T00:42:39.955+0000][870.869s] GC(171) Pause Young (Normal) (G1 Evacuation Pause)
[2022-05-03T00:42:39.956+0000][870.870s] GC(171) Using 8 workers of 8 for evacuation
[2022-05-03T00:42:39.962+0000][870.876s] GC(171)   Pre Evacuate Collection Set: 0.0ms
[2022-05-03T00:42:39.963+0000][870.877s] GC(171)   Evacuate Collection Set: 3.5ms
[2022-05-03T00:42:39.963+0000][870.877s] GC(171)   Post Evacuate Collection Set: 2.5ms
[2022-05-03T00:42:39.963+0000][870.878s] GC(171)   Other: 0.9ms
[2022-05-03T00:42:39.964+0000][870.878s] GC(171) Eden regions: 290->0(291)
[2022-05-03T00:42:39.964+0000][870.878s] GC(171) Survivor regions: 17->16(39)
[2022-05-03T00:42:39.964+0000][870.879s] GC(171) Old regions: 48->48
[2022-05-03T00:42:39.965+0000][870.879s] GC(171) Humongous regions: 7->7
[2022-05-03T00:42:39.965+0000][870.879s] GC(171) Metaspace: 57655K->57655K(1101824K)
[2022-05-03T00:42:39.965+0000][870.880s] GC(171) Pause Young (Normal) (G1 Evacuation Pause) 359M->69M(512M) 10.344ms
[2022-05-03T00:42:39.966+0000][870.880s] GC(171) User=0.04s Sys=0.01s Real=0.01s
[2022-05-03T00:42:42.429+0000][873.343s] GC(172) Pause Young (Normal) (G1 Evacuation Pause)
[2022-05-03T00:42:42.429+0000][873.344s] GC(172) Using 8 workers of 8 for evacuation
[2022-05-03T00:42:42.436+0000][873.350s] GC(172)   Pre Evacuate Collection Set: 0.0ms
[2022-05-03T00:42:42.436+0000][873.350s] GC(172)   Evacuate Collection Set: 2.4ms
[2022-05-03T00:42:42.436+0000][873.350s] GC(172)   Post Evacuate Collection Set: 3.3ms
[2022-05-03T00:42:42.437+0000][873.351s] GC(172)   Other: 0.9ms
[2022-05-03T00:42:42.437+0000][873.351s] GC(172) Eden regions: 291->0(290)
[2022-05-03T00:42:42.437+0000][873.352s] GC(172) Survivor regions: 16->17(39)
[2022-05-03T00:42:42.438+0000][873.352s] GC(172) Old regions: 48->48
[2022-05-03T00:42:42.438+0000][873.352s] GC(172) Humongous regions: 7->7
[2022-05-03T00:42:42.438+0000][873.353s] GC(172) Metaspace: 57655K->57655K(1101824K)
[2022-05-03T00:42:42.439+0000][873.353s] GC(172) Pause Young (Normal) (G1 Evacuation Pause) 360M->69M(512M) 9.641ms
[2022-05-03T00:42:42.439+0000][873.353s] GC(172) User=0.04s Sys=0.00s Real=0.01s
[2022-05-03T00:42:45.266+0000][876.180s] GC(173) Pause Young (Normal) (G1 Evacuation Pause)
[2022-05-03T00:42:45.267+0000][876.181s] GC(173) Using 8 workers of 8 for evacuation
[2022-05-03T00:42:45.272+0000][876.186s] GC(173)   Pre Evacuate Collection Set: 0.0ms
[2022-05-03T00:42:45.272+0000][876.186s] GC(173)   Evacuate Collection Set: 2.6ms
[2022-05-03T00:42:45.273+0000][876.187s] GC(173)   Post Evacuate Collection Set: 2.4ms
[2022-05-03T00:42:45.273+0000][876.187s] GC(173)   Other: 0.4ms
[2022-05-03T00:42:45.273+0000][876.187s] GC(173) Eden regions: 290->0(292)
[2022-05-03T00:42:45.274+0000][876.188s] GC(173) Survivor regions: 17->15(39)
[2022-05-03T00:42:45.274+0000][876.188s] GC(173) Old regions: 48->48
[2022-05-03T00:42:45.274+0000][876.188s] GC(173) Humongous regions: 7->7
[2022-05-03T00:42:45.275+0000][876.189s] GC(173) Metaspace: 57655K->57655K(1101824K)
[2022-05-03T00:42:45.275+0000][876.189s] GC(173) Pause Young (Normal) (G1 Evacuation Pause) 359M->67M(512M) 8.449ms
[2022-05-03T00:42:45.275+0000][876.189s] GC(173) User=0.03s Sys=0.00s Real=0.01s
[2022-05-03T00:42:47.764+0000][878.678s] GC(174) Pause Young (Normal) (G1 Evacuation Pause)
[2022-05-03T00:42:47.764+0000][878.678s] GC(174) Using 8 workers of 8 for evacuation
[2022-05-03T00:42:47.771+0000][878.685s] GC(174)   Pre Evacuate Collection Set: 0.0ms
[2022-05-03T00:42:47.771+0000][878.685s] GC(174)   Evacuate Collection Set: 2.9ms
[2022-05-03T00:42:47.772+0000][878.686s] GC(174)   Post Evacuate Collection Set: 3.2ms
[2022-05-03T00:42:47.772+0000][878.686s] GC(174)   Other: 0.9ms
[2022-05-03T00:42:47.772+0000][878.686s] GC(174) Eden regions: 292->0(289)
[2022-05-03T00:42:47.772+0000][878.687s] GC(174) Survivor regions: 15->18(39)
[2022-05-03T00:42:47.773+0000][878.687s] GC(174) Old regions: 48->48
[2022-05-03T00:42:47.773+0000][878.687s] GC(174) Humongous regions: 7->7
[2022-05-03T00:42:47.773+0000][878.687s] GC(174) Metaspace: 57655K->57655K(1101824K)
[2022-05-03T00:42:47.773+0000][878.688s] GC(174) Pause Young (Normal) (G1 Evacuation Pause) 359M->71M(512M) 9.541ms
[2022-05-03T00:42:47.774+0000][878.688s] GC(174) User=0.04s Sys=0.01s Real=0.01s
[2022-05-03T00:42:50.375+0000][881.289s] GC(175) Pause Young (Normal) (G1 Evacuation Pause)
[2022-05-03T00:42:50.375+0000][881.289s] GC(175) Using 8 workers of 8 for evacuation
[2022-05-03T00:42:50.381+0000][881.295s] GC(175)   Pre Evacuate Collection Set: 0.0ms
[2022-05-03T00:42:50.381+0000][881.295s] GC(175)   Evacuate Collection Set: 2.6ms
[2022-05-03T00:42:50.382+0000][881.296s] GC(175)   Post Evacuate Collection Set: 2.4ms
[2022-05-03T00:42:50.382+0000][881.296s] GC(175)   Other: 0.7ms
[2022-05-03T00:42:50.382+0000][881.296s] GC(175) Eden regions: 289->0(292)
[2022-05-03T00:42:50.383+0000][881.297s] GC(175) Survivor regions: 18->15(39)
[2022-05-03T00:42:50.383+0000][881.297s] GC(175) Old regions: 48->48
[2022-05-03T00:42:50.383+0000][881.298s] GC(175) Humongous regions: 7->7
[2022-05-03T00:42:50.384+0000][881.298s] GC(175) Metaspace: 57655K->57655K(1101824K)
[2022-05-03T00:42:50.384+0000][881.298s] GC(175) Pause Young (Normal) (G1 Evacuation Pause) 360M->68M(512M) 9.020ms
[2022-05-03T00:42:50.384+0000][881.298s] GC(175) User=0.03s Sys=0.00s Real=0.01s
[2022-05-03T00:42:53.099+0000][884.013s] GC(176) Pause Young (Normal) (G1 Evacuation Pause)
[2022-05-03T00:42:53.100+0000][884.014s] GC(176) Using 8 workers of 8 for evacuation
[2022-05-03T00:42:53.105+0000][884.020s] GC(176)   Pre Evacuate Collection Set: 0.0ms
[2022-05-03T00:42:53.106+0000][884.020s] GC(176)   Evacuate Collection Set: 2.2ms
[2022-05-03T00:42:53.106+0000][884.021s] GC(176)   Post Evacuate Collection Set: 3.2ms
[2022-05-03T00:42:53.107+0000][884.021s] GC(176)   Other: 0.7ms
[2022-05-03T00:42:53.107+0000][884.021s] GC(176) Eden regions: 292->0(291)
[2022-05-03T00:42:53.107+0000][884.022s] GC(176) Survivor regions: 15->16(39)
[2022-05-03T00:42:53.108+0000][884.022s] GC(176) Old regions: 48->48
[2022-05-03T00:42:53.108+0000][884.022s] GC(176) Humongous regions: 7->7
[2022-05-03T00:42:53.108+0000][884.022s] GC(176) Metaspace: 57655K->57655K(1101824K)
[2022-05-03T00:42:53.109+0000][884.023s] GC(176) Pause Young (Normal) (G1 Evacuation Pause) 360M->69M(512M) 9.269ms
[2022-05-03T00:42:53.109+0000][884.023s] GC(176) User=0.04s Sys=0.00s Real=0.01s
[2022-05-03T00:42:55.795+0000][886.709s] GC(177) Pause Young (Normal) (G1 Evacuation Pause)
[2022-05-03T00:42:55.795+0000][886.709s] GC(177) Using 8 workers of 8 for evacuation
[2022-05-03T00:42:55.801+0000][886.715s] GC(177)   Pre Evacuate Collection Set: 0.0ms
[2022-05-03T00:42:55.801+0000][886.716s] GC(177)   Evacuate Collection Set: 2.6ms
[2022-05-03T00:42:55.802+0000][886.716s] GC(177)   Post Evacuate Collection Set: 2.8ms
[2022-05-03T00:42:55.802+0000][886.717s] GC(177)   Other: 1.0ms
[2022-05-03T00:42:55.803+0000][886.717s] GC(177) Eden regions: 291->0(293)
[2022-05-03T00:42:55.803+0000][886.717s] GC(177) Survivor regions: 16->14(39)
[2022-05-03T00:42:55.804+0000][886.718s] GC(177) Old regions: 48->49
[2022-05-03T00:42:55.804+0000][886.718s] GC(177) Humongous regions: 7->7
[2022-05-03T00:42:55.804+0000][886.718s] GC(177) Metaspace: 57655K->57655K(1101824K)
[2022-05-03T00:42:55.805+0000][886.719s] GC(177) Pause Young (Normal) (G1 Evacuation Pause) 360M->67M(512M) 9.997ms
[2022-05-03T00:42:55.805+0000][886.719s] GC(177) User=0.03s Sys=0.00s Real=0.01s
[2022-05-03T00:42:58.474+0000][889.388s] GC(178) Pause Young (Normal) (G1 Evacuation Pause)
[2022-05-03T00:42:58.474+0000][889.388s] GC(178) Using 8 workers of 8 for evacuation
[2022-05-03T00:42:58.480+0000][889.395s] GC(178)   Pre Evacuate Collection Set: 0.0ms
[2022-05-03T00:42:58.481+0000][889.395s] GC(178)   Evacuate Collection Set: 2.8ms
[2022-05-03T00:42:58.481+0000][889.396s] GC(178)   Post Evacuate Collection Set: 3.3ms
[2022-05-03T00:42:58.482+0000][889.396s] GC(178)   Other: 0.9ms
[2022-05-03T00:42:58.482+0000][889.396s] GC(178) Eden regions: 293->0(289)
[2022-05-03T00:42:58.483+0000][889.397s] GC(178) Survivor regions: 14->18(39)
[2022-05-03T00:42:58.483+0000][889.397s] GC(178) Old regions: 49->49
[2022-05-03T00:42:58.483+0000][889.397s] GC(178) Humongous regions: 7->7
[2022-05-03T00:42:58.484+0000][889.398s] GC(178) Metaspace: 57655K->57655K(1101824K)
[2022-05-03T00:42:58.484+0000][889.398s] GC(178) Pause Young (Normal) (G1 Evacuation Pause) 360M->71M(512M) 10.320ms
[2022-05-03T00:42:58.484+0000][889.398s] GC(178) User=0.04s Sys=0.00s Real=0.02s
[2022-05-03T00:43:00.879+0000][891.793s] GC(179) Pause Young (Normal) (G1 Evacuation Pause)
[2022-05-03T00:43:00.879+0000][891.793s] GC(179) Using 8 workers of 8 for evacuation
[2022-05-03T00:43:00.886+0000][891.800s] GC(179)   Pre Evacuate Collection Set: 0.0ms
[2022-05-03T00:43:00.887+0000][891.801s] GC(179)   Evacuate Collection Set: 4.0ms
[2022-05-03T00:43:00.887+0000][891.801s] GC(179)   Post Evacuate Collection Set: 2.3ms
[2022-05-03T00:43:00.887+0000][891.801s] GC(179)   Other: 1.0ms
[2022-05-03T00:43:00.888+0000][891.802s] GC(179) Eden regions: 289->0(292)
[2022-05-03T00:43:00.888+0000][891.802s] GC(179) Survivor regions: 18->15(39)
[2022-05-03T00:43:00.888+0000][891.802s] GC(179) Old regions: 49->49
[2022-05-03T00:43:00.889+0000][891.803s] GC(179) Humongous regions: 7->7
[2022-05-03T00:43:00.889+0000][891.803s] GC(179) Metaspace: 57655K->57655K(1101824K)
[2022-05-03T00:43:00.889+0000][891.803s] GC(179) Pause Young (Normal) (G1 Evacuation Pause) 360M->68M(512M) 10.309ms
[2022-05-03T00:43:00.889+0000][891.804s] GC(179) User=0.04s Sys=0.00s Real=0.01s
[2022-05-03T00:43:03.882+0000][894.797s] GC(180) Pause Young (Normal) (G1 Evacuation Pause)
[2022-05-03T00:43:03.883+0000][894.797s] GC(180) Using 8 workers of 8 for evacuation
[2022-05-03T00:43:03.889+0000][894.803s] GC(180)   Pre Evacuate Collection Set: 0.0ms
[2022-05-03T00:43:03.890+0000][894.804s] GC(180)   Evacuate Collection Set: 3.7ms
[2022-05-03T00:43:03.890+0000][894.804s] GC(180)   Post Evacuate Collection Set: 2.3ms
[2022-05-03T00:43:03.890+0000][894.804s] GC(180)   Other: 0.7ms
[2022-05-03T00:43:03.891+0000][894.805s] GC(180) Eden regions: 292->0(290)
[2022-05-03T00:43:03.891+0000][894.805s] GC(180) Survivor regions: 15->17(39)
[2022-05-03T00:43:03.891+0000][894.805s] GC(180) Old regions: 49->49
[2022-05-03T00:43:03.892+0000][894.806s] GC(180) Humongous regions: 7->7
[2022-05-03T00:43:03.892+0000][894.806s] GC(180) Metaspace: 57655K->57655K(1101824K)
[2022-05-03T00:43:03.892+0000][894.806s] GC(180) Pause Young (Normal) (G1 Evacuation Pause) 360M->70M(512M) 9.571ms
[2022-05-03T00:43:03.892+0000][894.806s] GC(180) User=0.04s Sys=0.00s Real=0.01s
[2022-05-03T00:43:06.332+0000][897.246s] GC(181) Pause Young (Normal) (G1 Evacuation Pause)
[2022-05-03T00:43:06.333+0000][897.247s] GC(181) Using 8 workers of 8 for evacuation
[2022-05-03T00:43:06.351+0000][897.265s] GC(181)   Pre Evacuate Collection Set: 0.0ms
[2022-05-03T00:43:06.351+0000][897.265s] GC(181)   Evacuate Collection Set: 6.6ms
[2022-05-03T00:43:06.352+0000][897.266s] GC(181)   Post Evacuate Collection Set: 11.0ms
[2022-05-03T00:43:06.352+0000][897.266s] GC(181)   Other: 1.0ms
[2022-05-03T00:43:06.353+0000][897.267s] GC(181) Eden regions: 290->0(291)
[2022-05-03T00:43:06.353+0000][897.267s] GC(181) Survivor regions: 17->16(39)
[2022-05-03T00:43:06.353+0000][897.267s] GC(181) Old regions: 49->49
[2022-05-03T00:43:06.354+0000][897.268s] GC(181) Humongous regions: 7->7
[2022-05-03T00:43:06.354+0000][897.268s] GC(181) Metaspace: 57655K->57655K(1101824K)
[2022-05-03T00:43:06.354+0000][897.269s] GC(181) Pause Young (Normal) (G1 Evacuation Pause) 360M->69M(512M) 22.304ms
[2022-05-03T00:43:06.355+0000][897.269s] GC(181) User=0.13s Sys=0.00s Real=0.03s
[2022-05-03T00:43:09.170+0000][900.084s] GC(182) Pause Young (Normal) (G1 Evacuation Pause)
[2022-05-03T00:43:09.171+0000][900.085s] GC(182) Using 8 workers of 8 for evacuation
[2022-05-03T00:43:09.179+0000][900.093s] GC(182)   Pre Evacuate Collection Set: 0.0ms
[2022-05-03T00:43:09.179+0000][900.093s] GC(182)   Evacuate Collection Set: 5.0ms
[2022-05-03T00:43:09.179+0000][900.093s] GC(182)   Post Evacuate Collection Set: 2.8ms
[2022-05-03T00:43:09.179+0000][900.093s] GC(182)   Other: 0.5ms
[2022-05-03T00:43:09.179+0000][900.094s] GC(182) Eden regions: 291->0(290)
[2022-05-03T00:43:09.180+0000][900.094s] GC(182) Survivor regions: 16->17(39)
[2022-05-03T00:43:09.180+0000][900.094s] GC(182) Old regions: 49->49
[2022-05-03T00:43:09.180+0000][900.094s] GC(182) Humongous regions: 7->7
[2022-05-03T00:43:09.180+0000][900.094s] GC(182) Metaspace: 57656K->57656K(1101824K)
[2022-05-03T00:43:09.180+0000][900.094s] GC(182) Pause Young (Normal) (G1 Evacuation Pause) 360M->70M(512M) 9.828ms
[2022-05-03T00:43:09.180+0000][900.094s] GC(182) User=0.06s Sys=0.00s Real=0.01s
[2022-05-03T00:43:11.651+0000][902.566s] GC(183) Pause Young (Normal) (G1 Evacuation Pause)
[2022-05-03T00:43:11.652+0000][902.566s] GC(183) Using 8 workers of 8 for evacuation
[2022-05-03T00:43:11.658+0000][902.572s] GC(183)   Pre Evacuate Collection Set: 0.0ms
[2022-05-03T00:43:11.659+0000][902.573s] GC(183)   Evacuate Collection Set: 3.0ms
[2022-05-03T00:43:11.659+0000][902.573s] GC(183)   Post Evacuate Collection Set: 3.0ms
[2022-05-03T00:43:11.660+0000][902.574s] GC(183)   Other: 0.8ms
[2022-05-03T00:43:11.660+0000][902.574s] GC(183) Eden regions: 290->0(289)
[2022-05-03T00:43:11.660+0000][902.574s] GC(183) Survivor regions: 17->18(39)
[2022-05-03T00:43:11.661+0000][902.575s] GC(183) Old regions: 49->49
[2022-05-03T00:43:11.661+0000][902.575s] GC(183) Humongous regions: 7->7
[2022-05-03T00:43:11.661+0000][902.575s] GC(183) Metaspace: 57656K->57656K(1101824K)
[2022-05-03T00:43:11.661+0000][902.576s] GC(183) Pause Young (Normal) (G1 Evacuation Pause) 360M->71M(512M) 10.014ms
[2022-05-03T00:43:11.662+0000][902.576s] GC(183) User=0.04s Sys=0.00s Real=0.01s
[2022-05-03T00:43:14.208+0000][905.122s] GC(184) Pause Young (Normal) (G1 Evacuation Pause)
[2022-05-03T00:43:14.208+0000][905.123s] GC(184) Using 8 workers of 8 for evacuation
[2022-05-03T00:43:14.215+0000][905.129s] GC(184)   Pre Evacuate Collection Set: 0.0ms
[2022-05-03T00:43:14.215+0000][905.129s] GC(184)   Evacuate Collection Set: 3.1ms
[2022-05-03T00:43:14.215+0000][905.130s] GC(184)   Post Evacuate Collection Set: 2.7ms
[2022-05-03T00:43:14.216+0000][905.130s] GC(184)   Other: 0.7ms
[2022-05-03T00:43:14.216+0000][905.130s] GC(184) Eden regions: 289->0(292)
[2022-05-03T00:43:14.216+0000][905.131s] GC(184) Survivor regions: 18->15(39)
[2022-05-03T00:43:14.217+0000][905.131s] GC(184) Old regions: 49->49
[2022-05-03T00:43:14.217+0000][905.131s] GC(184) Humongous regions: 7->7
[2022-05-03T00:43:14.217+0000][905.131s] GC(184) Metaspace: 57656K->57656K(1101824K)
[2022-05-03T00:43:14.217+0000][905.132s] GC(184) Pause Young (Normal) (G1 Evacuation Pause) 360M->68M(512M) 9.333ms
[2022-05-03T00:43:14.218+0000][905.132s] GC(184) User=0.03s Sys=0.00s Real=0.01s
[2022-05-03T00:43:16.935+0000][907.849s] GC(185) Pause Young (Normal) (G1 Evacuation Pause)
[2022-05-03T00:43:16.935+0000][907.849s] GC(185) Using 8 workers of 8 for evacuation
[2022-05-03T00:43:16.942+0000][907.856s] GC(185)   Pre Evacuate Collection Set: 0.0ms
[2022-05-03T00:43:16.942+0000][907.856s] GC(185)   Evacuate Collection Set: 2.9ms
[2022-05-03T00:43:16.943+0000][907.857s] GC(185)   Post Evacuate Collection Set: 3.2ms
[2022-05-03T00:43:16.943+0000][907.857s] GC(185)   Other: 0.9ms
[2022-05-03T00:43:16.943+0000][907.857s] GC(185) Eden regions: 292->0(289)
[2022-05-03T00:43:16.944+0000][907.858s] GC(185) Survivor regions: 15->18(39)
[2022-05-03T00:43:16.944+0000][907.858s] GC(185) Old regions: 49->49
[2022-05-03T00:43:16.944+0000][907.858s] GC(185) Humongous regions: 7->7
[2022-05-03T00:43:16.945+0000][907.859s] GC(185) Metaspace: 57656K->57656K(1101824K)
[2022-05-03T00:43:16.945+0000][907.859s] GC(185) Pause Young (Normal) (G1 Evacuation Pause) 360M->72M(512M) 10.165ms
[2022-05-03T00:43:16.945+0000][907.860s] GC(185) User=0.04s Sys=0.00s Real=0.01s
[2022-05-03T00:43:19.629+0000][910.543s] GC(186) Pause Young (Normal) (G1 Evacuation Pause)
[2022-05-03T00:43:19.629+0000][910.543s] GC(186) Using 8 workers of 8 for evacuation
[2022-05-03T00:43:19.635+0000][910.549s] GC(186)   Pre Evacuate Collection Set: 0.0ms
[2022-05-03T00:43:19.636+0000][910.550s] GC(186)   Evacuate Collection Set: 2.7ms
[2022-05-03T00:43:19.636+0000][910.550s] GC(186)   Post Evacuate Collection Set: 2.6ms
[2022-05-03T00:43:19.636+0000][910.551s] GC(186)   Other: 1.0ms
[2022-05-03T00:43:19.637+0000][910.551s] GC(186) Eden regions: 289->0(293)
[2022-05-03T00:43:19.637+0000][910.551s] GC(186) Survivor regions: 18->14(39)
[2022-05-03T00:43:19.637+0000][910.552s] GC(186) Old regions: 49->49
[2022-05-03T00:43:19.638+0000][910.552s] GC(186) Humongous regions: 7->7
[2022-05-03T00:43:19.638+0000][910.552s] GC(186) Metaspace: 57656K->57656K(1101824K)
[2022-05-03T00:43:19.638+0000][910.552s] GC(186) Pause Young (Normal) (G1 Evacuation Pause) 361M->68M(512M) 9.434ms
[2022-05-03T00:43:19.639+0000][910.553s] GC(186) User=0.04s Sys=0.00s Real=0.01s
[2022-05-03T00:43:22.397+0000][913.312s] GC(187) Pause Young (Normal) (G1 Evacuation Pause)
[2022-05-03T00:43:22.398+0000][913.312s] GC(187) Using 8 workers of 8 for evacuation
[2022-05-03T00:43:22.404+0000][913.319s] GC(187)   Pre Evacuate Collection Set: 0.0ms
[2022-05-03T00:43:22.405+0000][913.319s] GC(187)   Evacuate Collection Set: 3.6ms
[2022-05-03T00:43:22.405+0000][913.319s] GC(187)   Post Evacuate Collection Set: 2.5ms
[2022-05-03T00:43:22.406+0000][913.320s] GC(187)   Other: 1.0ms
[2022-05-03T00:43:22.406+0000][913.320s] GC(187) Eden regions: 293->0(289)
[2022-05-03T00:43:22.407+0000][913.321s] GC(187) Survivor regions: 14->18(39)
[2022-05-03T00:43:22.407+0000][913.321s] GC(187) Old regions: 49->49
[2022-05-03T00:43:22.407+0000][913.321s] GC(187) Humongous regions: 7->7
[2022-05-03T00:43:22.408+0000][913.322s] GC(187) Metaspace: 57656K->57656K(1101824K)
[2022-05-03T00:43:22.408+0000][913.322s] GC(187) Pause Young (Normal) (G1 Evacuation Pause) 361M->71M(512M) 10.492ms
[2022-05-03T00:43:22.408+0000][913.322s] GC(187) User=0.03s Sys=0.02s Real=0.01s
[2022-05-03T00:43:24.765+0000][915.680s] GC(188) Pause Young (Normal) (G1 Evacuation Pause)
[2022-05-03T00:43:24.766+0000][915.680s] GC(188) Using 8 workers of 8 for evacuation
[2022-05-03T00:43:24.777+0000][915.691s] GC(188)   Pre Evacuate Collection Set: 0.0ms
[2022-05-03T00:43:24.777+0000][915.691s] GC(188)   Evacuate Collection Set: 5.8ms
[2022-05-03T00:43:24.778+0000][915.692s] GC(188)   Post Evacuate Collection Set: 4.7ms
[2022-05-03T00:43:24.778+0000][915.692s] GC(188)   Other: 0.9ms
[2022-05-03T00:43:24.778+0000][915.692s] GC(188) Eden regions: 289->0(290)
[2022-05-03T00:43:24.779+0000][915.693s] GC(188) Survivor regions: 18->17(39)
[2022-05-03T00:43:24.779+0000][915.693s] GC(188) Old regions: 49->49
[2022-05-03T00:43:24.779+0000][915.693s] GC(188) Humongous regions: 7->7
[2022-05-03T00:43:24.779+0000][915.694s] GC(188) Metaspace: 57656K->57656K(1101824K)
[2022-05-03T00:43:24.780+0000][915.694s] GC(188) Pause Young (Normal) (G1 Evacuation Pause) 360M->71M(512M) 14.135ms
[2022-05-03T00:43:24.780+0000][915.694s] GC(188) User=0.08s Sys=0.00s Real=0.01s
[2022-05-03T00:43:27.592+0000][918.506s] GC(189) Pause Young (Normal) (G1 Evacuation Pause)
[2022-05-03T00:43:27.592+0000][918.506s] GC(189) Using 8 workers of 8 for evacuation
[2022-05-03T00:43:27.598+0000][918.512s] GC(189)   Pre Evacuate Collection Set: 0.0ms
[2022-05-03T00:43:27.598+0000][918.512s] GC(189)   Evacuate Collection Set: 2.9ms
[2022-05-03T00:43:27.599+0000][918.513s] GC(189)   Post Evacuate Collection Set: 2.5ms
[2022-05-03T00:43:27.599+0000][918.513s] GC(189)   Other: 0.7ms
[2022-05-03T00:43:27.600+0000][918.514s] GC(189) Eden regions: 290->0(292)
[2022-05-03T00:43:27.600+0000][918.514s] GC(189) Survivor regions: 17->15(39)
[2022-05-03T00:43:27.600+0000][918.514s] GC(189) Old regions: 49->49
[2022-05-03T00:43:27.601+0000][918.515s] GC(189) Humongous regions: 7->7
[2022-05-03T00:43:27.601+0000][918.515s] GC(189) Metaspace: 57656K->57656K(1101824K)
[2022-05-03T00:43:27.601+0000][918.515s] GC(189) Pause Young (Normal) (G1 Evacuation Pause) 361M->69M(512M) 9.451ms
[2022-05-03T00:43:27.601+0000][918.516s] GC(189) User=0.03s Sys=0.00s Real=0.01s
[2022-05-03T00:43:30.132+0000][921.046s] GC(190) Pause Young (Normal) (G1 Evacuation Pause)
[2022-05-03T00:43:30.133+0000][921.047s] GC(190) Using 8 workers of 8 for evacuation
[2022-05-03T00:43:30.139+0000][921.053s] GC(190)   Pre Evacuate Collection Set: 0.0ms
[2022-05-03T00:43:30.139+0000][921.053s] GC(190)   Evacuate Collection Set: 2.5ms
[2022-05-03T00:43:30.140+0000][921.054s] GC(190)   Post Evacuate Collection Set: 3.1ms
[2022-05-03T00:43:30.140+0000][921.054s] GC(190)   Other: 0.9ms
[2022-05-03T00:43:30.140+0000][921.055s] GC(190) Eden regions: 292->0(290)
[2022-05-03T00:43:30.141+0000][921.055s] GC(190) Survivor regions: 15->17(39)
[2022-05-03T00:43:30.141+0000][921.055s] GC(190) Old regions: 49->49
[2022-05-03T00:43:30.141+0000][921.056s] GC(190) Humongous regions: 7->7
[2022-05-03T00:43:30.142+0000][921.056s] GC(190) Metaspace: 57656K->57656K(1101824K)
[2022-05-03T00:43:30.142+0000][921.056s] GC(190) Pause Young (Normal) (G1 Evacuation Pause) 361M->71M(512M) 9.876ms
[2022-05-03T00:43:30.142+0000][921.057s] GC(190) User=0.04s Sys=0.00s Real=0.01s
[2022-05-03T00:43:32.937+0000][923.851s] GC(191) Pause Young (Normal) (G1 Evacuation Pause)
[2022-05-03T00:43:32.937+0000][923.851s] GC(191) Using 8 workers of 8 for evacuation
[2022-05-03T00:43:32.943+0000][923.857s] GC(191)   Pre Evacuate Collection Set: 0.0ms
[2022-05-03T00:43:32.943+0000][923.857s] GC(191)   Evacuate Collection Set: 2.8ms
[2022-05-03T00:43:32.944+0000][923.858s] GC(191)   Post Evacuate Collection Set: 2.4ms
[2022-05-03T00:43:32.944+0000][923.858s] GC(191)   Other: 0.7ms
[2022-05-03T00:43:32.944+0000][923.858s] GC(191) Eden regions: 290->0(291)
[2022-05-03T00:43:32.945+0000][923.859s] GC(191) Survivor regions: 17->16(39)
[2022-05-03T00:43:32.945+0000][923.859s] GC(191) Old regions: 49->49
[2022-05-03T00:43:32.945+0000][923.859s] GC(191) Humongous regions: 7->7
[2022-05-03T00:43:32.946+0000][923.860s] GC(191) Metaspace: 57656K->57656K(1101824K)
[2022-05-03T00:43:32.946+0000][923.860s] GC(191) Pause Young (Normal) (G1 Evacuation Pause) 361M->70M(512M) 9.055ms
[2022-05-03T00:43:32.946+0000][923.860s] GC(191) User=0.03s Sys=0.00s Real=0.01s
[2022-05-03T00:43:35.385+0000][926.299s] GC(192) Pause Young (Normal) (G1 Evacuation Pause)
[2022-05-03T00:43:35.385+0000][926.300s] GC(192) Using 8 workers of 8 for evacuation
[2022-05-03T00:43:35.400+0000][926.314s] GC(192)   Pre Evacuate Collection Set: 0.0ms
[2022-05-03T00:43:35.400+0000][926.315s] GC(192)   Evacuate Collection Set: 8.8ms
[2022-05-03T00:43:35.401+0000][926.315s] GC(192)   Post Evacuate Collection Set: 5.1ms
[2022-05-03T00:43:35.401+0000][926.315s] GC(192)   Other: 1.0ms
[2022-05-03T00:43:35.402+0000][926.316s] GC(192) Eden regions: 291->0(289)
[2022-05-03T00:43:35.402+0000][926.316s] GC(192) Survivor regions: 16->18(39)
[2022-05-03T00:43:35.403+0000][926.317s] GC(192) Old regions: 49->49
[2022-05-03T00:43:35.403+0000][926.317s] GC(192) Humongous regions: 7->7
[2022-05-03T00:43:35.403+0000][926.317s] GC(192) Metaspace: 57656K->57656K(1101824K)
[2022-05-03T00:43:35.403+0000][926.318s] GC(192) Pause Young (Normal) (G1 Evacuation Pause) 361M->72M(512M) 18.334ms
[2022-05-03T00:43:35.404+0000][926.318s] GC(192) User=0.11s Sys=0.01s Real=0.01s
[2022-05-03T00:43:37.883+0000][928.797s] GC(193) Pause Young (Normal) (G1 Evacuation Pause)
[2022-05-03T00:43:37.883+0000][928.798s] GC(193) Using 8 workers of 8 for evacuation
[2022-05-03T00:43:37.889+0000][928.803s] GC(193)   Pre Evacuate Collection Set: 0.0ms
[2022-05-03T00:43:37.889+0000][928.803s] GC(193)   Evacuate Collection Set: 2.4ms
[2022-05-03T00:43:37.890+0000][928.804s] GC(193)   Post Evacuate Collection Set: 2.4ms
[2022-05-03T00:43:37.890+0000][928.804s] GC(193)   Other: 0.9ms
[2022-05-03T00:43:37.890+0000][928.804s] GC(193) Eden regions: 289->0(293)
[2022-05-03T00:43:37.891+0000][928.805s] GC(193) Survivor regions: 18->14(39)
[2022-05-03T00:43:37.891+0000][928.805s] GC(193) Old regions: 49->49
[2022-05-03T00:43:37.892+0000][928.806s] GC(193) Humongous regions: 7->7
[2022-05-03T00:43:37.892+0000][928.806s] GC(193) Metaspace: 57656K->57656K(1101824K)
[2022-05-03T00:43:37.892+0000][928.806s] GC(193) Pause Young (Normal) (G1 Evacuation Pause) 361M->68M(512M) 9.198ms
[2022-05-03T00:43:37.893+0000][928.807s] GC(193) User=0.03s Sys=0.00s Real=0.01s
[2022-05-03T00:43:40.758+0000][931.672s] GC(194) Pause Young (Normal) (G1 Evacuation Pause)
[2022-05-03T00:43:40.758+0000][931.673s] GC(194) Using 8 workers of 8 for evacuation
[2022-05-03T00:43:40.765+0000][931.679s] GC(194)   Pre Evacuate Collection Set: 0.0ms
[2022-05-03T00:43:40.766+0000][931.680s] GC(194)   Evacuate Collection Set: 3.9ms
[2022-05-03T00:43:40.766+0000][931.680s] GC(194)   Post Evacuate Collection Set: 2.7ms
[2022-05-03T00:43:40.767+0000][931.681s] GC(194)   Other: 0.6ms
[2022-05-03T00:43:40.767+0000][931.681s] GC(194) Eden regions: 293->0(290)
[2022-05-03T00:43:40.767+0000][931.681s] GC(194) Survivor regions: 14->17(39)
[2022-05-03T00:43:40.768+0000][931.682s] GC(194) Old regions: 49->49
[2022-05-03T00:43:40.768+0000][931.682s] GC(194) Humongous regions: 7->7
[2022-05-03T00:43:40.768+0000][931.682s] GC(194) Metaspace: 57656K->57656K(1101824K)
[2022-05-03T00:43:40.769+0000][931.683s] GC(194) Pause Young (Normal) (G1 Evacuation Pause) 361M->71M(512M) 10.595ms
[2022-05-03T00:43:40.769+0000][931.683s] GC(194) User=0.04s Sys=0.00s Real=0.01s
[2022-05-03T00:43:43.189+0000][934.103s] GC(195) Pause Young (Normal) (G1 Evacuation Pause)
[2022-05-03T00:43:43.189+0000][934.103s] GC(195) Using 8 workers of 8 for evacuation
[2022-05-03T00:43:43.199+0000][934.113s] GC(195)   Pre Evacuate Collection Set: 0.0ms
[2022-05-03T00:43:43.199+0000][934.113s] GC(195)   Evacuate Collection Set: 3.4ms
[2022-05-03T00:43:43.199+0000][934.113s] GC(195)   Post Evacuate Collection Set: 5.8ms
[2022-05-03T00:43:43.199+0000][934.113s] GC(195)   Other: 0.8ms
[2022-05-03T00:43:43.199+0000][934.114s] GC(195) Eden regions: 290->0(289)
[2022-05-03T00:43:43.200+0000][934.114s] GC(195) Survivor regions: 17->18(39)
[2022-05-03T00:43:43.200+0000][934.114s] GC(195) Old regions: 49->50
[2022-05-03T00:43:43.200+0000][934.114s] GC(195) Humongous regions: 7->7
[2022-05-03T00:43:43.200+0000][934.114s] GC(195) Metaspace: 57656K->57656K(1101824K)
[2022-05-03T00:43:43.200+0000][934.115s] GC(195) Pause Young (Normal) (G1 Evacuation Pause) 361M->72M(512M) 11.871ms
[2022-05-03T00:43:43.201+0000][934.115s] GC(195) User=0.07s Sys=0.00s Real=0.01s
[2022-05-03T00:43:45.815+0000][936.730s] GC(196) Pause Young (Normal) (G1 Evacuation Pause)
[2022-05-03T00:43:45.816+0000][936.730s] GC(196) Using 8 workers of 8 for evacuation
[2022-05-03T00:43:45.822+0000][936.736s] GC(196)   Pre Evacuate Collection Set: 0.0ms
[2022-05-03T00:43:45.822+0000][936.736s] GC(196)   Evacuate Collection Set: 2.7ms
[2022-05-03T00:43:45.822+0000][936.737s] GC(196)   Post Evacuate Collection Set: 2.7ms
[2022-05-03T00:43:45.823+0000][936.737s] GC(196)   Other: 1.0ms
[2022-05-03T00:43:45.823+0000][936.737s] GC(196) Eden regions: 289->0(292)
[2022-05-03T00:43:45.824+0000][936.738s] GC(196) Survivor regions: 18->15(39)
[2022-05-03T00:43:45.824+0000][936.738s] GC(196) Old regions: 50->50
[2022-05-03T00:43:45.824+0000][936.738s] GC(196) Humongous regions: 7->7
[2022-05-03T00:43:45.825+0000][936.739s] GC(196) Metaspace: 57656K->57656K(1101824K)
[2022-05-03T00:43:45.825+0000][936.739s] GC(196) Pause Young (Normal) (G1 Evacuation Pause) 361M->69M(512M) 9.572ms
[2022-05-03T00:43:45.825+0000][936.739s] GC(196) User=0.03s Sys=0.00s Real=0.01s
[2022-05-03T00:43:48.472+0000][939.387s] GC(197) Pause Young (Normal) (G1 Evacuation Pause)
[2022-05-03T00:43:48.473+0000][939.387s] GC(197) Using 8 workers of 8 for evacuation
[2022-05-03T00:43:48.480+0000][939.394s] GC(197)   Pre Evacuate Collection Set: 0.0ms
[2022-05-03T00:43:48.480+0000][939.394s] GC(197)   Evacuate Collection Set: 3.7ms
[2022-05-03T00:43:48.481+0000][939.395s] GC(197)   Post Evacuate Collection Set: 2.6ms
[2022-05-03T00:43:48.481+0000][939.395s] GC(197)   Other: 1.0ms
[2022-05-03T00:43:48.482+0000][939.396s] GC(197) Eden regions: 292->0(289)
[2022-05-03T00:43:48.482+0000][939.396s] GC(197) Survivor regions: 15->18(39)
[2022-05-03T00:43:48.482+0000][939.396s] GC(197) Old regions: 50->50
[2022-05-03T00:43:48.483+0000][939.397s] GC(197) Humongous regions: 7->7
[2022-05-03T00:43:48.483+0000][939.397s] GC(197) Metaspace: 57656K->57656K(1101824K)
[2022-05-03T00:43:48.483+0000][939.398s] GC(197) Pause Young (Normal) (G1 Evacuation Pause) 361M->72M(512M) 11.000ms
[2022-05-03T00:43:48.484+0000][939.398s] GC(197) User=0.04s Sys=0.00s Real=0.01s
[2022-05-03T00:43:50.882+0000][941.796s] GC(198) Pause Young (Normal) (G1 Evacuation Pause)
[2022-05-03T00:43:50.883+0000][941.797s] GC(198) Using 8 workers of 8 for evacuation
[2022-05-03T00:43:50.890+0000][941.804s] GC(198)   Pre Evacuate Collection Set: 0.0ms
[2022-05-03T00:43:50.890+0000][941.804s] GC(198)   Evacuate Collection Set: 3.2ms
[2022-05-03T00:43:50.891+0000][941.805s] GC(198)   Post Evacuate Collection Set: 3.2ms
[2022-05-03T00:43:50.891+0000][941.805s] GC(198)   Other: 1.0ms
[2022-05-03T00:43:50.891+0000][941.805s] GC(198) Eden regions: 289->0(288)
[2022-05-03T00:43:50.892+0000][941.806s] GC(198) Survivor regions: 18->19(39)
[2022-05-03T00:43:50.892+0000][941.806s] GC(198) Old regions: 50->50
[2022-05-03T00:43:50.892+0000][941.807s] GC(198) Humongous regions: 7->7
[2022-05-03T00:43:50.893+0000][941.807s] GC(198) Metaspace: 57656K->57656K(1101824K)
[2022-05-03T00:43:50.893+0000][941.807s] GC(198) Pause Young (Normal) (G1 Evacuation Pause) 361M->73M(512M) 10.761ms
[2022-05-03T00:43:50.893+0000][941.807s] GC(198) User=0.05s Sys=0.00s Real=0.01s
[2022-05-03T00:43:53.428+0000][944.342s] GC(199) Pause Young (Normal) (G1 Evacuation Pause)
[2022-05-03T00:43:53.429+0000][944.343s] GC(199) Using 8 workers of 8 for evacuation
[2022-05-03T00:43:53.434+0000][944.348s] GC(199)   Pre Evacuate Collection Set: 0.0ms
[2022-05-03T00:43:53.434+0000][944.349s] GC(199)   Evacuate Collection Set: 2.6ms
[2022-05-03T00:43:53.435+0000][944.349s] GC(199)   Post Evacuate Collection Set: 2.3ms
[2022-05-03T00:43:53.435+0000][944.349s] GC(199)   Other: 0.9ms
[2022-05-03T00:43:53.436+0000][944.350s] GC(199) Eden regions: 288->0(291)
[2022-05-03T00:43:53.436+0000][944.350s] GC(199) Survivor regions: 19->16(39)
[2022-05-03T00:43:53.436+0000][944.350s] GC(199) Old regions: 50->50
[2022-05-03T00:43:53.437+0000][944.351s] GC(199) Humongous regions: 7->7
[2022-05-03T00:43:53.437+0000][944.351s] GC(199) Metaspace: 57656K->57656K(1101824K)
[2022-05-03T00:43:53.437+0000][944.351s] GC(199) Pause Young (Normal) (G1 Evacuation Pause) 361M->70M(512M) 9.066ms
[2022-05-03T00:43:53.438+0000][944.352s] GC(199) User=0.03s Sys=0.01s Real=0.01s
[2022-05-03T00:43:56.139+0000][947.053s] GC(200) Pause Young (Normal) (G1 Evacuation Pause)
[2022-05-03T00:43:56.139+0000][947.053s] GC(200) Using 8 workers of 8 for evacuation
[2022-05-03T00:43:56.145+0000][947.060s] GC(200)   Pre Evacuate Collection Set: 0.0ms
[2022-05-03T00:43:56.146+0000][947.060s] GC(200)   Evacuate Collection Set: 3.8ms
[2022-05-03T00:43:56.146+0000][947.060s] GC(200)   Post Evacuate Collection Set: 2.3ms
[2022-05-03T00:43:56.147+0000][947.061s] GC(200)   Other: 0.6ms
[2022-05-03T00:43:56.147+0000][947.061s] GC(200) Eden regions: 291->0(289)
[2022-05-03T00:43:56.147+0000][947.062s] GC(200) Survivor regions: 16->18(39)
[2022-05-03T00:43:56.148+0000][947.062s] GC(200) Old regions: 50->50
[2022-05-03T00:43:56.148+0000][947.062s] GC(200) Humongous regions: 7->7
[2022-05-03T00:43:56.148+0000][947.062s] GC(200) Metaspace: 57656K->57656K(1101824K)
[2022-05-03T00:43:56.149+0000][947.063s] GC(200) Pause Young (Normal) (G1 Evacuation Pause) 361M->72M(512M) 9.873ms
[2022-05-03T00:43:56.149+0000][947.063s] GC(200) User=0.04s Sys=0.00s Real=0.01s
[2022-05-03T00:43:58.628+0000][949.542s] GC(201) Pause Young (Normal) (G1 Evacuation Pause)
[2022-05-03T00:43:58.628+0000][949.542s] GC(201) Using 8 workers of 8 for evacuation
[2022-05-03T00:43:58.634+0000][949.548s] GC(201)   Pre Evacuate Collection Set: 0.0ms
[2022-05-03T00:43:58.635+0000][949.549s] GC(201)   Evacuate Collection Set: 2.4ms
[2022-05-03T00:43:58.635+0000][949.549s] GC(201)   Post Evacuate Collection Set: 3.1ms
[2022-05-03T00:43:58.636+0000][949.550s] GC(201)   Other: 0.9ms
[2022-05-03T00:43:58.636+0000][949.550s] GC(201) Eden regions: 289->0(289)
[2022-05-03T00:43:58.636+0000][949.550s] GC(201) Survivor regions: 18->18(39)
[2022-05-03T00:43:58.637+0000][949.551s] GC(201) Old regions: 50->50
[2022-05-03T00:43:58.637+0000][949.551s] GC(201) Humongous regions: 7->7
[2022-05-03T00:43:58.637+0000][949.551s] GC(201) Metaspace: 57656K->57656K(1101824K)
[2022-05-03T00:43:58.638+0000][949.552s] GC(201) Pause Young (Normal) (G1 Evacuation Pause) 361M->72M(512M) 9.949ms
[2022-05-03T00:43:58.638+0000][949.552s] GC(201) User=0.04s Sys=0.00s Real=0.01s
[2022-05-03T00:44:01.300+0000][952.214s] GC(202) Pause Young (Normal) (G1 Evacuation Pause)
[2022-05-03T00:44:01.301+0000][952.215s] GC(202) Using 8 workers of 8 for evacuation
[2022-05-03T00:44:01.307+0000][952.221s] GC(202)   Pre Evacuate Collection Set: 0.0ms
[2022-05-03T00:44:01.307+0000][952.221s] GC(202)   Evacuate Collection Set: 2.7ms
[2022-05-03T00:44:01.308+0000][952.222s] GC(202)   Post Evacuate Collection Set: 2.9ms
[2022-05-03T00:44:01.308+0000][952.222s] GC(202)   Other: 1.0ms
[2022-05-03T00:44:01.309+0000][952.223s] GC(202) Eden regions: 289->0(292)
[2022-05-03T00:44:01.309+0000][952.223s] GC(202) Survivor regions: 18->15(39)
[2022-05-03T00:44:01.309+0000][952.223s] GC(202) Old regions: 50->50
[2022-05-03T00:44:01.310+0000][952.224s] GC(202) Humongous regions: 7->7
[2022-05-03T00:44:01.310+0000][952.224s] GC(202) Metaspace: 57656K->57656K(1101824K)
[2022-05-03T00:44:01.311+0000][952.225s] GC(202) Pause Young (Normal) (G1 Evacuation Pause) 361M->70M(512M) 10.334ms
[2022-05-03T00:44:01.311+0000][952.225s] GC(202) User=0.03s Sys=0.00s Real=0.01s
[2022-05-03T00:44:03.903+0000][954.817s] GC(203) Pause Young (Normal) (G1 Evacuation Pause)
[2022-05-03T00:44:03.903+0000][954.818s] GC(203) Using 8 workers of 8 for evacuation
[2022-05-03T00:44:03.917+0000][954.831s] GC(203)   Pre Evacuate Collection Set: 0.0ms
[2022-05-03T00:44:03.917+0000][954.832s] GC(203)   Evacuate Collection Set: 8.2ms
[2022-05-03T00:44:03.918+0000][954.832s] GC(203)   Post Evacuate Collection Set: 5.1ms
[2022-05-03T00:44:03.918+0000][954.832s] GC(203)   Other: 0.4ms
[2022-05-03T00:44:03.919+0000][954.833s] GC(203) Eden regions: 292->0(290)
[2022-05-03T00:44:03.919+0000][954.833s] GC(203) Survivor regions: 15->17(39)
[2022-05-03T00:44:03.919+0000][954.834s] GC(203) Old regions: 50->50
[2022-05-03T00:44:03.920+0000][954.834s] GC(203) Humongous regions: 7->7
[2022-05-03T00:44:03.920+0000][954.834s] GC(203) Metaspace: 57656K->57656K(1101824K)
[2022-05-03T00:44:03.920+0000][954.835s] GC(203) Pause Young (Normal) (G1 Evacuation Pause) 362M->71M(512M) 17.172ms
[2022-05-03T00:44:03.921+0000][954.835s] GC(203) User=0.10s Sys=0.00s Real=0.02s
[2022-05-03T00:44:06.342+0000][957.257s] GC(204) Pause Young (Normal) (G1 Evacuation Pause)
[2022-05-03T00:44:06.343+0000][957.257s] GC(204) Using 8 workers of 8 for evacuation
[2022-05-03T00:44:06.354+0000][957.268s] GC(204)   Pre Evacuate Collection Set: 0.0ms
[2022-05-03T00:44:06.354+0000][957.268s] GC(204)   Evacuate Collection Set: 2.3ms
[2022-05-03T00:44:06.354+0000][957.268s] GC(204)   Post Evacuate Collection Set: 8.2ms
[2022-05-03T00:44:06.354+0000][957.269s] GC(204)   Other: 0.6ms
[2022-05-03T00:44:06.355+0000][957.269s] GC(204) Eden regions: 290->0(293)
[2022-05-03T00:44:06.355+0000][957.269s] GC(204) Survivor regions: 17->14(39)
[2022-05-03T00:44:06.355+0000][957.269s] GC(204) Old regions: 50->50
[2022-05-03T00:44:06.356+0000][957.270s] GC(204) Humongous regions: 7->7
[2022-05-03T00:44:06.356+0000][957.270s] GC(204) Metaspace: 57656K->57656K(1101824K)
[2022-05-03T00:44:06.356+0000][957.270s] GC(204) Pause Young (Normal) (G1 Evacuation Pause) 361M->68M(512M) 13.749ms
[2022-05-03T00:44:06.357+0000][957.271s] GC(204) User=0.08s Sys=0.00s Real=0.02s
[2022-05-03T00:44:09.002+0000][959.917s] GC(205) Pause Young (Normal) (G1 Evacuation Pause)
[2022-05-03T00:44:09.003+0000][959.917s] GC(205) Using 8 workers of 8 for evacuation
[2022-05-03T00:44:09.008+0000][959.923s] GC(205)   Pre Evacuate Collection Set: 0.0ms
[2022-05-03T00:44:09.009+0000][959.923s] GC(205)   Evacuate Collection Set: 2.7ms
[2022-05-03T00:44:09.009+0000][959.923s] GC(205)   Post Evacuate Collection Set: 2.3ms
[2022-05-03T00:44:09.010+0000][959.924s] GC(205)   Other: 1.0ms
[2022-05-03T00:44:09.010+0000][959.924s] GC(205) Eden regions: 293->0(292)
[2022-05-03T00:44:09.010+0000][959.924s] GC(205) Survivor regions: 14->15(39)
[2022-05-03T00:44:09.011+0000][959.925s] GC(205) Old regions: 50->50
[2022-05-03T00:44:09.011+0000][959.925s] GC(205) Humongous regions: 7->7
[2022-05-03T00:44:09.011+0000][959.925s] GC(205) Metaspace: 57656K->57656K(1101824K)
[2022-05-03T00:44:09.012+0000][959.926s] GC(205) Pause Young (Normal) (G1 Evacuation Pause) 361M->70M(512M) 9.240ms
[2022-05-03T00:44:09.012+0000][959.926s] GC(205) User=0.03s Sys=0.00s Real=0.01s
[2022-05-03T00:44:11.622+0000][962.536s] GC(206) Pause Young (Normal) (G1 Evacuation Pause)
[2022-05-03T00:44:11.623+0000][962.537s] GC(206) Using 8 workers of 8 for evacuation
[2022-05-03T00:44:11.644+0000][962.558s] GC(206)   Pre Evacuate Collection Set: 0.0ms
[2022-05-03T00:44:11.644+0000][962.558s] GC(206)   Evacuate Collection Set: 11.4ms
[2022-05-03T00:44:11.644+0000][962.559s] GC(206)   Post Evacuate Collection Set: 9.6ms
[2022-05-03T00:44:11.645+0000][962.559s] GC(206)   Other: 0.7ms
[2022-05-03T00:44:11.645+0000][962.559s] GC(206) Eden regions: 292->0(289)
[2022-05-03T00:44:11.645+0000][962.559s] GC(206) Survivor regions: 15->18(39)
[2022-05-03T00:44:11.645+0000][962.560s] GC(206) Old regions: 50->50
[2022-05-03T00:44:11.646+0000][962.560s] GC(206) Humongous regions: 7->7
[2022-05-03T00:44:11.646+0000][962.560s] GC(206) Metaspace: 57656K->57656K(1101824K)
[2022-05-03T00:44:11.646+0000][962.560s] GC(206) Pause Young (Normal) (G1 Evacuation Pause) 362M->72M(512M) 23.869ms
[2022-05-03T00:44:11.646+0000][962.560s] GC(206) User=0.16s Sys=0.00s Real=0.03s
[2022-05-03T00:44:14.055+0000][964.969s] GC(207) Pause Young (Normal) (G1 Evacuation Pause)
[2022-05-03T00:44:14.055+0000][964.970s] GC(207) Using 8 workers of 8 for evacuation
[2022-05-03T00:44:14.061+0000][964.975s] GC(207)   Pre Evacuate Collection Set: 0.0ms
[2022-05-03T00:44:14.062+0000][964.976s] GC(207)   Evacuate Collection Set: 2.7ms
[2022-05-03T00:44:14.062+0000][964.976s] GC(207)   Post Evacuate Collection Set: 2.4ms
[2022-05-03T00:44:14.062+0000][964.976s] GC(207)   Other: 0.9ms
[2022-05-03T00:44:14.063+0000][964.977s] GC(207) Eden regions: 289->0(291)
[2022-05-03T00:44:14.063+0000][964.977s] GC(207) Survivor regions: 18->16(39)
[2022-05-03T00:44:14.063+0000][964.977s] GC(207) Old regions: 50->50
[2022-05-03T00:44:14.064+0000][964.978s] GC(207) Humongous regions: 7->7
[2022-05-03T00:44:14.064+0000][964.978s] GC(207) Metaspace: 57657K->57657K(1101824K)
[2022-05-03T00:44:14.064+0000][964.978s] GC(207) Pause Young (Normal) (G1 Evacuation Pause) 361M->70M(512M) 9.204ms
[2022-05-03T00:44:14.064+0000][964.979s] GC(207) User=0.04s Sys=0.01s Real=0.01s
[2022-05-03T00:44:16.621+0000][967.536s] GC(208) Pause Young (Normal) (G1 Evacuation Pause)
[2022-05-03T00:44:16.622+0000][967.536s] GC(208) Using 8 workers of 8 for evacuation
[2022-05-03T00:44:16.628+0000][967.542s] GC(208)   Pre Evacuate Collection Set: 0.0ms
[2022-05-03T00:44:16.628+0000][967.542s] GC(208)   Evacuate Collection Set: 2.7ms
[2022-05-03T00:44:16.628+0000][967.543s] GC(208)   Post Evacuate Collection Set: 2.5ms
[2022-05-03T00:44:16.629+0000][967.543s] GC(208)   Other: 1.0ms
[2022-05-03T00:44:16.629+0000][967.543s] GC(208) Eden regions: 291->0(291)
[2022-05-03T00:44:16.630+0000][967.544s] GC(208) Survivor regions: 16->16(39)
[2022-05-03T00:44:16.630+0000][967.544s] GC(208) Old regions: 50->50
[2022-05-03T00:44:16.630+0000][967.544s] GC(208) Humongous regions: 7->7
[2022-05-03T00:44:16.631+0000][967.545s] GC(208) Metaspace: 57657K->57657K(1101824K)
[2022-05-03T00:44:16.631+0000][967.545s] GC(208) Pause Young (Normal) (G1 Evacuation Pause) 361M->70M(512M) 9.422ms
[2022-05-03T00:44:16.631+0000][967.545s] GC(208) User=0.03s Sys=0.00s Real=0.01s
[2022-05-03T00:44:19.555+0000][970.470s] GC(209) Pause Young (Normal) (G1 Evacuation Pause)
[2022-05-03T00:44:19.556+0000][970.470s] GC(209) Using 8 workers of 8 for evacuation
[2022-05-03T00:44:19.563+0000][970.477s] GC(209)   Pre Evacuate Collection Set: 0.0ms
[2022-05-03T00:44:19.564+0000][970.478s] GC(209)   Evacuate Collection Set: 3.7ms
[2022-05-03T00:44:19.564+0000][970.478s] GC(209)   Post Evacuate Collection Set: 3.6ms
[2022-05-03T00:44:19.564+0000][970.478s] GC(209)   Other: 0.6ms
[2022-05-03T00:44:19.564+0000][970.478s] GC(209) Eden regions: 291->0(289)
[2022-05-03T00:44:19.564+0000][970.479s] GC(209) Survivor regions: 16->18(39)
[2022-05-03T00:44:19.565+0000][970.479s] GC(209) Old regions: 50->50
[2022-05-03T00:44:19.565+0000][970.479s] GC(209) Humongous regions: 7->7
[2022-05-03T00:44:19.565+0000][970.479s] GC(209) Metaspace: 57679K->57679K(1101824K)
[2022-05-03T00:44:19.565+0000][970.479s] GC(209) Pause Young (Normal) (G1 Evacuation Pause) 361M->73M(512M) 9.871ms
[2022-05-03T00:44:19.565+0000][970.480s] GC(209) User=0.04s Sys=0.00s Real=0.01s
[2022-05-03T00:44:21.960+0000][972.875s] GC(210) Pause Young (Normal) (G1 Evacuation Pause)
[2022-05-03T00:44:21.961+0000][972.875s] GC(210) Using 8 workers of 8 for evacuation
[2022-05-03T00:44:21.967+0000][972.881s] GC(210)   Pre Evacuate Collection Set: 0.0ms
[2022-05-03T00:44:21.967+0000][972.881s] GC(210)   Evacuate Collection Set: 2.8ms
[2022-05-03T00:44:21.968+0000][972.882s] GC(210)   Post Evacuate Collection Set: 2.7ms
[2022-05-03T00:44:21.968+0000][972.882s] GC(210)   Other: 1.0ms
[2022-05-03T00:44:21.968+0000][972.882s] GC(210) Eden regions: 289->0(291)
[2022-05-03T00:44:21.969+0000][972.883s] GC(210) Survivor regions: 18->16(39)
[2022-05-03T00:44:21.969+0000][972.883s] GC(210) Old regions: 50->50
[2022-05-03T00:44:21.969+0000][972.883s] GC(210) Humongous regions: 7->7
[2022-05-03T00:44:21.969+0000][972.883s] GC(210) Metaspace: 57679K->57679K(1101824K)
[2022-05-03T00:44:21.970+0000][972.884s] GC(210) Pause Young (Normal) (G1 Evacuation Pause) 362M->71M(512M) 9.147ms
[2022-05-03T00:44:21.970+0000][972.884s] GC(210) User=0.03s Sys=0.00s Real=0.01s
[2022-05-03T00:44:24.709+0000][975.623s] GC(211) Pause Young (Normal) (G1 Evacuation Pause)
[2022-05-03T00:44:24.710+0000][975.624s] GC(211) Using 8 workers of 8 for evacuation
[2022-05-03T00:44:24.715+0000][975.629s] GC(211)   Pre Evacuate Collection Set: 0.0ms
[2022-05-03T00:44:24.716+0000][975.630s] GC(211)   Evacuate Collection Set: 2.6ms
[2022-05-03T00:44:24.716+0000][975.630s] GC(211)   Post Evacuate Collection Set: 2.4ms
[2022-05-03T00:44:24.716+0000][975.630s] GC(211)   Other: 0.7ms
[2022-05-03T00:44:24.717+0000][975.631s] GC(211) Eden regions: 291->0(291)
[2022-05-03T00:44:24.717+0000][975.631s] GC(211) Survivor regions: 16->16(39)
[2022-05-03T00:44:24.717+0000][975.631s] GC(211) Old regions: 50->50
[2022-05-03T00:44:24.718+0000][975.632s] GC(211) Humongous regions: 7->7
[2022-05-03T00:44:24.718+0000][975.632s] GC(211) Metaspace: 57680K->57680K(1101824K)
[2022-05-03T00:44:24.718+0000][975.632s] GC(211) Pause Young (Normal) (G1 Evacuation Pause) 362M->71M(512M) 8.970ms
[2022-05-03T00:44:24.719+0000][975.633s] GC(211) User=0.04s Sys=0.00s Real=0.01s
[2022-05-03T00:44:27.366+0000][978.280s] GC(212) Pause Young (Normal) (G1 Evacuation Pause)
[2022-05-03T00:44:27.367+0000][978.281s] GC(212) Using 8 workers of 8 for evacuation
[2022-05-03T00:44:27.373+0000][978.287s] GC(212)   Pre Evacuate Collection Set: 0.0ms
[2022-05-03T00:44:27.373+0000][978.287s] GC(212)   Evacuate Collection Set: 2.5ms
[2022-05-03T00:44:27.374+0000][978.288s] GC(212)   Post Evacuate Collection Set: 3.2ms
[2022-05-03T00:44:27.374+0000][978.288s] GC(212)   Other: 0.8ms
[2022-05-03T00:44:27.375+0000][978.289s] GC(212) Eden regions: 291->0(290)
[2022-05-03T00:44:27.375+0000][978.289s] GC(212) Survivor regions: 16->17(39)
[2022-05-03T00:44:27.375+0000][978.289s] GC(212) Old regions: 50->50
[2022-05-03T00:44:27.376+0000][978.290s] GC(212) Humongous regions: 7->7
[2022-05-03T00:44:27.376+0000][978.290s] GC(212) Metaspace: 57680K->57680K(1101824K)
[2022-05-03T00:44:27.376+0000][978.291s] GC(212) Pause Young (Normal) (G1 Evacuation Pause) 362M->71M(512M) 10.172ms
[2022-05-03T00:44:27.377+0000][978.291s] GC(212) User=0.04s Sys=0.01s Real=0.01s
[2022-05-03T00:44:29.853+0000][980.767s] GC(213) Pause Young (Normal) (G1 Evacuation Pause)
[2022-05-03T00:44:29.854+0000][980.768s] GC(213) Using 8 workers of 8 for evacuation
[2022-05-03T00:44:29.859+0000][980.773s] GC(213)   Pre Evacuate Collection Set: 0.0ms
[2022-05-03T00:44:29.860+0000][980.774s] GC(213)   Evacuate Collection Set: 2.5ms
[2022-05-03T00:44:29.860+0000][980.774s] GC(213)   Post Evacuate Collection Set: 2.4ms
[2022-05-03T00:44:29.860+0000][980.774s] GC(213)   Other: 0.9ms
[2022-05-03T00:44:29.861+0000][980.775s] GC(213) Eden regions: 290->0(292)
[2022-05-03T00:44:29.861+0000][980.775s] GC(213) Survivor regions: 17->15(39)
[2022-05-03T00:44:29.861+0000][980.775s] GC(213) Old regions: 50->50
[2022-05-03T00:44:29.862+0000][980.776s] GC(213) Humongous regions: 7->7
[2022-05-03T00:44:29.862+0000][980.776s] GC(213) Metaspace: 57680K->57680K(1101824K)
[2022-05-03T00:44:29.862+0000][980.776s] GC(213) Pause Young (Normal) (G1 Evacuation Pause) 361M->70M(512M) 8.920ms
[2022-05-03T00:44:29.862+0000][980.777s] GC(213) User=0.03s Sys=0.00s Real=0.01s
[2022-05-03T00:44:32.378+0000][983.292s] GC(214) Pause Young (Normal) (G1 Evacuation Pause)
[2022-05-03T00:44:32.378+0000][983.292s] GC(214) Using 8 workers of 8 for evacuation
[2022-05-03T00:44:32.384+0000][983.298s] GC(214)   Pre Evacuate Collection Set: 0.0ms
[2022-05-03T00:44:32.384+0000][983.298s] GC(214)   Evacuate Collection Set: 2.7ms
[2022-05-03T00:44:32.385+0000][983.299s] GC(214)   Post Evacuate Collection Set: 2.4ms
[2022-05-03T00:44:32.385+0000][983.299s] GC(214)   Other: 0.8ms
[2022-05-03T00:44:32.385+0000][983.300s] GC(214) Eden regions: 292->0(291)
[2022-05-03T00:44:32.386+0000][983.300s] GC(214) Survivor regions: 15->16(39)
[2022-05-03T00:44:32.386+0000][983.300s] GC(214) Old regions: 50->51
[2022-05-03T00:44:32.386+0000][983.301s] GC(214) Humongous regions: 7->7
[2022-05-03T00:44:32.387+0000][983.301s] GC(214) Metaspace: 57680K->57680K(1101824K)
[2022-05-03T00:44:32.387+0000][983.301s] GC(214) Pause Young (Normal) (G1 Evacuation Pause) 362M->71M(512M) 9.059ms
[2022-05-03T00:44:32.387+0000][983.302s] GC(214) User=0.03s Sys=0.01s Real=0.01s
[2022-05-03T00:44:35.155+0000][986.069s] GC(215) Pause Young (Normal) (G1 Evacuation Pause)
[2022-05-03T00:44:35.155+0000][986.069s] GC(215) Using 8 workers of 8 for evacuation
[2022-05-03T00:44:35.162+0000][986.076s] GC(215)   Pre Evacuate Collection Set: 0.0ms
[2022-05-03T00:44:35.162+0000][986.076s] GC(215)   Evacuate Collection Set: 2.8ms
[2022-05-03T00:44:35.163+0000][986.077s] GC(215)   Post Evacuate Collection Set: 3.4ms
[2022-05-03T00:44:35.163+0000][986.077s] GC(215)   Other: 0.9ms
[2022-05-03T00:44:35.163+0000][986.077s] GC(215) Eden regions: 291->0(289)
[2022-05-03T00:44:35.164+0000][986.078s] GC(215) Survivor regions: 16->18(39)
[2022-05-03T00:44:35.164+0000][986.078s] GC(215) Old regions: 51->51
[2022-05-03T00:44:35.164+0000][986.078s] GC(215) Humongous regions: 7->7
[2022-05-03T00:44:35.165+0000][986.079s] GC(215) Metaspace: 57680K->57680K(1101824K)
[2022-05-03T00:44:35.165+0000][986.079s] GC(215) Pause Young (Normal) (G1 Evacuation Pause) 362M->73M(512M) 10.094ms
[2022-05-03T00:44:35.165+0000][986.079s] GC(215) User=0.04s Sys=0.01s Real=0.01s
[2022-05-03T00:44:37.535+0000][988.449s] GC(216) Pause Young (Normal) (G1 Evacuation Pause)
[2022-05-03T00:44:37.536+0000][988.450s] GC(216) Using 8 workers of 8 for evacuation
[2022-05-03T00:44:37.542+0000][988.456s] GC(216)   Pre Evacuate Collection Set: 0.0ms
[2022-05-03T00:44:37.542+0000][988.456s] GC(216)   Evacuate Collection Set: 3.1ms
[2022-05-03T00:44:37.543+0000][988.457s] GC(216)   Post Evacuate Collection Set: 2.8ms
[2022-05-03T00:44:37.543+0000][988.457s] GC(216)   Other: 0.8ms
[2022-05-03T00:44:37.543+0000][988.457s] GC(216) Eden regions: 289->0(292)
[2022-05-03T00:44:37.544+0000][988.458s] GC(216) Survivor regions: 18->15(39)
[2022-05-03T00:44:37.544+0000][988.458s] GC(216) Old regions: 51->51
[2022-05-03T00:44:37.544+0000][988.458s] GC(216) Humongous regions: 7->7
[2022-05-03T00:44:37.544+0000][988.458s] GC(216) Metaspace: 57682K->57682K(1101824K)
[2022-05-03T00:44:37.545+0000][988.459s] GC(216) Pause Young (Normal) (G1 Evacuation Pause) 362M->70M(512M) 9.418ms
[2022-05-03T00:44:37.545+0000][988.459s] GC(216) User=0.04s Sys=0.00s Real=0.01s
[2022-05-03T00:44:40.156+0000][991.070s] GC(217) Pause Young (Normal) (G1 Evacuation Pause)
[2022-05-03T00:44:40.156+0000][991.070s] GC(217) Using 8 workers of 8 for evacuation
[2022-05-03T00:44:40.162+0000][991.076s] GC(217)   Pre Evacuate Collection Set: 0.0ms
[2022-05-03T00:44:40.162+0000][991.076s] GC(217)   Evacuate Collection Set: 2.7ms
[2022-05-03T00:44:40.163+0000][991.077s] GC(217)   Post Evacuate Collection Set: 2.5ms
[2022-05-03T00:44:40.163+0000][991.077s] GC(217)   Other: 0.7ms
[2022-05-03T00:44:40.163+0000][991.077s] GC(217) Eden regions: 292->0(291)
[2022-05-03T00:44:40.164+0000][991.078s] GC(217) Survivor regions: 15->16(39)
[2022-05-03T00:44:40.164+0000][991.078s] GC(217) Old regions: 51->51
[2022-05-03T00:44:40.164+0000][991.078s] GC(217) Humongous regions: 7->7
[2022-05-03T00:44:40.165+0000][991.079s] GC(217) Metaspace: 57684K->57684K(1101824K)
[2022-05-03T00:44:40.165+0000][991.079s] GC(217) Pause Young (Normal) (G1 Evacuation Pause) 362M->71M(512M) 9.117ms
[2022-05-03T00:44:40.165+0000][991.079s] GC(217) User=0.03s Sys=0.00s Real=0.01s
[2022-05-03T00:44:42.916+0000][993.830s] GC(218) Pause Young (Normal) (G1 Evacuation Pause)
[2022-05-03T00:44:42.916+0000][993.830s] GC(218) Using 8 workers of 8 for evacuation
[2022-05-03T00:44:42.922+0000][993.836s] GC(218)   Pre Evacuate Collection Set: 0.0ms
[2022-05-03T00:44:42.923+0000][993.837s] GC(218)   Evacuate Collection Set: 2.7ms
[2022-05-03T00:44:42.923+0000][993.837s] GC(218)   Post Evacuate Collection Set: 3.1ms
[2022-05-03T00:44:42.923+0000][993.837s] GC(218)   Other: 0.8ms
[2022-05-03T00:44:42.924+0000][993.838s] GC(218) Eden regions: 291->0(289)
[2022-05-03T00:44:42.924+0000][993.838s] GC(218) Survivor regions: 16->18(39)
[2022-05-03T00:44:42.924+0000][993.838s] GC(218) Old regions: 51->51
[2022-05-03T00:44:42.924+0000][993.839s] GC(218) Humongous regions: 7->7
[2022-05-03T00:44:42.925+0000][993.839s] GC(218) Metaspace: 57684K->57684K(1101824K)
[2022-05-03T00:44:42.925+0000][993.839s] GC(218) Pause Young (Normal) (G1 Evacuation Pause) 362M->73M(512M) 9.367ms
[2022-05-03T00:44:42.925+0000][993.839s] GC(218) User=0.04s Sys=0.00s Real=0.01s
[2022-05-03T00:44:45.336+0000][996.250s] GC(219) Pause Young (Normal) (G1 Evacuation Pause)
[2022-05-03T00:44:45.336+0000][996.250s] GC(219) Using 8 workers of 8 for evacuation
[2022-05-03T00:44:45.351+0000][996.265s] GC(219)   Pre Evacuate Collection Set: 0.0ms
[2022-05-03T00:44:45.351+0000][996.265s] GC(219)   Evacuate Collection Set: 9.0ms
[2022-05-03T00:44:45.351+0000][996.266s] GC(219)   Post Evacuate Collection Set: 5.4ms
[2022-05-03T00:44:45.352+0000][996.266s] GC(219)   Other: 0.7ms
[2022-05-03T00:44:45.352+0000][996.266s] GC(219) Eden regions: 289->0(291)
[2022-05-03T00:44:45.352+0000][996.266s] GC(219) Survivor regions: 18->16(39)
[2022-05-03T00:44:45.352+0000][996.266s] GC(219) Old regions: 51->51
[2022-05-03T00:44:45.352+0000][996.267s] GC(219) Humongous regions: 7->7
[2022-05-03T00:44:45.353+0000][996.267s] GC(219) Metaspace: 57684K->57684K(1101824K)
[2022-05-03T00:44:45.353+0000][996.267s] GC(219) Pause Young (Normal) (G1 Evacuation Pause) 362M->71M(512M) 16.963ms
[2022-05-03T00:44:45.353+0000][996.267s] GC(219) User=0.11s Sys=0.00s Real=0.01s
[2022-05-03T00:44:47.927+0000][998.841s] GC(220) Pause Young (Normal) (G1 Evacuation Pause)
[2022-05-03T00:44:47.928+0000][998.842s] GC(220) Using 8 workers of 8 for evacuation
[2022-05-03T00:44:47.933+0000][998.847s] GC(220)   Pre Evacuate Collection Set: 0.0ms
[2022-05-03T00:44:47.934+0000][998.848s] GC(220)   Evacuate Collection Set: 2.7ms
[2022-05-03T00:44:47.934+0000][998.848s] GC(220)   Post Evacuate Collection Set: 2.5ms
[2022-05-03T00:44:47.934+0000][998.848s] GC(220)   Other: 0.7ms
[2022-05-03T00:44:47.935+0000][998.849s] GC(220) Eden regions: 291->0(291)
[2022-05-03T00:44:47.935+0000][998.849s] GC(220) Survivor regions: 16->16(39)
[2022-05-03T00:44:47.935+0000][998.850s] GC(220) Old regions: 51->51
[2022-05-03T00:44:47.936+0000][998.850s] GC(220) Humongous regions: 7->7
[2022-05-03T00:44:47.936+0000][998.850s] GC(220) Metaspace: 57684K->57684K(1101824K)
[2022-05-03T00:44:47.937+0000][998.851s] GC(220) Pause Young (Normal) (G1 Evacuation Pause) 362M->71M(512M) 9.236ms
[2022-05-03T00:44:47.937+0000][998.851s] GC(220) User=0.04s Sys=0.01s Real=0.01s
[2022-05-03T00:44:50.636+0000][1001.550s] GC(221) Pause Young (Normal) (G1 Evacuation Pause)
[2022-05-03T00:44:50.636+0000][1001.551s] GC(221) Using 8 workers of 8 for evacuation
[2022-05-03T00:44:50.643+0000][1001.557s] GC(221)   Pre Evacuate Collection Set: 0.0ms
[2022-05-03T00:44:50.643+0000][1001.558s] GC(221)   Evacuate Collection Set: 2.9ms
[2022-05-03T00:44:50.644+0000][1001.558s] GC(221)   Post Evacuate Collection Set: 3.2ms
[2022-05-03T00:44:50.644+0000][1001.558s] GC(221)   Other: 0.9ms
[2022-05-03T00:44:50.644+0000][1001.559s] GC(221) Eden regions: 291->0(289)
[2022-05-03T00:44:50.645+0000][1001.559s] GC(221) Survivor regions: 16->18(39)
[2022-05-03T00:44:50.645+0000][1001.559s] GC(221) Old regions: 51->51
[2022-05-03T00:44:50.645+0000][1001.560s] GC(221) Humongous regions: 7->7
[2022-05-03T00:44:50.646+0000][1001.560s] GC(221) Metaspace: 57684K->57684K(1101824K)
[2022-05-03T00:44:50.646+0000][1001.560s] GC(221) Pause Young (Normal) (G1 Evacuation Pause) 362M->73M(512M) 10.007ms
[2022-05-03T00:44:50.646+0000][1001.560s] GC(221) User=0.04s Sys=0.00s Real=0.01s
[2022-05-03T00:44:53.088+0000][1004.003s] GC(222) Pause Young (Normal) (G1 Evacuation Pause)
[2022-05-03T00:44:53.089+0000][1004.003s] GC(222) Using 8 workers of 8 for evacuation
[2022-05-03T00:44:53.099+0000][1004.013s] GC(222)   Pre Evacuate Collection Set: 0.0ms
[2022-05-03T00:44:53.100+0000][1004.014s] GC(222)   Evacuate Collection Set: 3.2ms
[2022-05-03T00:44:53.100+0000][1004.014s] GC(222)   Post Evacuate Collection Set: 6.8ms
[2022-05-03T00:44:53.100+0000][1004.014s] GC(222)   Other: 0.7ms
[2022-05-03T00:44:53.100+0000][1004.015s] GC(222) Eden regions: 289->0(291)
[2022-05-03T00:44:53.101+0000][1004.015s] GC(222) Survivor regions: 18->16(39)
[2022-05-03T00:44:53.101+0000][1004.015s] GC(222) Old regions: 51->51
[2022-05-03T00:44:53.101+0000][1004.015s] GC(222) Humongous regions: 7->7
[2022-05-03T00:44:53.102+0000][1004.016s] GC(222) Metaspace: 57684K->57684K(1101824K)
[2022-05-03T00:44:53.102+0000][1004.016s] GC(222) Pause Young (Normal) (G1 Evacuation Pause) 362M->71M(512M) 13.319ms
[2022-05-03T00:44:53.102+0000][1004.016s] GC(222) User=0.07s Sys=0.00s Real=0.01s
[2022-05-03T00:44:55.732+0000][1006.646s] GC(223) Pause Young (Normal) (G1 Evacuation Pause)
[2022-05-03T00:44:55.732+0000][1006.646s] GC(223) Using 8 workers of 8 for evacuation
[2022-05-03T00:44:55.738+0000][1006.652s] GC(223)   Pre Evacuate Collection Set: 0.0ms
[2022-05-03T00:44:55.739+0000][1006.653s] GC(223)   Evacuate Collection Set: 3.1ms
[2022-05-03T00:44:55.739+0000][1006.653s] GC(223)   Post Evacuate Collection Set: 2.4ms
[2022-05-03T00:44:55.739+0000][1006.654s] GC(223)   Other: 0.8ms
[2022-05-03T00:44:55.740+0000][1006.654s] GC(223) Eden regions: 291->0(291)
[2022-05-03T00:44:55.740+0000][1006.654s] GC(223) Survivor regions: 16->16(39)
[2022-05-03T00:44:55.741+0000][1006.655s] GC(223) Old regions: 51->51
[2022-05-03T00:44:55.741+0000][1006.655s] GC(223) Humongous regions: 7->7
[2022-05-03T00:44:55.741+0000][1006.655s] GC(223) Metaspace: 57684K->57684K(1101824K)
[2022-05-03T00:44:55.741+0000][1006.656s] GC(223) Pause Young (Normal) (G1 Evacuation Pause) 362M->71M(512M) 9.578ms
[2022-05-03T00:44:55.742+0000][1006.656s] GC(223) User=0.04s Sys=0.00s Real=0.01s
[2022-05-03T00:44:58.431+0000][1009.345s] GC(224) Pause Young (Normal) (G1 Evacuation Pause)
[2022-05-03T00:44:58.431+0000][1009.345s] GC(224) Using 8 workers of 8 for evacuation
[2022-05-03T00:44:58.437+0000][1009.352s] GC(224)   Pre Evacuate Collection Set: 0.0ms
[2022-05-03T00:44:58.438+0000][1009.352s] GC(224)   Evacuate Collection Set: 2.9ms
[2022-05-03T00:44:58.438+0000][1009.352s] GC(224)   Post Evacuate Collection Set: 3.1ms
[2022-05-03T00:44:58.439+0000][1009.353s] GC(224)   Other: 0.9ms
[2022-05-03T00:44:58.439+0000][1009.353s] GC(224) Eden regions: 291->0(289)
[2022-05-03T00:44:58.439+0000][1009.353s] GC(224) Survivor regions: 16->18(39)
[2022-05-03T00:44:58.440+0000][1009.354s] GC(224) Old regions: 51->51
[2022-05-03T00:44:58.440+0000][1009.354s] GC(224) Humongous regions: 7->7
[2022-05-03T00:44:58.440+0000][1009.354s] GC(224) Metaspace: 57684K->57684K(1101824K)
[2022-05-03T00:44:58.440+0000][1009.354s] GC(224) Pause Young (Normal) (G1 Evacuation Pause) 362M->74M(512M) 9.764ms
[2022-05-03T00:44:58.441+0000][1009.355s] GC(224) User=0.05s Sys=0.00s Real=0.01s
[2022-05-03T00:45:01.055+0000][1011.969s] GC(225) Pause Young (Normal) (G1 Evacuation Pause)
[2022-05-03T00:45:01.056+0000][1011.970s] GC(225) Using 8 workers of 8 for evacuation
[2022-05-03T00:45:01.062+0000][1011.976s] GC(225)   Pre Evacuate Collection Set: 0.0ms
[2022-05-03T00:45:01.062+0000][1011.977s] GC(225)   Evacuate Collection Set: 3.1ms
[2022-05-03T00:45:01.063+0000][1011.977s] GC(225)   Post Evacuate Collection Set: 2.7ms
[2022-05-03T00:45:01.063+0000][1011.977s] GC(225)   Other: 0.9ms
[2022-05-03T00:45:01.064+0000][1011.978s] GC(225) Eden regions: 289->0(291)
[2022-05-03T00:45:01.064+0000][1011.978s] GC(225) Survivor regions: 18->16(39)
[2022-05-03T00:45:01.064+0000][1011.978s] GC(225) Old regions: 51->51
[2022-05-03T00:45:01.065+0000][1011.979s] GC(225) Humongous regions: 7->7
[2022-05-03T00:45:01.065+0000][1011.979s] GC(225) Metaspace: 57684K->57684K(1101824K)
[2022-05-03T00:45:01.065+0000][1011.979s] GC(225) Pause Young (Normal) (G1 Evacuation Pause) 363M->72M(512M) 9.872ms
[2022-05-03T00:45:01.065+0000][1011.980s] GC(225) User=0.04s Sys=0.00s Real=0.01s
[2022-05-03T00:45:03.626+0000][1014.540s] GC(226) Pause Young (Normal) (G1 Evacuation Pause)
[2022-05-03T00:45:03.626+0000][1014.541s] GC(226) Using 8 workers of 8 for evacuation
[2022-05-03T00:45:03.632+0000][1014.546s] GC(226)   Pre Evacuate Collection Set: 0.0ms
[2022-05-03T00:45:03.633+0000][1014.547s] GC(226)   Evacuate Collection Set: 2.9ms
[2022-05-03T00:45:03.633+0000][1014.547s] GC(226)   Post Evacuate Collection Set: 2.4ms
[2022-05-03T00:45:03.633+0000][1014.547s] GC(226)   Other: 0.7ms
[2022-05-03T00:45:03.633+0000][1014.548s] GC(226) Eden regions: 291->0(291)
[2022-05-03T00:45:03.634+0000][1014.548s] GC(226) Survivor regions: 16->16(39)
[2022-05-03T00:45:03.634+0000][1014.548s] GC(226) Old regions: 51->51
[2022-05-03T00:45:03.634+0000][1014.548s] GC(226) Humongous regions: 7->7
[2022-05-03T00:45:03.634+0000][1014.548s] GC(226) Metaspace: 57684K->57684K(1101824K)
[2022-05-03T00:45:03.635+0000][1014.549s] GC(226) Pause Young (Normal) (G1 Evacuation Pause) 362M->72M(512M) 8.452ms
[2022-05-03T00:45:03.635+0000][1014.549s] GC(226) User=0.03s Sys=0.01s Real=0.01s
[2022-05-03T00:45:06.316+0000][1017.231s] GC(227) Pause Young (Normal) (G1 Evacuation Pause)
[2022-05-03T00:45:06.317+0000][1017.231s] GC(227) Using 8 workers of 8 for evacuation
[2022-05-03T00:45:06.323+0000][1017.237s] GC(227)   Pre Evacuate Collection Set: 0.0ms
[2022-05-03T00:45:06.324+0000][1017.238s] GC(227)   Evacuate Collection Set: 2.2ms
[2022-05-03T00:45:06.324+0000][1017.238s] GC(227)   Post Evacuate Collection Set: 3.6ms
[2022-05-03T00:45:06.324+0000][1017.238s] GC(227)   Other: 0.9ms
[2022-05-03T00:45:06.325+0000][1017.239s] GC(227) Eden regions: 291->0(291)
[2022-05-03T00:45:06.325+0000][1017.239s] GC(227) Survivor regions: 16->16(39)
[2022-05-03T00:45:06.325+0000][1017.240s] GC(227) Old regions: 51->51
[2022-05-03T00:45:06.326+0000][1017.240s] GC(227) Humongous regions: 7->7
[2022-05-03T00:45:06.326+0000][1017.240s] GC(227) Metaspace: 57684K->57684K(1101824K)
[2022-05-03T00:45:06.326+0000][1017.240s] GC(227) Pause Young (Normal) (G1 Evacuation Pause) 363M->72M(512M) 9.893ms
[2022-05-03T00:45:06.327+0000][1017.241s] GC(227) User=0.03s Sys=0.00s Real=0.01s
[2022-05-03T00:45:08.809+0000][1019.724s] GC(228) Pause Young (Normal) (G1 Evacuation Pause)
[2022-05-03T00:45:08.810+0000][1019.724s] GC(228) Using 8 workers of 8 for evacuation
[2022-05-03T00:45:08.815+0000][1019.730s] GC(228)   Pre Evacuate Collection Set: 0.0ms
[2022-05-03T00:45:08.816+0000][1019.730s] GC(228)   Evacuate Collection Set: 2.8ms
[2022-05-03T00:45:08.816+0000][1019.730s] GC(228)   Post Evacuate Collection Set: 2.3ms
[2022-05-03T00:45:08.817+0000][1019.731s] GC(228)   Other: 0.8ms
[2022-05-03T00:45:08.817+0000][1019.731s] GC(228) Eden regions: 291->0(291)
[2022-05-03T00:45:08.817+0000][1019.731s] GC(228) Survivor regions: 16->16(39)
[2022-05-03T00:45:08.818+0000][1019.732s] GC(228) Old regions: 51->51
[2022-05-03T00:45:08.818+0000][1019.732s] GC(228) Humongous regions: 7->7
[2022-05-03T00:45:08.818+0000][1019.732s] GC(228) Metaspace: 57684K->57684K(1101824K)
[2022-05-03T00:45:08.819+0000][1019.733s] GC(228) Pause Young (Normal) (G1 Evacuation Pause) 363M->72M(512M) 9.105ms
[2022-05-03T00:45:08.819+0000][1019.733s] GC(228) User=0.04s Sys=0.00s Real=0.01s
[2022-05-03T00:45:11.395+0000][1022.309s] GC(229) Pause Young (Normal) (G1 Evacuation Pause)
[2022-05-03T00:45:11.395+0000][1022.309s] GC(229) Using 8 workers of 8 for evacuation
[2022-05-03T00:45:11.415+0000][1022.329s] GC(229)   Pre Evacuate Collection Set: 0.0ms
[2022-05-03T00:45:11.415+0000][1022.329s] GC(229)   Evacuate Collection Set: 7.7ms
[2022-05-03T00:45:11.416+0000][1022.330s] GC(229)   Post Evacuate Collection Set: 11.2ms
[2022-05-03T00:45:11.416+0000][1022.330s] GC(229)   Other: 0.9ms
[2022-05-03T00:45:11.416+0000][1022.330s] GC(229) Eden regions: 291->0(291)
[2022-05-03T00:45:11.416+0000][1022.331s] GC(229) Survivor regions: 16->16(39)
[2022-05-03T00:45:11.417+0000][1022.331s] GC(229) Old regions: 51->51
[2022-05-03T00:45:11.417+0000][1022.331s] GC(229) Humongous regions: 7->7
[2022-05-03T00:45:11.417+0000][1022.331s] GC(229) Metaspace: 57684K->57684K(1101824K)
[2022-05-03T00:45:11.418+0000][1022.332s] GC(229) Pause Young (Normal) (G1 Evacuation Pause) 363M->71M(512M) 22.735ms
[2022-05-03T00:45:11.418+0000][1022.332s] GC(229) User=0.12s Sys=0.01s Real=0.02s
[2022-05-03T00:45:14.369+0000][1025.283s] GC(230) Pause Young (Normal) (G1 Evacuation Pause)
[2022-05-03T00:45:14.370+0000][1025.284s] GC(230) Using 8 workers of 8 for evacuation
[2022-05-03T00:45:14.379+0000][1025.293s] GC(230)   Pre Evacuate Collection Set: 0.0ms
[2022-05-03T00:45:14.379+0000][1025.293s] GC(230)   Evacuate Collection Set: 6.4ms
[2022-05-03T00:45:14.379+0000][1025.293s] GC(230)   Post Evacuate Collection Set: 2.7ms
[2022-05-03T00:45:14.380+0000][1025.294s] GC(230)   Other: 0.5ms
[2022-05-03T00:45:14.380+0000][1025.294s] GC(230) Eden regions: 291->0(291)
[2022-05-03T00:45:14.380+0000][1025.294s] GC(230) Survivor regions: 16->16(39)
[2022-05-03T00:45:14.380+0000][1025.294s] GC(230) Old regions: 51->51
[2022-05-03T00:45:14.380+0000][1025.294s] GC(230) Humongous regions: 7->7
[2022-05-03T00:45:14.380+0000][1025.294s] GC(230) Metaspace: 57684K->57684K(1101824K)
[2022-05-03T00:45:14.380+0000][1025.295s] GC(230) Pause Young (Normal) (G1 Evacuation Pause) 362M->72M(512M) 11.174ms
[2022-05-03T00:45:14.381+0000][1025.295s] GC(230) User=0.07s Sys=0.00s Real=0.01s
[2022-05-03T00:45:17.122+0000][1028.037s] GC(231) Pause Young (Normal) (G1 Evacuation Pause)
[2022-05-03T00:45:17.123+0000][1028.037s] GC(231) Using 8 workers of 8 for evacuation
[2022-05-03T00:45:17.130+0000][1028.044s] GC(231)   Pre Evacuate Collection Set: 0.0ms
[2022-05-03T00:45:17.130+0000][1028.044s] GC(231)   Evacuate Collection Set: 2.8ms
[2022-05-03T00:45:17.130+0000][1028.045s] GC(231)   Post Evacuate Collection Set: 3.4ms
[2022-05-03T00:45:17.131+0000][1028.045s] GC(231)   Other: 0.9ms
[2022-05-03T00:45:17.131+0000][1028.045s] GC(231) Eden regions: 291->0(289)
[2022-05-03T00:45:17.132+0000][1028.046s] GC(231) Survivor regions: 16->18(39)
[2022-05-03T00:45:17.132+0000][1028.046s] GC(231) Old regions: 51->51
[2022-05-03T00:45:17.132+0000][1028.046s] GC(231) Humongous regions: 7->7
[2022-05-03T00:45:17.133+0000][1028.047s] GC(231) Metaspace: 57684K->57684K(1101824K)
[2022-05-03T00:45:17.133+0000][1028.047s] GC(231) Pause Young (Normal) (G1 Evacuation Pause) 363M->74M(512M) 10.495ms
[2022-05-03T00:45:17.133+0000][1028.047s] GC(231) User=0.04s Sys=0.00s Real=0.01s
[2022-05-03T00:45:19.561+0000][1030.475s] GC(232) Pause Young (Normal) (G1 Evacuation Pause)
[2022-05-03T00:45:19.561+0000][1030.475s] GC(232) Using 8 workers of 8 for evacuation
[2022-05-03T00:45:19.567+0000][1030.481s] GC(232)   Pre Evacuate Collection Set: 0.0ms
[2022-05-03T00:45:19.567+0000][1030.481s] GC(232)   Evacuate Collection Set: 2.5ms
[2022-05-03T00:45:19.568+0000][1030.482s] GC(232)   Post Evacuate Collection Set: 2.7ms
[2022-05-03T00:45:19.568+0000][1030.482s] GC(232)   Other: 1.0ms
[2022-05-03T00:45:19.569+0000][1030.483s] GC(232) Eden regions: 289->0(292)
[2022-05-03T00:45:19.569+0000][1030.483s] GC(232) Survivor regions: 18->15(39)
[2022-05-03T00:45:19.569+0000][1030.483s] GC(232) Old regions: 51->51
[2022-05-03T00:45:19.570+0000][1030.484s] GC(232) Humongous regions: 7->7
[2022-05-03T00:45:19.570+0000][1030.484s] GC(232) Metaspace: 57684K->57684K(1101824K)
[2022-05-03T00:45:19.570+0000][1030.484s] GC(232) Pause Young (Normal) (G1 Evacuation Pause) 363M->71M(512M) 9.495ms
[2022-05-03T00:45:19.570+0000][1030.485s] GC(232) User=0.03s Sys=0.00s Real=0.01s
[2022-05-03T00:45:21.996+0000][1032.910s] GC(233) Pause Young (Normal) (G1 Evacuation Pause)
[2022-05-03T00:45:21.996+0000][1032.910s] GC(233) Using 8 workers of 8 for evacuation
[2022-05-03T00:45:22.002+0000][1032.916s] GC(233)   Pre Evacuate Collection Set: 0.0ms
[2022-05-03T00:45:22.002+0000][1032.916s] GC(233)   Evacuate Collection Set: 3.0ms
[2022-05-03T00:45:22.003+0000][1032.917s] GC(233)   Post Evacuate Collection Set: 3.0ms
[2022-05-03T00:45:22.003+0000][1032.917s] GC(233)   Other: 0.5ms
[2022-05-03T00:45:22.003+0000][1032.917s] GC(233) Eden regions: 292->0(293)
[2022-05-03T00:45:22.003+0000][1032.917s] GC(233) Survivor regions: 15->14(39)
[2022-05-03T00:45:22.003+0000][1032.917s] GC(233) Old regions: 51->52
[2022-05-03T00:45:22.003+0000][1032.917s] GC(233) Humongous regions: 7->7
[2022-05-03T00:45:22.003+0000][1032.918s] GC(233) Metaspace: 57684K->57684K(1101824K)
[2022-05-03T00:45:22.004+0000][1032.918s] GC(233) Pause Young (Normal) (G1 Evacuation Pause) 363M->70M(512M) 8.043ms
[2022-05-03T00:45:22.004+0000][1032.918s] GC(233) User=0.03s Sys=0.01s Real=0.00s
[2022-05-03T00:45:24.315+0000][1035.229s] GC(234) Pause Young (Normal) (G1 Evacuation Pause)
[2022-05-03T00:45:24.315+0000][1035.229s] GC(234) Using 8 workers of 8 for evacuation
[2022-05-03T00:45:24.321+0000][1035.235s] GC(234)   Pre Evacuate Collection Set: 0.0ms
[2022-05-03T00:45:24.321+0000][1035.235s] GC(234)   Evacuate Collection Set: 2.6ms
[2022-05-03T00:45:24.321+0000][1035.235s] GC(234)   Post Evacuate Collection Set: 2.4ms
[2022-05-03T00:45:24.322+0000][1035.236s] GC(234)   Other: 0.9ms
[2022-05-03T00:45:24.322+0000][1035.236s] GC(234) Eden regions: 293->0(292)
[2022-05-03T00:45:24.322+0000][1035.236s] GC(234) Survivor regions: 14->15(39)
[2022-05-03T00:45:24.323+0000][1035.237s] GC(234) Old regions: 52->52
[2022-05-03T00:45:24.323+0000][1035.237s] GC(234) Humongous regions: 7->7
[2022-05-03T00:45:24.323+0000][1035.237s] GC(234) Metaspace: 57684K->57684K(1101824K)
[2022-05-03T00:45:24.323+0000][1035.238s] GC(234) Pause Young (Normal) (G1 Evacuation Pause) 363M->71M(512M) 8.755ms
[2022-05-03T00:45:24.324+0000][1035.238s] GC(234) User=0.03s Sys=0.01s Real=0.00s
[2022-05-03T00:45:27.280+0000][1038.194s] GC(235) Pause Young (Normal) (G1 Evacuation Pause)
[2022-05-03T00:45:27.280+0000][1038.195s] GC(235) Using 8 workers of 8 for evacuation
[2022-05-03T00:45:27.287+0000][1038.201s] GC(235)   Pre Evacuate Collection Set: 0.0ms
[2022-05-03T00:45:27.287+0000][1038.202s] GC(235)   Evacuate Collection Set: 3.5ms
[2022-05-03T00:45:27.288+0000][1038.202s] GC(235)   Post Evacuate Collection Set: 2.6ms
[2022-05-03T00:45:27.288+0000][1038.202s] GC(235)   Other: 1.0ms
[2022-05-03T00:45:27.289+0000][1038.203s] GC(235) Eden regions: 292->0(290)
[2022-05-03T00:45:27.289+0000][1038.203s] GC(235) Survivor regions: 15->17(39)
[2022-05-03T00:45:27.289+0000][1038.203s] GC(235) Old regions: 52->52
[2022-05-03T00:45:27.290+0000][1038.204s] GC(235) Humongous regions: 7->7
[2022-05-03T00:45:27.290+0000][1038.204s] GC(235) Metaspace: 57684K->57684K(1101824K)
[2022-05-03T00:45:27.290+0000][1038.204s] GC(235) Pause Young (Normal) (G1 Evacuation Pause) 363M->73M(512M) 10.195ms
[2022-05-03T00:45:27.290+0000][1038.205s] GC(235) User=0.05s Sys=0.00s Real=0.01s
[2022-05-03T00:45:29.648+0000][1040.562s] GC(236) Pause Young (Normal) (G1 Evacuation Pause)
[2022-05-03T00:45:29.648+0000][1040.562s] GC(236) Using 8 workers of 8 for evacuation
[2022-05-03T00:45:29.655+0000][1040.569s] GC(236)   Pre Evacuate Collection Set: 0.0ms
[2022-05-03T00:45:29.655+0000][1040.569s] GC(236)   Evacuate Collection Set: 2.9ms
[2022-05-03T00:45:29.656+0000][1040.570s] GC(236)   Post Evacuate Collection Set: 3.4ms
[2022-05-03T00:45:29.656+0000][1040.570s] GC(236)   Other: 1.0ms
[2022-05-03T00:45:29.657+0000][1040.571s] GC(236) Eden regions: 290->0(288)
[2022-05-03T00:45:29.657+0000][1040.571s] GC(236) Survivor regions: 17->19(39)
[2022-05-03T00:45:29.657+0000][1040.571s] GC(236) Old regions: 52->52
[2022-05-03T00:45:29.657+0000][1040.572s] GC(236) Humongous regions: 7->7
[2022-05-03T00:45:29.658+0000][1040.572s] GC(236) Metaspace: 57684K->57684K(1101824K)
[2022-05-03T00:45:29.658+0000][1040.572s] GC(236) Pause Young (Normal) (G1 Evacuation Pause) 363M->75M(512M) 10.485ms
[2022-05-03T00:45:29.658+0000][1040.572s] GC(236) User=0.05s Sys=0.00s Real=0.01s
[2022-05-03T00:45:31.928+0000][1042.842s] GC(237) Pause Young (Normal) (G1 Evacuation Pause)
[2022-05-03T00:45:31.929+0000][1042.843s] GC(237) Using 8 workers of 8 for evacuation
[2022-05-03T00:45:31.946+0000][1042.860s] GC(237)   Pre Evacuate Collection Set: 0.0ms
[2022-05-03T00:45:31.946+0000][1042.860s] GC(237)   Evacuate Collection Set: 12.8ms
[2022-05-03T00:45:31.946+0000][1042.860s] GC(237)   Post Evacuate Collection Set: 3.9ms
[2022-05-03T00:45:31.946+0000][1042.860s] GC(237)   Other: 0.6ms
[2022-05-03T00:45:31.946+0000][1042.861s] GC(237) Eden regions: 288->0(293)
[2022-05-03T00:45:31.947+0000][1042.861s] GC(237) Survivor regions: 19->14(39)
[2022-05-03T00:45:31.947+0000][1042.861s] GC(237) Old regions: 52->52
[2022-05-03T00:45:31.947+0000][1042.861s] GC(237) Humongous regions: 7->7
[2022-05-03T00:45:31.947+0000][1042.861s] GC(237) Metaspace: 57684K->57684K(1101824K)
[2022-05-03T00:45:31.947+0000][1042.861s] GC(237) Pause Young (Normal) (G1 Evacuation Pause) 363M->70M(512M) 18.999ms
[2022-05-03T00:45:31.947+0000][1042.862s] GC(237) User=0.13s Sys=0.00s Real=0.02s
[2022-05-03T00:45:34.372+0000][1045.286s] GC(238) Pause Young (Normal) (G1 Evacuation Pause)
[2022-05-03T00:45:34.372+0000][1045.286s] GC(238) Using 8 workers of 8 for evacuation
[2022-05-03T00:45:34.388+0000][1045.302s] GC(238)   Pre Evacuate Collection Set: 0.0ms
[2022-05-03T00:45:34.388+0000][1045.302s] GC(238)   Evacuate Collection Set: 7.9ms
[2022-05-03T00:45:34.389+0000][1045.303s] GC(238)   Post Evacuate Collection Set: 7.2ms
[2022-05-03T00:45:34.389+0000][1045.303s] GC(238)   Other: 0.9ms
[2022-05-03T00:45:34.389+0000][1045.303s] GC(238) Eden regions: 293->0(288)
[2022-05-03T00:45:34.390+0000][1045.304s] GC(238) Survivor regions: 14->19(39)
[2022-05-03T00:45:34.390+0000][1045.304s] GC(238) Old regions: 52->52
[2022-05-03T00:45:34.390+0000][1045.305s] GC(238) Humongous regions: 7->7
[2022-05-03T00:45:34.391+0000][1045.305s] GC(238) Metaspace: 57684K->57684K(1101824K)
[2022-05-03T00:45:34.391+0000][1045.305s] GC(238) Pause Young (Normal) (G1 Evacuation Pause) 363M->75M(512M) 19.380ms
[2022-05-03T00:45:34.391+0000][1045.305s] GC(238) User=0.11s Sys=0.00s Real=0.02s
[2022-05-03T00:45:36.661+0000][1047.575s] GC(239) Pause Young (Normal) (G1 Evacuation Pause)
[2022-05-03T00:45:36.661+0000][1047.575s] GC(239) Using 8 workers of 8 for evacuation
[2022-05-03T00:45:36.681+0000][1047.595s] GC(239)   Pre Evacuate Collection Set: 0.0ms
[2022-05-03T00:45:36.681+0000][1047.595s] GC(239)   Evacuate Collection Set: 13.9ms
[2022-05-03T00:45:36.681+0000][1047.596s] GC(239)   Post Evacuate Collection Set: 5.6ms
[2022-05-03T00:45:36.682+0000][1047.596s] GC(239)   Other: 0.6ms
[2022-05-03T00:45:36.682+0000][1047.596s] GC(239) Eden regions: 288->0(292)
[2022-05-03T00:45:36.682+0000][1047.596s] GC(239) Survivor regions: 19->15(39)
[2022-05-03T00:45:36.682+0000][1047.596s] GC(239) Old regions: 52->52
[2022-05-03T00:45:36.682+0000][1047.597s] GC(239) Humongous regions: 7->7
[2022-05-03T00:45:36.683+0000][1047.597s] GC(239) Metaspace: 57684K->57684K(1101824K)
[2022-05-03T00:45:36.683+0000][1047.597s] GC(239) Pause Young (Normal) (G1 Evacuation Pause) 363M->71M(512M) 22.327ms
[2022-05-03T00:45:36.683+0000][1047.597s] GC(239) User=0.15s Sys=0.00s Real=0.02s
[2022-05-03T00:45:39.546+0000][1050.461s] GC(240) Pause Young (Normal) (G1 Evacuation Pause)
[2022-05-03T00:45:39.547+0000][1050.461s] GC(240) Using 8 workers of 8 for evacuation
[2022-05-03T00:45:39.573+0000][1050.487s] GC(240)   Pre Evacuate Collection Set: 0.0ms
[2022-05-03T00:45:39.574+0000][1050.488s] GC(240)   Evacuate Collection Set: 16.2ms
[2022-05-03T00:45:39.574+0000][1050.488s] GC(240)   Post Evacuate Collection Set: 10.0ms
[2022-05-03T00:45:39.574+0000][1050.488s] GC(240)   Other: 0.6ms
[2022-05-03T00:45:39.575+0000][1050.489s] GC(240) Eden regions: 292->0(291)
[2022-05-03T00:45:39.575+0000][1050.489s] GC(240) Survivor regions: 15->16(39)
[2022-05-03T00:45:39.575+0000][1050.489s] GC(240) Old regions: 52->52
[2022-05-03T00:45:39.576+0000][1050.490s] GC(240) Humongous regions: 7->7
[2022-05-03T00:45:39.576+0000][1050.490s] GC(240) Metaspace: 57684K->57684K(1101824K)
[2022-05-03T00:45:39.576+0000][1050.490s] GC(240) Pause Young (Normal) (G1 Evacuation Pause) 363M->72M(512M) 29.587ms
[2022-05-03T00:45:39.576+0000][1050.490s] GC(240) User=0.19s Sys=0.00s Real=0.03s
[2022-05-03T00:45:41.990+0000][1052.904s] GC(241) Pause Young (Normal) (G1 Evacuation Pause)
[2022-05-03T00:45:41.990+0000][1052.904s] GC(241) Using 8 workers of 8 for evacuation
[2022-05-03T00:45:41.996+0000][1052.911s] GC(241)   Pre Evacuate Collection Set: 0.0ms
[2022-05-03T00:45:41.997+0000][1052.911s] GC(241)   Evacuate Collection Set: 2.5ms
[2022-05-03T00:45:41.997+0000][1052.911s] GC(241)   Post Evacuate Collection Set: 3.1ms
[2022-05-03T00:45:41.998+0000][1052.912s] GC(241)   Other: 0.8ms
[2022-05-03T00:45:41.998+0000][1052.912s] GC(241) Eden regions: 291->0(289)
[2022-05-03T00:45:41.998+0000][1052.912s] GC(241) Survivor regions: 16->18(39)
[2022-05-03T00:45:41.999+0000][1052.913s] GC(241) Old regions: 52->52
[2022-05-03T00:45:41.999+0000][1052.913s] GC(241) Humongous regions: 7->7
[2022-05-03T00:45:41.999+0000][1052.913s] GC(241) Metaspace: 57684K->57684K(1101824K)
[2022-05-03T00:45:41.999+0000][1052.914s] GC(241) Pause Young (Normal) (G1 Evacuation Pause) 363M->74M(512M) 9.413ms
[2022-05-03T00:45:42.000+0000][1052.914s] GC(241) User=0.04s Sys=0.00s Real=0.01s
[2022-05-03T00:45:44.352+0000][1055.266s] GC(242) Pause Young (Normal) (G1 Evacuation Pause)
[2022-05-03T00:45:44.353+0000][1055.267s] GC(242) Using 8 workers of 8 for evacuation
[2022-05-03T00:45:44.375+0000][1055.289s] GC(242)   Pre Evacuate Collection Set: 0.0ms
[2022-05-03T00:45:44.376+0000][1055.290s] GC(242)   Evacuate Collection Set: 12.2ms
[2022-05-03T00:45:44.376+0000][1055.290s] GC(242)   Post Evacuate Collection Set: 9.9ms
[2022-05-03T00:45:44.376+0000][1055.290s] GC(242)   Other: 0.8ms
[2022-05-03T00:45:44.376+0000][1055.290s] GC(242) Eden regions: 289->0(291)
[2022-05-03T00:45:44.377+0000][1055.291s] GC(242) Survivor regions: 18->16(39)
[2022-05-03T00:45:44.377+0000][1055.291s] GC(242) Old regions: 52->52
[2022-05-03T00:45:44.377+0000][1055.291s] GC(242) Humongous regions: 7->7
[2022-05-03T00:45:44.377+0000][1055.291s] GC(242) Metaspace: 57684K->57684K(1101824K)
[2022-05-03T00:45:44.377+0000][1055.292s] GC(242) Pause Young (Normal) (G1 Evacuation Pause) 363M->72M(512M) 25.128ms
[2022-05-03T00:45:44.378+0000][1055.292s] GC(242) User=0.17s Sys=0.00s Real=0.03s
[2022-05-03T00:45:47.184+0000][1058.098s] GC(243) Pause Young (Normal) (G1 Evacuation Pause)
[2022-05-03T00:45:47.184+0000][1058.098s] GC(243) Using 8 workers of 8 for evacuation
[2022-05-03T00:45:47.226+0000][1058.140s] GC(243)   Pre Evacuate Collection Set: 0.0ms
[2022-05-03T00:45:47.226+0000][1058.140s] GC(243)   Evacuate Collection Set: 32.5ms
[2022-05-03T00:45:47.226+0000][1058.141s] GC(243)   Post Evacuate Collection Set: 8.7ms
[2022-05-03T00:45:47.227+0000][1058.141s] GC(243)   Other: 0.8ms
[2022-05-03T00:45:47.227+0000][1058.141s] GC(243) Eden regions: 291->0(292)
[2022-05-03T00:45:47.228+0000][1058.142s] GC(243) Survivor regions: 16->15(39)
[2022-05-03T00:45:47.228+0000][1058.142s] GC(243) Old regions: 52->52
[2022-05-03T00:45:47.228+0000][1058.142s] GC(243) Humongous regions: 7->7
[2022-05-03T00:45:47.228+0000][1058.142s] GC(243) Metaspace: 57684K->57684K(1101824K)
[2022-05-03T00:45:47.228+0000][1058.142s] GC(243) Pause Young (Normal) (G1 Evacuation Pause) 363M->72M(512M) 44.610ms
[2022-05-03T00:45:47.229+0000][1058.143s] GC(243) User=0.32s Sys=0.00s Real=0.05s
[2022-05-03T00:45:49.440+0000][1060.354s] GC(244) Pause Young (Normal) (G1 Evacuation Pause)
[2022-05-03T00:45:49.441+0000][1060.355s] GC(244) Using 8 workers of 8 for evacuation
[2022-05-03T00:45:49.446+0000][1060.360s] GC(244)   Pre Evacuate Collection Set: 0.0ms
[2022-05-03T00:45:49.447+0000][1060.361s] GC(244)   Evacuate Collection Set: 2.7ms
[2022-05-03T00:45:49.447+0000][1060.361s] GC(244)   Post Evacuate Collection Set: 2.6ms
[2022-05-03T00:45:49.448+0000][1060.362s] GC(244)   Other: 1.0ms
[2022-05-03T00:45:49.448+0000][1060.362s] GC(244) Eden regions: 292->0(292)
[2022-05-03T00:45:49.448+0000][1060.362s] GC(244) Survivor regions: 15->15(39)
[2022-05-03T00:45:49.449+0000][1060.363s] GC(244) Old regions: 52->52
[2022-05-03T00:45:49.449+0000][1060.363s] GC(244) Humongous regions: 7->7
[2022-05-03T00:45:49.449+0000][1060.363s] GC(244) Metaspace: 57684K->57684K(1101824K)
[2022-05-03T00:45:49.450+0000][1060.364s] GC(244) Pause Young (Normal) (G1 Evacuation Pause) 364M->72M(512M) 9.708ms
[2022-05-03T00:45:49.450+0000][1060.364s] GC(244) User=0.04s Sys=0.00s Real=0.01s
[2022-05-03T00:45:52.359+0000][1063.273s] GC(245) Pause Young (Normal) (G1 Evacuation Pause)
[2022-05-03T00:45:52.359+0000][1063.273s] GC(245) Using 8 workers of 8 for evacuation
[2022-05-03T00:45:52.366+0000][1063.280s] GC(245)   Pre Evacuate Collection Set: 0.0ms
[2022-05-03T00:45:52.366+0000][1063.281s] GC(245)   Evacuate Collection Set: 2.9ms
[2022-05-03T00:45:52.367+0000][1063.281s] GC(245)   Post Evacuate Collection Set: 3.8ms
[2022-05-03T00:45:52.367+0000][1063.281s] GC(245)   Other: 0.6ms
[2022-05-03T00:45:52.367+0000][1063.282s] GC(245) Eden regions: 292->0(290)
[2022-05-03T00:45:52.368+0000][1063.282s] GC(245) Survivor regions: 15->17(39)
[2022-05-03T00:45:52.368+0000][1063.282s] GC(245) Old regions: 52->52
[2022-05-03T00:45:52.369+0000][1063.283s] GC(245) Humongous regions: 7->7
[2022-05-03T00:45:52.369+0000][1063.283s] GC(245) Metaspace: 57684K->57684K(1101824K)
[2022-05-03T00:45:52.369+0000][1063.283s] GC(245) Pause Young (Normal) (G1 Evacuation Pause) 364M->73M(512M) 10.743ms
[2022-05-03T00:45:52.370+0000][1063.284s] GC(245) User=0.05s Sys=0.00s Real=0.01s
[2022-05-03T00:45:54.769+0000][1065.683s] GC(246) Pause Young (Normal) (G1 Evacuation Pause)
[2022-05-03T00:45:54.769+0000][1065.684s] GC(246) Using 8 workers of 8 for evacuation
[2022-05-03T00:45:54.784+0000][1065.698s] GC(246)   Pre Evacuate Collection Set: 0.0ms
[2022-05-03T00:45:54.784+0000][1065.698s] GC(246)   Evacuate Collection Set: 10.3ms
[2022-05-03T00:45:54.784+0000][1065.698s] GC(246)   Post Evacuate Collection Set: 3.6ms
[2022-05-03T00:45:54.785+0000][1065.699s] GC(246)   Other: 0.6ms
[2022-05-03T00:45:54.785+0000][1065.699s] GC(246) Eden regions: 290->0(289)
[2022-05-03T00:45:54.785+0000][1065.699s] GC(246) Survivor regions: 17->18(39)
[2022-05-03T00:45:54.785+0000][1065.700s] GC(246) Old regions: 52->52
[2022-05-03T00:45:54.786+0000][1065.700s] GC(246) Humongous regions: 7->7
[2022-05-03T00:45:54.786+0000][1065.700s] GC(246) Metaspace: 57684K->57684K(1101824K)
[2022-05-03T00:45:54.786+0000][1065.700s] GC(246) Pause Young (Normal) (G1 Evacuation Pause) 363M->75M(512M) 17.052ms
[2022-05-03T00:45:54.786+0000][1065.700s] GC(246) User=0.11s Sys=0.00s Real=0.02s
[2022-05-03T00:45:57.190+0000][1068.104s] GC(247) Pause Young (Normal) (G1 Evacuation Pause)
[2022-05-03T00:45:57.191+0000][1068.105s] GC(247) Using 8 workers of 8 for evacuation
[2022-05-03T00:45:57.196+0000][1068.111s] GC(247)   Pre Evacuate Collection Set: 0.0ms
[2022-05-03T00:45:57.197+0000][1068.111s] GC(247)   Evacuate Collection Set: 3.0ms
[2022-05-03T00:45:57.197+0000][1068.111s] GC(247)   Post Evacuate Collection Set: 2.3ms
[2022-05-03T00:45:57.197+0000][1068.112s] GC(247)   Other: 0.8ms
[2022-05-03T00:45:57.198+0000][1068.112s] GC(247) Eden regions: 289->0(290)
[2022-05-03T00:45:57.198+0000][1068.112s] GC(247) Survivor regions: 18->17(39)
[2022-05-03T00:45:57.198+0000][1068.112s] GC(247) Old regions: 52->52
[2022-05-03T00:45:57.199+0000][1068.113s] GC(247) Humongous regions: 7->7
[2022-05-03T00:45:57.199+0000][1068.113s] GC(247) Metaspace: 57684K->57684K(1101824K)
[2022-05-03T00:45:57.199+0000][1068.113s] GC(247) Pause Young (Normal) (G1 Evacuation Pause) 364M->73M(512M) 9.029ms
[2022-05-03T00:45:57.200+0000][1068.114s] GC(247) User=0.04s Sys=0.01s Real=0.01s
[2022-05-03T00:45:59.638+0000][1070.552s] GC(248) Pause Young (Normal) (G1 Evacuation Pause)
[2022-05-03T00:45:59.638+0000][1070.552s] GC(248) Using 8 workers of 8 for evacuation
[2022-05-03T00:45:59.643+0000][1070.557s] GC(248)   Pre Evacuate Collection Set: 0.0ms
[2022-05-03T00:45:59.644+0000][1070.558s] GC(248)   Evacuate Collection Set: 2.3ms
[2022-05-03T00:45:59.644+0000][1070.558s] GC(248)   Post Evacuate Collection Set: 2.4ms
[2022-05-03T00:45:59.644+0000][1070.558s] GC(248)   Other: 0.8ms
[2022-05-03T00:45:59.645+0000][1070.559s] GC(248) Eden regions: 290->0(292)
[2022-05-03T00:45:59.645+0000][1070.559s] GC(248) Survivor regions: 17->15(39)
[2022-05-03T00:45:59.645+0000][1070.559s] GC(248) Old regions: 52->52
[2022-05-03T00:45:59.646+0000][1070.560s] GC(248) Humongous regions: 7->7
[2022-05-03T00:45:59.646+0000][1070.560s] GC(248) Metaspace: 57684K->57684K(1101824K)
[2022-05-03T00:45:59.646+0000][1070.560s] GC(248) Pause Young (Normal) (G1 Evacuation Pause) 363M->72M(512M) 8.226ms
[2022-05-03T00:45:59.646+0000][1070.560s] GC(248) User=0.03s Sys=0.01s Real=0.01s
[2022-05-03T00:46:01.939+0000][1072.853s] GC(249) Pause Young (Normal) (G1 Evacuation Pause)
[2022-05-03T00:46:01.939+0000][1072.853s] GC(249) Using 8 workers of 8 for evacuation
[2022-05-03T00:46:01.946+0000][1072.860s] GC(249)   Pre Evacuate Collection Set: 0.0ms
[2022-05-03T00:46:01.946+0000][1072.860s] GC(249)   Evacuate Collection Set: 3.2ms
[2022-05-03T00:46:01.946+0000][1072.860s] GC(249)   Post Evacuate Collection Set: 2.6ms
[2022-05-03T00:46:01.947+0000][1072.861s] GC(249)   Other: 1.1ms
[2022-05-03T00:46:01.947+0000][1072.861s] GC(249) Eden regions: 292->0(291)
[2022-05-03T00:46:01.947+0000][1072.861s] GC(249) Survivor regions: 15->16(39)
[2022-05-03T00:46:01.948+0000][1072.862s] GC(249) Old regions: 52->52
[2022-05-03T00:46:01.948+0000][1072.862s] GC(249) Humongous regions: 7->7
[2022-05-03T00:46:01.948+0000][1072.862s] GC(249) Metaspace: 57684K->57684K(1101824K)
[2022-05-03T00:46:01.948+0000][1072.862s] GC(249) Pause Young (Normal) (G1 Evacuation Pause) 364M->73M(512M) 9.503ms
[2022-05-03T00:46:01.948+0000][1072.863s] GC(249) User=0.04s Sys=0.00s Real=0.01s
[2022-05-03T00:46:04.487+0000][1075.401s] GC(250) Pause Young (Normal) (G1 Evacuation Pause)
[2022-05-03T00:46:04.488+0000][1075.402s] GC(250) Using 8 workers of 8 for evacuation
[2022-05-03T00:46:04.493+0000][1075.407s] GC(250)   Pre Evacuate Collection Set: 0.0ms
[2022-05-03T00:46:04.494+0000][1075.408s] GC(250)   Evacuate Collection Set: 2.7ms
[2022-05-03T00:46:04.494+0000][1075.408s] GC(250)   Post Evacuate Collection Set: 2.4ms
[2022-05-03T00:46:04.494+0000][1075.408s] GC(250)   Other: 0.7ms
[2022-05-03T00:46:04.495+0000][1075.409s] GC(250) Eden regions: 291->0(290)
[2022-05-03T00:46:04.495+0000][1075.409s] GC(250) Survivor regions: 16->17(39)
[2022-05-03T00:46:04.495+0000][1075.410s] GC(250) Old regions: 52->52
[2022-05-03T00:46:04.496+0000][1075.410s] GC(250) Humongous regions: 7->7
[2022-05-03T00:46:04.496+0000][1075.410s] GC(250) Metaspace: 57686K->57686K(1101824K)
[2022-05-03T00:46:04.496+0000][1075.410s] GC(250) Pause Young (Normal) (G1 Evacuation Pause) 364M->73M(512M) 9.028ms
[2022-05-03T00:46:04.497+0000][1075.411s] GC(250) User=0.03s Sys=0.00s Real=0.01s
[2022-05-03T00:46:07.216+0000][1078.130s] GC(251) Pause Young (Normal) (G1 Evacuation Pause)
[2022-05-03T00:46:07.216+0000][1078.130s] GC(251) Using 8 workers of 8 for evacuation
[2022-05-03T00:46:07.223+0000][1078.137s] GC(251)   Pre Evacuate Collection Set: 0.0ms
[2022-05-03T00:46:07.223+0000][1078.137s] GC(251)   Evacuate Collection Set: 2.4ms
[2022-05-03T00:46:07.224+0000][1078.138s] GC(251)   Post Evacuate Collection Set: 3.7ms
[2022-05-03T00:46:07.224+0000][1078.138s] GC(251)   Other: 0.5ms
[2022-05-03T00:46:07.225+0000][1078.139s] GC(251) Eden regions: 290->0(290)
[2022-05-03T00:46:07.225+0000][1078.139s] GC(251) Survivor regions: 17->17(39)
[2022-05-03T00:46:07.225+0000][1078.139s] GC(251) Old regions: 52->52
[2022-05-03T00:46:07.226+0000][1078.140s] GC(251) Humongous regions: 7->7
[2022-05-03T00:46:07.226+0000][1078.140s] GC(251) Metaspace: 57686K->57686K(1101824K)
[2022-05-03T00:46:07.226+0000][1078.140s] GC(251) Pause Young (Normal) (G1 Evacuation Pause) 363M->74M(512M) 9.949ms
[2022-05-03T00:46:07.226+0000][1078.141s] GC(251) User=0.04s Sys=0.00s Real=0.01s
[2022-05-03T00:46:09.557+0000][1080.471s] GC(252) Pause Young (Normal) (G1 Evacuation Pause)
[2022-05-03T00:46:09.558+0000][1080.472s] GC(252) Using 8 workers of 8 for evacuation
[2022-05-03T00:46:09.568+0000][1080.482s] GC(252)   Pre Evacuate Collection Set: 0.0ms
[2022-05-03T00:46:09.568+0000][1080.482s] GC(252)   Evacuate Collection Set: 7.1ms
[2022-05-03T00:46:09.569+0000][1080.483s] GC(252)   Post Evacuate Collection Set: 2.7ms
[2022-05-03T00:46:09.569+0000][1080.483s] GC(252)   Other: 0.8ms
[2022-05-03T00:46:09.570+0000][1080.484s] GC(252) Eden regions: 290->0(291)
[2022-05-03T00:46:09.570+0000][1080.484s] GC(252) Survivor regions: 17->16(39)
[2022-05-03T00:46:09.570+0000][1080.484s] GC(252) Old regions: 52->52
[2022-05-03T00:46:09.571+0000][1080.485s] GC(252) Humongous regions: 7->7
[2022-05-03T00:46:09.571+0000][1080.485s] GC(252) Metaspace: 57686K->57686K(1101824K)
[2022-05-03T00:46:09.571+0000][1080.485s] GC(252) Pause Young (Normal) (G1 Evacuation Pause) 364M->73M(512M) 13.885ms
[2022-05-03T00:46:09.571+0000][1080.486s] GC(252) User=0.07s Sys=0.00s Real=0.01s
[2022-05-03T00:46:12.006+0000][1082.920s] GC(253) Pause Young (Normal) (G1 Evacuation Pause)
[2022-05-03T00:46:12.006+0000][1082.920s] GC(253) Using 8 workers of 8 for evacuation
[2022-05-03T00:46:12.012+0000][1082.926s] GC(253)   Pre Evacuate Collection Set: 0.0ms
[2022-05-03T00:46:12.013+0000][1082.927s] GC(253)   Evacuate Collection Set: 2.9ms
[2022-05-03T00:46:12.013+0000][1082.927s] GC(253)   Post Evacuate Collection Set: 2.6ms
[2022-05-03T00:46:12.013+0000][1082.927s] GC(253)   Other: 0.7ms
[2022-05-03T00:46:12.013+0000][1082.928s] GC(253) Eden regions: 291->0(291)
[2022-05-03T00:46:12.014+0000][1082.928s] GC(253) Survivor regions: 16->16(39)
[2022-05-03T00:46:12.014+0000][1082.928s] GC(253) Old regions: 52->53
[2022-05-03T00:46:12.014+0000][1082.928s] GC(253) Humongous regions: 7->7
[2022-05-03T00:46:12.014+0000][1082.928s] GC(253) Metaspace: 57686K->57686K(1101824K)
[2022-05-03T00:46:12.015+0000][1082.929s] GC(253) Pause Young (Normal) (G1 Evacuation Pause) 364M->73M(512M) 8.576ms
[2022-05-03T00:46:12.015+0000][1082.929s] GC(253) User=0.04s Sys=0.00s Real=0.01s
[2022-05-03T00:46:14.331+0000][1085.246s] GC(254) Pause Young (Normal) (G1 Evacuation Pause)
[2022-05-03T00:46:14.332+0000][1085.246s] GC(254) Using 8 workers of 8 for evacuation
[2022-05-03T00:46:14.355+0000][1085.270s] GC(254)   Pre Evacuate Collection Set: 0.0ms
[2022-05-03T00:46:14.356+0000][1085.270s] GC(254)   Evacuate Collection Set: 13.9ms
[2022-05-03T00:46:14.356+0000][1085.270s] GC(254)   Post Evacuate Collection Set: 9.3ms
[2022-05-03T00:46:14.356+0000][1085.271s] GC(254)   Other: 0.7ms
[2022-05-03T00:46:14.357+0000][1085.271s] GC(254) Eden regions: 291->0(291)
[2022-05-03T00:46:14.357+0000][1085.271s] GC(254) Survivor regions: 16->16(39)
[2022-05-03T00:46:14.357+0000][1085.271s] GC(254) Old regions: 53->53
[2022-05-03T00:46:14.357+0000][1085.272s] GC(254) Humongous regions: 7->7
[2022-05-03T00:46:14.358+0000][1085.272s] GC(254) Metaspace: 57686K->57686K(1101824K)
[2022-05-03T00:46:14.358+0000][1085.272s] GC(254) Pause Young (Normal) (G1 Evacuation Pause) 364M->73M(512M) 26.577ms
[2022-05-03T00:46:14.358+0000][1085.272s] GC(254) User=0.16s Sys=0.00s Real=0.03s
[2022-05-03T00:46:16.950+0000][1087.865s] GC(255) Pause Young (Normal) (G1 Evacuation Pause)
[2022-05-03T00:46:16.951+0000][1087.865s] GC(255) Using 8 workers of 8 for evacuation
[2022-05-03T00:46:16.956+0000][1087.870s] GC(255)   Pre Evacuate Collection Set: 0.0ms
[2022-05-03T00:46:16.957+0000][1087.871s] GC(255)   Evacuate Collection Set: 2.8ms
[2022-05-03T00:46:16.957+0000][1087.871s] GC(255)   Post Evacuate Collection Set: 2.4ms
[2022-05-03T00:46:16.958+0000][1087.872s] GC(255)   Other: 0.7ms
[2022-05-03T00:46:16.958+0000][1087.872s] GC(255) Eden regions: 291->0(290)
[2022-05-03T00:46:16.958+0000][1087.872s] GC(255) Survivor regions: 16->17(39)
[2022-05-03T00:46:16.959+0000][1087.873s] GC(255) Old regions: 53->53
[2022-05-03T00:46:16.959+0000][1087.873s] GC(255) Humongous regions: 7->7
[2022-05-03T00:46:16.959+0000][1087.873s] GC(255) Metaspace: 57686K->57686K(1101824K)
[2022-05-03T00:46:16.960+0000][1087.874s] GC(255) Pause Young (Normal) (G1 Evacuation Pause) 364M->74M(512M) 9.213ms
[2022-05-03T00:46:16.960+0000][1087.874s] GC(255) User=0.03s Sys=0.00s Real=0.01s
[2022-05-03T00:46:19.591+0000][1090.505s] GC(256) Pause Young (Normal) (G1 Evacuation Pause)
[2022-05-03T00:46:19.592+0000][1090.506s] GC(256) Using 8 workers of 8 for evacuation
[2022-05-03T00:46:19.598+0000][1090.512s] GC(256)   Pre Evacuate Collection Set: 0.0ms
[2022-05-03T00:46:19.599+0000][1090.513s] GC(256)   Evacuate Collection Set: 2.9ms
[2022-05-03T00:46:19.599+0000][1090.513s] GC(256)   Post Evacuate Collection Set: 3.1ms
[2022-05-03T00:46:19.599+0000][1090.513s] GC(256)   Other: 1.0ms
[2022-05-03T00:46:19.600+0000][1090.514s] GC(256) Eden regions: 290->0(289)
[2022-05-03T00:46:19.600+0000][1090.514s] GC(256) Survivor regions: 17->18(39)
[2022-05-03T00:46:19.600+0000][1090.515s] GC(256) Old regions: 53->53
[2022-05-03T00:46:19.601+0000][1090.515s] GC(256) Humongous regions: 7->7
[2022-05-03T00:46:19.601+0000][1090.515s] GC(256) Metaspace: 57686K->57686K(1101824K)
[2022-05-03T00:46:19.601+0000][1090.516s] GC(256) Pause Young (Normal) (G1 Evacuation Pause) 364M->75M(512M) 10.285ms
[2022-05-03T00:46:19.602+0000][1090.516s] GC(256) User=0.04s Sys=0.00s Real=0.01s
[2022-05-03T00:46:21.944+0000][1092.859s] GC(257) Pause Young (Normal) (G1 Evacuation Pause)
[2022-05-03T00:46:21.945+0000][1092.859s] GC(257) Using 8 workers of 8 for evacuation
[2022-05-03T00:46:21.951+0000][1092.865s] GC(257)   Pre Evacuate Collection Set: 0.0ms
[2022-05-03T00:46:21.951+0000][1092.865s] GC(257)   Evacuate Collection Set: 3.0ms
[2022-05-03T00:46:21.951+0000][1092.865s] GC(257)   Post Evacuate Collection Set: 2.3ms
[2022-05-03T00:46:21.952+0000][1092.866s] GC(257)   Other: 0.7ms
[2022-05-03T00:46:21.952+0000][1092.866s] GC(257) Eden regions: 289->0(291)
[2022-05-03T00:46:21.952+0000][1092.866s] GC(257) Survivor regions: 18->16(39)
[2022-05-03T00:46:21.953+0000][1092.867s] GC(257) Old regions: 53->53
[2022-05-03T00:46:21.953+0000][1092.867s] GC(257) Humongous regions: 7->7
[2022-05-03T00:46:21.953+0000][1092.867s] GC(257) Metaspace: 57686K->57686K(1101824K)
[2022-05-03T00:46:21.953+0000][1092.868s] GC(257) Pause Young (Normal) (G1 Evacuation Pause) 364M->73M(512M) 8.932ms
[2022-05-03T00:46:21.954+0000][1092.868s] GC(257) User=0.03s Sys=0.00s Real=0.00s
[2022-05-03T00:46:24.301+0000][1095.215s] GC(258) Pause Young (Normal) (G1 Evacuation Pause)
[2022-05-03T00:46:24.301+0000][1095.216s] GC(258) Using 8 workers of 8 for evacuation
[2022-05-03T00:46:24.306+0000][1095.220s] GC(258)   Pre Evacuate Collection Set: 0.0ms
[2022-05-03T00:46:24.306+0000][1095.221s] GC(258)   Evacuate Collection Set: 2.2ms
[2022-05-03T00:46:24.307+0000][1095.221s] GC(258)   Post Evacuate Collection Set: 2.3ms
[2022-05-03T00:46:24.307+0000][1095.221s] GC(258)   Other: 0.4ms
[2022-05-03T00:46:24.307+0000][1095.221s] GC(258) Eden regions: 291->0(292)
[2022-05-03T00:46:24.308+0000][1095.222s] GC(258) Survivor regions: 16->15(39)
[2022-05-03T00:46:24.308+0000][1095.222s] GC(258) Old regions: 53->53
[2022-05-03T00:46:24.308+0000][1095.222s] GC(258) Humongous regions: 7->7
[2022-05-03T00:46:24.309+0000][1095.223s] GC(258) Metaspace: 57686K->57686K(1101824K)
[2022-05-03T00:46:24.309+0000][1095.223s] GC(258) Pause Young (Normal) (G1 Evacuation Pause) 364M->72M(512M) 7.552ms
[2022-05-03T00:46:24.309+0000][1095.223s] GC(258) User=0.03s Sys=0.00s Real=0.01s
[2022-05-03T00:46:26.717+0000][1097.631s] GC(259) Pause Young (Normal) (G1 Evacuation Pause)
[2022-05-03T00:46:26.717+0000][1097.631s] GC(259) Using 8 workers of 8 for evacuation
[2022-05-03T00:46:26.725+0000][1097.639s] GC(259)   Pre Evacuate Collection Set: 0.0ms
[2022-05-03T00:46:26.726+0000][1097.640s] GC(259)   Evacuate Collection Set: 4.5ms
[2022-05-03T00:46:26.726+0000][1097.640s] GC(259)   Post Evacuate Collection Set: 3.2ms
[2022-05-03T00:46:26.726+0000][1097.640s] GC(259)   Other: 0.7ms
[2022-05-03T00:46:26.726+0000][1097.641s] GC(259) Eden regions: 292->0(292)
[2022-05-03T00:46:26.727+0000][1097.641s] GC(259) Survivor regions: 15->15(39)
[2022-05-03T00:46:26.727+0000][1097.641s] GC(259) Old regions: 53->53
[2022-05-03T00:46:26.727+0000][1097.641s] GC(259) Humongous regions: 7->7
[2022-05-03T00:46:26.727+0000][1097.641s] GC(259) Metaspace: 57686K->57686K(1101824K)
[2022-05-03T00:46:26.727+0000][1097.641s] GC(259) Pause Young (Normal) (G1 Evacuation Pause) 364M->72M(512M) 10.246ms
[2022-05-03T00:46:26.727+0000][1097.642s] GC(259) User=0.06s Sys=0.00s Real=0.01s
[2022-05-03T00:46:29.277+0000][1100.192s] GC(260) Pause Young (Normal) (G1 Evacuation Pause)
[2022-05-03T00:46:29.278+0000][1100.192s] GC(260) Using 8 workers of 8 for evacuation
[2022-05-03T00:46:29.284+0000][1100.198s] GC(260)   Pre Evacuate Collection Set: 0.0ms
[2022-05-03T00:46:29.284+0000][1100.199s] GC(260)   Evacuate Collection Set: 3.0ms
[2022-05-03T00:46:29.285+0000][1100.199s] GC(260)   Post Evacuate Collection Set: 2.8ms
[2022-05-03T00:46:29.285+0000][1100.199s] GC(260)   Other: 0.7ms
[2022-05-03T00:46:29.285+0000][1100.200s] GC(260) Eden regions: 292->0(291)
[2022-05-03T00:46:29.286+0000][1100.200s] GC(260) Survivor regions: 15->16(39)
[2022-05-03T00:46:29.286+0000][1100.200s] GC(260) Old regions: 53->53
[2022-05-03T00:46:29.286+0000][1100.200s] GC(260) Humongous regions: 7->7
[2022-05-03T00:46:29.287+0000][1100.201s] GC(260) Metaspace: 57686K->57686K(1101824K)
[2022-05-03T00:46:29.287+0000][1100.201s] GC(260) Pause Young (Normal) (G1 Evacuation Pause) 364M->73M(512M) 9.435ms
[2022-05-03T00:46:29.287+0000][1100.201s] GC(260) User=0.03s Sys=0.00s Real=0.01s
[2022-05-03T00:46:31.921+0000][1102.835s] GC(261) Pause Young (Normal) (G1 Evacuation Pause)
[2022-05-03T00:46:31.921+0000][1102.835s] GC(261) Using 8 workers of 8 for evacuation
[2022-05-03T00:46:31.928+0000][1102.842s] GC(261)   Pre Evacuate Collection Set: 0.0ms
[2022-05-03T00:46:31.928+0000][1102.843s] GC(261)   Evacuate Collection Set: 2.6ms
[2022-05-03T00:46:31.929+0000][1102.843s] GC(261)   Post Evacuate Collection Set: 3.6ms
[2022-05-03T00:46:31.929+0000][1102.843s] GC(261)   Other: 1.0ms
[2022-05-03T00:46:31.929+0000][1102.844s] GC(261) Eden regions: 291->0(290)
[2022-05-03T00:46:31.930+0000][1102.844s] GC(261) Survivor regions: 16->17(39)
[2022-05-03T00:46:31.930+0000][1102.844s] GC(261) Old regions: 53->53
[2022-05-03T00:46:31.930+0000][1102.845s] GC(261) Humongous regions: 7->7
[2022-05-03T00:46:31.931+0000][1102.845s] GC(261) Metaspace: 57686K->57686K(1101824K)
[2022-05-03T00:46:31.931+0000][1102.845s] GC(261) Pause Young (Normal) (G1 Evacuation Pause) 364M->74M(512M) 10.212ms
[2022-05-03T00:46:31.931+0000][1102.846s] GC(261) User=0.04s Sys=0.00s Real=0.01s
[2022-05-03T00:46:34.328+0000][1105.242s] GC(262) Pause Young (Normal) (G1 Evacuation Pause)
[2022-05-03T00:46:34.329+0000][1105.243s] GC(262) Using 8 workers of 8 for evacuation
[2022-05-03T00:46:34.342+0000][1105.256s] GC(262)   Pre Evacuate Collection Set: 0.0ms
[2022-05-03T00:46:34.342+0000][1105.256s] GC(262)   Evacuate Collection Set: 7.7ms
[2022-05-03T00:46:34.342+0000][1105.256s] GC(262)   Post Evacuate Collection Set: 5.1ms
[2022-05-03T00:46:34.342+0000][1105.257s] GC(262)   Other: 0.7ms
[2022-05-03T00:46:34.343+0000][1105.257s] GC(262) Eden regions: 290->0(292)
[2022-05-03T00:46:34.343+0000][1105.257s] GC(262) Survivor regions: 17->15(39)
[2022-05-03T00:46:34.343+0000][1105.257s] GC(262) Old regions: 53->53
[2022-05-03T00:46:34.343+0000][1105.257s] GC(262) Humongous regions: 7->7
[2022-05-03T00:46:34.343+0000][1105.257s] GC(262) Metaspace: 57686K->57686K(1101824K)
[2022-05-03T00:46:34.344+0000][1105.258s] GC(262) Pause Young (Normal) (G1 Evacuation Pause) 364M->72M(512M) 15.284ms
[2022-05-03T00:46:34.344+0000][1105.258s] GC(262) User=0.09s Sys=0.00s Real=0.01s
[2022-05-03T00:46:36.714+0000][1107.628s] GC(263) Pause Young (Normal) (G1 Evacuation Pause)
[2022-05-03T00:46:36.714+0000][1107.628s] GC(263) Using 8 workers of 8 for evacuation
[2022-05-03T00:46:36.719+0000][1107.633s] GC(263)   Pre Evacuate Collection Set: 0.0ms
[2022-05-03T00:46:36.719+0000][1107.633s] GC(263)   Evacuate Collection Set: 2.2ms
[2022-05-03T00:46:36.719+0000][1107.633s] GC(263)   Post Evacuate Collection Set: 2.3ms
[2022-05-03T00:46:36.720+0000][1107.634s] GC(263)   Other: 0.4ms
[2022-05-03T00:46:36.720+0000][1107.634s] GC(263) Eden regions: 292->0(292)
[2022-05-03T00:46:36.720+0000][1107.635s] GC(263) Survivor regions: 15->15(39)
[2022-05-03T00:46:36.721+0000][1107.635s] GC(263) Old regions: 53->53
[2022-05-03T00:46:36.721+0000][1107.635s] GC(263) Humongous regions: 7->7
[2022-05-03T00:46:36.721+0000][1107.635s] GC(263) Metaspace: 57686K->57686K(1101824K)
[2022-05-03T00:46:36.721+0000][1107.635s] GC(263) Pause Young (Normal) (G1 Evacuation Pause) 364M->72M(512M) 7.759ms
[2022-05-03T00:46:36.722+0000][1107.636s] GC(263) User=0.03s Sys=0.01s Real=0.01s
[2022-05-03T00:46:39.116+0000][1110.031s] GC(264) Pause Young (Normal) (G1 Evacuation Pause)
[2022-05-03T00:46:39.117+0000][1110.031s] GC(264) Using 8 workers of 8 for evacuation
[2022-05-03T00:46:39.122+0000][1110.036s] GC(264)   Pre Evacuate Collection Set: 0.0ms
[2022-05-03T00:46:39.123+0000][1110.037s] GC(264)   Evacuate Collection Set: 2.4ms
[2022-05-03T00:46:39.123+0000][1110.037s] GC(264)   Post Evacuate Collection Set: 2.4ms
[2022-05-03T00:46:39.124+0000][1110.038s] GC(264)   Other: 1.0ms
[2022-05-03T00:46:39.124+0000][1110.038s] GC(264) Eden regions: 292->0(293)
[2022-05-03T00:46:39.125+0000][1110.039s] GC(264) Survivor regions: 15->14(39)
[2022-05-03T00:46:39.125+0000][1110.039s] GC(264) Old regions: 53->53
[2022-05-03T00:46:39.125+0000][1110.039s] GC(264) Humongous regions: 7->7
[2022-05-03T00:46:39.126+0000][1110.040s] GC(264) Metaspace: 57686K->57686K(1101824K)
[2022-05-03T00:46:39.126+0000][1110.040s] GC(264) Pause Young (Normal) (G1 Evacuation Pause) 364M->72M(512M) 9.603ms
[2022-05-03T00:46:39.126+0000][1110.041s] GC(264) User=0.03s Sys=0.00s Real=0.01s
[2022-05-03T00:46:41.989+0000][1112.903s] GC(265) Pause Young (Normal) (G1 Evacuation Pause)
[2022-05-03T00:46:41.989+0000][1112.903s] GC(265) Using 8 workers of 8 for evacuation
[2022-05-03T00:46:41.995+0000][1112.909s] GC(265)   Pre Evacuate Collection Set: 0.0ms
[2022-05-03T00:46:41.995+0000][1112.909s] GC(265)   Evacuate Collection Set: 2.7ms
[2022-05-03T00:46:41.996+0000][1112.910s] GC(265)   Post Evacuate Collection Set: 2.9ms
[2022-05-03T00:46:41.996+0000][1112.910s] GC(265)   Other: 0.5ms
[2022-05-03T00:46:41.997+0000][1112.911s] GC(265) Eden regions: 293->0(291)
[2022-05-03T00:46:41.997+0000][1112.911s] GC(265) Survivor regions: 14->16(39)
[2022-05-03T00:46:41.997+0000][1112.912s] GC(265) Old regions: 53->53
[2022-05-03T00:46:41.998+0000][1112.912s] GC(265) Humongous regions: 7->7
[2022-05-03T00:46:41.998+0000][1112.912s] GC(265) Metaspace: 57686K->57686K(1101824K)
[2022-05-03T00:46:41.998+0000][1112.912s] GC(265) Pause Young (Normal) (G1 Evacuation Pause) 365M->74M(512M) 9.448ms
[2022-05-03T00:46:41.998+0000][1112.913s] GC(265) User=0.04s Sys=0.00s Real=0.01s
[2022-05-03T00:46:44.360+0000][1115.275s] GC(266) Pause Young (Normal) (G1 Evacuation Pause)
[2022-05-03T00:46:44.361+0000][1115.275s] GC(266) Using 8 workers of 8 for evacuation
[2022-05-03T00:46:44.375+0000][1115.289s] GC(266)   Pre Evacuate Collection Set: 0.0ms
[2022-05-03T00:46:44.375+0000][1115.289s] GC(266)   Evacuate Collection Set: 7.8ms
[2022-05-03T00:46:44.375+0000][1115.289s] GC(266)   Post Evacuate Collection Set: 6.2ms
[2022-05-03T00:46:44.376+0000][1115.290s] GC(266)   Other: 0.5ms
[2022-05-03T00:46:44.376+0000][1115.290s] GC(266) Eden regions: 291->0(289)
[2022-05-03T00:46:44.376+0000][1115.290s] GC(266) Survivor regions: 16->18(39)
[2022-05-03T00:46:44.376+0000][1115.290s] GC(266) Old regions: 53->53
[2022-05-03T00:46:44.376+0000][1115.290s] GC(266) Humongous regions: 7->7
[2022-05-03T00:46:44.376+0000][1115.290s] GC(266) Metaspace: 57686K->57686K(1101824K)
[2022-05-03T00:46:44.376+0000][1115.291s] GC(266) Pause Young (Normal) (G1 Evacuation Pause) 365M->75M(512M) 16.077ms
[2022-05-03T00:46:44.377+0000][1115.291s] GC(266) User=0.10s Sys=0.00s Real=0.02s
[2022-05-03T00:46:46.738+0000][1117.652s] GC(267) Pause Young (Normal) (G1 Evacuation Pause)
[2022-05-03T00:46:46.739+0000][1117.653s] GC(267) Using 8 workers of 8 for evacuation
[2022-05-03T00:46:46.744+0000][1117.659s] GC(267)   Pre Evacuate Collection Set: 0.0ms
[2022-05-03T00:46:46.745+0000][1117.659s] GC(267)   Evacuate Collection Set: 2.4ms
[2022-05-03T00:46:46.745+0000][1117.659s] GC(267)   Post Evacuate Collection Set: 3.1ms
[2022-05-03T00:46:46.746+0000][1117.660s] GC(267)   Other: 0.8ms
[2022-05-03T00:46:46.746+0000][1117.660s] GC(267) Eden regions: 289->0(289)
[2022-05-03T00:46:46.746+0000][1117.660s] GC(267) Survivor regions: 18->18(39)
[2022-05-03T00:46:46.747+0000][1117.661s] GC(267) Old regions: 53->53
[2022-05-03T00:46:46.747+0000][1117.661s] GC(267) Humongous regions: 7->7
[2022-05-03T00:46:46.747+0000][1117.661s] GC(267) Metaspace: 57686K->57686K(1101824K)
[2022-05-03T00:46:46.748+0000][1117.662s] GC(267) Pause Young (Normal) (G1 Evacuation Pause) 364M->76M(512M) 9.339ms
[2022-05-03T00:46:46.748+0000][1117.662s] GC(267) User=0.03s Sys=0.01s Real=0.01s
[2022-05-03T00:46:49.174+0000][1120.089s] GC(268) Pause Young (Normal) (G1 Evacuation Pause)
[2022-05-03T00:46:49.175+0000][1120.089s] GC(268) Using 8 workers of 8 for evacuation
[2022-05-03T00:46:49.181+0000][1120.095s] GC(268)   Pre Evacuate Collection Set: 0.0ms
[2022-05-03T00:46:49.181+0000][1120.095s] GC(268)   Evacuate Collection Set: 3.2ms
[2022-05-03T00:46:49.181+0000][1120.095s] GC(268)   Post Evacuate Collection Set: 2.5ms
[2022-05-03T00:46:49.182+0000][1120.096s] GC(268)   Other: 0.6ms
[2022-05-03T00:46:49.182+0000][1120.096s] GC(268) Eden regions: 289->0(291)
[2022-05-03T00:46:49.182+0000][1120.096s] GC(268) Survivor regions: 18->16(39)
[2022-05-03T00:46:49.182+0000][1120.096s] GC(268) Old regions: 53->53
[2022-05-03T00:46:49.182+0000][1120.096s] GC(268) Humongous regions: 7->7
[2022-05-03T00:46:49.182+0000][1120.097s] GC(268) Metaspace: 57686K->57686K(1101824K)
[2022-05-03T00:46:49.183+0000][1120.097s] GC(268) Pause Young (Normal) (G1 Evacuation Pause) 365M->74M(512M) 8.170ms
[2022-05-03T00:46:49.183+0000][1120.097s] GC(268) User=0.03s Sys=0.00s Real=0.00s
[2022-05-03T00:46:51.498+0000][1122.412s] GC(269) Pause Young (Normal) (G1 Evacuation Pause)
[2022-05-03T00:46:51.498+0000][1122.412s] GC(269) Using 8 workers of 8 for evacuation
[2022-05-03T00:46:51.504+0000][1122.418s] GC(269)   Pre Evacuate Collection Set: 0.0ms
[2022-05-03T00:46:51.504+0000][1122.419s] GC(269)   Evacuate Collection Set: 2.9ms
[2022-05-03T00:46:51.505+0000][1122.419s] GC(269)   Post Evacuate Collection Set: 2.4ms
[2022-05-03T00:46:51.505+0000][1122.419s] GC(269)   Other: 0.8ms
[2022-05-03T00:46:51.505+0000][1122.420s] GC(269) Eden regions: 291->0(291)
[2022-05-03T00:46:51.506+0000][1122.420s] GC(269) Survivor regions: 16->16(39)
[2022-05-03T00:46:51.506+0000][1122.420s] GC(269) Old regions: 53->53
[2022-05-03T00:46:51.506+0000][1122.420s] GC(269) Humongous regions: 7->7
[2022-05-03T00:46:51.507+0000][1122.421s] GC(269) Metaspace: 57686K->57686K(1101824K)
[2022-05-03T00:46:51.507+0000][1122.421s] GC(269) Pause Young (Normal) (G1 Evacuation Pause) 365M->74M(512M) 8.833ms
[2022-05-03T00:46:51.507+0000][1122.421s] GC(269) User=0.03s Sys=0.00s Real=0.01s
[2022-05-03T00:46:54.158+0000][1125.072s] GC(270) Pause Young (Normal) (G1 Evacuation Pause)
[2022-05-03T00:46:54.158+0000][1125.073s] GC(270) Using 8 workers of 8 for evacuation
[2022-05-03T00:46:54.169+0000][1125.084s] GC(270)   Pre Evacuate Collection Set: 0.0ms
[2022-05-03T00:46:54.170+0000][1125.084s] GC(270)   Evacuate Collection Set: 2.6ms
[2022-05-03T00:46:54.170+0000][1125.085s] GC(270)   Post Evacuate Collection Set: 7.9ms
[2022-05-03T00:46:54.171+0000][1125.085s] GC(270)   Other: 0.9ms
[2022-05-03T00:46:54.171+0000][1125.085s] GC(270) Eden regions: 291->0(291)
[2022-05-03T00:46:54.172+0000][1125.086s] GC(270) Survivor regions: 16->16(39)
[2022-05-03T00:46:54.172+0000][1125.086s] GC(270) Old regions: 53->53
[2022-05-03T00:46:54.172+0000][1125.086s] GC(270) Humongous regions: 7->7
[2022-05-03T00:46:54.173+0000][1125.087s] GC(270) Metaspace: 57686K->57686K(1101824K)
[2022-05-03T00:46:54.173+0000][1125.087s] GC(270) Pause Young (Normal) (G1 Evacuation Pause) 365M->74M(512M) 14.889ms
[2022-05-03T00:46:54.173+0000][1125.087s] GC(270) User=0.08s Sys=0.00s Real=0.01s
[2022-05-03T00:46:56.780+0000][1127.694s] GC(271) Pause Young (Normal) (G1 Evacuation Pause)
[2022-05-03T00:46:56.781+0000][1127.695s] GC(271) Using 8 workers of 8 for evacuation
[2022-05-03T00:46:56.787+0000][1127.701s] GC(271)   Pre Evacuate Collection Set: 0.0ms
[2022-05-03T00:46:56.787+0000][1127.701s] GC(271)   Evacuate Collection Set: 3.0ms
[2022-05-03T00:46:56.788+0000][1127.702s] GC(271)   Post Evacuate Collection Set: 2.4ms
[2022-05-03T00:46:56.788+0000][1127.702s] GC(271)   Other: 1.0ms
[2022-05-03T00:46:56.788+0000][1127.702s] GC(271) Eden regions: 291->0(290)
[2022-05-03T00:46:56.789+0000][1127.703s] GC(271) Survivor regions: 16->17(39)
[2022-05-03T00:46:56.789+0000][1127.703s] GC(271) Old regions: 53->53
[2022-05-03T00:46:56.789+0000][1127.703s] GC(271) Humongous regions: 7->7
[2022-05-03T00:46:56.790+0000][1127.704s] GC(271) Metaspace: 57686K->57686K(1101824K)
[2022-05-03T00:46:56.790+0000][1127.704s] GC(271) Pause Young (Normal) (G1 Evacuation Pause) 365M->74M(512M) 9.495ms
[2022-05-03T00:46:56.790+0000][1127.704s] GC(271) User=0.04s Sys=0.00s Real=0.01s
[2022-05-03T00:46:59.179+0000][1130.093s] GC(272) Pause Young (Normal) (G1 Evacuation Pause)
[2022-05-03T00:46:59.179+0000][1130.093s] GC(272) Using 8 workers of 8 for evacuation
[2022-05-03T00:46:59.185+0000][1130.099s] GC(272)   Pre Evacuate Collection Set: 0.0ms
[2022-05-03T00:46:59.185+0000][1130.099s] GC(272)   Evacuate Collection Set: 2.5ms
[2022-05-03T00:46:59.185+0000][1130.100s] GC(272)   Post Evacuate Collection Set: 3.2ms
[2022-05-03T00:46:59.186+0000][1130.100s] GC(272)   Other: 0.5ms
[2022-05-03T00:46:59.186+0000][1130.100s] GC(272) Eden regions: 290->0(289)
[2022-05-03T00:46:59.186+0000][1130.100s] GC(272) Survivor regions: 17->18(39)
[2022-05-03T00:46:59.186+0000][1130.100s] GC(272) Old regions: 53->53
[2022-05-03T00:46:59.186+0000][1130.100s] GC(272) Humongous regions: 7->7
[2022-05-03T00:46:59.186+0000][1130.100s] GC(272) Metaspace: 57686K->57686K(1101824K)
[2022-05-03T00:46:59.187+0000][1130.101s] GC(272) Pause Young (Normal) (G1 Evacuation Pause) 364M->75M(512M) 7.805ms
[2022-05-03T00:46:59.187+0000][1130.101s] GC(272) User=0.04s Sys=0.00s Real=0.01s
[2022-05-03T00:47:01.635+0000][1132.549s] GC(273) Pause Young (Normal) (G1 Evacuation Pause)
[2022-05-03T00:47:01.635+0000][1132.549s] GC(273) Using 8 workers of 8 for evacuation
[2022-05-03T00:47:01.641+0000][1132.555s] GC(273)   Pre Evacuate Collection Set: 0.0ms
[2022-05-03T00:47:01.642+0000][1132.556s] GC(273)   Evacuate Collection Set: 2.9ms
[2022-05-03T00:47:01.642+0000][1132.556s] GC(273)   Post Evacuate Collection Set: 2.4ms
[2022-05-03T00:47:01.642+0000][1132.556s] GC(273)   Other: 0.9ms
[2022-05-03T00:47:01.643+0000][1132.557s] GC(273) Eden regions: 289->0(291)
[2022-05-03T00:47:01.643+0000][1132.557s] GC(273) Survivor regions: 18->16(39)
[2022-05-03T00:47:01.644+0000][1132.558s] GC(273) Old regions: 53->54
[2022-05-03T00:47:01.644+0000][1132.558s] GC(273) Humongous regions: 7->7
[2022-05-03T00:47:01.644+0000][1132.558s] GC(273) Metaspace: 57686K->57686K(1101824K)
[2022-05-03T00:47:01.644+0000][1132.559s] GC(273) Pause Young (Normal) (G1 Evacuation Pause) 364M->74M(512M) 9.724ms
[2022-05-03T00:47:01.645+0000][1132.559s] GC(273) User=0.04s Sys=0.00s Real=0.01s
[2022-05-03T00:47:04.071+0000][1134.985s] GC(274) Pause Young (Normal) (G1 Evacuation Pause)
[2022-05-03T00:47:04.071+0000][1134.986s] GC(274) Using 8 workers of 8 for evacuation
[2022-05-03T00:47:04.078+0000][1134.992s] GC(274)   Pre Evacuate Collection Set: 0.0ms
[2022-05-03T00:47:04.078+0000][1134.992s] GC(274)   Evacuate Collection Set: 3.3ms
[2022-05-03T00:47:04.079+0000][1134.993s] GC(274)   Post Evacuate Collection Set: 2.6ms
[2022-05-03T00:47:04.079+0000][1134.993s] GC(274)   Other: 0.8ms
[2022-05-03T00:47:04.079+0000][1134.993s] GC(274) Eden regions: 291->0(291)
[2022-05-03T00:47:04.080+0000][1134.994s] GC(274) Survivor regions: 16->16(39)
[2022-05-03T00:47:04.080+0000][1134.994s] GC(274) Old regions: 54->54
[2022-05-03T00:47:04.080+0000][1134.994s] GC(274) Humongous regions: 7->7
[2022-05-03T00:47:04.080+0000][1134.995s] GC(274) Metaspace: 57686K->57686K(1101824K)
[2022-05-03T00:47:04.081+0000][1134.995s] GC(274) Pause Young (Normal) (G1 Evacuation Pause) 365M->74M(512M) 9.605ms
[2022-05-03T00:47:04.081+0000][1134.995s] GC(274) User=0.04s Sys=0.00s Real=0.01s
[2022-05-03T00:47:06.382+0000][1137.296s] GC(275) Pause Young (Normal) (G1 Evacuation Pause)
[2022-05-03T00:47:06.382+0000][1137.297s] GC(275) Using 8 workers of 8 for evacuation
[2022-05-03T00:47:06.388+0000][1137.302s] GC(275)   Pre Evacuate Collection Set: 0.0ms
[2022-05-03T00:47:06.389+0000][1137.303s] GC(275)   Evacuate Collection Set: 2.8ms
[2022-05-03T00:47:06.389+0000][1137.303s] GC(275)   Post Evacuate Collection Set: 2.5ms
[2022-05-03T00:47:06.389+0000][1137.303s] GC(275)   Other: 0.5ms
[2022-05-03T00:47:06.390+0000][1137.304s] GC(275) Eden regions: 291->0(291)
[2022-05-03T00:47:06.390+0000][1137.304s] GC(275) Survivor regions: 16->16(39)
[2022-05-03T00:47:06.390+0000][1137.304s] GC(275) Old regions: 54->54
[2022-05-03T00:47:06.391+0000][1137.305s] GC(275) Humongous regions: 7->7
[2022-05-03T00:47:06.391+0000][1137.305s] GC(275) Metaspace: 57686K->57686K(1101824K)
[2022-05-03T00:47:06.391+0000][1137.306s] GC(275) Pause Young (Normal) (G1 Evacuation Pause) 365M->74M(512M) 9.091ms
[2022-05-03T00:47:06.392+0000][1137.306s] GC(275) User=0.04s Sys=0.00s Real=0.01s
[2022-05-03T00:47:09.040+0000][1139.954s] GC(276) Pause Young (Normal) (G1 Evacuation Pause)
[2022-05-03T00:47:09.040+0000][1139.954s] GC(276) Using 8 workers of 8 for evacuation
[2022-05-03T00:47:09.046+0000][1139.960s] GC(276)   Pre Evacuate Collection Set: 0.0ms
[2022-05-03T00:47:09.046+0000][1139.960s] GC(276)   Evacuate Collection Set: 2.8ms
[2022-05-03T00:47:09.047+0000][1139.961s] GC(276)   Post Evacuate Collection Set: 2.4ms
[2022-05-03T00:47:09.047+0000][1139.961s] GC(276)   Other: 0.6ms
[2022-05-03T00:47:09.047+0000][1139.962s] GC(276) Eden regions: 291->0(290)
[2022-05-03T00:47:09.048+0000][1139.962s] GC(276) Survivor regions: 16->17(39)
[2022-05-03T00:47:09.048+0000][1139.962s] GC(276) Old regions: 54->54
[2022-05-03T00:47:09.048+0000][1139.962s] GC(276) Humongous regions: 7->7
[2022-05-03T00:47:09.048+0000][1139.963s] GC(276) Metaspace: 57686K->57686K(1101824K)
[2022-05-03T00:47:09.049+0000][1139.963s] GC(276) Pause Young (Normal) (G1 Evacuation Pause) 365M->75M(512M) 8.727ms
[2022-05-03T00:47:09.049+0000][1139.963s] GC(276) User=0.04s Sys=0.00s Real=0.01s
[2022-05-03T00:47:11.771+0000][1142.686s] GC(277) Pause Young (Normal) (G1 Evacuation Pause)
[2022-05-03T00:47:11.772+0000][1142.686s] GC(277) Using 8 workers of 8 for evacuation
[2022-05-03T00:47:11.779+0000][1142.693s] GC(277)   Pre Evacuate Collection Set: 0.0ms
[2022-05-03T00:47:11.779+0000][1142.693s] GC(277)   Evacuate Collection Set: 2.8ms
[2022-05-03T00:47:11.780+0000][1142.694s] GC(277)   Post Evacuate Collection Set: 3.4ms
[2022-05-03T00:47:11.780+0000][1142.694s] GC(277)   Other: 1.0ms
[2022-05-03T00:47:11.780+0000][1142.695s] GC(277) Eden regions: 290->0(289)
[2022-05-03T00:47:11.781+0000][1142.695s] GC(277) Survivor regions: 17->18(39)
[2022-05-03T00:47:11.781+0000][1142.695s] GC(277) Old regions: 54->54
[2022-05-03T00:47:11.782+0000][1142.696s] GC(277) Humongous regions: 7->7
[2022-05-03T00:47:11.782+0000][1142.696s] GC(277) Metaspace: 57686K->57686K(1101824K)
[2022-05-03T00:47:11.782+0000][1142.696s] GC(277) Pause Young (Normal) (G1 Evacuation Pause) 365M->76M(512M) 10.784ms
[2022-05-03T00:47:11.782+0000][1142.697s] GC(277) User=0.05s Sys=0.00s Real=0.01s
[2022-05-03T00:47:14.083+0000][1144.997s] GC(278) Pause Young (Normal) (G1 Evacuation Pause)
[2022-05-03T00:47:14.083+0000][1144.998s] GC(278) Using 8 workers of 8 for evacuation
[2022-05-03T00:47:14.089+0000][1145.003s] GC(278)   Pre Evacuate Collection Set: 0.0ms
[2022-05-03T00:47:14.090+0000][1145.004s] GC(278)   Evacuate Collection Set: 3.1ms
[2022-05-03T00:47:14.090+0000][1145.004s] GC(278)   Post Evacuate Collection Set: 2.4ms
[2022-05-03T00:47:14.091+0000][1145.005s] GC(278)   Other: 0.9ms
[2022-05-03T00:47:14.091+0000][1145.005s] GC(278) Eden regions: 289->0(291)
[2022-05-03T00:47:14.091+0000][1145.006s] GC(278) Survivor regions: 18->16(39)
[2022-05-03T00:47:14.092+0000][1145.006s] GC(278) Old regions: 54->54
[2022-05-03T00:47:14.092+0000][1145.006s] GC(278) Humongous regions: 7->7
[2022-05-03T00:47:14.092+0000][1145.007s] GC(278) Metaspace: 57686K->57686K(1101824K)
[2022-05-03T00:47:14.093+0000][1145.007s] GC(278) Pause Young (Normal) (G1 Evacuation Pause) 365M->74M(512M) 9.864ms
[2022-05-03T00:47:14.093+0000][1145.007s] GC(278) User=0.04s Sys=0.00s Real=0.01s
[2022-05-03T00:47:16.484+0000][1147.399s] GC(279) Pause Young (Normal) (G1 Evacuation Pause)
[2022-05-03T00:47:16.485+0000][1147.399s] GC(279) Using 8 workers of 8 for evacuation
[2022-05-03T00:47:16.491+0000][1147.405s] GC(279)   Pre Evacuate Collection Set: 0.0ms
[2022-05-03T00:47:16.491+0000][1147.405s] GC(279)   Evacuate Collection Set: 2.4ms
[2022-05-03T00:47:16.491+0000][1147.405s] GC(279)   Post Evacuate Collection Set: 3.1ms
[2022-05-03T00:47:16.492+0000][1147.406s] GC(279)   Other: 0.7ms
[2022-05-03T00:47:16.492+0000][1147.406s] GC(279) Eden regions: 291->0(292)
[2022-05-03T00:47:16.492+0000][1147.406s] GC(279) Survivor regions: 16->15(39)
[2022-05-03T00:47:16.492+0000][1147.406s] GC(279) Old regions: 54->54
[2022-05-03T00:47:16.492+0000][1147.407s] GC(279) Humongous regions: 7->7
[2022-05-03T00:47:16.493+0000][1147.407s] GC(279) Metaspace: 57686K->57686K(1101824K)
[2022-05-03T00:47:16.493+0000][1147.407s] GC(279) Pause Young (Normal) (G1 Evacuation Pause) 365M->73M(512M) 8.236ms
[2022-05-03T00:47:16.493+0000][1147.407s] GC(279) User=0.04s Sys=0.01s Real=0.00s
[2022-05-03T00:47:18.851+0000][1149.765s] GC(280) Pause Young (Normal) (G1 Evacuation Pause)
[2022-05-03T00:47:18.852+0000][1149.766s] GC(280) Using 8 workers of 8 for evacuation
[2022-05-03T00:47:18.857+0000][1149.771s] GC(280)   Pre Evacuate Collection Set: 0.0ms
[2022-05-03T00:47:18.858+0000][1149.772s] GC(280)   Evacuate Collection Set: 2.5ms
[2022-05-03T00:47:18.858+0000][1149.772s] GC(280)   Post Evacuate Collection Set: 2.7ms
[2022-05-03T00:47:18.858+0000][1149.772s] GC(280)   Other: 0.6ms
[2022-05-03T00:47:18.859+0000][1149.773s] GC(280) Eden regions: 292->0(293)
[2022-05-03T00:47:18.859+0000][1149.773s] GC(280) Survivor regions: 15->14(39)
[2022-05-03T00:47:18.859+0000][1149.773s] GC(280) Old regions: 54->54
[2022-05-03T00:47:18.859+0000][1149.774s] GC(280) Humongous regions: 7->7
[2022-05-03T00:47:18.860+0000][1149.774s] GC(280) Metaspace: 57686K->57686K(1101824K)
[2022-05-03T00:47:18.860+0000][1149.774s] GC(280) Pause Young (Normal) (G1 Evacuation Pause) 365M->73M(512M) 8.538ms
[2022-05-03T00:47:18.860+0000][1149.774s] GC(280) User=0.03s Sys=0.00s Real=0.01s
[2022-05-03T00:47:21.153+0000][1152.067s] GC(281) Pause Young (Normal) (G1 Evacuation Pause)
[2022-05-03T00:47:21.153+0000][1152.067s] GC(281) Using 8 workers of 8 for evacuation
[2022-05-03T00:47:21.159+0000][1152.073s] GC(281)   Pre Evacuate Collection Set: 0.0ms
[2022-05-03T00:47:21.159+0000][1152.073s] GC(281)   Evacuate Collection Set: 2.8ms
[2022-05-03T00:47:21.160+0000][1152.074s] GC(281)   Post Evacuate Collection Set: 2.6ms
[2022-05-03T00:47:21.160+0000][1152.074s] GC(281)   Other: 1.0ms
[2022-05-03T00:47:21.160+0000][1152.074s] GC(281) Eden regions: 293->0(291)
[2022-05-03T00:47:21.161+0000][1152.075s] GC(281) Survivor regions: 14->16(39)
[2022-05-03T00:47:21.161+0000][1152.075s] GC(281) Old regions: 54->54
[2022-05-03T00:47:21.161+0000][1152.075s] GC(281) Humongous regions: 7->7
[2022-05-03T00:47:21.162+0000][1152.076s] GC(281) Metaspace: 57686K->57686K(1101824K)
[2022-05-03T00:47:21.162+0000][1152.076s] GC(281) Pause Young (Normal) (G1 Evacuation Pause) 366M->75M(512M) 9.300ms
[2022-05-03T00:47:21.162+0000][1152.076s] GC(281) User=0.05s Sys=0.00s Real=0.01s
[2022-05-03T00:47:23.724+0000][1154.638s] GC(282) Pause Young (Normal) (G1 Evacuation Pause)
[2022-05-03T00:47:23.724+0000][1154.638s] GC(282) Using 8 workers of 8 for evacuation
[2022-05-03T00:47:23.730+0000][1154.644s] GC(282)   Pre Evacuate Collection Set: 0.0ms
[2022-05-03T00:47:23.731+0000][1154.645s] GC(282)   Evacuate Collection Set: 2.8ms
[2022-05-03T00:47:23.731+0000][1154.645s] GC(282)   Post Evacuate Collection Set: 2.6ms
[2022-05-03T00:47:23.732+0000][1154.646s] GC(282)   Other: 0.6ms
[2022-05-03T00:47:23.732+0000][1154.646s] GC(282) Eden regions: 291->0(290)
[2022-05-03T00:47:23.732+0000][1154.646s] GC(282) Survivor regions: 16->17(39)
[2022-05-03T00:47:23.733+0000][1154.647s] GC(282) Old regions: 54->54
[2022-05-03T00:47:23.733+0000][1154.647s] GC(282) Humongous regions: 7->7
[2022-05-03T00:47:23.733+0000][1154.647s] GC(282) Metaspace: 57686K->57686K(1101824K)
[2022-05-03T00:47:23.733+0000][1154.647s] GC(282) Pause Young (Normal) (G1 Evacuation Pause) 366M->75M(512M) 9.166ms
[2022-05-03T00:47:23.733+0000][1154.648s] GC(282) User=0.03s Sys=0.00s Real=0.01s
[2022-05-03T00:47:26.357+0000][1157.271s] GC(283) Pause Young (Normal) (G1 Evacuation Pause)
[2022-05-03T00:47:26.357+0000][1157.271s] GC(283) Using 8 workers of 8 for evacuation
[2022-05-03T00:47:26.363+0000][1157.277s] GC(283)   Pre Evacuate Collection Set: 0.0ms
[2022-05-03T00:47:26.363+0000][1157.277s] GC(283)   Evacuate Collection Set: 3.3ms
[2022-05-03T00:47:26.364+0000][1157.278s] GC(283)   Post Evacuate Collection Set: 2.4ms
[2022-05-03T00:47:26.364+0000][1157.278s] GC(283)   Other: 0.6ms
[2022-05-03T00:47:26.364+0000][1157.278s] GC(283) Eden regions: 290->0(290)
[2022-05-03T00:47:26.364+0000][1157.278s] GC(283) Survivor regions: 17->17(39)
[2022-05-03T00:47:26.364+0000][1157.279s] GC(283) Old regions: 54->54
[2022-05-03T00:47:26.365+0000][1157.279s] GC(283) Humongous regions: 7->7
[2022-05-03T00:47:26.365+0000][1157.279s] GC(283) Metaspace: 57686K->57686K(1101824K)
[2022-05-03T00:47:26.365+0000][1157.279s] GC(283) Pause Young (Normal) (G1 Evacuation Pause) 365M->75M(512M) 8.347ms
[2022-05-03T00:47:26.365+0000][1157.279s] GC(283) User=0.03s Sys=0.01s Real=0.01s
[2022-05-03T00:47:28.702+0000][1159.617s] GC(284) Pause Young (Normal) (G1 Evacuation Pause)
[2022-05-03T00:47:28.703+0000][1159.617s] GC(284) Using 8 workers of 8 for evacuation
[2022-05-03T00:47:28.710+0000][1159.624s] GC(284)   Pre Evacuate Collection Set: 0.0ms
[2022-05-03T00:47:28.711+0000][1159.625s] GC(284)   Evacuate Collection Set: 3.2ms
[2022-05-03T00:47:28.711+0000][1159.625s] GC(284)   Post Evacuate Collection Set: 3.4ms
[2022-05-03T00:47:28.711+0000][1159.626s] GC(284)   Other: 0.9ms
[2022-05-03T00:47:28.712+0000][1159.626s] GC(284) Eden regions: 290->0(288)
[2022-05-03T00:47:28.712+0000][1159.626s] GC(284) Survivor regions: 17->19(39)
[2022-05-03T00:47:28.713+0000][1159.627s] GC(284) Old regions: 54->54
[2022-05-03T00:47:28.713+0000][1159.627s] GC(284) Humongous regions: 7->7
[2022-05-03T00:47:28.713+0000][1159.627s] GC(284) Metaspace: 57686K->57686K(1101824K)
[2022-05-03T00:47:28.713+0000][1159.628s] GC(284) Pause Young (Normal) (G1 Evacuation Pause) 365M->77M(512M) 11.065ms
[2022-05-03T00:47:28.714+0000][1159.628s] GC(284) User=0.05s Sys=0.00s Real=0.01s
[2022-05-03T00:47:31.093+0000][1162.007s] GC(285) Pause Young (Normal) (G1 Evacuation Pause)
[2022-05-03T00:47:31.094+0000][1162.008s] GC(285) Using 8 workers of 8 for evacuation
[2022-05-03T00:47:31.100+0000][1162.014s] GC(285)   Pre Evacuate Collection Set: 0.0ms
[2022-05-03T00:47:31.100+0000][1162.014s] GC(285)   Evacuate Collection Set: 3.0ms
[2022-05-03T00:47:31.101+0000][1162.015s] GC(285)   Post Evacuate Collection Set: 2.4ms
[2022-05-03T00:47:31.101+0000][1162.015s] GC(285)   Other: 1.0ms
[2022-05-03T00:47:31.101+0000][1162.016s] GC(285) Eden regions: 288->0(290)
[2022-05-03T00:47:31.102+0000][1162.016s] GC(285) Survivor regions: 19->17(39)
[2022-05-03T00:47:31.102+0000][1162.016s] GC(285) Old regions: 54->54
[2022-05-03T00:47:31.102+0000][1162.017s] GC(285) Humongous regions: 7->7
[2022-05-03T00:47:31.103+0000][1162.017s] GC(285) Metaspace: 57686K->57686K(1101824K)
[2022-05-03T00:47:31.103+0000][1162.017s] GC(285) Pause Young (Normal) (G1 Evacuation Pause) 365M->76M(512M) 9.833ms
[2022-05-03T00:47:31.104+0000][1162.018s] GC(285) User=0.03s Sys=0.00s Real=0.01s
[2022-05-03T00:47:33.505+0000][1164.419s] GC(286) Pause Young (Normal) (G1 Evacuation Pause)
[2022-05-03T00:47:33.505+0000][1164.419s] GC(286) Using 8 workers of 8 for evacuation
[2022-05-03T00:47:33.511+0000][1164.425s] GC(286)   Pre Evacuate Collection Set: 0.0ms
[2022-05-03T00:47:33.511+0000][1164.425s] GC(286)   Evacuate Collection Set: 2.9ms
[2022-05-03T00:47:33.511+0000][1164.426s] GC(286)   Post Evacuate Collection Set: 2.5ms
[2022-05-03T00:47:33.512+0000][1164.426s] GC(286)   Other: 0.7ms
[2022-05-03T00:47:33.512+0000][1164.426s] GC(286) Eden regions: 290->0(291)
[2022-05-03T00:47:33.512+0000][1164.426s] GC(286) Survivor regions: 17->16(39)
[2022-05-03T00:47:33.512+0000][1164.427s] GC(286) Old regions: 54->54
[2022-05-03T00:47:33.513+0000][1164.427s] GC(286) Humongous regions: 7->7
[2022-05-03T00:47:33.513+0000][1164.427s] GC(286) Metaspace: 57686K->57686K(1101824K)
[2022-05-03T00:47:33.513+0000][1164.427s] GC(286) Pause Young (Normal) (G1 Evacuation Pause) 366M->74M(512M) 8.272ms
[2022-05-03T00:47:33.513+0000][1164.427s] GC(286) User=0.04s Sys=0.01s Real=0.00s
[2022-05-03T00:47:35.942+0000][1166.857s] GC(287) Pause Young (Normal) (G1 Evacuation Pause)
[2022-05-03T00:47:35.943+0000][1166.857s] GC(287) Using 8 workers of 8 for evacuation
[2022-05-03T00:47:35.949+0000][1166.863s] GC(287)   Pre Evacuate Collection Set: 0.0ms
[2022-05-03T00:47:35.949+0000][1166.863s] GC(287)   Evacuate Collection Set: 3.0ms
[2022-05-03T00:47:35.950+0000][1166.864s] GC(287)   Post Evacuate Collection Set: 2.3ms
[2022-05-03T00:47:35.950+0000][1166.864s] GC(287)   Other: 0.9ms
[2022-05-03T00:47:35.950+0000][1166.865s] GC(287) Eden regions: 291->0(291)
[2022-05-03T00:47:35.951+0000][1166.865s] GC(287) Survivor regions: 16->16(39)
[2022-05-03T00:47:35.951+0000][1166.865s] GC(287) Old regions: 54->54
[2022-05-03T00:47:35.951+0000][1166.866s] GC(287) Humongous regions: 7->7
[2022-05-03T00:47:35.952+0000][1166.866s] GC(287) Metaspace: 57687K->57687K(1101824K)
[2022-05-03T00:47:35.952+0000][1166.866s] GC(287) Pause Young (Normal) (G1 Evacuation Pause) 365M->75M(512M) 9.732ms
[2022-05-03T00:47:35.952+0000][1166.867s] GC(287) User=0.03s Sys=0.00s Real=0.01s
[2022-05-03T00:47:38.401+0000][1169.315s] GC(288) Pause Young (Normal) (G1 Evacuation Pause)
[2022-05-03T00:47:38.402+0000][1169.316s] GC(288) Using 8 workers of 8 for evacuation
[2022-05-03T00:47:38.408+0000][1169.322s] GC(288)   Pre Evacuate Collection Set: 0.0ms
[2022-05-03T00:47:38.408+0000][1169.322s] GC(288)   Evacuate Collection Set: 2.8ms
[2022-05-03T00:47:38.408+0000][1169.323s] GC(288)   Post Evacuate Collection Set: 2.6ms
[2022-05-03T00:47:38.409+0000][1169.323s] GC(288)   Other: 1.0ms
[2022-05-03T00:47:38.409+0000][1169.323s] GC(288) Eden regions: 291->0(292)
[2022-05-03T00:47:38.410+0000][1169.324s] GC(288) Survivor regions: 16->15(39)
[2022-05-03T00:47:38.410+0000][1169.324s] GC(288) Old regions: 54->54
[2022-05-03T00:47:38.410+0000][1169.324s] GC(288) Humongous regions: 7->7
[2022-05-03T00:47:38.410+0000][1169.325s] GC(288) Metaspace: 57687K->57687K(1101824K)
[2022-05-03T00:47:38.411+0000][1169.325s] GC(288) Pause Young (Normal) (G1 Evacuation Pause) 366M->74M(512M) 9.550ms
[2022-05-03T00:47:38.411+0000][1169.325s] GC(288) User=0.03s Sys=0.00s Real=0.01s
[2022-05-03T00:47:41.027+0000][1171.941s] GC(289) Pause Young (Normal) (G1 Evacuation Pause)
[2022-05-03T00:47:41.027+0000][1171.941s] GC(289) Using 8 workers of 8 for evacuation
[2022-05-03T00:47:41.032+0000][1171.946s] GC(289)   Pre Evacuate Collection Set: 0.0ms
[2022-05-03T00:47:41.033+0000][1171.947s] GC(289)   Evacuate Collection Set: 2.5ms
[2022-05-03T00:47:41.033+0000][1171.947s] GC(289)   Post Evacuate Collection Set: 2.6ms
[2022-05-03T00:47:41.033+0000][1171.948s] GC(289)   Other: 0.4ms
[2022-05-03T00:47:41.034+0000][1171.948s] GC(289) Eden regions: 292->0(291)
[2022-05-03T00:47:41.034+0000][1171.948s] GC(289) Survivor regions: 15->16(39)
[2022-05-03T00:47:41.035+0000][1171.949s] GC(289) Old regions: 54->54
[2022-05-03T00:47:41.035+0000][1171.949s] GC(289) Humongous regions: 7->7
[2022-05-03T00:47:41.035+0000][1171.949s] GC(289) Metaspace: 57687K->57687K(1101824K)
[2022-05-03T00:47:41.036+0000][1171.950s] GC(289) Pause Young (Normal) (G1 Evacuation Pause) 366M->75M(512M) 8.834ms
[2022-05-03T00:47:41.036+0000][1171.950s] GC(289) User=0.03s Sys=0.00s Real=0.01s
[2022-05-03T00:47:43.305+0000][1174.219s] GC(290) Pause Young (Normal) (G1 Evacuation Pause)
[2022-05-03T00:47:43.305+0000][1174.219s] GC(290) Using 8 workers of 8 for evacuation
[2022-05-03T00:47:43.328+0000][1174.243s] GC(290)   Pre Evacuate Collection Set: 0.0ms
[2022-05-03T00:47:43.329+0000][1174.243s] GC(290)   Evacuate Collection Set: 16.6ms
[2022-05-03T00:47:43.329+0000][1174.243s] GC(290)   Post Evacuate Collection Set: 6.5ms
[2022-05-03T00:47:43.329+0000][1174.243s] GC(290)   Other: 0.6ms
[2022-05-03T00:47:43.329+0000][1174.244s] GC(290) Eden regions: 291->0(290)
[2022-05-03T00:47:43.330+0000][1174.244s] GC(290) Survivor regions: 16->17(39)
[2022-05-03T00:47:43.330+0000][1174.244s] GC(290) Old regions: 54->54
[2022-05-03T00:47:43.330+0000][1174.244s] GC(290) Humongous regions: 7->7
[2022-05-03T00:47:43.331+0000][1174.245s] GC(290) Metaspace: 57687K->57687K(1101824K)
[2022-05-03T00:47:43.331+0000][1174.245s] GC(290) Pause Young (Normal) (G1 Evacuation Pause) 366M->76M(512M) 26.023ms
[2022-05-03T00:47:43.331+0000][1174.245s] GC(290) User=0.16s Sys=0.01s Real=0.02s
[2022-05-03T00:47:45.619+0000][1176.533s] GC(291) Pause Young (Normal) (G1 Evacuation Pause)
[2022-05-03T00:47:45.619+0000][1176.533s] GC(291) Using 8 workers of 8 for evacuation
[2022-05-03T00:47:45.625+0000][1176.539s] GC(291)   Pre Evacuate Collection Set: 0.0ms
[2022-05-03T00:47:45.625+0000][1176.539s] GC(291)   Evacuate Collection Set: 2.8ms
[2022-05-03T00:47:45.626+0000][1176.540s] GC(291)   Post Evacuate Collection Set: 2.4ms
[2022-05-03T00:47:45.626+0000][1176.540s] GC(291)   Other: 0.9ms
[2022-05-03T00:47:45.626+0000][1176.541s] GC(291) Eden regions: 290->0(290)
[2022-05-03T00:47:45.627+0000][1176.541s] GC(291) Survivor regions: 17->17(39)
[2022-05-03T00:47:45.627+0000][1176.541s] GC(291) Old regions: 54->54
[2022-05-03T00:47:45.628+0000][1176.542s] GC(291) Humongous regions: 7->7
[2022-05-03T00:47:45.628+0000][1176.542s] GC(291) Metaspace: 57687K->57687K(1101824K)
[2022-05-03T00:47:45.628+0000][1176.542s] GC(291) Pause Young (Normal) (G1 Evacuation Pause) 366M->75M(512M) 9.633ms
[2022-05-03T00:47:45.629+0000][1176.543s] GC(291) User=0.04s Sys=0.00s Real=0.01s
[2022-05-03T00:47:48.307+0000][1179.221s] GC(292) Pause Young (Normal) (G1 Evacuation Pause)
[2022-05-03T00:47:48.307+0000][1179.221s] GC(292) Using 8 workers of 8 for evacuation
[2022-05-03T00:47:48.314+0000][1179.228s] GC(292)   Pre Evacuate Collection Set: 0.0ms
[2022-05-03T00:47:48.315+0000][1179.229s] GC(292)   Evacuate Collection Set: 3.8ms
[2022-05-03T00:47:48.315+0000][1179.229s] GC(292)   Post Evacuate Collection Set: 2.7ms
[2022-05-03T00:47:48.316+0000][1179.230s] GC(292)   Other: 0.9ms
[2022-05-03T00:47:48.316+0000][1179.230s] GC(292) Eden regions: 290->0(289)
[2022-05-03T00:47:48.316+0000][1179.231s] GC(292) Survivor regions: 17->18(39)
[2022-05-03T00:47:48.317+0000][1179.231s] GC(292) Old regions: 54->54
[2022-05-03T00:47:48.317+0000][1179.231s] GC(292) Humongous regions: 7->7
[2022-05-03T00:47:48.317+0000][1179.231s] GC(292) Metaspace: 57687K->57687K(1101824K)
[2022-05-03T00:47:48.318+0000][1179.232s] GC(292) Pause Young (Normal) (G1 Evacuation Pause) 365M->77M(512M) 10.816ms
[2022-05-03T00:47:48.318+0000][1179.232s] GC(292) User=0.03s Sys=0.01s Real=0.01s
[2022-05-03T00:47:50.637+0000][1181.551s] GC(293) Pause Young (Normal) (G1 Evacuation Pause)
[2022-05-03T00:47:50.637+0000][1181.551s] GC(293) Using 8 workers of 8 for evacuation
[2022-05-03T00:47:50.644+0000][1181.558s] GC(293)   Pre Evacuate Collection Set: 0.0ms
[2022-05-03T00:47:50.644+0000][1181.559s] GC(293)   Evacuate Collection Set: 4.2ms
[2022-05-03T00:47:50.645+0000][1181.559s] GC(293)   Post Evacuate Collection Set: 2.5ms
[2022-05-03T00:47:50.645+0000][1181.559s] GC(293)   Other: 0.5ms
[2022-05-03T00:47:50.645+0000][1181.559s] GC(293) Eden regions: 289->0(288)
[2022-05-03T00:47:50.645+0000][1181.559s] GC(293) Survivor regions: 18->19(39)
[2022-05-03T00:47:50.645+0000][1181.559s] GC(293) Old regions: 54->55
[2022-05-03T00:47:50.646+0000][1181.560s] GC(293) Humongous regions: 7->7
[2022-05-03T00:47:50.646+0000][1181.560s] GC(293) Metaspace: 57687K->57687K(1101824K)
[2022-05-03T00:47:50.646+0000][1181.560s] GC(293) Pause Young (Normal) (G1 Evacuation Pause) 366M->78M(512M) 8.983ms
[2022-05-03T00:47:50.646+0000][1181.560s] GC(293) User=0.04s Sys=0.01s Real=0.01s
[2022-05-03T00:47:53.053+0000][1183.967s] GC(294) Pause Young (Normal) (G1 Evacuation Pause)
[2022-05-03T00:47:53.053+0000][1183.968s] GC(294) Using 8 workers of 8 for evacuation
[2022-05-03T00:47:53.060+0000][1183.974s] GC(294)   Pre Evacuate Collection Set: 0.0ms
[2022-05-03T00:47:53.061+0000][1183.975s] GC(294)   Evacuate Collection Set: 3.6ms
[2022-05-03T00:47:53.061+0000][1183.975s] GC(294)   Post Evacuate Collection Set: 2.4ms
[2022-05-03T00:47:53.061+0000][1183.975s] GC(294)   Other: 1.0ms
[2022-05-03T00:47:53.062+0000][1183.976s] GC(294) Eden regions: 288->0(288)
[2022-05-03T00:47:53.062+0000][1183.976s] GC(294) Survivor regions: 19->19(39)
[2022-05-03T00:47:53.062+0000][1183.976s] GC(294) Old regions: 55->55
[2022-05-03T00:47:53.063+0000][1183.977s] GC(294) Humongous regions: 7->7
[2022-05-03T00:47:53.063+0000][1183.977s] GC(294) Metaspace: 57687K->57687K(1101824K)
[2022-05-03T00:47:53.063+0000][1183.977s] GC(294) Pause Young (Normal) (G1 Evacuation Pause) 366M->78M(512M) 10.262ms
[2022-05-03T00:47:53.064+0000][1183.978s] GC(294) User=0.04s Sys=0.01s Real=0.01s
[2022-05-03T00:47:55.429+0000][1186.343s] GC(295) Pause Young (Normal) (G1 Evacuation Pause)
[2022-05-03T00:47:55.429+0000][1186.343s] GC(295) Using 8 workers of 8 for evacuation
[2022-05-03T00:47:55.436+0000][1186.350s] GC(295)   Pre Evacuate Collection Set: 0.0ms
[2022-05-03T00:47:55.436+0000][1186.350s] GC(295)   Evacuate Collection Set: 2.7ms
[2022-05-03T00:47:55.437+0000][1186.351s] GC(295)   Post Evacuate Collection Set: 3.3ms
[2022-05-03T00:47:55.437+0000][1186.351s] GC(295)   Other: 0.5ms
[2022-05-03T00:47:55.437+0000][1186.351s] GC(295) Eden regions: 288->0(290)
[2022-05-03T00:47:55.438+0000][1186.352s] GC(295) Survivor regions: 19->17(39)
[2022-05-03T00:47:55.438+0000][1186.352s] GC(295) Old regions: 55->55
[2022-05-03T00:47:55.438+0000][1186.353s] GC(295) Humongous regions: 7->7
[2022-05-03T00:47:55.439+0000][1186.353s] GC(295) Metaspace: 57687K->57687K(1101824K)
[2022-05-03T00:47:55.439+0000][1186.353s] GC(295) Pause Young (Normal) (G1 Evacuation Pause) 366M->76M(512M) 9.976ms
[2022-05-03T00:47:55.439+0000][1186.354s] GC(295) User=0.04s Sys=0.00s Real=0.01s
[2022-05-03T00:47:57.754+0000][1188.668s] GC(296) Pause Young (Normal) (G1 Evacuation Pause)
[2022-05-03T00:47:57.755+0000][1188.669s] GC(296) Using 8 workers of 8 for evacuation
[2022-05-03T00:47:57.761+0000][1188.675s] GC(296)   Pre Evacuate Collection Set: 0.0ms
[2022-05-03T00:47:57.761+0000][1188.675s] GC(296)   Evacuate Collection Set: 3.4ms
[2022-05-03T00:47:57.761+0000][1188.676s] GC(296)   Post Evacuate Collection Set: 2.5ms
[2022-05-03T00:47:57.762+0000][1188.676s] GC(296)   Other: 0.6ms
[2022-05-03T00:47:57.762+0000][1188.676s] GC(296) Eden regions: 290->0(291)
[2022-05-03T00:47:57.762+0000][1188.676s] GC(296) Survivor regions: 17->16(39)
[2022-05-03T00:47:57.762+0000][1188.676s] GC(296) Old regions: 55->55
[2022-05-03T00:47:57.762+0000][1188.677s] GC(296) Humongous regions: 7->7
[2022-05-03T00:47:57.763+0000][1188.677s] GC(296) Metaspace: 57687K->57687K(1101824K)
[2022-05-03T00:47:57.763+0000][1188.677s] GC(296) Pause Young (Normal) (G1 Evacuation Pause) 366M->75M(512M) 8.531ms
[2022-05-03T00:47:57.763+0000][1188.677s] GC(296) User=0.03s Sys=0.00s Real=0.00s
[2022-05-03T00:48:00.097+0000][1191.011s] GC(297) Pause Young (Normal) (G1 Evacuation Pause)
[2022-05-03T00:48:00.097+0000][1191.011s] GC(297) Using 8 workers of 8 for evacuation
[2022-05-03T00:48:00.102+0000][1191.017s] GC(297)   Pre Evacuate Collection Set: 0.0ms
[2022-05-03T00:48:00.103+0000][1191.017s] GC(297)   Evacuate Collection Set: 2.3ms
[2022-05-03T00:48:00.103+0000][1191.017s] GC(297)   Post Evacuate Collection Set: 2.4ms
[2022-05-03T00:48:00.103+0000][1191.017s] GC(297)   Other: 0.7ms
[2022-05-03T00:48:00.104+0000][1191.018s] GC(297) Eden regions: 291->0(292)
[2022-05-03T00:48:00.104+0000][1191.018s] GC(297) Survivor regions: 16->15(39)
[2022-05-03T00:48:00.104+0000][1191.018s] GC(297) Old regions: 55->55
[2022-05-03T00:48:00.105+0000][1191.019s] GC(297) Humongous regions: 7->7
[2022-05-03T00:48:00.105+0000][1191.019s] GC(297) Metaspace: 57687K->57687K(1101824K)
[2022-05-03T00:48:00.105+0000][1191.019s] GC(297) Pause Young (Normal) (G1 Evacuation Pause) 366M->74M(512M) 8.221ms
[2022-05-03T00:48:00.105+0000][1191.020s] GC(297) User=0.03s Sys=0.00s Real=0.01s
[2022-05-03T00:48:02.440+0000][1193.354s] GC(298) Pause Young (Normal) (G1 Evacuation Pause)
[2022-05-03T00:48:02.441+0000][1193.355s] GC(298) Using 8 workers of 8 for evacuation
[2022-05-03T00:48:02.446+0000][1193.361s] GC(298)   Pre Evacuate Collection Set: 0.0ms
[2022-05-03T00:48:02.447+0000][1193.361s] GC(298)   Evacuate Collection Set: 2.8ms
[2022-05-03T00:48:02.447+0000][1193.361s] GC(298)   Post Evacuate Collection Set: 2.7ms
[2022-05-03T00:48:02.447+0000][1193.362s] GC(298)   Other: 0.8ms
[2022-05-03T00:48:02.448+0000][1193.362s] GC(298) Eden regions: 292->0(291)
[2022-05-03T00:48:02.448+0000][1193.362s] GC(298) Survivor regions: 15->16(39)
[2022-05-03T00:48:02.448+0000][1193.363s] GC(298) Old regions: 55->55
[2022-05-03T00:48:02.449+0000][1193.363s] GC(298) Humongous regions: 7->7
[2022-05-03T00:48:02.449+0000][1193.363s] GC(298) Metaspace: 57687K->57687K(1101824K)
[2022-05-03T00:48:02.449+0000][1193.363s] GC(298) Pause Young (Normal) (G1 Evacuation Pause) 366M->75M(512M) 8.801ms
[2022-05-03T00:48:02.449+0000][1193.363s] GC(298) User=0.01s Sys=0.02s Real=0.01s
[2022-05-03T00:48:04.767+0000][1195.681s] GC(299) Pause Young (Normal) (G1 Evacuation Pause)
[2022-05-03T00:48:04.767+0000][1195.681s] GC(299) Using 8 workers of 8 for evacuation
[2022-05-03T00:48:04.779+0000][1195.694s] GC(299)   Pre Evacuate Collection Set: 0.0ms
[2022-05-03T00:48:04.780+0000][1195.694s] GC(299)   Evacuate Collection Set: 8.2ms
[2022-05-03T00:48:04.780+0000][1195.694s] GC(299)   Post Evacuate Collection Set: 3.9ms
[2022-05-03T00:48:04.780+0000][1195.694s] GC(299)   Other: 0.6ms
[2022-05-03T00:48:04.781+0000][1195.695s] GC(299) Eden regions: 291->0(290)
[2022-05-03T00:48:04.781+0000][1195.695s] GC(299) Survivor regions: 16->17(39)
[2022-05-03T00:48:04.781+0000][1195.695s] GC(299) Old regions: 55->55
[2022-05-03T00:48:04.781+0000][1195.695s] GC(299) Humongous regions: 7->7
[2022-05-03T00:48:04.782+0000][1195.696s] GC(299) Metaspace: 57687K->57687K(1101824K)
[2022-05-03T00:48:04.782+0000][1195.696s] GC(299) Pause Young (Normal) (G1 Evacuation Pause) 366M->76M(512M) 15.189ms
[2022-05-03T00:48:04.782+0000][1195.696s] GC(299) User=0.09s Sys=0.00s Real=0.01s
[2022-05-03T00:48:07.284+0000][1198.199s] GC(300) Pause Young (Normal) (G1 Evacuation Pause)
[2022-05-03T00:48:07.285+0000][1198.199s] GC(300) Using 8 workers of 8 for evacuation
[2022-05-03T00:48:07.291+0000][1198.205s] GC(300)   Pre Evacuate Collection Set: 0.0ms
[2022-05-03T00:48:07.292+0000][1198.206s] GC(300)   Evacuate Collection Set: 4.1ms
[2022-05-03T00:48:07.292+0000][1198.206s] GC(300)   Post Evacuate Collection Set: 1.9ms
[2022-05-03T00:48:07.293+0000][1198.207s] GC(300)   Other: 0.9ms
[2022-05-03T00:48:07.293+0000][1198.207s] GC(300) Eden regions: 290->0(290)
[2022-05-03T00:48:07.293+0000][1198.207s] GC(300) Survivor regions: 17->17(39)
[2022-05-03T00:48:07.294+0000][1198.208s] GC(300) Old regions: 55->55
[2022-05-03T00:48:07.294+0000][1198.208s] GC(300) Humongous regions: 7->7
[2022-05-03T00:48:07.294+0000][1198.208s] GC(300) Metaspace: 57687K->57687K(1101824K)
[2022-05-03T00:48:07.295+0000][1198.209s] GC(300) Pause Young (Normal) (G1 Evacuation Pause) 366M->76M(512M) 10.308ms
[2022-05-03T00:48:07.295+0000][1198.209s] GC(300) User=0.04s Sys=0.00s Real=0.01s
[2022-05-03T00:48:09.840+0000][1200.754s] GC(301) Pause Young (Normal) (G1 Evacuation Pause)
[2022-05-03T00:48:09.841+0000][1200.755s] GC(301) Using 8 workers of 8 for evacuation
[2022-05-03T00:48:09.848+0000][1200.762s] GC(301)   Pre Evacuate Collection Set: 0.0ms
[2022-05-03T00:48:09.848+0000][1200.762s] GC(301)   Evacuate Collection Set: 2.8ms
[2022-05-03T00:48:09.849+0000][1200.763s] GC(301)   Post Evacuate Collection Set: 3.7ms
[2022-05-03T00:48:09.849+0000][1200.763s] GC(301)   Other: 0.9ms
[2022-05-03T00:48:09.849+0000][1200.764s] GC(301) Eden regions: 290->0(288)
[2022-05-03T00:48:09.850+0000][1200.764s] GC(301) Survivor regions: 17->19(39)
[2022-05-03T00:48:09.850+0000][1200.764s] GC(301) Old regions: 55->55
[2022-05-03T00:48:09.851+0000][1200.765s] GC(301) Humongous regions: 7->7
[2022-05-03T00:48:09.851+0000][1200.765s] GC(301) Metaspace: 57687K->57687K(1101824K)
[2022-05-03T00:48:09.851+0000][1200.765s] GC(301) Pause Young (Normal) (G1 Evacuation Pause) 366M->78M(512M) 11.200ms
[2022-05-03T00:48:09.852+0000][1200.766s] GC(301) User=0.04s Sys=0.01s Real=0.01s
[2022-05-03T00:48:12.200+0000][1203.115s] GC(302) Pause Young (Normal) (G1 Evacuation Pause)
[2022-05-03T00:48:12.201+0000][1203.115s] GC(302) Using 8 workers of 8 for evacuation
[2022-05-03T00:48:12.207+0000][1203.121s] GC(302)   Pre Evacuate Collection Set: 0.0ms
[2022-05-03T00:48:12.207+0000][1203.121s] GC(302)   Evacuate Collection Set: 3.0ms
[2022-05-03T00:48:12.207+0000][1203.122s] GC(302)   Post Evacuate Collection Set: 2.2ms
[2022-05-03T00:48:12.208+0000][1203.122s] GC(302)   Other: 0.9ms
[2022-05-03T00:48:12.208+0000][1203.122s] GC(302) Eden regions: 288->0(290)
[2022-05-03T00:48:12.208+0000][1203.123s] GC(302) Survivor regions: 19->17(39)
[2022-05-03T00:48:12.209+0000][1203.123s] GC(302) Old regions: 55->55
[2022-05-03T00:48:12.209+0000][1203.123s] GC(302) Humongous regions: 7->7
[2022-05-03T00:48:12.209+0000][1203.123s] GC(302) Metaspace: 57687K->57687K(1101824K)
[2022-05-03T00:48:12.210+0000][1203.124s] GC(302) Pause Young (Normal) (G1 Evacuation Pause) 366M->76M(512M) 9.016ms
[2022-05-03T00:48:12.210+0000][1203.124s] GC(302) User=0.04s Sys=0.00s Real=0.01s
[2022-05-03T00:48:14.475+0000][1205.389s] GC(303) Pause Young (Normal) (G1 Evacuation Pause)
[2022-05-03T00:48:14.475+0000][1205.389s] GC(303) Using 8 workers of 8 for evacuation
[2022-05-03T00:48:14.481+0000][1205.395s] GC(303)   Pre Evacuate Collection Set: 0.0ms
[2022-05-03T00:48:14.481+0000][1205.396s] GC(303)   Evacuate Collection Set: 3.0ms
[2022-05-03T00:48:14.482+0000][1205.396s] GC(303)   Post Evacuate Collection Set: 2.4ms
[2022-05-03T00:48:14.482+0000][1205.396s] GC(303)   Other: 0.8ms
[2022-05-03T00:48:14.483+0000][1205.397s] GC(303) Eden regions: 290->0(290)
[2022-05-03T00:48:14.483+0000][1205.397s] GC(303) Survivor regions: 17->17(39)
[2022-05-03T00:48:14.483+0000][1205.397s] GC(303) Old regions: 55->55
[2022-05-03T00:48:14.484+0000][1205.398s] GC(303) Humongous regions: 7->7
[2022-05-03T00:48:14.484+0000][1205.398s] GC(303) Metaspace: 57687K->57687K(1101824K)
[2022-05-03T00:48:14.484+0000][1205.398s] GC(303) Pause Young (Normal) (G1 Evacuation Pause) 366M->76M(512M) 9.419ms
[2022-05-03T00:48:14.485+0000][1205.399s] GC(303) User=0.04s Sys=0.01s Real=0.01s
[2022-05-03T00:48:17.338+0000][1208.252s] GC(304) Pause Young (Normal) (G1 Evacuation Pause)
[2022-05-03T00:48:17.338+0000][1208.253s] GC(304) Using 8 workers of 8 for evacuation
[2022-05-03T00:48:17.344+0000][1208.259s] GC(304)   Pre Evacuate Collection Set: 0.0ms
[2022-05-03T00:48:17.345+0000][1208.259s] GC(304)   Evacuate Collection Set: 3.0ms
[2022-05-03T00:48:17.345+0000][1208.259s] GC(304)   Post Evacuate Collection Set: 2.5ms
[2022-05-03T00:48:17.345+0000][1208.260s] GC(304)   Other: 1.0ms
[2022-05-03T00:48:17.346+0000][1208.260s] GC(304) Eden regions: 290->0(290)
[2022-05-03T00:48:17.346+0000][1208.260s] GC(304) Survivor regions: 17->17(39)
[2022-05-03T00:48:17.346+0000][1208.261s] GC(304) Old regions: 55->55
[2022-05-03T00:48:17.347+0000][1208.261s] GC(304) Humongous regions: 7->7
[2022-05-03T00:48:17.347+0000][1208.261s] GC(304) Metaspace: 57687K->57687K(1101824K)
[2022-05-03T00:48:17.347+0000][1208.262s] GC(304) Pause Young (Normal) (G1 Evacuation Pause) 366M->76M(512M) 9.433ms
[2022-05-03T00:48:17.348+0000][1208.262s] GC(304) User=0.03s Sys=0.01s Real=0.01s
[2022-05-03T00:48:19.697+0000][1210.611s] GC(305) Pause Young (Normal) (G1 Evacuation Pause)
[2022-05-03T00:48:19.697+0000][1210.611s] GC(305) Using 8 workers of 8 for evacuation
[2022-05-03T00:48:19.703+0000][1210.617s] GC(305)   Pre Evacuate Collection Set: 0.0ms
[2022-05-03T00:48:19.703+0000][1210.617s] GC(305)   Evacuate Collection Set: 2.2ms
[2022-05-03T00:48:19.704+0000][1210.618s] GC(305)   Post Evacuate Collection Set: 2.7ms
[2022-05-03T00:48:19.704+0000][1210.618s] GC(305)   Other: 0.9ms
[2022-05-03T00:48:19.704+0000][1210.619s] GC(305) Eden regions: 290->0(292)
[2022-05-03T00:48:19.705+0000][1210.619s] GC(305) Survivor regions: 17->15(39)
[2022-05-03T00:48:19.705+0000][1210.619s] GC(305) Old regions: 55->55
[2022-05-03T00:48:19.705+0000][1210.620s] GC(305) Humongous regions: 7->7
[2022-05-03T00:48:19.706+0000][1210.620s] GC(305) Metaspace: 57687K->57687K(1101824K)
[2022-05-03T00:48:19.706+0000][1210.620s] GC(305) Pause Young (Normal) (G1 Evacuation Pause) 366M->75M(512M) 9.193ms
[2022-05-03T00:48:19.706+0000][1210.620s] GC(305) User=0.03s Sys=0.00s Real=0.01s
[2022-05-03T00:48:22.580+0000][1213.495s] GC(306) Pause Young (Normal) (G1 Evacuation Pause)
[2022-05-03T00:48:22.581+0000][1213.495s] GC(306) Using 8 workers of 8 for evacuation
[2022-05-03T00:48:22.587+0000][1213.501s] GC(306)   Pre Evacuate Collection Set: 0.0ms
[2022-05-03T00:48:22.587+0000][1213.501s] GC(306)   Evacuate Collection Set: 2.7ms
[2022-05-03T00:48:22.588+0000][1213.502s] GC(306)   Post Evacuate Collection Set: 2.8ms
[2022-05-03T00:48:22.588+0000][1213.502s] GC(306)   Other: 0.9ms
[2022-05-03T00:48:22.588+0000][1213.502s] GC(306) Eden regions: 292->0(291)
[2022-05-03T00:48:22.589+0000][1213.503s] GC(306) Survivor regions: 15->16(39)
[2022-05-03T00:48:22.589+0000][1213.503s] GC(306) Old regions: 55->55
[2022-05-03T00:48:22.590+0000][1213.504s] GC(306) Humongous regions: 7->7
[2022-05-03T00:48:22.590+0000][1213.504s] GC(306) Metaspace: 57687K->57687K(1101824K)
[2022-05-03T00:48:22.590+0000][1213.504s] GC(306) Pause Young (Normal) (G1 Evacuation Pause) 367M->75M(512M) 9.738ms
[2022-05-03T00:48:22.590+0000][1213.505s] GC(306) User=0.03s Sys=0.02s Real=0.01s
[2022-05-03T00:48:25.232+0000][1216.146s] GC(307) Pause Young (Normal) (G1 Evacuation Pause)
[2022-05-03T00:48:25.232+0000][1216.146s] GC(307) Using 8 workers of 8 for evacuation
[2022-05-03T00:48:25.237+0000][1216.151s] GC(307)   Pre Evacuate Collection Set: 0.0ms
[2022-05-03T00:48:25.238+0000][1216.152s] GC(307)   Evacuate Collection Set: 2.5ms
[2022-05-03T00:48:25.238+0000][1216.152s] GC(307)   Post Evacuate Collection Set: 2.6ms
[2022-05-03T00:48:25.238+0000][1216.152s] GC(307)   Other: 0.5ms
[2022-05-03T00:48:25.239+0000][1216.153s] GC(307) Eden regions: 291->0(291)
[2022-05-03T00:48:25.239+0000][1216.153s] GC(307) Survivor regions: 16->16(39)
[2022-05-03T00:48:25.240+0000][1216.154s] GC(307) Old regions: 55->55
[2022-05-03T00:48:25.240+0000][1216.154s] GC(307) Humongous regions: 7->7
[2022-05-03T00:48:25.240+0000][1216.154s] GC(307) Metaspace: 57687K->57687K(1101824K)
[2022-05-03T00:48:25.241+0000][1216.155s] GC(307) Pause Young (Normal) (G1 Evacuation Pause) 366M->75M(512M) 9.140ms
[2022-05-03T00:48:25.241+0000][1216.155s] GC(307) User=0.04s Sys=0.00s Real=0.01s
[2022-05-03T00:48:27.529+0000][1218.443s] GC(308) Pause Young (Normal) (G1 Evacuation Pause)
[2022-05-03T00:48:27.529+0000][1218.443s] GC(308) Using 8 workers of 8 for evacuation
[2022-05-03T00:48:27.535+0000][1218.449s] GC(308)   Pre Evacuate Collection Set: 0.0ms
[2022-05-03T00:48:27.535+0000][1218.449s] GC(308)   Evacuate Collection Set: 2.7ms
[2022-05-03T00:48:27.535+0000][1218.450s] GC(308)   Post Evacuate Collection Set: 2.4ms
[2022-05-03T00:48:27.536+0000][1218.450s] GC(308)   Other: 0.9ms
[2022-05-03T00:48:27.536+0000][1218.450s] GC(308) Eden regions: 291->0(290)
[2022-05-03T00:48:27.536+0000][1218.451s] GC(308) Survivor regions: 16->17(39)
[2022-05-03T00:48:27.537+0000][1218.451s] GC(308) Old regions: 55->55
[2022-05-03T00:48:27.537+0000][1218.451s] GC(308) Humongous regions: 7->7
[2022-05-03T00:48:27.537+0000][1218.451s] GC(308) Metaspace: 57687K->57687K(1101824K)
[2022-05-03T00:48:27.537+0000][1218.452s] GC(308) Pause Young (Normal) (G1 Evacuation Pause) 366M->76M(512M) 8.889ms
[2022-05-03T00:48:27.538+0000][1218.452s] GC(308) User=0.04s Sys=0.00s Real=0.01s
[2022-05-03T00:48:29.773+0000][1220.687s] GC(309) Pause Young (Normal) (G1 Evacuation Pause)
[2022-05-03T00:48:29.774+0000][1220.688s] GC(309) Using 8 workers of 8 for evacuation
[2022-05-03T00:48:29.779+0000][1220.693s] GC(309)   Pre Evacuate Collection Set: 0.0ms
[2022-05-03T00:48:29.780+0000][1220.694s] GC(309)   Evacuate Collection Set: 2.7ms
[2022-05-03T00:48:29.780+0000][1220.694s] GC(309)   Post Evacuate Collection Set: 2.6ms
[2022-05-03T00:48:29.780+0000][1220.695s] GC(309)   Other: 0.6ms
[2022-05-03T00:48:29.781+0000][1220.695s] GC(309) Eden regions: 290->0(291)
[2022-05-03T00:48:29.781+0000][1220.695s] GC(309) Survivor regions: 17->16(39)
[2022-05-03T00:48:29.782+0000][1220.696s] GC(309) Old regions: 55->55
[2022-05-03T00:48:29.782+0000][1220.696s] GC(309) Humongous regions: 7->7
[2022-05-03T00:48:29.782+0000][1220.696s] GC(309) Metaspace: 57687K->57687K(1101824K)
[2022-05-03T00:48:29.783+0000][1220.697s] GC(309) Pause Young (Normal) (G1 Evacuation Pause) 366M->76M(512M) 9.294ms
[2022-05-03T00:48:29.783+0000][1220.697s] GC(309) User=0.04s Sys=0.00s Real=0.01s
[2022-05-03T00:48:31.684+0000][1222.598s] GC(310) Pause Young (Normal) (G1 Evacuation Pause)
[2022-05-03T00:48:31.684+0000][1222.598s] GC(310) Using 8 workers of 8 for evacuation
[2022-05-03T00:48:31.697+0000][1222.611s] GC(310)   Pre Evacuate Collection Set: 0.0ms
[2022-05-03T00:48:31.697+0000][1222.612s] GC(310)   Evacuate Collection Set: 9.7ms
[2022-05-03T00:48:31.698+0000][1222.612s] GC(310)   Post Evacuate Collection Set: 2.9ms
[2022-05-03T00:48:31.698+0000][1222.612s] GC(310)   Other: 0.6ms
[2022-05-03T00:48:31.698+0000][1222.612s] GC(310) Eden regions: 291->0(290)
[2022-05-03T00:48:31.699+0000][1222.613s] GC(310) Survivor regions: 16->17(39)
[2022-05-03T00:48:31.699+0000][1222.613s] GC(310) Old regions: 55->55
[2022-05-03T00:48:31.699+0000][1222.613s] GC(310) Humongous regions: 7->7
[2022-05-03T00:48:31.699+0000][1222.613s] GC(310) Metaspace: 57687K->57687K(1101824K)
[2022-05-03T00:48:31.700+0000][1222.614s] GC(310) Pause Young (Normal) (G1 Evacuation Pause) 367M->76M(512M) 15.630ms
[2022-05-03T00:48:31.700+0000][1222.614s] GC(310) User=0.08s Sys=0.01s Real=0.02s
[2022-05-03T00:48:34.055+0000][1224.969s] GC(311) Pause Young (Normal) (G1 Evacuation Pause)
[2022-05-03T00:48:34.055+0000][1224.970s] GC(311) Using 8 workers of 8 for evacuation
[2022-05-03T00:48:34.061+0000][1224.976s] GC(311)   Pre Evacuate Collection Set: 0.0ms
[2022-05-03T00:48:34.062+0000][1224.976s] GC(311)   Evacuate Collection Set: 3.2ms
[2022-05-03T00:48:34.062+0000][1224.976s] GC(311)   Post Evacuate Collection Set: 2.5ms
[2022-05-03T00:48:34.062+0000][1224.976s] GC(311)   Other: 0.4ms
[2022-05-03T00:48:34.063+0000][1224.977s] GC(311) Eden regions: 290->0(291)
[2022-05-03T00:48:34.063+0000][1224.977s] GC(311) Survivor regions: 17->16(39)
[2022-05-03T00:48:34.063+0000][1224.977s] GC(311) Old regions: 55->55
[2022-05-03T00:48:34.063+0000][1224.978s] GC(311) Humongous regions: 7->7
[2022-05-03T00:48:34.064+0000][1224.978s] GC(311) Metaspace: 57687K->57687K(1101824K)
[2022-05-03T00:48:34.064+0000][1224.978s] GC(311) Pause Young (Normal) (G1 Evacuation Pause) 366M->75M(512M) 8.638ms
[2022-05-03T00:48:34.064+0000][1224.978s] GC(311) User=0.04s Sys=0.00s Real=0.00s
[2022-05-03T00:48:36.638+0000][1227.552s] GC(312) Pause Young (Normal) (G1 Evacuation Pause)
[2022-05-03T00:48:36.638+0000][1227.552s] GC(312) Using 8 workers of 8 for evacuation
[2022-05-03T00:48:36.644+0000][1227.558s] GC(312)   Pre Evacuate Collection Set: 0.0ms
[2022-05-03T00:48:36.645+0000][1227.559s] GC(312)   Evacuate Collection Set: 2.8ms
[2022-05-03T00:48:36.645+0000][1227.559s] GC(312)   Post Evacuate Collection Set: 2.6ms
[2022-05-03T00:48:36.645+0000][1227.559s] GC(312)   Other: 0.7ms
[2022-05-03T00:48:36.646+0000][1227.560s] GC(312) Eden regions: 291->0(290)
[2022-05-03T00:48:36.646+0000][1227.560s] GC(312) Survivor regions: 16->17(39)
[2022-05-03T00:48:36.646+0000][1227.561s] GC(312) Old regions: 55->55
[2022-05-03T00:48:36.647+0000][1227.561s] GC(312) Humongous regions: 7->7
[2022-05-03T00:48:36.647+0000][1227.561s] GC(312) Metaspace: 57687K->57687K(1101824K)
[2022-05-03T00:48:36.647+0000][1227.561s] GC(312) Pause Young (Normal) (G1 Evacuation Pause) 366M->76M(512M) 9.300ms
[2022-05-03T00:48:36.648+0000][1227.562s] GC(312) User=0.03s Sys=0.01s Real=0.01s
[2022-05-03T00:48:39.042+0000][1229.956s] GC(313) Pause Young (Normal) (G1 Evacuation Pause)
[2022-05-03T00:48:39.042+0000][1229.956s] GC(313) Using 8 workers of 8 for evacuation
[2022-05-03T00:48:39.047+0000][1229.962s] GC(313)   Pre Evacuate Collection Set: 0.0ms
[2022-05-03T00:48:39.048+0000][1229.962s] GC(313)   Evacuate Collection Set: 2.7ms
[2022-05-03T00:48:39.048+0000][1229.962s] GC(313)   Post Evacuate Collection Set: 2.6ms
[2022-05-03T00:48:39.049+0000][1229.963s] GC(313)   Other: 0.7ms
[2022-05-03T00:48:39.049+0000][1229.963s] GC(313) Eden regions: 290->0(291)
[2022-05-03T00:48:39.049+0000][1229.964s] GC(313) Survivor regions: 17->16(39)
[2022-05-03T00:48:39.050+0000][1229.964s] GC(313) Old regions: 55->55
[2022-05-03T00:48:39.050+0000][1229.964s] GC(313) Humongous regions: 7->7
[2022-05-03T00:48:39.050+0000][1229.964s] GC(313) Metaspace: 57687K->57687K(1101824K)
[2022-05-03T00:48:39.051+0000][1229.965s] GC(313) Pause Young (Normal) (G1 Evacuation Pause) 366M->76M(512M) 9.257ms
[2022-05-03T00:48:39.051+0000][1229.965s] GC(313) User=0.04s Sys=0.00s Real=0.01s
[2022-05-03T00:48:41.319+0000][1232.233s] GC(314) Pause Young (Normal) (G1 Evacuation Pause)
[2022-05-03T00:48:41.319+0000][1232.233s] GC(314) Using 8 workers of 8 for evacuation
[2022-05-03T00:48:41.325+0000][1232.239s] GC(314)   Pre Evacuate Collection Set: 0.0ms
[2022-05-03T00:48:41.325+0000][1232.239s] GC(314)   Evacuate Collection Set: 2.7ms
[2022-05-03T00:48:41.326+0000][1232.240s] GC(314)   Post Evacuate Collection Set: 2.6ms
[2022-05-03T00:48:41.326+0000][1232.240s] GC(314)   Other: 0.5ms
[2022-05-03T00:48:41.326+0000][1232.240s] GC(314) Eden regions: 291->0(290)
[2022-05-03T00:48:41.327+0000][1232.241s] GC(314) Survivor regions: 16->17(39)
[2022-05-03T00:48:41.327+0000][1232.241s] GC(314) Old regions: 55->55
[2022-05-03T00:48:41.327+0000][1232.241s] GC(314) Humongous regions: 7->7
[2022-05-03T00:48:41.328+0000][1232.242s] GC(314) Metaspace: 57687K->57687K(1101824K)
[2022-05-03T00:48:41.328+0000][1232.242s] GC(314) Pause Young (Normal) (G1 Evacuation Pause) 367M->77M(512M) 9.023ms
[2022-05-03T00:48:41.328+0000][1232.242s] GC(314) User=0.02s Sys=0.01s Real=0.01s
[2022-05-03T00:48:43.893+0000][1234.807s] GC(315) Pause Young (Normal) (G1 Evacuation Pause)
[2022-05-03T00:48:43.893+0000][1234.807s] GC(315) Using 8 workers of 8 for evacuation
[2022-05-03T00:48:43.898+0000][1234.813s] GC(315)   Pre Evacuate Collection Set: 0.0ms
[2022-05-03T00:48:43.899+0000][1234.813s] GC(315)   Evacuate Collection Set: 2.7ms
[2022-05-03T00:48:43.899+0000][1234.813s] GC(315)   Post Evacuate Collection Set: 2.5ms
[2022-05-03T00:48:43.900+0000][1234.814s] GC(315)   Other: 0.5ms
[2022-05-03T00:48:43.900+0000][1234.814s] GC(315) Eden regions: 290->0(290)
[2022-05-03T00:48:43.901+0000][1234.815s] GC(315) Survivor regions: 17->17(39)
[2022-05-03T00:48:43.901+0000][1234.815s] GC(315) Old regions: 55->56
[2022-05-03T00:48:43.901+0000][1234.815s] GC(315) Humongous regions: 7->7
[2022-05-03T00:48:43.902+0000][1234.816s] GC(315) Metaspace: 57687K->57687K(1101824K)
[2022-05-03T00:48:43.902+0000][1234.816s] GC(315) Pause Young (Normal) (G1 Evacuation Pause) 367M->77M(512M) 9.129ms
[2022-05-03T00:48:43.902+0000][1234.816s] GC(315) User=0.04s Sys=0.00s Real=0.01s
[2022-05-03T00:48:46.167+0000][1237.081s] GC(316) Pause Young (Normal) (G1 Evacuation Pause)
[2022-05-03T00:48:46.167+0000][1237.082s] GC(316) Using 8 workers of 8 for evacuation
[2022-05-03T00:48:46.175+0000][1237.089s] GC(316)   Pre Evacuate Collection Set: 0.0ms
[2022-05-03T00:48:46.176+0000][1237.090s] GC(316)   Evacuate Collection Set: 4.3ms
[2022-05-03T00:48:46.176+0000][1237.090s] GC(316)   Post Evacuate Collection Set: 3.0ms
[2022-05-03T00:48:46.176+0000][1237.091s] GC(316)   Other: 1.1ms
[2022-05-03T00:48:46.177+0000][1237.091s] GC(316) Eden regions: 290->0(289)
[2022-05-03T00:48:46.177+0000][1237.091s] GC(316) Survivor regions: 17->18(39)
[2022-05-03T00:48:46.178+0000][1237.092s] GC(316) Old regions: 56->56
[2022-05-03T00:48:46.178+0000][1237.092s] GC(316) Humongous regions: 7->7
[2022-05-03T00:48:46.178+0000][1237.092s] GC(316) Metaspace: 57687K->57687K(1101824K)
[2022-05-03T00:48:46.179+0000][1237.093s] GC(316) Pause Young (Normal) (G1 Evacuation Pause) 367M->78M(512M) 11.681ms
[2022-05-03T00:48:46.179+0000][1237.093s] GC(316) User=0.06s Sys=0.00s Real=0.01s
[2022-05-03T00:48:48.511+0000][1239.425s] GC(317) Pause Young (Normal) (G1 Evacuation Pause)
[2022-05-03T00:48:48.512+0000][1239.426s] GC(317) Using 8 workers of 8 for evacuation
[2022-05-03T00:48:48.518+0000][1239.433s] GC(317)   Pre Evacuate Collection Set: 0.0ms
[2022-05-03T00:48:48.519+0000][1239.433s] GC(317)   Evacuate Collection Set: 2.7ms
[2022-05-03T00:48:48.519+0000][1239.433s] GC(317)   Post Evacuate Collection Set: 3.7ms
[2022-05-03T00:48:48.520+0000][1239.434s] GC(317)   Other: 0.8ms
[2022-05-03T00:48:48.520+0000][1239.434s] GC(317) Eden regions: 289->0(289)
[2022-05-03T00:48:48.520+0000][1239.434s] GC(317) Survivor regions: 18->18(39)
[2022-05-03T00:48:48.521+0000][1239.435s] GC(317) Old regions: 56->56
[2022-05-03T00:48:48.521+0000][1239.435s] GC(317) Humongous regions: 7->7
[2022-05-03T00:48:48.521+0000][1239.435s] GC(317) Metaspace: 57687K->57687K(1101824K)
[2022-05-03T00:48:48.522+0000][1239.436s] GC(317) Pause Young (Normal) (G1 Evacuation Pause) 367M->78M(512M) 10.294ms
[2022-05-03T00:48:48.522+0000][1239.436s] GC(317) User=0.04s Sys=0.00s Real=0.01s
[2022-05-03T00:48:50.842+0000][1241.756s] GC(318) Pause Young (Normal) (G1 Evacuation Pause)
[2022-05-03T00:48:50.842+0000][1241.756s] GC(318) Using 8 workers of 8 for evacuation
[2022-05-03T00:48:50.847+0000][1241.761s] GC(318)   Pre Evacuate Collection Set: 0.0ms
[2022-05-03T00:48:50.848+0000][1241.762s] GC(318)   Evacuate Collection Set: 2.8ms
[2022-05-03T00:48:50.848+0000][1241.762s] GC(318)   Post Evacuate Collection Set: 1.8ms
[2022-05-03T00:48:50.849+0000][1241.763s] GC(318)   Other: 0.4ms
[2022-05-03T00:48:50.849+0000][1241.763s] GC(318) Eden regions: 289->0(293)
[2022-05-03T00:48:50.849+0000][1241.763s] GC(318) Survivor regions: 18->14(39)
[2022-05-03T00:48:50.850+0000][1241.764s] GC(318) Old regions: 56->56
[2022-05-03T00:48:50.850+0000][1241.764s] GC(318) Humongous regions: 7->7
[2022-05-03T00:48:50.850+0000][1241.765s] GC(318) Metaspace: 57687K->57687K(1101824K)
[2022-05-03T00:48:50.851+0000][1241.765s] GC(318) Pause Young (Normal) (G1 Evacuation Pause) 367M->74M(512M) 8.495ms
[2022-05-03T00:48:50.851+0000][1241.765s] GC(318) User=0.04s Sys=0.00s Real=0.01s
[2022-05-03T00:48:53.185+0000][1244.099s] GC(319) Pause Young (Normal) (G1 Evacuation Pause)
[2022-05-03T00:48:53.185+0000][1244.100s] GC(319) Using 8 workers of 8 for evacuation
[2022-05-03T00:48:53.192+0000][1244.106s] GC(319)   Pre Evacuate Collection Set: 0.0ms
[2022-05-03T00:48:53.193+0000][1244.107s] GC(319)   Evacuate Collection Set: 2.9ms
[2022-05-03T00:48:53.193+0000][1244.107s] GC(319)   Post Evacuate Collection Set: 3.5ms
[2022-05-03T00:48:53.194+0000][1244.108s] GC(319)   Other: 1.0ms
[2022-05-03T00:48:53.194+0000][1244.108s] GC(319) Eden regions: 293->0(288)
[2022-05-03T00:48:53.194+0000][1244.108s] GC(319) Survivor regions: 14->19(39)
[2022-05-03T00:48:53.195+0000][1244.109s] GC(319) Old regions: 56->56
[2022-05-03T00:48:53.195+0000][1244.109s] GC(319) Humongous regions: 7->7
[2022-05-03T00:48:53.195+0000][1244.110s] GC(319) Metaspace: 57687K->57687K(1101824K)
[2022-05-03T00:48:53.196+0000][1244.110s] GC(319) Pause Young (Normal) (G1 Evacuation Pause) 367M->79M(512M) 10.758ms
[2022-05-03T00:48:53.196+0000][1244.110s] GC(319) User=0.04s Sys=0.00s Real=0.01s
[2022-05-03T00:48:55.517+0000][1246.431s] GC(320) Pause Young (Normal) (G1 Evacuation Pause)
[2022-05-03T00:48:55.517+0000][1246.431s] GC(320) Using 8 workers of 8 for evacuation
[2022-05-03T00:48:55.522+0000][1246.436s] GC(320)   Pre Evacuate Collection Set: 0.0ms
[2022-05-03T00:48:55.522+0000][1246.436s] GC(320)   Evacuate Collection Set: 2.2ms
[2022-05-03T00:48:55.523+0000][1246.437s] GC(320)   Post Evacuate Collection Set: 2.4ms
[2022-05-03T00:48:55.523+0000][1246.437s] GC(320)   Other: 0.5ms
[2022-05-03T00:48:55.524+0000][1246.438s] GC(320) Eden regions: 288->0(293)
[2022-05-03T00:48:55.524+0000][1246.438s] GC(320) Survivor regions: 19->14(39)
[2022-05-03T00:48:55.524+0000][1246.438s] GC(320) Old regions: 56->56
[2022-05-03T00:48:55.525+0000][1246.439s] GC(320) Humongous regions: 7->7
[2022-05-03T00:48:55.525+0000][1246.439s] GC(320) Metaspace: 57687K->57687K(1101824K)
[2022-05-03T00:48:55.525+0000][1246.439s] GC(320) Pause Young (Normal) (G1 Evacuation Pause) 367M->74M(512M) 8.630ms
[2022-05-03T00:48:55.526+0000][1246.440s] GC(320) User=0.03s Sys=0.00s Real=0.01s
[2022-05-03T00:48:58.331+0000][1249.246s] GC(321) Pause Young (Normal) (G1 Evacuation Pause)
[2022-05-03T00:48:58.332+0000][1249.246s] GC(321) Using 8 workers of 8 for evacuation
[2022-05-03T00:48:58.337+0000][1249.251s] GC(321)   Pre Evacuate Collection Set: 0.0ms
[2022-05-03T00:48:58.337+0000][1249.252s] GC(321)   Evacuate Collection Set: 2.2ms
[2022-05-03T00:48:58.338+0000][1249.252s] GC(321)   Post Evacuate Collection Set: 2.4ms
[2022-05-03T00:48:58.338+0000][1249.252s] GC(321)   Other: 0.9ms
[2022-05-03T00:48:58.339+0000][1249.253s] GC(321) Eden regions: 293->0(292)
[2022-05-03T00:48:58.339+0000][1249.253s] GC(321) Survivor regions: 14->15(39)
[2022-05-03T00:48:58.339+0000][1249.253s] GC(321) Old regions: 56->56
[2022-05-03T00:48:58.339+0000][1249.254s] GC(321) Humongous regions: 7->7
[2022-05-03T00:48:58.340+0000][1249.254s] GC(321) Metaspace: 57687K->57687K(1101824K)
[2022-05-03T00:48:58.340+0000][1249.254s] GC(321) Pause Young (Normal) (G1 Evacuation Pause) 367M->75M(512M) 8.597ms
[2022-05-03T00:48:58.340+0000][1249.254s] GC(321) User=0.03s Sys=0.00s Real=0.01s
[2022-05-03T00:49:00.732+0000][1251.646s] GC(322) Pause Young (Normal) (G1 Evacuation Pause)
[2022-05-03T00:49:00.732+0000][1251.647s] GC(322) Using 8 workers of 8 for evacuation
[2022-05-03T00:49:00.738+0000][1251.652s] GC(322)   Pre Evacuate Collection Set: 0.0ms
[2022-05-03T00:49:00.739+0000][1251.653s] GC(322)   Evacuate Collection Set: 2.3ms
[2022-05-03T00:49:00.739+0000][1251.653s] GC(322)   Post Evacuate Collection Set: 3.0ms
[2022-05-03T00:49:00.740+0000][1251.654s] GC(322)   Other: 0.6ms
[2022-05-03T00:49:00.740+0000][1251.654s] GC(322) Eden regions: 292->0(292)
[2022-05-03T00:49:00.741+0000][1251.655s] GC(322) Survivor regions: 15->15(39)
[2022-05-03T00:49:00.741+0000][1251.655s] GC(322) Old regions: 56->56
[2022-05-03T00:49:00.742+0000][1251.656s] GC(322) Humongous regions: 7->7
[2022-05-03T00:49:00.742+0000][1251.656s] GC(322) Metaspace: 57687K->57687K(1101824K)
[2022-05-03T00:49:00.743+0000][1251.657s] GC(322) Pause Young (Normal) (G1 Evacuation Pause) 367M->75M(512M) 10.659ms
[2022-05-03T00:49:00.743+0000][1251.657s] GC(322) User=0.03s Sys=0.00s Real=0.01s
[2022-05-03T00:49:03.084+0000][1253.998s] GC(323) Pause Young (Normal) (G1 Evacuation Pause)
[2022-05-03T00:49:03.085+0000][1253.999s] GC(323) Using 8 workers of 8 for evacuation
[2022-05-03T00:49:03.097+0000][1254.012s] GC(323)   Pre Evacuate Collection Set: 0.0ms
[2022-05-03T00:49:03.098+0000][1254.012s] GC(323)   Evacuate Collection Set: 8.8ms
[2022-05-03T00:49:03.098+0000][1254.012s] GC(323)   Post Evacuate Collection Set: 3.5ms
[2022-05-03T00:49:03.099+0000][1254.013s] GC(323)   Other: 0.9ms
[2022-05-03T00:49:03.099+0000][1254.013s] GC(323) Eden regions: 292->0(292)
[2022-05-03T00:49:03.099+0000][1254.014s] GC(323) Survivor regions: 15->15(39)
[2022-05-03T00:49:03.100+0000][1254.014s] GC(323) Old regions: 56->56
[2022-05-03T00:49:03.100+0000][1254.014s] GC(323) Humongous regions: 7->7
[2022-05-03T00:49:03.101+0000][1254.015s] GC(323) Metaspace: 57687K->57687K(1101824K)
[2022-05-03T00:49:03.101+0000][1254.015s] GC(323) Pause Young (Normal) (G1 Evacuation Pause) 367M->75M(512M) 16.765ms
[2022-05-03T00:49:03.101+0000][1254.015s] GC(323) User=0.08s Sys=0.00s Real=0.01s
[2022-05-03T00:49:05.385+0000][1256.299s] GC(324) Pause Young (Normal) (G1 Evacuation Pause)
[2022-05-03T00:49:05.385+0000][1256.299s] GC(324) Using 8 workers of 8 for evacuation
[2022-05-03T00:49:05.390+0000][1256.305s] GC(324)   Pre Evacuate Collection Set: 0.0ms
[2022-05-03T00:49:05.391+0000][1256.305s] GC(324)   Evacuate Collection Set: 2.1ms
[2022-05-03T00:49:05.391+0000][1256.305s] GC(324)   Post Evacuate Collection Set: 2.7ms
[2022-05-03T00:49:05.391+0000][1256.306s] GC(324)   Other: 0.8ms
[2022-05-03T00:49:05.392+0000][1256.306s] GC(324) Eden regions: 292->0(292)
[2022-05-03T00:49:05.392+0000][1256.306s] GC(324) Survivor regions: 15->15(39)
[2022-05-03T00:49:05.392+0000][1256.306s] GC(324) Old regions: 56->56
[2022-05-03T00:49:05.393+0000][1256.307s] GC(324) Humongous regions: 7->7
[2022-05-03T00:49:05.393+0000][1256.307s] GC(324) Metaspace: 57687K->57687K(1101824K)
[2022-05-03T00:49:05.393+0000][1256.307s] GC(324) Pause Young (Normal) (G1 Evacuation Pause) 367M->75M(512M) 8.339ms
[2022-05-03T00:49:05.393+0000][1256.307s] GC(324) User=0.03s Sys=0.00s Real=0.00s
[2022-05-03T00:49:07.785+0000][1258.699s] GC(325) Pause Young (Normal) (G1 Evacuation Pause)
[2022-05-03T00:49:07.785+0000][1258.700s] GC(325) Using 8 workers of 8 for evacuation
[2022-05-03T00:49:07.791+0000][1258.705s] GC(325)   Pre Evacuate Collection Set: 0.0ms
[2022-05-03T00:49:07.792+0000][1258.706s] GC(325)   Evacuate Collection Set: 3.0ms
[2022-05-03T00:49:07.792+0000][1258.706s] GC(325)   Post Evacuate Collection Set: 2.4ms
[2022-05-03T00:49:07.792+0000][1258.707s] GC(325)   Other: 0.9ms
[2022-05-03T00:49:07.793+0000][1258.707s] GC(325) Eden regions: 292->0(290)
[2022-05-03T00:49:07.793+0000][1258.707s] GC(325) Survivor regions: 15->17(39)
[2022-05-03T00:49:07.794+0000][1258.708s] GC(325) Old regions: 56->56
[2022-05-03T00:49:07.794+0000][1258.708s] GC(325) Humongous regions: 7->7
[2022-05-03T00:49:07.794+0000][1258.708s] GC(325) Metaspace: 57687K->57687K(1101824K)
[2022-05-03T00:49:07.794+0000][1258.708s] GC(325) Pause Young (Normal) (G1 Evacuation Pause) 367M->77M(512M) 9.194ms
[2022-05-03T00:49:07.794+0000][1258.709s] GC(325) User=0.03s Sys=0.00s Real=0.01s
[2022-05-03T00:49:10.112+0000][1261.026s] GC(326) Pause Young (Normal) (G1 Evacuation Pause)
[2022-05-03T00:49:10.112+0000][1261.026s] GC(326) Using 8 workers of 8 for evacuation
[2022-05-03T00:49:10.127+0000][1261.042s] GC(326)   Pre Evacuate Collection Set: 0.0ms
[2022-05-03T00:49:10.128+0000][1261.042s] GC(326)   Evacuate Collection Set: 9.7ms
[2022-05-03T00:49:10.128+0000][1261.042s] GC(326)   Post Evacuate Collection Set: 5.4ms
[2022-05-03T00:49:10.128+0000][1261.042s] GC(326)   Other: 0.8ms
[2022-05-03T00:49:10.128+0000][1261.043s] GC(326) Eden regions: 290->0(290)
[2022-05-03T00:49:10.129+0000][1261.043s] GC(326) Survivor regions: 17->17(39)
[2022-05-03T00:49:10.129+0000][1261.043s] GC(326) Old regions: 56->56
[2022-05-03T00:49:10.129+0000][1261.043s] GC(326) Humongous regions: 7->7
[2022-05-03T00:49:10.129+0000][1261.043s] GC(326) Metaspace: 57687K->57687K(1101824K)
[2022-05-03T00:49:10.130+0000][1261.044s] GC(326) Pause Young (Normal) (G1 Evacuation Pause) 367M->77M(512M) 18.127ms
[2022-05-03T00:49:10.130+0000][1261.044s] GC(326) User=0.11s Sys=0.00s Real=0.02s
[2022-05-03T00:49:12.411+0000][1263.326s] GC(327) Pause Young (Normal) (G1 Evacuation Pause)
[2022-05-03T00:49:12.412+0000][1263.326s] GC(327) Using 8 workers of 8 for evacuation
[2022-05-03T00:49:12.417+0000][1263.331s] GC(327)   Pre Evacuate Collection Set: 0.0ms
[2022-05-03T00:49:12.417+0000][1263.331s] GC(327)   Evacuate Collection Set: 2.3ms
[2022-05-03T00:49:12.417+0000][1263.332s] GC(327)   Post Evacuate Collection Set: 2.4ms
[2022-05-03T00:49:12.418+0000][1263.332s] GC(327)   Other: 0.5ms
[2022-05-03T00:49:12.418+0000][1263.332s] GC(327) Eden regions: 290->0(291)
[2022-05-03T00:49:12.419+0000][1263.333s] GC(327) Survivor regions: 17->16(39)
[2022-05-03T00:49:12.419+0000][1263.333s] GC(327) Old regions: 56->56
[2022-05-03T00:49:12.419+0000][1263.333s] GC(327) Humongous regions: 7->7
[2022-05-03T00:49:12.419+0000][1263.334s] GC(327) Metaspace: 57687K->57687K(1101824K)
[2022-05-03T00:49:12.420+0000][1263.334s] GC(327) Pause Young (Normal) (G1 Evacuation Pause) 367M->76M(512M) 8.265ms
[2022-05-03T00:49:12.420+0000][1263.334s] GC(327) User=0.04s Sys=0.00s Real=0.01s
[2022-05-03T00:49:14.727+0000][1265.641s] GC(328) Pause Young (Normal) (G1 Evacuation Pause)
[2022-05-03T00:49:14.727+0000][1265.642s] GC(328) Using 8 workers of 8 for evacuation
[2022-05-03T00:49:14.733+0000][1265.648s] GC(328)   Pre Evacuate Collection Set: 0.0ms
[2022-05-03T00:49:14.734+0000][1265.648s] GC(328)   Evacuate Collection Set: 3.1ms
[2022-05-03T00:49:14.734+0000][1265.648s] GC(328)   Post Evacuate Collection Set: 2.5ms
[2022-05-03T00:49:14.735+0000][1265.649s] GC(328)   Other: 0.9ms
[2022-05-03T00:49:14.735+0000][1265.649s] GC(328) Eden regions: 291->0(290)
[2022-05-03T00:49:14.735+0000][1265.650s] GC(328) Survivor regions: 16->17(39)
[2022-05-03T00:49:14.736+0000][1265.650s] GC(328) Old regions: 56->56
[2022-05-03T00:49:14.736+0000][1265.650s] GC(328) Humongous regions: 7->7
[2022-05-03T00:49:14.736+0000][1265.650s] GC(328) Metaspace: 57688K->57688K(1101824K)
[2022-05-03T00:49:14.737+0000][1265.651s] GC(328) Pause Young (Normal) (G1 Evacuation Pause) 367M->78M(512M) 9.674ms
[2022-05-03T00:49:14.737+0000][1265.651s] GC(328) User=0.03s Sys=0.00s Real=0.01s
[2022-05-03T00:49:17.004+0000][1267.918s] GC(329) Pause Young (Normal) (G1 Evacuation Pause)
[2022-05-03T00:49:17.004+0000][1267.918s] GC(329) Using 8 workers of 8 for evacuation
[2022-05-03T00:49:17.018+0000][1267.932s] GC(329)   Pre Evacuate Collection Set: 0.0ms
[2022-05-03T00:49:17.018+0000][1267.932s] GC(329)   Evacuate Collection Set: 10.1ms
[2022-05-03T00:49:17.018+0000][1267.932s] GC(329)   Post Evacuate Collection Set: 2.9ms
[2022-05-03T00:49:17.018+0000][1267.933s] GC(329)   Other: 0.6ms
[2022-05-03T00:49:17.019+0000][1267.933s] GC(329) Eden regions: 290->0(292)
[2022-05-03T00:49:17.019+0000][1267.933s] GC(329) Survivor regions: 17->15(39)
[2022-05-03T00:49:17.019+0000][1267.933s] GC(329) Old regions: 56->56
[2022-05-03T00:49:17.020+0000][1267.934s] GC(329) Humongous regions: 7->7
[2022-05-03T00:49:17.020+0000][1267.934s] GC(329) Metaspace: 57688K->57688K(1101824K)
[2022-05-03T00:49:17.020+0000][1267.934s] GC(329) Pause Young (Normal) (G1 Evacuation Pause) 368M->76M(512M) 16.082ms
[2022-05-03T00:49:17.020+0000][1267.935s] GC(329) User=0.10s Sys=0.00s Real=0.02s
[2022-05-03T00:49:19.213+0000][1270.127s] GC(330) Pause Young (Normal) (G1 Evacuation Pause)
[2022-05-03T00:49:19.214+0000][1270.128s] GC(330) Using 8 workers of 8 for evacuation
[2022-05-03T00:49:19.220+0000][1270.134s] GC(330)   Pre Evacuate Collection Set: 0.0ms
[2022-05-03T00:49:19.220+0000][1270.134s] GC(330)   Evacuate Collection Set: 3.1ms
[2022-05-03T00:49:19.220+0000][1270.134s] GC(330)   Post Evacuate Collection Set: 2.6ms
[2022-05-03T00:49:19.221+0000][1270.135s] GC(330)   Other: 0.8ms
[2022-05-03T00:49:19.221+0000][1270.135s] GC(330) Eden regions: 292->0(290)
[2022-05-03T00:49:19.221+0000][1270.135s] GC(330) Survivor regions: 15->17(39)
[2022-05-03T00:49:19.221+0000][1270.135s] GC(330) Old regions: 56->56
[2022-05-03T00:49:19.222+0000][1270.136s] GC(330) Humongous regions: 7->7
[2022-05-03T00:49:19.222+0000][1270.136s] GC(330) Metaspace: 57689K->57689K(1101824K)
[2022-05-03T00:49:19.222+0000][1270.136s] GC(330) Pause Young (Normal) (G1 Evacuation Pause) 368M->78M(512M) 9.037ms
[2022-05-03T00:49:19.222+0000][1270.137s] GC(330) User=0.03s Sys=0.01s Real=0.01s
[2022-05-03T00:49:21.524+0000][1272.438s] GC(331) Pause Young (Normal) (G1 Evacuation Pause)
[2022-05-03T00:49:21.524+0000][1272.438s] GC(331) Using 8 workers of 8 for evacuation
[2022-05-03T00:49:21.530+0000][1272.444s] GC(331)   Pre Evacuate Collection Set: 0.0ms
[2022-05-03T00:49:21.530+0000][1272.445s] GC(331)   Evacuate Collection Set: 3.0ms
[2022-05-03T00:49:21.531+0000][1272.445s] GC(331)   Post Evacuate Collection Set: 2.3ms
[2022-05-03T00:49:21.531+0000][1272.445s] GC(331)   Other: 0.8ms
[2022-05-03T00:49:21.531+0000][1272.446s] GC(331) Eden regions: 290->0(290)
[2022-05-03T00:49:21.532+0000][1272.446s] GC(331) Survivor regions: 17->17(39)
[2022-05-03T00:49:21.532+0000][1272.446s] GC(331) Old regions: 56->56
[2022-05-03T00:49:21.532+0000][1272.446s] GC(331) Humongous regions: 7->7
[2022-05-03T00:49:21.533+0000][1272.447s] GC(331) Metaspace: 57689K->57689K(1101824K)
[2022-05-03T00:49:21.533+0000][1272.447s] GC(331) Pause Young (Normal) (G1 Evacuation Pause) 368M->78M(512M) 8.883ms
[2022-05-03T00:49:21.533+0000][1272.447s] GC(331) User=0.03s Sys=0.00s Real=0.01s
[2022-05-03T00:49:23.816+0000][1274.730s] GC(332) Pause Young (Normal) (G1 Evacuation Pause)
[2022-05-03T00:49:23.817+0000][1274.731s] GC(332) Using 8 workers of 8 for evacuation
[2022-05-03T00:49:23.822+0000][1274.736s] GC(332)   Pre Evacuate Collection Set: 0.0ms
[2022-05-03T00:49:23.823+0000][1274.737s] GC(332)   Evacuate Collection Set: 2.6ms
[2022-05-03T00:49:23.823+0000][1274.737s] GC(332)   Post Evacuate Collection Set: 2.4ms
[2022-05-03T00:49:23.823+0000][1274.738s] GC(332)   Other: 1.0ms
[2022-05-03T00:49:23.824+0000][1274.738s] GC(332) Eden regions: 290->0(291)
[2022-05-03T00:49:23.824+0000][1274.738s] GC(332) Survivor regions: 17->16(39)
[2022-05-03T00:49:23.824+0000][1274.739s] GC(332) Old regions: 56->56
[2022-05-03T00:49:23.825+0000][1274.739s] GC(332) Humongous regions: 7->7
[2022-05-03T00:49:23.825+0000][1274.739s] GC(332) Metaspace: 57689K->57689K(1101824K)
[2022-05-03T00:49:23.825+0000][1274.740s] GC(332) Pause Young (Normal) (G1 Evacuation Pause) 368M->76M(512M) 9.228ms
[2022-05-03T00:49:23.826+0000][1274.740s] GC(332) User=0.03s Sys=0.00s Real=0.01s
[2022-05-03T00:49:26.228+0000][1277.142s] GC(333) Pause Young (Normal) (G1 Evacuation Pause)
[2022-05-03T00:49:26.228+0000][1277.143s] GC(333) Using 8 workers of 8 for evacuation
[2022-05-03T00:49:26.235+0000][1277.149s] GC(333)   Pre Evacuate Collection Set: 0.0ms
[2022-05-03T00:49:26.235+0000][1277.149s] GC(333)   Evacuate Collection Set: 3.4ms
[2022-05-03T00:49:26.236+0000][1277.150s] GC(333)   Post Evacuate Collection Set: 2.6ms
[2022-05-03T00:49:26.236+0000][1277.150s] GC(333)   Other: 1.0ms
[2022-05-03T00:49:26.236+0000][1277.151s] GC(333) Eden regions: 291->0(290)
[2022-05-03T00:49:26.237+0000][1277.151s] GC(333) Survivor regions: 16->17(39)
[2022-05-03T00:49:26.237+0000][1277.151s] GC(333) Old regions: 56->56
[2022-05-03T00:49:26.237+0000][1277.152s] GC(333) Humongous regions: 7->7
[2022-05-03T00:49:26.238+0000][1277.152s] GC(333) Metaspace: 57689K->57689K(1101824K)
[2022-05-03T00:49:26.238+0000][1277.152s] GC(333) Pause Young (Normal) (G1 Evacuation Pause) 367M->78M(512M) 9.923ms
[2022-05-03T00:49:26.238+0000][1277.152s] GC(333) User=0.04s Sys=0.00s Real=0.01s
[2022-05-03T00:51:41.021+0000][1411.935s] GC(334) Pause Young (Normal) (G1 Evacuation Pause)
[2022-05-03T00:51:41.022+0000][1411.936s] GC(334) Using 8 workers of 8 for evacuation
[2022-05-03T00:51:41.027+0000][1411.941s] GC(334)   Pre Evacuate Collection Set: 0.0ms
[2022-05-03T00:51:41.028+0000][1411.942s] GC(334)   Evacuate Collection Set: 2.5ms
[2022-05-03T00:51:41.028+0000][1411.942s] GC(334)   Post Evacuate Collection Set: 2.6ms
[2022-05-03T00:51:41.029+0000][1411.943s] GC(334)   Other: 1.0ms
[2022-05-03T00:51:41.029+0000][1411.943s] GC(334) Eden regions: 290->0(292)
[2022-05-03T00:51:41.029+0000][1411.944s] GC(334) Survivor regions: 17->15(39)
[2022-05-03T00:51:41.030+0000][1411.944s] GC(334) Old regions: 56->56
[2022-05-03T00:51:41.030+0000][1411.944s] GC(334) Humongous regions: 7->7
[2022-05-03T00:51:41.031+0000][1411.945s] GC(334) Metaspace: 57689K->57689K(1101824K)
[2022-05-03T00:51:41.031+0000][1411.945s] GC(334) Pause Young (Normal) (G1 Evacuation Pause) 368M->76M(512M) 9.808ms
[2022-05-03T00:51:41.031+0000][1411.946s] GC(334) User=0.04s Sys=0.00s Real=0.01s
[2022-05-03T00:51:43.397+0000][1414.311s] GC(335) Pause Young (Normal) (G1 Evacuation Pause)
[2022-05-03T00:51:43.397+0000][1414.311s] GC(335) Using 8 workers of 8 for evacuation
[2022-05-03T00:51:43.404+0000][1414.318s] GC(335)   Pre Evacuate Collection Set: 0.0ms
[2022-05-03T00:51:43.404+0000][1414.318s] GC(335)   Evacuate Collection Set: 3.0ms
[2022-05-03T00:51:43.405+0000][1414.319s] GC(335)   Post Evacuate Collection Set: 2.8ms
[2022-05-03T00:51:43.405+0000][1414.319s] GC(335)   Other: 1.0ms
[2022-05-03T00:51:43.406+0000][1414.320s] GC(335) Eden regions: 292->0(290)
[2022-05-03T00:51:43.406+0000][1414.320s] GC(335) Survivor regions: 15->17(39)
[2022-05-03T00:51:43.406+0000][1414.320s] GC(335) Old regions: 56->56
[2022-05-03T00:51:43.407+0000][1414.321s] GC(335) Humongous regions: 7->7
[2022-05-03T00:51:43.407+0000][1414.321s] GC(335) Metaspace: 57689K->57689K(1101824K)
[2022-05-03T00:51:43.407+0000][1414.322s] GC(335) Pause Young (Normal) (G1 Evacuation Pause) 368M->78M(512M) 10.431ms
[2022-05-03T00:51:43.408+0000][1414.322s] GC(335) User=0.03s Sys=0.01s Real=0.01s
[2022-05-03T00:51:45.721+0000][1416.635s] GC(336) Pause Young (Normal) (G1 Evacuation Pause)
[2022-05-03T00:51:45.722+0000][1416.636s] GC(336) Using 8 workers of 8 for evacuation
[2022-05-03T00:51:45.733+0000][1416.647s] GC(336)   Pre Evacuate Collection Set: 0.0ms
[2022-05-03T00:51:45.734+0000][1416.648s] GC(336)   Evacuate Collection Set: 7.5ms
[2022-05-03T00:51:45.734+0000][1416.648s] GC(336)   Post Evacuate Collection Set: 3.5ms
[2022-05-03T00:51:45.734+0000][1416.648s] GC(336)   Other: 1.1ms
[2022-05-03T00:51:45.735+0000][1416.649s] GC(336) Eden regions: 290->0(289)
[2022-05-03T00:51:45.735+0000][1416.649s] GC(336) Survivor regions: 17->18(39)
[2022-05-03T00:51:45.735+0000][1416.650s] GC(336) Old regions: 56->57
[2022-05-03T00:51:45.736+0000][1416.650s] GC(336) Humongous regions: 7->7
[2022-05-03T00:51:45.736+0000][1416.650s] GC(336) Metaspace: 57689K->57689K(1101824K)
[2022-05-03T00:51:45.737+0000][1416.651s] GC(336) Pause Young (Normal) (G1 Evacuation Pause) 368M->79M(512M) 15.400ms
[2022-05-03T00:51:45.737+0000][1416.651s] GC(336) User=0.08s Sys=0.00s Real=0.02s
[2022-05-03T00:51:48.039+0000][1418.953s] GC(337) Pause Young (Normal) (G1 Evacuation Pause)
[2022-05-03T00:51:48.039+0000][1418.953s] GC(337) Using 8 workers of 8 for evacuation
[2022-05-03T00:51:48.046+0000][1418.960s] GC(337)   Pre Evacuate Collection Set: 0.0ms
[2022-05-03T00:51:48.046+0000][1418.960s] GC(337)   Evacuate Collection Set: 3.1ms
[2022-05-03T00:51:48.046+0000][1418.961s] GC(337)   Post Evacuate Collection Set: 2.6ms
[2022-05-03T00:51:48.047+0000][1418.961s] GC(337)   Other: 0.8ms
[2022-05-03T00:51:48.047+0000][1418.961s] GC(337) Eden regions: 289->0(290)
[2022-05-03T00:51:48.048+0000][1418.962s] GC(337) Survivor regions: 18->17(39)
[2022-05-03T00:51:48.048+0000][1418.962s] GC(337) Old regions: 57->57
[2022-05-03T00:51:48.048+0000][1418.963s] GC(337) Humongous regions: 7->7
[2022-05-03T00:51:48.049+0000][1418.963s] GC(337) Metaspace: 57689K->57689K(1101824K)
[2022-05-03T00:51:48.049+0000][1418.963s] GC(337) Pause Young (Normal) (G1 Evacuation Pause) 368M->78M(512M) 10.036ms
[2022-05-03T00:51:48.049+0000][1418.963s] GC(337) User=0.04s Sys=0.00s Real=0.01s
[2022-05-03T00:51:50.382+0000][1421.296s] GC(338) Pause Young (Normal) (G1 Evacuation Pause)
[2022-05-03T00:51:50.383+0000][1421.297s] GC(338) Using 8 workers of 8 for evacuation
[2022-05-03T00:51:50.389+0000][1421.303s] GC(338)   Pre Evacuate Collection Set: 0.0ms
[2022-05-03T00:51:50.389+0000][1421.303s] GC(338)   Evacuate Collection Set: 2.8ms
[2022-05-03T00:51:50.390+0000][1421.304s] GC(338)   Post Evacuate Collection Set: 2.6ms
[2022-05-03T00:51:50.390+0000][1421.304s] GC(338)   Other: 1.0ms
[2022-05-03T00:51:50.391+0000][1421.305s] GC(338) Eden regions: 290->0(290)
[2022-05-03T00:51:50.391+0000][1421.305s] GC(338) Survivor regions: 17->17(39)
[2022-05-03T00:51:50.391+0000][1421.306s] GC(338) Old regions: 57->57
[2022-05-03T00:51:50.392+0000][1421.306s] GC(338) Humongous regions: 7->7
[2022-05-03T00:51:50.392+0000][1421.306s] GC(338) Metaspace: 57689K->57689K(1101824K)
[2022-05-03T00:51:50.392+0000][1421.306s] GC(338) Pause Young (Normal) (G1 Evacuation Pause) 368M->78M(512M) 10.003ms
[2022-05-03T00:51:50.393+0000][1421.307s] GC(338) User=0.03s Sys=0.00s Real=0.01s
[2022-05-03T00:51:52.733+0000][1423.647s] GC(339) Pause Young (Normal) (G1 Evacuation Pause)
[2022-05-03T00:51:52.733+0000][1423.648s] GC(339) Using 8 workers of 8 for evacuation
[2022-05-03T00:51:52.740+0000][1423.655s] GC(339)   Pre Evacuate Collection Set: 0.0ms
[2022-05-03T00:51:52.741+0000][1423.655s] GC(339)   Evacuate Collection Set: 3.4ms
[2022-05-03T00:51:52.741+0000][1423.656s] GC(339)   Post Evacuate Collection Set: 2.8ms
[2022-05-03T00:51:52.742+0000][1423.656s] GC(339)   Other: 1.3ms
[2022-05-03T00:51:52.742+0000][1423.656s] GC(339) Eden regions: 290->0(289)
[2022-05-03T00:51:52.743+0000][1423.657s] GC(339) Survivor regions: 17->18(39)
[2022-05-03T00:51:52.743+0000][1423.657s] GC(339) Old regions: 57->57
[2022-05-03T00:51:52.743+0000][1423.658s] GC(339) Humongous regions: 7->7
[2022-05-03T00:51:52.744+0000][1423.658s] GC(339) Metaspace: 57689K->57689K(1101824K)
[2022-05-03T00:51:52.744+0000][1423.658s] GC(339) Pause Young (Normal) (G1 Evacuation Pause) 368M->79M(512M) 11.248ms
[2022-05-03T00:51:52.744+0000][1423.659s] GC(339) User=0.05s Sys=0.01s Real=0.02s
[2022-05-03T00:51:54.997+0000][1425.911s] GC(340) Pause Young (Normal) (G1 Evacuation Pause)
[2022-05-03T00:51:54.998+0000][1425.912s] GC(340) Using 8 workers of 8 for evacuation
[2022-05-03T00:51:55.004+0000][1425.918s] GC(340)   Pre Evacuate Collection Set: 0.0ms
[2022-05-03T00:51:55.004+0000][1425.918s] GC(340)   Evacuate Collection Set: 3.1ms
[2022-05-03T00:51:55.005+0000][1425.919s] GC(340)   Post Evacuate Collection Set: 2.5ms
[2022-05-03T00:51:55.005+0000][1425.919s] GC(340)   Other: 1.1ms
[2022-05-03T00:51:55.005+0000][1425.920s] GC(340) Eden regions: 289->0(290)
[2022-05-03T00:51:55.006+0000][1425.920s] GC(340) Survivor regions: 18->17(39)
[2022-05-03T00:51:55.006+0000][1425.920s] GC(340) Old regions: 57->57
[2022-05-03T00:51:55.007+0000][1425.921s] GC(340) Humongous regions: 7->7
[2022-05-03T00:51:55.007+0000][1425.921s] GC(340) Metaspace: 57689K->57689K(1101824K)
[2022-05-03T00:51:55.007+0000][1425.921s] GC(340) Pause Young (Normal) (G1 Evacuation Pause) 368M->78M(512M) 10.325ms
[2022-05-03T00:51:55.008+0000][1425.922s] GC(340) User=0.04s Sys=0.00s Real=0.01s
[2022-05-03T00:51:57.382+0000][1428.296s] GC(341) Pause Young (Normal) (G1 Evacuation Pause)
[2022-05-03T00:51:57.382+0000][1428.296s] GC(341) Using 8 workers of 8 for evacuation
[2022-05-03T00:51:57.388+0000][1428.302s] GC(341)   Pre Evacuate Collection Set: 0.0ms
[2022-05-03T00:51:57.389+0000][1428.303s] GC(341)   Evacuate Collection Set: 3.1ms
[2022-05-03T00:51:57.389+0000][1428.303s] GC(341)   Post Evacuate Collection Set: 2.8ms
[2022-05-03T00:51:57.390+0000][1428.304s] GC(341)   Other: 0.9ms
[2022-05-03T00:51:57.390+0000][1428.304s] GC(341) Eden regions: 290->0(290)
[2022-05-03T00:51:57.391+0000][1428.305s] GC(341) Survivor regions: 17->17(39)
[2022-05-03T00:51:57.391+0000][1428.305s] GC(341) Old regions: 57->57
[2022-05-03T00:51:57.391+0000][1428.305s] GC(341) Humongous regions: 7->7
[2022-05-03T00:51:57.392+0000][1428.306s] GC(341) Metaspace: 57689K->57689K(1101824K)
[2022-05-03T00:51:57.392+0000][1428.306s] GC(341) Pause Young (Normal) (G1 Evacuation Pause) 368M->78M(512M) 10.390ms
[2022-05-03T00:51:57.392+0000][1428.306s] GC(341) User=0.04s Sys=0.00s Real=0.01s
[2022-05-03T00:51:59.734+0000][1430.649s] GC(342) Pause Young (Normal) (G1 Evacuation Pause)
[2022-05-03T00:51:59.735+0000][1430.649s] GC(342) Using 8 workers of 8 for evacuation
[2022-05-03T00:51:59.741+0000][1430.655s] GC(342)   Pre Evacuate Collection Set: 0.0ms
[2022-05-03T00:51:59.741+0000][1430.655s] GC(342)   Evacuate Collection Set: 4.0ms
[2022-05-03T00:51:59.741+0000][1430.656s] GC(342)   Post Evacuate Collection Set: 1.6ms
[2022-05-03T00:51:59.742+0000][1430.656s] GC(342)   Other: 0.7ms
[2022-05-03T00:51:59.742+0000][1430.656s] GC(342) Eden regions: 290->0(290)
[2022-05-03T00:51:59.742+0000][1430.656s] GC(342) Survivor regions: 17->17(39)
[2022-05-03T00:51:59.743+0000][1430.657s] GC(342) Old regions: 57->57
[2022-05-03T00:51:59.743+0000][1430.657s] GC(342) Humongous regions: 7->7
[2022-05-03T00:51:59.743+0000][1430.657s] GC(342) Metaspace: 57689K->57689K(1101824K)
[2022-05-03T00:51:59.743+0000][1430.658s] GC(342) Pause Young (Normal) (G1 Evacuation Pause) 368M->78M(512M) 9.000ms
[2022-05-03T00:51:59.744+0000][1430.658s] GC(342) User=0.03s Sys=0.00s Real=0.00s
[2022-05-03T00:52:02.051+0000][1432.965s] GC(343) Pause Young (Normal) (G1 Evacuation Pause)
[2022-05-03T00:52:02.052+0000][1432.966s] GC(343) Using 8 workers of 8 for evacuation
[2022-05-03T00:52:02.057+0000][1432.971s] GC(343)   Pre Evacuate Collection Set: 0.0ms
[2022-05-03T00:52:02.058+0000][1432.972s] GC(343)   Evacuate Collection Set: 2.9ms
[2022-05-03T00:52:02.058+0000][1432.972s] GC(343)   Post Evacuate Collection Set: 2.6ms
[2022-05-03T00:52:02.059+0000][1432.973s] GC(343)   Other: 0.4ms
[2022-05-03T00:52:02.059+0000][1432.973s] GC(343) Eden regions: 290->0(289)
[2022-05-03T00:52:02.060+0000][1432.974s] GC(343) Survivor regions: 17->18(39)
[2022-05-03T00:52:02.060+0000][1432.974s] GC(343) Old regions: 57->57
[2022-05-03T00:52:02.060+0000][1432.975s] GC(343) Humongous regions: 7->7
[2022-05-03T00:52:02.061+0000][1432.975s] GC(343) Metaspace: 57689K->57689K(1101824K)
[2022-05-03T00:52:02.061+0000][1432.975s] GC(343) Pause Young (Normal) (G1 Evacuation Pause) 368M->79M(512M) 9.785ms
[2022-05-03T00:52:02.061+0000][1432.976s] GC(343) User=0.04s Sys=0.00s Real=0.01s
[2022-05-03T00:52:04.414+0000][1435.328s] GC(344) Pause Young (Normal) (G1 Evacuation Pause)
[2022-05-03T00:52:04.415+0000][1435.329s] GC(344) Using 8 workers of 8 for evacuation
[2022-05-03T00:52:04.422+0000][1435.336s] GC(344)   Pre Evacuate Collection Set: 0.0ms
[2022-05-03T00:52:04.423+0000][1435.337s] GC(344)   Evacuate Collection Set: 4.1ms
[2022-05-03T00:52:04.423+0000][1435.337s] GC(344)   Post Evacuate Collection Set: 2.8ms
[2022-05-03T00:52:04.424+0000][1435.338s] GC(344)   Other: 1.2ms
[2022-05-03T00:52:04.424+0000][1435.338s] GC(344) Eden regions: 289->0(287)
[2022-05-03T00:52:04.424+0000][1435.339s] GC(344) Survivor regions: 18->20(39)
[2022-05-03T00:52:04.425+0000][1435.339s] GC(344) Old regions: 57->57
[2022-05-03T00:52:04.425+0000][1435.339s] GC(344) Humongous regions: 7->7
[2022-05-03T00:52:04.426+0000][1435.340s] GC(344) Metaspace: 57689K->57689K(1101824K)
[2022-05-03T00:52:04.426+0000][1435.340s] GC(344) Pause Young (Normal) (G1 Evacuation Pause) 368M->81M(512M) 11.835ms
[2022-05-03T00:52:04.426+0000][1435.341s] GC(344) User=0.05s Sys=0.00s Real=0.01s
[2022-05-03T00:52:06.663+0000][1437.577s] GC(345) Pause Young (Normal) (G1 Evacuation Pause)
[2022-05-03T00:52:06.663+0000][1437.577s] GC(345) Using 8 workers of 8 for evacuation
[2022-05-03T00:52:06.676+0000][1437.590s] GC(345)   Pre Evacuate Collection Set: 0.0ms
[2022-05-03T00:52:06.676+0000][1437.590s] GC(345)   Evacuate Collection Set: 9.7ms
[2022-05-03T00:52:06.677+0000][1437.591s] GC(345)   Post Evacuate Collection Set: 2.9ms
[2022-05-03T00:52:06.677+0000][1437.591s] GC(345)   Other: 0.6ms
[2022-05-03T00:52:06.677+0000][1437.591s] GC(345) Eden regions: 287->0(289)
[2022-05-03T00:52:06.678+0000][1437.592s] GC(345) Survivor regions: 20->18(39)
[2022-05-03T00:52:06.678+0000][1437.592s] GC(345) Old regions: 57->57
[2022-05-03T00:52:06.678+0000][1437.592s] GC(345) Humongous regions: 7->7
[2022-05-03T00:52:06.679+0000][1437.593s] GC(345) Metaspace: 57689K->57689K(1101824K)
[2022-05-03T00:52:06.679+0000][1437.593s] GC(345) Pause Young (Normal) (G1 Evacuation Pause) 368M->80M(512M) 16.584ms
[2022-05-03T00:52:06.680+0000][1437.594s] GC(345) User=0.10s Sys=0.00s Real=0.02s
[2022-05-03T00:52:08.950+0000][1439.864s] GC(346) Pause Young (Normal) (G1 Evacuation Pause)
[2022-05-03T00:52:08.950+0000][1439.864s] GC(346) Using 8 workers of 8 for evacuation
[2022-05-03T00:52:08.957+0000][1439.871s] GC(346)   Pre Evacuate Collection Set: 0.0ms
[2022-05-03T00:52:08.957+0000][1439.871s] GC(346)   Evacuate Collection Set: 3.5ms
[2022-05-03T00:52:08.958+0000][1439.872s] GC(346)   Post Evacuate Collection Set: 2.5ms
[2022-05-03T00:52:08.958+0000][1439.872s] GC(346)   Other: 1.0ms
[2022-05-03T00:52:08.959+0000][1439.873s] GC(346) Eden regions: 289->0(288)
[2022-05-03T00:52:08.959+0000][1439.873s] GC(346) Survivor regions: 18->19(39)
[2022-05-03T00:52:08.959+0000][1439.873s] GC(346) Old regions: 57->57
[2022-05-03T00:52:08.960+0000][1439.874s] GC(346) Humongous regions: 7->7
[2022-05-03T00:52:08.960+0000][1439.874s] GC(346) Metaspace: 57689K->57689K(1101824K)
[2022-05-03T00:52:08.960+0000][1439.874s] GC(346) Pause Young (Normal) (G1 Evacuation Pause) 369M->80M(512M) 10.351ms
[2022-05-03T00:52:08.961+0000][1439.875s] GC(346) User=0.04s Sys=0.00s Real=0.01s
[2022-05-03T00:52:11.112+0000][1442.026s] GC(347) Pause Young (Normal) (G1 Evacuation Pause)
[2022-05-03T00:52:11.112+0000][1442.026s] GC(347) Using 8 workers of 8 for evacuation
[2022-05-03T00:52:11.119+0000][1442.033s] GC(347)   Pre Evacuate Collection Set: 0.0ms
[2022-05-03T00:52:11.119+0000][1442.033s] GC(347)   Evacuate Collection Set: 2.9ms
[2022-05-03T00:52:11.119+0000][1442.034s] GC(347)   Post Evacuate Collection Set: 3.0ms
[2022-05-03T00:52:11.120+0000][1442.034s] GC(347)   Other: 0.9ms
[2022-05-03T00:52:11.120+0000][1442.034s] GC(347) Eden regions: 288->0(290)
[2022-05-03T00:52:11.121+0000][1442.035s] GC(347) Survivor regions: 19->17(39)
[2022-05-03T00:52:11.121+0000][1442.035s] GC(347) Old regions: 57->57
[2022-05-03T00:52:11.121+0000][1442.035s] GC(347) Humongous regions: 7->7
[2022-05-03T00:52:11.121+0000][1442.036s] GC(347) Metaspace: 57689K->57689K(1101824K)
[2022-05-03T00:52:11.122+0000][1442.036s] GC(347) Pause Young (Normal) (G1 Evacuation Pause) 368M->79M(512M) 9.875ms
[2022-05-03T00:52:11.122+0000][1442.036s] GC(347) User=0.04s Sys=0.00s Real=0.01s
[2022-05-03T00:52:13.414+0000][1444.328s] GC(348) Pause Young (Normal) (G1 Evacuation Pause)
[2022-05-03T00:52:13.414+0000][1444.329s] GC(348) Using 8 workers of 8 for evacuation
[2022-05-03T00:52:13.420+0000][1444.334s] GC(348)   Pre Evacuate Collection Set: 0.0ms
[2022-05-03T00:52:13.421+0000][1444.335s] GC(348)   Evacuate Collection Set: 2.8ms
[2022-05-03T00:52:13.421+0000][1444.335s] GC(348)   Post Evacuate Collection Set: 2.6ms
[2022-05-03T00:52:13.421+0000][1444.336s] GC(348)   Other: 0.7ms
[2022-05-03T00:52:13.422+0000][1444.336s] GC(348) Eden regions: 290->0(290)
[2022-05-03T00:52:13.422+0000][1444.336s] GC(348) Survivor regions: 17->17(39)
[2022-05-03T00:52:13.422+0000][1444.336s] GC(348) Old regions: 57->57
[2022-05-03T00:52:13.423+0000][1444.337s] GC(348) Humongous regions: 7->7
[2022-05-03T00:52:13.423+0000][1444.337s] GC(348) Metaspace: 57690K->57690K(1101824K)
[2022-05-03T00:52:13.423+0000][1444.337s] GC(348) Pause Young (Normal) (G1 Evacuation Pause) 369M->78M(512M) 9.092ms
[2022-05-03T00:52:13.424+0000][1444.338s] GC(348) User=0.04s Sys=0.01s Real=0.00s
[2022-05-03T00:52:15.645+0000][1446.559s] GC(349) Pause Young (Normal) (G1 Evacuation Pause)
[2022-05-03T00:52:15.645+0000][1446.559s] GC(349) Using 8 workers of 8 for evacuation
[2022-05-03T00:52:15.650+0000][1446.565s] GC(349)   Pre Evacuate Collection Set: 0.0ms
[2022-05-03T00:52:15.651+0000][1446.565s] GC(349)   Evacuate Collection Set: 2.6ms
[2022-05-03T00:52:15.651+0000][1446.565s] GC(349)   Post Evacuate Collection Set: 2.2ms
[2022-05-03T00:52:15.652+0000][1446.566s] GC(349)   Other: 1.0ms
[2022-05-03T00:52:15.652+0000][1446.566s] GC(349) Eden regions: 290->0(291)
[2022-05-03T00:52:15.652+0000][1446.566s] GC(349) Survivor regions: 17->16(39)
[2022-05-03T00:52:15.653+0000][1446.567s] GC(349) Old regions: 57->57
[2022-05-03T00:52:15.653+0000][1446.567s] GC(349) Humongous regions: 7->7
[2022-05-03T00:52:15.653+0000][1446.568s] GC(349) Metaspace: 57690K->57690K(1101824K)
[2022-05-03T00:52:15.654+0000][1446.568s] GC(349) Pause Young (Normal) (G1 Evacuation Pause) 368M->78M(512M) 9.165ms
[2022-05-03T00:52:15.654+0000][1446.568s] GC(349) User=0.04s Sys=0.00s Real=0.00s
[2022-05-03T00:52:18.385+0000][1449.299s] GC(350) Pause Young (Normal) (G1 Evacuation Pause)
[2022-05-03T00:52:18.385+0000][1449.300s] GC(350) Using 8 workers of 8 for evacuation
[2022-05-03T00:52:18.391+0000][1449.305s] GC(350)   Pre Evacuate Collection Set: 0.0ms
[2022-05-03T00:52:18.391+0000][1449.305s] GC(350)   Evacuate Collection Set: 2.7ms
[2022-05-03T00:52:18.392+0000][1449.306s] GC(350)   Post Evacuate Collection Set: 2.3ms
[2022-05-03T00:52:18.392+0000][1449.306s] GC(350)   Other: 0.8ms
[2022-05-03T00:52:18.392+0000][1449.306s] GC(350) Eden regions: 291->0(291)
[2022-05-03T00:52:18.393+0000][1449.307s] GC(350) Survivor regions: 16->16(39)
[2022-05-03T00:52:18.393+0000][1449.307s] GC(350) Old regions: 57->57
[2022-05-03T00:52:18.393+0000][1449.307s] GC(350) Humongous regions: 7->7
[2022-05-03T00:52:18.394+0000][1449.308s] GC(350) Metaspace: 57690K->57690K(1101824K)
[2022-05-03T00:52:18.394+0000][1449.308s] GC(350) Pause Young (Normal) (G1 Evacuation Pause) 369M->78M(512M) 9.019ms
[2022-05-03T00:52:18.394+0000][1449.309s] GC(350) User=0.03s Sys=0.01s Real=0.01s
[2022-05-03T00:52:20.770+0000][1451.684s] GC(351) Pause Young (Normal) (G1 Evacuation Pause)
[2022-05-03T00:52:20.771+0000][1451.685s] GC(351) Using 8 workers of 8 for evacuation
[2022-05-03T00:52:20.776+0000][1451.690s] GC(351)   Pre Evacuate Collection Set: 0.0ms
[2022-05-03T00:52:20.777+0000][1451.691s] GC(351)   Evacuate Collection Set: 2.6ms
[2022-05-03T00:52:20.777+0000][1451.691s] GC(351)   Post Evacuate Collection Set: 2.5ms
[2022-05-03T00:52:20.778+0000][1451.692s] GC(351)   Other: 0.9ms
[2022-05-03T00:52:20.778+0000][1451.692s] GC(351) Eden regions: 291->0(290)
[2022-05-03T00:52:20.778+0000][1451.692s] GC(351) Survivor regions: 16->17(39)
[2022-05-03T00:52:20.778+0000][1451.693s] GC(351) Old regions: 57->57
[2022-05-03T00:52:20.779+0000][1451.693s] GC(351) Humongous regions: 7->7
[2022-05-03T00:52:20.779+0000][1451.693s] GC(351) Metaspace: 57690K->57690K(1101824K)
[2022-05-03T00:52:20.779+0000][1451.693s] GC(351) Pause Young (Normal) (G1 Evacuation Pause) 369M->78M(512M) 8.941ms
[2022-05-03T00:52:20.779+0000][1451.694s] GC(351) User=0.03s Sys=0.01s Real=0.01s
[2022-05-03T00:52:23.077+0000][1453.992s] GC(352) Pause Young (Normal) (G1 Evacuation Pause)
[2022-05-03T00:52:23.078+0000][1453.992s] GC(352) Using 8 workers of 8 for evacuation
[2022-05-03T00:52:23.083+0000][1453.997s] GC(352)   Pre Evacuate Collection Set: 0.0ms
[2022-05-03T00:52:23.083+0000][1453.998s] GC(352)   Evacuate Collection Set: 2.2ms
[2022-05-03T00:52:23.084+0000][1453.998s] GC(352)   Post Evacuate Collection Set: 2.6ms
[2022-05-03T00:52:23.084+0000][1453.998s] GC(352)   Other: 0.8ms
[2022-05-03T00:52:23.085+0000][1453.999s] GC(352) Eden regions: 290->0(291)
[2022-05-03T00:52:23.085+0000][1453.999s] GC(352) Survivor regions: 17->16(39)
[2022-05-03T00:52:23.085+0000][1453.999s] GC(352) Old regions: 57->57
[2022-05-03T00:52:23.086+0000][1454.000s] GC(352) Humongous regions: 7->7
[2022-05-03T00:52:23.086+0000][1454.000s] GC(352) Metaspace: 57690K->57690K(1101824K)
[2022-05-03T00:52:23.086+0000][1454.000s] GC(352) Pause Young (Normal) (G1 Evacuation Pause) 368M->77M(512M) 8.698ms
[2022-05-03T00:52:23.086+0000][1454.001s] GC(352) User=0.03s Sys=0.00s Real=0.01s
[2022-05-03T00:52:25.384+0000][1456.298s] GC(353) Pause Young (Normal) (G1 Evacuation Pause)
[2022-05-03T00:52:25.384+0000][1456.298s] GC(353) Using 8 workers of 8 for evacuation
[2022-05-03T00:52:25.390+0000][1456.304s] GC(353)   Pre Evacuate Collection Set: 0.0ms
[2022-05-03T00:52:25.390+0000][1456.305s] GC(353)   Evacuate Collection Set: 2.9ms
[2022-05-03T00:52:25.391+0000][1456.305s] GC(353)   Post Evacuate Collection Set: 2.5ms
[2022-05-03T00:52:25.391+0000][1456.305s] GC(353)   Other: 0.8ms
[2022-05-03T00:52:25.392+0000][1456.306s] GC(353) Eden regions: 291->0(290)
[2022-05-03T00:52:25.392+0000][1456.306s] GC(353) Survivor regions: 16->17(39)
[2022-05-03T00:52:25.393+0000][1456.307s] GC(353) Old regions: 57->57
[2022-05-03T00:52:25.393+0000][1456.307s] GC(353) Humongous regions: 7->7
[2022-05-03T00:52:25.393+0000][1456.307s] GC(353) Metaspace: 57690K->57690K(1101824K)
[2022-05-03T00:52:25.393+0000][1456.307s] GC(353) Pause Young (Normal) (G1 Evacuation Pause) 368M->79M(512M) 9.604ms
[2022-05-03T00:52:25.394+0000][1456.308s] GC(353) User=0.04s Sys=0.00s Real=0.01s
[2022-05-03T00:52:27.720+0000][1458.634s] GC(354) Pause Young (Normal) (G1 Evacuation Pause)
[2022-05-03T00:52:27.721+0000][1458.635s] GC(354) Using 8 workers of 8 for evacuation
[2022-05-03T00:52:27.727+0000][1458.641s] GC(354)   Pre Evacuate Collection Set: 0.0ms
[2022-05-03T00:52:27.727+0000][1458.642s] GC(354)   Evacuate Collection Set: 3.1ms
[2022-05-03T00:52:27.728+0000][1458.642s] GC(354)   Post Evacuate Collection Set: 2.7ms
[2022-05-03T00:52:27.728+0000][1458.643s] GC(354)   Other: 1.0ms
[2022-05-03T00:52:27.729+0000][1458.643s] GC(354) Eden regions: 290->0(290)
[2022-05-03T00:52:27.729+0000][1458.643s] GC(354) Survivor regions: 17->17(39)
[2022-05-03T00:52:27.730+0000][1458.644s] GC(354) Old regions: 57->57
[2022-05-03T00:52:27.730+0000][1458.644s] GC(354) Humongous regions: 7->7
[2022-05-03T00:52:27.730+0000][1458.645s] GC(354) Metaspace: 57690K->57690K(1101824K)
[2022-05-03T00:52:27.731+0000][1458.645s] GC(354) Pause Young (Normal) (G1 Evacuation Pause) 369M->79M(512M) 10.671ms
[2022-05-03T00:52:27.731+0000][1458.645s] GC(354) User=0.04s Sys=0.00s Real=0.01s
[2022-05-03T00:52:30.032+0000][1460.946s] GC(355) Pause Young (Normal) (G1 Evacuation Pause)
[2022-05-03T00:52:30.032+0000][1460.946s] GC(355) Using 8 workers of 8 for evacuation
[2022-05-03T00:52:30.038+0000][1460.952s] GC(355)   Pre Evacuate Collection Set: 0.0ms
[2022-05-03T00:52:30.039+0000][1460.953s] GC(355)   Evacuate Collection Set: 3.0ms
[2022-05-03T00:52:30.039+0000][1460.953s] GC(355)   Post Evacuate Collection Set: 2.6ms
[2022-05-03T00:52:30.039+0000][1460.953s] GC(355)   Other: 0.8ms
[2022-05-03T00:52:30.040+0000][1460.954s] GC(355) Eden regions: 290->0(289)
[2022-05-03T00:52:30.040+0000][1460.954s] GC(355) Survivor regions: 17->18(39)
[2022-05-03T00:52:30.040+0000][1460.954s] GC(355) Old regions: 57->57
[2022-05-03T00:52:30.040+0000][1460.955s] GC(355) Humongous regions: 7->7
[2022-05-03T00:52:30.041+0000][1460.955s] GC(355) Metaspace: 57690K->57690K(1101824K)
[2022-05-03T00:52:30.041+0000][1460.955s] GC(355) Pause Young (Normal) (G1 Evacuation Pause) 369M->79M(512M) 9.340ms
[2022-05-03T00:52:30.041+0000][1460.955s] GC(355) User=0.04s Sys=0.00s Real=0.01s
[2022-05-03T00:52:32.351+0000][1463.265s] GC(356) Pause Young (Normal) (G1 Evacuation Pause)
[2022-05-03T00:52:32.352+0000][1463.266s] GC(356) Using 8 workers of 8 for evacuation
[2022-05-03T00:52:32.358+0000][1463.272s] GC(356)   Pre Evacuate Collection Set: 0.0ms
[2022-05-03T00:52:32.359+0000][1463.273s] GC(356)   Evacuate Collection Set: 3.5ms
[2022-05-03T00:52:32.359+0000][1463.273s] GC(356)   Post Evacuate Collection Set: 2.7ms
[2022-05-03T00:52:32.360+0000][1463.274s] GC(356)   Other: 1.1ms
[2022-05-03T00:52:32.360+0000][1463.274s] GC(356) Eden regions: 289->0(289)
[2022-05-03T00:52:32.361+0000][1463.275s] GC(356) Survivor regions: 18->18(39)
[2022-05-03T00:52:32.361+0000][1463.275s] GC(356) Old regions: 57->57
[2022-05-03T00:52:32.361+0000][1463.276s] GC(356) Humongous regions: 7->7
[2022-05-03T00:52:32.362+0000][1463.276s] GC(356) Metaspace: 57690K->57690K(1101824K)
[2022-05-03T00:52:32.362+0000][1463.277s] GC(356) Pause Young (Normal) (G1 Evacuation Pause) 368M->79M(512M) 11.418ms
[2022-05-03T00:52:32.363+0000][1463.277s] GC(356) User=0.04s Sys=0.00s Real=0.01s
[2022-05-03T00:52:34.556+0000][1465.470s] GC(357) Pause Young (Normal) (G1 Evacuation Pause)
[2022-05-03T00:52:34.556+0000][1465.471s] GC(357) Using 8 workers of 8 for evacuation
[2022-05-03T00:52:34.563+0000][1465.477s] GC(357)   Pre Evacuate Collection Set: 0.0ms
[2022-05-03T00:52:34.563+0000][1465.477s] GC(357)   Evacuate Collection Set: 3.1ms
[2022-05-03T00:52:34.564+0000][1465.478s] GC(357)   Post Evacuate Collection Set: 2.6ms
[2022-05-03T00:52:34.564+0000][1465.478s] GC(357)   Other: 0.9ms
[2022-05-03T00:52:34.564+0000][1465.478s] GC(357) Eden regions: 289->0(289)
[2022-05-03T00:52:34.565+0000][1465.479s] GC(357) Survivor regions: 18->18(39)
[2022-05-03T00:52:34.565+0000][1465.479s] GC(357) Old regions: 57->57
[2022-05-03T00:52:34.565+0000][1465.480s] GC(357) Humongous regions: 7->7
[2022-05-03T00:52:34.566+0000][1465.480s] GC(357) Metaspace: 57690K->57690K(1101824K)
[2022-05-03T00:52:34.566+0000][1465.480s] GC(357) Pause Young (Normal) (G1 Evacuation Pause) 368M->80M(512M) 10.075ms
[2022-05-03T00:52:34.566+0000][1465.481s] GC(357) User=0.03s Sys=0.00s Real=0.01s
[2022-05-03T00:52:36.925+0000][1467.839s] GC(358) Pause Young (Normal) (G1 Evacuation Pause)
[2022-05-03T00:52:36.926+0000][1467.840s] GC(358) Using 8 workers of 8 for evacuation
[2022-05-03T00:52:36.932+0000][1467.846s] GC(358)   Pre Evacuate Collection Set: 0.0ms
[2022-05-03T00:52:36.932+0000][1467.847s] GC(358)   Evacuate Collection Set: 2.8ms
[2022-05-03T00:52:36.933+0000][1467.847s] GC(358)   Post Evacuate Collection Set: 2.8ms
[2022-05-03T00:52:36.933+0000][1467.847s] GC(358)   Other: 1.1ms
[2022-05-03T00:52:36.934+0000][1467.848s] GC(358) Eden regions: 289->0(290)
[2022-05-03T00:52:36.934+0000][1467.848s] GC(358) Survivor regions: 18->17(39)
[2022-05-03T00:52:36.934+0000][1467.849s] GC(358) Old regions: 57->58
[2022-05-03T00:52:36.935+0000][1467.849s] GC(358) Humongous regions: 7->7
[2022-05-03T00:52:36.935+0000][1467.849s] GC(358) Metaspace: 57690K->57690K(1101824K)
[2022-05-03T00:52:36.936+0000][1467.850s] GC(358) Pause Young (Normal) (G1 Evacuation Pause) 369M->79M(512M) 10.594ms
[2022-05-03T00:52:36.936+0000][1467.850s] GC(358) User=0.04s Sys=0.00s Real=0.01s
[2022-05-03T00:52:39.215+0000][1470.129s] GC(359) Pause Young (Normal) (G1 Evacuation Pause)
[2022-05-03T00:52:39.216+0000][1470.130s] GC(359) Using 8 workers of 8 for evacuation
[2022-05-03T00:52:39.231+0000][1470.145s] GC(359)   Pre Evacuate Collection Set: 0.0ms
[2022-05-03T00:52:39.231+0000][1470.146s] GC(359)   Evacuate Collection Set: 6.9ms
[2022-05-03T00:52:39.232+0000][1470.146s] GC(359)   Post Evacuate Collection Set: 8.2ms
[2022-05-03T00:52:39.232+0000][1470.146s] GC(359)   Other: 0.6ms
[2022-05-03T00:52:39.232+0000][1470.146s] GC(359) Eden regions: 290->0(291)
[2022-05-03T00:52:39.232+0000][1470.146s] GC(359) Survivor regions: 17->16(39)
[2022-05-03T00:52:39.232+0000][1470.147s] GC(359) Old regions: 58->58
[2022-05-03T00:52:39.233+0000][1470.147s] GC(359) Humongous regions: 7->7
[2022-05-03T00:52:39.233+0000][1470.147s] GC(359) Metaspace: 57690K->57690K(1101824K)
[2022-05-03T00:52:39.233+0000][1470.147s] GC(359) Pause Young (Normal) (G1 Evacuation Pause) 369M->78M(512M) 17.570ms
[2022-05-03T00:52:39.233+0000][1470.147s] GC(359) User=0.11s Sys=0.00s Real=0.01s
[2022-05-03T00:52:41.564+0000][1472.478s] GC(360) Pause Young (Normal) (G1 Evacuation Pause)
[2022-05-03T00:52:41.565+0000][1472.479s] GC(360) Using 8 workers of 8 for evacuation
[2022-05-03T00:52:41.570+0000][1472.484s] GC(360)   Pre Evacuate Collection Set: 0.0ms
[2022-05-03T00:52:41.571+0000][1472.485s] GC(360)   Evacuate Collection Set: 2.3ms
[2022-05-03T00:52:41.571+0000][1472.485s] GC(360)   Post Evacuate Collection Set: 2.7ms
[2022-05-03T00:52:41.572+0000][1472.486s] GC(360)   Other: 1.0ms
[2022-05-03T00:52:41.572+0000][1472.486s] GC(360) Eden regions: 291->0(291)
[2022-05-03T00:52:41.572+0000][1472.487s] GC(360) Survivor regions: 16->16(39)
[2022-05-03T00:52:41.573+0000][1472.487s] GC(360) Old regions: 58->58
[2022-05-03T00:52:41.573+0000][1472.487s] GC(360) Humongous regions: 7->7
[2022-05-03T00:52:41.574+0000][1472.488s] GC(360) Metaspace: 57690K->57690K(1101824K)
[2022-05-03T00:52:41.574+0000][1472.488s] GC(360) Pause Young (Normal) (G1 Evacuation Pause) 369M->78M(512M) 9.726ms
[2022-05-03T00:52:41.574+0000][1472.488s] GC(360) User=0.03s Sys=0.01s Real=0.01s
[2022-05-03T00:52:43.884+0000][1474.798s] GC(361) Pause Young (Normal) (G1 Evacuation Pause)
[2022-05-03T00:52:43.884+0000][1474.798s] GC(361) Using 8 workers of 8 for evacuation
[2022-05-03T00:52:43.890+0000][1474.804s] GC(361)   Pre Evacuate Collection Set: 0.0ms
[2022-05-03T00:52:43.890+0000][1474.804s] GC(361)   Evacuate Collection Set: 2.4ms
[2022-05-03T00:52:43.891+0000][1474.805s] GC(361)   Post Evacuate Collection Set: 2.5ms
[2022-05-03T00:52:43.891+0000][1474.805s] GC(361)   Other: 0.8ms
[2022-05-03T00:52:43.891+0000][1474.805s] GC(361) Eden regions: 291->0(292)
[2022-05-03T00:52:43.892+0000][1474.806s] GC(361) Survivor regions: 16->15(39)
[2022-05-03T00:52:43.892+0000][1474.806s] GC(361) Old regions: 58->58
[2022-05-03T00:52:43.892+0000][1474.806s] GC(361) Humongous regions: 7->7
[2022-05-03T00:52:43.892+0000][1474.807s] GC(361) Metaspace: 57690K->57690K(1101824K)
[2022-05-03T00:52:43.893+0000][1474.807s] GC(361) Pause Young (Normal) (G1 Evacuation Pause) 369M->77M(512M) 8.738ms
[2022-05-03T00:52:43.893+0000][1474.807s] GC(361) User=0.03s Sys=0.00s Real=0.01s
[2022-05-03T00:52:46.089+0000][1477.003s] GC(362) Pause Young (Normal) (G1 Evacuation Pause)
[2022-05-03T00:52:46.089+0000][1477.003s] GC(362) Using 8 workers of 8 for evacuation
[2022-05-03T00:52:46.101+0000][1477.015s] GC(362)   Pre Evacuate Collection Set: 0.0ms
[2022-05-03T00:52:46.101+0000][1477.016s] GC(362)   Evacuate Collection Set: 9.1ms
[2022-05-03T00:52:46.102+0000][1477.016s] GC(362)   Post Evacuate Collection Set: 2.4ms
[2022-05-03T00:52:46.102+0000][1477.016s] GC(362)   Other: 0.5ms
[2022-05-03T00:52:46.103+0000][1477.017s] GC(362) Eden regions: 292->0(290)
[2022-05-03T00:52:46.103+0000][1477.017s] GC(362) Survivor regions: 15->17(39)
[2022-05-03T00:52:46.103+0000][1477.018s] GC(362) Old regions: 58->58
[2022-05-03T00:52:46.104+0000][1477.018s] GC(362) Humongous regions: 7->7
[2022-05-03T00:52:46.104+0000][1477.018s] GC(362) Metaspace: 57690K->57690K(1101824K)
[2022-05-03T00:52:46.104+0000][1477.018s] GC(362) Pause Young (Normal) (G1 Evacuation Pause) 369M->79M(512M) 15.268ms
[2022-05-03T00:52:46.105+0000][1477.019s] GC(362) User=0.08s Sys=0.01s Real=0.02s
[2022-05-03T00:52:48.405+0000][1479.319s] GC(363) Pause Young (Normal) (G1 Evacuation Pause)
[2022-05-03T00:52:48.405+0000][1479.319s] GC(363) Using 8 workers of 8 for evacuation
[2022-05-03T00:52:48.412+0000][1479.326s] GC(363)   Pre Evacuate Collection Set: 0.0ms
[2022-05-03T00:52:48.412+0000][1479.326s] GC(363)   Evacuate Collection Set: 3.7ms
[2022-05-03T00:52:48.412+0000][1479.327s] GC(363)   Post Evacuate Collection Set: 2.4ms
[2022-05-03T00:52:48.413+0000][1479.327s] GC(363)   Other: 1.0ms
[2022-05-03T00:52:48.413+0000][1479.327s] GC(363) Eden regions: 290->0(287)
[2022-05-03T00:52:48.414+0000][1479.328s] GC(363) Survivor regions: 17->20(39)
[2022-05-03T00:52:48.414+0000][1479.328s] GC(363) Old regions: 58->58
[2022-05-03T00:52:48.414+0000][1479.328s] GC(363) Humongous regions: 7->7
[2022-05-03T00:52:48.415+0000][1479.329s] GC(363) Metaspace: 57690K->57690K(1101824K)
[2022-05-03T00:52:48.415+0000][1479.329s] GC(363) Pause Young (Normal) (G1 Evacuation Pause) 369M->82M(512M) 10.336ms
[2022-05-03T00:52:48.415+0000][1479.329s] GC(363) User=0.04s Sys=0.01s Real=0.01s
[2022-05-03T00:52:50.770+0000][1481.684s] GC(364) Pause Young (Normal) (G1 Evacuation Pause)
[2022-05-03T00:52:50.770+0000][1481.684s] GC(364) Using 8 workers of 8 for evacuation
[2022-05-03T00:52:50.777+0000][1481.691s] GC(364)   Pre Evacuate Collection Set: 0.0ms
[2022-05-03T00:52:50.777+0000][1481.691s] GC(364)   Evacuate Collection Set: 3.3ms
[2022-05-03T00:52:50.778+0000][1481.692s] GC(364)   Post Evacuate Collection Set: 2.9ms
[2022-05-03T00:52:50.778+0000][1481.692s] GC(364)   Other: 0.8ms
[2022-05-03T00:52:50.778+0000][1481.692s] GC(364) Eden regions: 287->0(289)
[2022-05-03T00:52:50.779+0000][1481.693s] GC(364) Survivor regions: 20->18(39)
[2022-05-03T00:52:50.779+0000][1481.693s] GC(364) Old regions: 58->58
[2022-05-03T00:52:50.779+0000][1481.694s] GC(364) Humongous regions: 7->7
[2022-05-03T00:52:50.780+0000][1481.694s] GC(364) Metaspace: 57690K->57690K(1101824K)
[2022-05-03T00:52:50.780+0000][1481.694s] GC(364) Pause Young (Normal) (G1 Evacuation Pause) 369M->80M(512M) 10.429ms
[2022-05-03T00:52:50.780+0000][1481.695s] GC(364) User=0.04s Sys=0.00s Real=0.01s
[2022-05-03T00:52:52.797+0000][1483.711s] GC(365) Pause Young (Normal) (G1 Evacuation Pause)
[2022-05-03T00:52:52.798+0000][1483.712s] GC(365) Using 8 workers of 8 for evacuation
[2022-05-03T00:52:52.818+0000][1483.732s] GC(365)   Pre Evacuate Collection Set: 0.0ms
[2022-05-03T00:52:52.819+0000][1483.733s] GC(365)   Evacuate Collection Set: 12.5ms
[2022-05-03T00:52:52.819+0000][1483.733s] GC(365)   Post Evacuate Collection Set: 7.7ms
[2022-05-03T00:52:52.819+0000][1483.733s] GC(365)   Other: 0.7ms
[2022-05-03T00:52:52.819+0000][1483.733s] GC(365) Eden regions: 289->0(289)
[2022-05-03T00:52:52.819+0000][1483.733s] GC(365) Survivor regions: 18->18(39)
[2022-05-03T00:52:52.819+0000][1483.733s] GC(365) Old regions: 58->58
[2022-05-03T00:52:52.820+0000][1483.734s] GC(365) Humongous regions: 7->7
[2022-05-03T00:52:52.820+0000][1483.734s] GC(365) Metaspace: 57690K->57690K(1101824K)
[2022-05-03T00:52:52.820+0000][1483.734s] GC(365) Pause Young (Normal) (G1 Evacuation Pause) 369M->80M(512M) 22.505ms
[2022-05-03T00:52:52.820+0000][1483.734s] GC(365) User=0.15s Sys=0.00s Real=0.02s
[2022-05-03T00:52:55.023+0000][1485.937s] GC(366) Pause Young (Normal) (G1 Evacuation Pause)
[2022-05-03T00:52:55.023+0000][1485.937s] GC(366) Using 8 workers of 8 for evacuation
[2022-05-03T00:52:55.029+0000][1485.943s] GC(366)   Pre Evacuate Collection Set: 0.0ms
[2022-05-03T00:52:55.030+0000][1485.944s] GC(366)   Evacuate Collection Set: 2.7ms
[2022-05-03T00:52:55.030+0000][1485.944s] GC(366)   Post Evacuate Collection Set: 2.7ms
[2022-05-03T00:52:55.031+0000][1485.945s] GC(366)   Other: 0.9ms
[2022-05-03T00:52:55.031+0000][1485.945s] GC(366) Eden regions: 289->0(290)
[2022-05-03T00:52:55.032+0000][1485.946s] GC(366) Survivor regions: 18->17(39)
[2022-05-03T00:52:55.032+0000][1485.946s] GC(366) Old regions: 58->58
[2022-05-03T00:52:55.032+0000][1485.946s] GC(366) Humongous regions: 7->7
[2022-05-03T00:52:55.033+0000][1485.947s] GC(366) Metaspace: 57690K->57690K(1101824K)
[2022-05-03T00:52:55.033+0000][1485.947s] GC(366) Pause Young (Normal) (G1 Evacuation Pause) 369M->79M(512M) 9.970ms
[2022-05-03T00:52:55.033+0000][1485.947s] GC(366) User=0.03s Sys=0.00s Real=0.01s
[2022-05-03T00:52:57.089+0000][1488.004s] GC(367) Pause Young (Normal) (G1 Evacuation Pause)
[2022-05-03T00:52:57.090+0000][1488.004s] GC(367) Using 8 workers of 8 for evacuation
[2022-05-03T00:52:57.096+0000][1488.011s] GC(367)   Pre Evacuate Collection Set: 0.0ms
[2022-05-03T00:52:57.097+0000][1488.011s] GC(367)   Evacuate Collection Set: 3.5ms
[2022-05-03T00:52:57.097+0000][1488.011s] GC(367)   Post Evacuate Collection Set: 2.6ms
[2022-05-03T00:52:57.097+0000][1488.012s] GC(367)   Other: 0.9ms
[2022-05-03T00:52:57.098+0000][1488.012s] GC(367) Eden regions: 290->0(290)
[2022-05-03T00:52:57.098+0000][1488.012s] GC(367) Survivor regions: 17->17(39)
[2022-05-03T00:52:57.098+0000][1488.013s] GC(367) Old regions: 58->58
[2022-05-03T00:52:57.099+0000][1488.013s] GC(367) Humongous regions: 7->7
[2022-05-03T00:52:57.099+0000][1488.013s] GC(367) Metaspace: 57690K->57690K(1101824K)
[2022-05-03T00:52:57.099+0000][1488.014s] GC(367) Pause Young (Normal) (G1 Evacuation Pause) 369M->79M(512M) 10.039ms
[2022-05-03T00:52:57.100+0000][1488.014s] GC(367) User=0.03s Sys=0.01s Real=0.01s
[2022-05-03T00:52:59.353+0000][1490.267s] GC(368) Pause Young (Normal) (G1 Evacuation Pause)
[2022-05-03T00:52:59.354+0000][1490.268s] GC(368) Using 8 workers of 8 for evacuation
[2022-05-03T00:52:59.359+0000][1490.273s] GC(368)   Pre Evacuate Collection Set: 0.0ms
[2022-05-03T00:52:59.359+0000][1490.273s] GC(368)   Evacuate Collection Set: 2.3ms
[2022-05-03T00:52:59.359+0000][1490.274s] GC(368)   Post Evacuate Collection Set: 2.5ms
[2022-05-03T00:52:59.360+0000][1490.274s] GC(368)   Other: 0.7ms
[2022-05-03T00:52:59.360+0000][1490.274s] GC(368) Eden regions: 290->0(291)
[2022-05-03T00:52:59.360+0000][1490.274s] GC(368) Survivor regions: 17->16(39)
[2022-05-03T00:52:59.360+0000][1490.275s] GC(368) Old regions: 58->58
[2022-05-03T00:52:59.361+0000][1490.275s] GC(368) Humongous regions: 7->7
[2022-05-03T00:52:59.361+0000][1490.275s] GC(368) Metaspace: 57690K->57690K(1101824K)
[2022-05-03T00:52:59.361+0000][1490.275s] GC(368) Pause Young (Normal) (G1 Evacuation Pause) 369M->78M(512M) 7.852ms
[2022-05-03T00:52:59.361+0000][1490.275s] GC(368) User=0.04s Sys=0.00s Real=0.01s
[2022-05-03T00:53:01.708+0000][1492.622s] GC(369) Pause Young (Normal) (G1 Evacuation Pause)
[2022-05-03T00:53:01.708+0000][1492.622s] GC(369) Using 8 workers of 8 for evacuation
[2022-05-03T00:53:01.714+0000][1492.628s] GC(369)   Pre Evacuate Collection Set: 0.0ms
[2022-05-03T00:53:01.714+0000][1492.629s] GC(369)   Evacuate Collection Set: 3.1ms
[2022-05-03T00:53:01.715+0000][1492.629s] GC(369)   Post Evacuate Collection Set: 2.5ms
[2022-05-03T00:53:01.715+0000][1492.629s] GC(369)   Other: 0.9ms
[2022-05-03T00:53:01.716+0000][1492.630s] GC(369) Eden regions: 291->0(289)
[2022-05-03T00:53:01.716+0000][1492.630s] GC(369) Survivor regions: 16->18(39)
[2022-05-03T00:53:01.716+0000][1492.630s] GC(369) Old regions: 58->58
[2022-05-03T00:53:01.717+0000][1492.631s] GC(369) Humongous regions: 7->7
[2022-05-03T00:53:01.717+0000][1492.631s] GC(369) Metaspace: 57690K->57690K(1101824K)
[2022-05-03T00:53:01.717+0000][1492.631s] GC(369) Pause Young (Normal) (G1 Evacuation Pause) 369M->80M(512M) 9.647ms
[2022-05-03T00:53:01.717+0000][1492.632s] GC(369) User=0.04s Sys=0.00s Real=0.01s
[2022-05-03T00:53:04.061+0000][1494.975s] GC(370) Pause Young (Normal) (G1 Evacuation Pause)
[2022-05-03T00:53:04.062+0000][1494.976s] GC(370) Using 8 workers of 8 for evacuation
[2022-05-03T00:53:04.076+0000][1494.990s] GC(370)   Pre Evacuate Collection Set: 0.0ms
[2022-05-03T00:53:04.076+0000][1494.991s] GC(370)   Evacuate Collection Set: 7.4ms
[2022-05-03T00:53:04.077+0000][1494.991s] GC(370)   Post Evacuate Collection Set: 6.8ms
[2022-05-03T00:53:04.077+0000][1494.991s] GC(370)   Other: 0.7ms
[2022-05-03T00:53:04.077+0000][1494.991s] GC(370) Eden regions: 289->0(290)
[2022-05-03T00:53:04.077+0000][1494.991s] GC(370) Survivor regions: 18->17(39)
[2022-05-03T00:53:04.077+0000][1494.992s] GC(370) Old regions: 58->58
[2022-05-03T00:53:04.078+0000][1494.992s] GC(370) Humongous regions: 7->7
[2022-05-03T00:53:04.078+0000][1494.992s] GC(370) Metaspace: 57690K->57690K(1101824K)
[2022-05-03T00:53:04.078+0000][1494.992s] GC(370) Pause Young (Normal) (G1 Evacuation Pause) 369M->79M(512M) 16.669ms
[2022-05-03T00:53:04.078+0000][1494.992s] GC(370) User=0.09s Sys=0.00s Real=0.02s
[2022-05-03T00:53:06.294+0000][1497.208s] GC(371) Pause Young (Normal) (G1 Evacuation Pause)
[2022-05-03T00:53:06.294+0000][1497.208s] GC(371) Using 8 workers of 8 for evacuation
[2022-05-03T00:53:06.304+0000][1497.218s] GC(371)   Pre Evacuate Collection Set: 0.0ms
[2022-05-03T00:53:06.304+0000][1497.218s] GC(371)   Evacuate Collection Set: 2.6ms
[2022-05-03T00:53:06.304+0000][1497.218s] GC(371)   Post Evacuate Collection Set: 6.4ms
[2022-05-03T00:53:06.305+0000][1497.219s] GC(371)   Other: 0.8ms
[2022-05-03T00:53:06.305+0000][1497.219s] GC(371) Eden regions: 290->0(290)
[2022-05-03T00:53:06.305+0000][1497.219s] GC(371) Survivor regions: 17->17(39)
[2022-05-03T00:53:06.306+0000][1497.220s] GC(371) Old regions: 58->58
[2022-05-03T00:53:06.306+0000][1497.220s] GC(371) Humongous regions: 7->7
[2022-05-03T00:53:06.306+0000][1497.220s] GC(371) Metaspace: 57690K->57690K(1101824K)
[2022-05-03T00:53:06.307+0000][1497.221s] GC(371) Pause Young (Normal) (G1 Evacuation Pause) 369M->79M(512M) 12.893ms
[2022-05-03T00:53:06.307+0000][1497.221s] GC(371) User=0.05s Sys=0.01s Real=0.02s
[2022-05-03T00:53:08.525+0000][1499.439s] GC(372) Pause Young (Normal) (G1 Evacuation Pause)
[2022-05-03T00:53:08.525+0000][1499.439s] GC(372) Using 8 workers of 8 for evacuation
[2022-05-03T00:53:08.531+0000][1499.445s] GC(372)   Pre Evacuate Collection Set: 0.0ms
[2022-05-03T00:53:08.532+0000][1499.446s] GC(372)   Evacuate Collection Set: 3.1ms
[2022-05-03T00:53:08.532+0000][1499.446s] GC(372)   Post Evacuate Collection Set: 2.5ms
[2022-05-03T00:53:08.533+0000][1499.447s] GC(372)   Other: 0.9ms
[2022-05-03T00:53:08.533+0000][1499.447s] GC(372) Eden regions: 290->0(290)
[2022-05-03T00:53:08.533+0000][1499.448s] GC(372) Survivor regions: 17->17(39)
[2022-05-03T00:53:08.534+0000][1499.448s] GC(372) Old regions: 58->58
[2022-05-03T00:53:08.534+0000][1499.448s] GC(372) Humongous regions: 7->7
[2022-05-03T00:53:08.534+0000][1499.448s] GC(372) Metaspace: 57690K->57690K(1101824K)
[2022-05-03T00:53:08.535+0000][1499.449s] GC(372) Pause Young (Normal) (G1 Evacuation Pause) 369M->80M(512M) 9.799ms
[2022-05-03T00:53:08.535+0000][1499.449s] GC(372) User=0.03s Sys=0.02s Real=0.01s
[2022-05-03T00:53:10.804+0000][1501.718s] GC(373) Pause Young (Normal) (G1 Evacuation Pause)
[2022-05-03T00:53:10.804+0000][1501.718s] GC(373) Using 8 workers of 8 for evacuation
[2022-05-03T00:53:10.811+0000][1501.725s] GC(373)   Pre Evacuate Collection Set: 0.0ms
[2022-05-03T00:53:10.812+0000][1501.726s] GC(373)   Evacuate Collection Set: 3.7ms
[2022-05-03T00:53:10.812+0000][1501.726s] GC(373)   Post Evacuate Collection Set: 2.9ms
[2022-05-03T00:53:10.812+0000][1501.726s] GC(373)   Other: 0.8ms
[2022-05-03T00:53:10.813+0000][1501.727s] GC(373) Eden regions: 290->0(290)
[2022-05-03T00:53:10.813+0000][1501.727s] GC(373) Survivor regions: 17->17(39)
[2022-05-03T00:53:10.813+0000][1501.727s] GC(373) Old regions: 58->58
[2022-05-03T00:53:10.813+0000][1501.727s] GC(373) Humongous regions: 7->7
[2022-05-03T00:53:10.813+0000][1501.727s] GC(373) Metaspace: 57690K->57690K(1101824K)
[2022-05-03T00:53:10.813+0000][1501.728s] GC(373) Pause Young (Normal) (G1 Evacuation Pause) 370M->80M(512M) 9.656ms
[2022-05-03T00:53:10.814+0000][1501.728s] GC(373) User=0.05s Sys=0.00s Real=0.01s
[2022-05-03T00:53:13.062+0000][1503.976s] GC(374) Pause Young (Normal) (G1 Evacuation Pause)
[2022-05-03T00:53:13.062+0000][1503.977s] GC(374) Using 8 workers of 8 for evacuation
[2022-05-03T00:53:13.068+0000][1503.982s] GC(374)   Pre Evacuate Collection Set: 0.0ms
[2022-05-03T00:53:13.069+0000][1503.983s] GC(374)   Evacuate Collection Set: 2.7ms
[2022-05-03T00:53:13.069+0000][1503.983s] GC(374)   Post Evacuate Collection Set: 2.5ms
[2022-05-03T00:53:13.069+0000][1503.983s] GC(374)   Other: 0.8ms
[2022-05-03T00:53:13.070+0000][1503.984s] GC(374) Eden regions: 290->0(291)
[2022-05-03T00:53:13.070+0000][1503.984s] GC(374) Survivor regions: 17->16(39)
[2022-05-03T00:53:13.070+0000][1503.984s] GC(374) Old regions: 58->58
[2022-05-03T00:53:13.070+0000][1503.985s] GC(374) Humongous regions: 7->7
[2022-05-03T00:53:13.071+0000][1503.985s] GC(374) Metaspace: 57690K->57690K(1101824K)
[2022-05-03T00:53:13.071+0000][1503.985s] GC(374) Pause Young (Normal) (G1 Evacuation Pause) 370M->79M(512M) 8.697ms
[2022-05-03T00:53:13.071+0000][1503.985s] GC(374) User=0.03s Sys=0.00s Real=0.01s
[2022-05-03T00:53:15.376+0000][1506.290s] GC(375) Pause Young (Normal) (G1 Evacuation Pause)
[2022-05-03T00:53:15.377+0000][1506.291s] GC(375) Using 8 workers of 8 for evacuation
[2022-05-03T00:53:15.382+0000][1506.297s] GC(375)   Pre Evacuate Collection Set: 0.0ms
[2022-05-03T00:53:15.383+0000][1506.297s] GC(375)   Evacuate Collection Set: 2.6ms
[2022-05-03T00:53:15.383+0000][1506.298s] GC(375)   Post Evacuate Collection Set: 2.8ms
[2022-05-03T00:53:15.384+0000][1506.298s] GC(375)   Other: 1.0ms
[2022-05-03T00:53:15.384+0000][1506.298s] GC(375) Eden regions: 291->0(291)
[2022-05-03T00:53:15.385+0000][1506.299s] GC(375) Survivor regions: 16->16(39)
[2022-05-03T00:53:15.385+0000][1506.299s] GC(375) Old regions: 58->58
[2022-05-03T00:53:15.386+0000][1506.300s] GC(375) Humongous regions: 7->7
[2022-05-03T00:53:15.386+0000][1506.300s] GC(375) Metaspace: 57690K->57690K(1101824K)
[2022-05-03T00:53:15.386+0000][1506.301s] GC(375) Pause Young (Normal) (G1 Evacuation Pause) 370M->79M(512M) 10.413ms
[2022-05-03T00:53:15.387+0000][1506.301s] GC(375) User=0.03s Sys=0.01s Real=0.01s
[2022-05-03T00:53:17.663+0000][1508.577s] GC(376) Pause Young (Normal) (G1 Evacuation Pause)
[2022-05-03T00:53:17.663+0000][1508.577s] GC(376) Using 8 workers of 8 for evacuation
[2022-05-03T00:53:17.669+0000][1508.584s] GC(376)   Pre Evacuate Collection Set: 0.0ms
[2022-05-03T00:53:17.670+0000][1508.584s] GC(376)   Evacuate Collection Set: 3.5ms
[2022-05-03T00:53:17.670+0000][1508.584s] GC(376)   Post Evacuate Collection Set: 2.6ms
[2022-05-03T00:53:17.670+0000][1508.584s] GC(376)   Other: 0.6ms
[2022-05-03T00:53:17.670+0000][1508.584s] GC(376) Eden regions: 291->0(291)
[2022-05-03T00:53:17.670+0000][1508.584s] GC(376) Survivor regions: 16->16(39)
[2022-05-03T00:53:17.670+0000][1508.584s] GC(376) Old regions: 58->58
[2022-05-03T00:53:17.671+0000][1508.585s] GC(376) Humongous regions: 7->7
[2022-05-03T00:53:17.671+0000][1508.585s] GC(376) Metaspace: 57690K->57690K(1101824K)
[2022-05-03T00:53:17.671+0000][1508.585s] GC(376) Pause Young (Normal) (G1 Evacuation Pause) 370M->79M(512M) 8.136ms
[2022-05-03T00:53:17.671+0000][1508.585s] GC(376) User=0.04s Sys=0.00s Real=0.01s
[2022-05-03T00:53:19.963+0000][1510.877s] GC(377) Pause Young (Normal) (G1 Evacuation Pause)
[2022-05-03T00:53:19.963+0000][1510.877s] GC(377) Using 8 workers of 8 for evacuation
[2022-05-03T00:53:19.968+0000][1510.883s] GC(377)   Pre Evacuate Collection Set: 0.0ms
[2022-05-03T00:53:19.969+0000][1510.883s] GC(377)   Evacuate Collection Set: 2.3ms
[2022-05-03T00:53:19.969+0000][1510.883s] GC(377)   Post Evacuate Collection Set: 2.4ms
[2022-05-03T00:53:19.970+0000][1510.884s] GC(377)   Other: 0.9ms
[2022-05-03T00:53:19.970+0000][1510.884s] GC(377) Eden regions: 291->0(292)
[2022-05-03T00:53:19.970+0000][1510.884s] GC(377) Survivor regions: 16->15(39)
[2022-05-03T00:53:19.971+0000][1510.885s] GC(377) Old regions: 58->58
[2022-05-03T00:53:19.971+0000][1510.885s] GC(377) Humongous regions: 7->7
[2022-05-03T00:53:19.971+0000][1510.885s] GC(377) Metaspace: 57690K->57690K(1101824K)
[2022-05-03T00:53:19.971+0000][1510.885s] GC(377) Pause Young (Normal) (G1 Evacuation Pause) 370M->78M(512M) 8.434ms
[2022-05-03T00:53:19.972+0000][1510.886s] GC(377) User=0.04s Sys=0.00s Real=0.01s
[2022-05-03T00:53:22.200+0000][1513.114s] GC(378) Pause Young (Normal) (G1 Evacuation Pause)
[2022-05-03T00:53:22.200+0000][1513.114s] GC(378) Using 8 workers of 8 for evacuation
[2022-05-03T00:53:22.206+0000][1513.120s] GC(378)   Pre Evacuate Collection Set: 0.0ms
[2022-05-03T00:53:22.206+0000][1513.120s] GC(378)   Evacuate Collection Set: 2.7ms
[2022-05-03T00:53:22.207+0000][1513.121s] GC(378)   Post Evacuate Collection Set: 2.5ms
[2022-05-03T00:53:22.207+0000][1513.121s] GC(378)   Other: 0.9ms
[2022-05-03T00:53:22.207+0000][1513.121s] GC(378) Eden regions: 292->0(291)
[2022-05-03T00:53:22.208+0000][1513.122s] GC(378) Survivor regions: 15->16(39)
[2022-05-03T00:53:22.208+0000][1513.122s] GC(378) Old regions: 58->58
[2022-05-03T00:53:22.208+0000][1513.122s] GC(378) Humongous regions: 7->7
[2022-05-03T00:53:22.209+0000][1513.123s] GC(378) Metaspace: 57690K->57690K(1101824K)
[2022-05-03T00:53:22.209+0000][1513.123s] GC(378) Pause Young (Normal) (G1 Evacuation Pause) 370M->79M(512M) 9.322ms
[2022-05-03T00:53:22.209+0000][1513.123s] GC(378) User=0.03s Sys=0.00s Real=0.01s
[2022-05-03T00:53:24.507+0000][1515.421s] GC(379) Pause Young (Normal) (G1 Evacuation Pause)
[2022-05-03T00:53:24.507+0000][1515.422s] GC(379) Using 8 workers of 8 for evacuation
[2022-05-03T00:53:24.519+0000][1515.433s] GC(379)   Pre Evacuate Collection Set: 0.0ms
[2022-05-03T00:53:24.519+0000][1515.433s] GC(379)   Evacuate Collection Set: 5.3ms
[2022-05-03T00:53:24.519+0000][1515.434s] GC(379)   Post Evacuate Collection Set: 5.2ms
[2022-05-03T00:53:24.520+0000][1515.434s] GC(379)   Other: 1.2ms
[2022-05-03T00:53:24.520+0000][1515.434s] GC(379) Eden regions: 291->0(294)
[2022-05-03T00:53:24.521+0000][1515.435s] GC(379) Survivor regions: 16->13(39)
[2022-05-03T00:53:24.521+0000][1515.435s] GC(379) Old regions: 58->58
[2022-05-03T00:53:24.522+0000][1515.436s] GC(379) Humongous regions: 7->7
[2022-05-03T00:53:24.522+0000][1515.436s] GC(379) Metaspace: 57690K->57690K(1101824K)
[2022-05-03T00:53:24.523+0000][1515.437s] GC(379) Pause Young (Normal) (G1 Evacuation Pause) 370M->76M(512M) 15.779ms
[2022-05-03T00:53:24.523+0000][1515.437s] GC(379) User=0.07s Sys=0.00s Real=0.01s
[2022-05-03T00:53:26.311+0000][1517.225s] GC(380) Pause Young (Normal) (G1 Evacuation Pause)
[2022-05-03T00:53:26.311+0000][1517.225s] GC(380) Using 8 workers of 8 for evacuation
[2022-05-03T00:53:26.317+0000][1517.232s] GC(380)   Pre Evacuate Collection Set: 0.0ms
[2022-05-03T00:53:26.318+0000][1517.232s] GC(380)   Evacuate Collection Set: 3.7ms
[2022-05-03T00:53:26.318+0000][1517.232s] GC(380)   Post Evacuate Collection Set: 2.4ms
[2022-05-03T00:53:26.319+0000][1517.233s] GC(380)   Other: 0.5ms
[2022-05-03T00:53:26.319+0000][1517.233s] GC(380) Eden regions: 294->0(290)
[2022-05-03T00:53:26.319+0000][1517.234s] GC(380) Survivor regions: 13->17(39)
[2022-05-03T00:53:26.320+0000][1517.234s] GC(380) Old regions: 58->59
[2022-05-03T00:53:26.320+0000][1517.234s] GC(380) Humongous regions: 7->7
[2022-05-03T00:53:26.320+0000][1517.234s] GC(380) Metaspace: 57690K->57690K(1101824K)
[2022-05-03T00:53:26.320+0000][1517.235s] GC(380) Pause Young (Normal) (G1 Evacuation Pause) 370M->80M(512M) 9.620ms
[2022-05-03T00:53:26.321+0000][1517.235s] GC(380) User=0.04s Sys=0.00s Real=0.01s
[2022-05-03T00:53:28.692+0000][1519.606s] GC(381) Pause Young (Normal) (G1 Evacuation Pause)
[2022-05-03T00:53:28.692+0000][1519.606s] GC(381) Using 8 workers of 8 for evacuation
[2022-05-03T00:53:28.699+0000][1519.613s] GC(381)   Pre Evacuate Collection Set: 0.0ms
[2022-05-03T00:53:28.699+0000][1519.613s] GC(381)   Evacuate Collection Set: 3.5ms
[2022-05-03T00:53:28.699+0000][1519.614s] GC(381)   Post Evacuate Collection Set: 2.6ms
[2022-05-03T00:53:28.700+0000][1519.614s] GC(381)   Other: 0.9ms
[2022-05-03T00:53:28.700+0000][1519.614s] GC(381) Eden regions: 290->0(288)
[2022-05-03T00:53:28.701+0000][1519.615s] GC(381) Survivor regions: 17->19(39)
[2022-05-03T00:53:28.701+0000][1519.615s] GC(381) Old regions: 59->59
[2022-05-03T00:53:28.701+0000][1519.615s] GC(381) Humongous regions: 7->7
[2022-05-03T00:53:28.701+0000][1519.616s] GC(381) Metaspace: 57690K->57690K(1101824K)
[2022-05-03T00:53:28.702+0000][1519.616s] GC(381) Pause Young (Normal) (G1 Evacuation Pause) 370M->81M(512M) 9.964ms
[2022-05-03T00:53:28.702+0000][1519.616s] GC(381) User=0.05s Sys=0.00s Real=0.01s
[2022-05-03T00:53:31.064+0000][1521.978s] GC(382) Pause Young (Normal) (G1 Evacuation Pause)
[2022-05-03T00:53:31.065+0000][1521.979s] GC(382) Using 8 workers of 8 for evacuation
[2022-05-03T00:53:31.075+0000][1521.989s] GC(382)   Pre Evacuate Collection Set: 0.0ms
[2022-05-03T00:53:31.076+0000][1521.990s] GC(382)   Evacuate Collection Set: 4.1ms
[2022-05-03T00:53:31.076+0000][1521.990s] GC(382)   Post Evacuate Collection Set: 6.3ms
[2022-05-03T00:53:31.076+0000][1521.990s] GC(382)   Other: 0.6ms
[2022-05-03T00:53:31.076+0000][1521.990s] GC(382) Eden regions: 288->0(288)
[2022-05-03T00:53:31.077+0000][1521.991s] GC(382) Survivor regions: 19->19(39)
[2022-05-03T00:53:31.077+0000][1521.991s] GC(382) Old regions: 59->59
[2022-05-03T00:53:31.077+0000][1521.991s] GC(382) Humongous regions: 7->7
[2022-05-03T00:53:31.077+0000][1521.991s] GC(382) Metaspace: 57690K->57690K(1101824K)
[2022-05-03T00:53:31.077+0000][1521.992s] GC(382) Pause Young (Normal) (G1 Evacuation Pause) 369M->82M(512M) 13.102ms
[2022-05-03T00:53:31.078+0000][1521.992s] GC(382) User=0.07s Sys=0.00s Real=0.01s
[2022-05-03T00:53:33.340+0000][1524.254s] GC(383) Pause Young (Normal) (G1 Evacuation Pause)
[2022-05-03T00:53:33.340+0000][1524.254s] GC(383) Using 8 workers of 8 for evacuation
[2022-05-03T00:53:33.346+0000][1524.260s] GC(383)   Pre Evacuate Collection Set: 0.0ms
[2022-05-03T00:53:33.346+0000][1524.260s] GC(383)   Evacuate Collection Set: 2.5ms
[2022-05-03T00:53:33.346+0000][1524.261s] GC(383)   Post Evacuate Collection Set: 2.4ms
[2022-05-03T00:53:33.347+0000][1524.261s] GC(383)   Other: 1.0ms
[2022-05-03T00:53:33.347+0000][1524.261s] GC(383) Eden regions: 288->0(290)
[2022-05-03T00:53:33.348+0000][1524.262s] GC(383) Survivor regions: 19->17(39)
[2022-05-03T00:53:33.348+0000][1524.262s] GC(383) Old regions: 59->59
[2022-05-03T00:53:33.348+0000][1524.262s] GC(383) Humongous regions: 7->7
[2022-05-03T00:53:33.349+0000][1524.263s] GC(383) Metaspace: 57690K->57690K(1101824K)
[2022-05-03T00:53:33.349+0000][1524.263s] GC(383) Pause Young (Normal) (G1 Evacuation Pause) 370M->80M(512M) 9.036ms
[2022-05-03T00:53:33.349+0000][1524.263s] GC(383) User=0.03s Sys=0.00s Real=0.01s
[2022-05-03T00:53:35.635+0000][1526.549s] GC(384) Pause Young (Normal) (G1 Evacuation Pause)
[2022-05-03T00:53:35.636+0000][1526.550s] GC(384) Using 8 workers of 8 for evacuation
[2022-05-03T00:53:35.658+0000][1526.572s] GC(384)   Pre Evacuate Collection Set: 0.0ms
[2022-05-03T00:53:35.658+0000][1526.572s] GC(384)   Evacuate Collection Set: 11.5ms
[2022-05-03T00:53:35.658+0000][1526.572s] GC(384)   Post Evacuate Collection Set: 10.0ms
[2022-05-03T00:53:35.658+0000][1526.572s] GC(384)   Other: 0.7ms
[2022-05-03T00:53:35.658+0000][1526.572s] GC(384) Eden regions: 290->0(292)
[2022-05-03T00:53:35.658+0000][1526.573s] GC(384) Survivor regions: 17->15(39)
[2022-05-03T00:53:35.659+0000][1526.573s] GC(384) Old regions: 59->59
[2022-05-03T00:53:35.659+0000][1526.573s] GC(384) Humongous regions: 7->7
[2022-05-03T00:53:35.659+0000][1526.573s] GC(384) Metaspace: 57690K->57690K(1101824K)
[2022-05-03T00:53:35.659+0000][1526.573s] GC(384) Pause Young (Normal) (G1 Evacuation Pause) 370M->78M(512M) 23.728ms
[2022-05-03T00:53:35.659+0000][1526.573s] GC(384) User=0.15s Sys=0.01s Real=0.02s
[2022-05-03T00:53:37.599+0000][1528.513s] GC(385) Pause Young (Normal) (G1 Evacuation Pause)
[2022-05-03T00:53:37.599+0000][1528.514s] GC(385) Using 8 workers of 8 for evacuation
[2022-05-03T00:53:37.605+0000][1528.519s] GC(385)   Pre Evacuate Collection Set: 0.0ms
[2022-05-03T00:53:37.606+0000][1528.520s] GC(385)   Evacuate Collection Set: 2.8ms
[2022-05-03T00:53:37.606+0000][1528.520s] GC(385)   Post Evacuate Collection Set: 2.4ms
[2022-05-03T00:53:37.606+0000][1528.521s] GC(385)   Other: 0.9ms
[2022-05-03T00:53:37.607+0000][1528.521s] GC(385) Eden regions: 292->0(289)
[2022-05-03T00:53:37.607+0000][1528.521s] GC(385) Survivor regions: 15->18(39)
[2022-05-03T00:53:37.607+0000][1528.522s] GC(385) Old regions: 59->59
[2022-05-03T00:53:37.608+0000][1528.522s] GC(385) Humongous regions: 7->7
[2022-05-03T00:53:37.608+0000][1528.522s] GC(385) Metaspace: 57690K->57690K(1101824K)
[2022-05-03T00:53:37.608+0000][1528.522s] GC(385) Pause Young (Normal) (G1 Evacuation Pause) 370M->81M(512M) 9.270ms
[2022-05-03T00:53:37.609+0000][1528.523s] GC(385) User=0.04s Sys=0.00s Real=0.01s
[2022-05-03T00:53:39.655+0000][1530.569s] GC(386) Pause Young (Normal) (G1 Evacuation Pause)
[2022-05-03T00:53:39.656+0000][1530.570s] GC(386) Using 8 workers of 8 for evacuation
[2022-05-03T00:53:39.670+0000][1530.584s] GC(386)   Pre Evacuate Collection Set: 0.0ms
[2022-05-03T00:53:39.671+0000][1530.585s] GC(386)   Evacuate Collection Set: 10.1ms
[2022-05-03T00:53:39.671+0000][1530.585s] GC(386)   Post Evacuate Collection Set: 4.1ms
[2022-05-03T00:53:39.671+0000][1530.585s] GC(386)   Other: 0.6ms
[2022-05-03T00:53:39.672+0000][1530.586s] GC(386) Eden regions: 289->0(290)
[2022-05-03T00:53:39.672+0000][1530.586s] GC(386) Survivor regions: 18->17(39)
[2022-05-03T00:53:39.672+0000][1530.587s] GC(386) Old regions: 59->59
[2022-05-03T00:53:39.673+0000][1530.587s] GC(386) Humongous regions: 7->7
[2022-05-03T00:53:39.673+0000][1530.587s] GC(386) Metaspace: 57690K->57690K(1101824K)
[2022-05-03T00:53:39.673+0000][1530.588s] GC(386) Pause Young (Normal) (G1 Evacuation Pause) 370M->80M(512M) 18.183ms
[2022-05-03T00:53:39.674+0000][1530.588s] GC(386) User=0.10s Sys=0.00s Real=0.01s
[2022-05-03T00:53:41.841+0000][1532.755s] GC(387) Pause Young (Normal) (G1 Evacuation Pause)
[2022-05-03T00:53:41.842+0000][1532.756s] GC(387) Using 8 workers of 8 for evacuation
[2022-05-03T00:53:41.848+0000][1532.762s] GC(387)   Pre Evacuate Collection Set: 0.0ms
[2022-05-03T00:53:41.848+0000][1532.762s] GC(387)   Evacuate Collection Set: 3.3ms
[2022-05-03T00:53:41.849+0000][1532.763s] GC(387)   Post Evacuate Collection Set: 2.6ms
[2022-05-03T00:53:41.849+0000][1532.763s] GC(387)   Other: 0.9ms
[2022-05-03T00:53:41.849+0000][1532.763s] GC(387) Eden regions: 290->0(288)
[2022-05-03T00:53:41.849+0000][1532.763s] GC(387) Survivor regions: 17->19(39)
[2022-05-03T00:53:41.850+0000][1532.764s] GC(387) Old regions: 59->59
[2022-05-03T00:53:41.850+0000][1532.764s] GC(387) Humongous regions: 7->7
[2022-05-03T00:53:41.850+0000][1532.764s] GC(387) Metaspace: 57690K->57690K(1101824K)
[2022-05-03T00:53:41.850+0000][1532.764s] GC(387) Pause Young (Normal) (G1 Evacuation Pause) 370M->82M(512M) 9.192ms
[2022-05-03T00:53:41.851+0000][1532.765s] GC(387) User=0.04s Sys=0.00s Real=0.01s
[2022-05-03T00:53:44.141+0000][1535.055s] GC(388) Pause Young (Normal) (G1 Evacuation Pause)
[2022-05-03T00:53:44.142+0000][1535.056s] GC(388) Using 8 workers of 8 for evacuation
[2022-05-03T00:53:44.152+0000][1535.066s] GC(388)   Pre Evacuate Collection Set: 0.0ms
[2022-05-03T00:53:44.153+0000][1535.067s] GC(388)   Evacuate Collection Set: 2.7ms
[2022-05-03T00:53:44.153+0000][1535.067s] GC(388)   Post Evacuate Collection Set: 7.6ms
[2022-05-03T00:53:44.153+0000][1535.068s] GC(388)   Other: 0.8ms
[2022-05-03T00:53:44.154+0000][1535.068s] GC(388) Eden regions: 288->0(290)
[2022-05-03T00:53:44.154+0000][1535.068s] GC(388) Survivor regions: 19->17(39)
[2022-05-03T00:53:44.155+0000][1535.069s] GC(388) Old regions: 59->59
[2022-05-03T00:53:44.155+0000][1535.069s] GC(388) Humongous regions: 7->7
[2022-05-03T00:53:44.155+0000][1535.069s] GC(388) Metaspace: 57690K->57690K(1101824K)
[2022-05-03T00:53:44.155+0000][1535.070s] GC(388) Pause Young (Normal) (G1 Evacuation Pause) 370M->80M(512M) 14.339ms
[2022-05-03T00:53:44.156+0000][1535.070s] GC(388) User=0.08s Sys=0.00s Real=0.02s
[2022-05-03T00:53:46.518+0000][1537.432s] GC(389) Pause Young (Normal) (G1 Evacuation Pause)
[2022-05-03T00:53:46.518+0000][1537.433s] GC(389) Using 8 workers of 8 for evacuation
[2022-05-03T00:53:46.523+0000][1537.437s] GC(389)   Pre Evacuate Collection Set: 0.0ms
[2022-05-03T00:53:46.524+0000][1537.438s] GC(389)   Evacuate Collection Set: 2.1ms
[2022-05-03T00:53:46.524+0000][1537.438s] GC(389)   Post Evacuate Collection Set: 2.3ms
[2022-05-03T00:53:46.524+0000][1537.438s] GC(389)   Other: 0.8ms
[2022-05-03T00:53:46.525+0000][1537.439s] GC(389) Eden regions: 290->0(292)
[2022-05-03T00:53:46.525+0000][1537.439s] GC(389) Survivor regions: 17->15(39)
[2022-05-03T00:53:46.525+0000][1537.440s] GC(389) Old regions: 59->59
[2022-05-03T00:53:46.526+0000][1537.440s] GC(389) Humongous regions: 7->7
[2022-05-03T00:53:46.526+0000][1537.440s] GC(389) Metaspace: 57690K->57690K(1101824K)
[2022-05-03T00:53:46.526+0000][1537.441s] GC(389) Pause Young (Normal) (G1 Evacuation Pause) 370M->78M(512M) 8.408ms
[2022-05-03T00:53:46.527+0000][1537.441s] GC(389) User=0.03s Sys=0.00s Real=0.01s
[2022-05-03T00:53:48.789+0000][1539.703s] GC(390) Pause Young (Normal) (G1 Evacuation Pause)
[2022-05-03T00:53:48.790+0000][1539.704s] GC(390) Using 8 workers of 8 for evacuation
[2022-05-03T00:53:48.798+0000][1539.712s] GC(390)   Pre Evacuate Collection Set: 0.0ms
[2022-05-03T00:53:48.798+0000][1539.713s] GC(390)   Evacuate Collection Set: 4.4ms
[2022-05-03T00:53:48.799+0000][1539.713s] GC(390)   Post Evacuate Collection Set: 2.9ms
[2022-05-03T00:53:48.800+0000][1539.714s] GC(390)   Other: 1.3ms
[2022-05-03T00:53:48.800+0000][1539.714s] GC(390) Eden regions: 292->0(293)
[2022-05-03T00:53:48.801+0000][1539.715s] GC(390) Survivor regions: 15->14(39)
[2022-05-03T00:53:48.801+0000][1539.716s] GC(390) Old regions: 59->59
[2022-05-03T00:53:48.802+0000][1539.716s] GC(390) Humongous regions: 7->7
[2022-05-03T00:53:48.802+0000][1539.717s] GC(390) Metaspace: 57690K->57690K(1101824K)
[2022-05-03T00:53:48.803+0000][1539.717s] GC(390) Pause Young (Normal) (G1 Evacuation Pause) 370M->77M(512M) 13.780ms
[2022-05-03T00:53:48.804+0000][1539.718s] GC(390) User=0.05s Sys=0.00s Real=0.01s
[2022-05-03T00:53:51.154+0000][1542.068s] GC(391) Pause Young (Normal) (G1 Evacuation Pause)
[2022-05-03T00:53:51.155+0000][1542.069s] GC(391) Using 8 workers of 8 for evacuation
[2022-05-03T00:53:51.161+0000][1542.075s] GC(391)   Pre Evacuate Collection Set: 0.0ms
[2022-05-03T00:53:51.161+0000][1542.076s] GC(391)   Evacuate Collection Set: 3.1ms
[2022-05-03T00:53:51.162+0000][1542.076s] GC(391)   Post Evacuate Collection Set: 2.9ms
[2022-05-03T00:53:51.162+0000][1542.076s] GC(391)   Other: 1.0ms
[2022-05-03T00:53:51.163+0000][1542.077s] GC(391) Eden regions: 293->0(289)
[2022-05-03T00:53:51.163+0000][1542.077s] GC(391) Survivor regions: 14->18(39)
[2022-05-03T00:53:51.163+0000][1542.077s] GC(391) Old regions: 59->59
[2022-05-03T00:53:51.163+0000][1542.078s] GC(391) Humongous regions: 7->7
[2022-05-03T00:53:51.164+0000][1542.078s] GC(391) Metaspace: 57690K->57690K(1101824K)
[2022-05-03T00:53:51.164+0000][1542.078s] GC(391) Pause Young (Normal) (G1 Evacuation Pause) 370M->81M(512M) 9.901ms
[2022-05-03T00:53:51.164+0000][1542.078s] GC(391) User=0.04s Sys=0.01s Real=0.01s
[2022-05-03T00:53:53.369+0000][1544.283s] GC(392) Pause Young (Normal) (G1 Evacuation Pause)
[2022-05-03T00:53:53.369+0000][1544.283s] GC(392) Using 8 workers of 8 for evacuation
[2022-05-03T00:53:53.375+0000][1544.289s] GC(392)   Pre Evacuate Collection Set: 0.0ms
[2022-05-03T00:53:53.376+0000][1544.290s] GC(392)   Evacuate Collection Set: 2.7ms
[2022-05-03T00:53:53.376+0000][1544.290s] GC(392)   Post Evacuate Collection Set: 2.9ms
[2022-05-03T00:53:53.376+0000][1544.290s] GC(392)   Other: 0.7ms
[2022-05-03T00:53:53.377+0000][1544.291s] GC(392) Eden regions: 289->0(291)
[2022-05-03T00:53:53.377+0000][1544.291s] GC(392) Survivor regions: 18->16(39)
[2022-05-03T00:53:53.377+0000][1544.292s] GC(392) Old regions: 59->59
[2022-05-03T00:53:53.378+0000][1544.292s] GC(392) Humongous regions: 7->7
[2022-05-03T00:53:53.378+0000][1544.292s] GC(392) Metaspace: 57690K->57690K(1101824K)
[2022-05-03T00:53:53.379+0000][1544.293s] GC(392) Pause Young (Normal) (G1 Evacuation Pause) 370M->79M(512M) 9.724ms
[2022-05-03T00:53:53.379+0000][1544.293s] GC(392) User=0.03s Sys=0.00s Real=0.01s
[2022-05-03T00:53:56.168+0000][1547.082s] GC(393) Pause Young (Normal) (G1 Evacuation Pause)
[2022-05-03T00:53:56.168+0000][1547.082s] GC(393) Using 8 workers of 8 for evacuation
[2022-05-03T00:53:56.174+0000][1547.089s] GC(393)   Pre Evacuate Collection Set: 0.0ms
[2022-05-03T00:53:56.175+0000][1547.089s] GC(393)   Evacuate Collection Set: 3.3ms
[2022-05-03T00:53:56.175+0000][1547.089s] GC(393)   Post Evacuate Collection Set: 2.7ms
[2022-05-03T00:53:56.176+0000][1547.090s] GC(393)   Other: 1.0ms
[2022-05-03T00:53:56.176+0000][1547.090s] GC(393) Eden regions: 291->0(289)
[2022-05-03T00:53:56.176+0000][1547.090s] GC(393) Survivor regions: 16->18(39)
[2022-05-03T00:53:56.177+0000][1547.091s] GC(393) Old regions: 59->59
[2022-05-03T00:53:56.177+0000][1547.091s] GC(393) Humongous regions: 7->7
[2022-05-03T00:53:56.177+0000][1547.091s] GC(393) Metaspace: 57690K->57690K(1101824K)
[2022-05-03T00:53:56.178+0000][1547.092s] GC(393) Pause Young (Normal) (G1 Evacuation Pause) 370M->81M(512M) 10.063ms
[2022-05-03T00:53:56.178+0000][1547.092s] GC(393) User=0.04s Sys=0.00s Real=0.01s
[2022-05-03T00:53:58.410+0000][1549.324s] GC(394) Pause Young (Normal) (G1 Evacuation Pause)
[2022-05-03T00:53:58.410+0000][1549.324s] GC(394) Using 8 workers of 8 for evacuation
[2022-05-03T00:53:58.423+0000][1549.337s] GC(394)   Pre Evacuate Collection Set: 0.0ms
[2022-05-03T00:53:58.424+0000][1549.338s] GC(394)   Evacuate Collection Set: 7.3ms
[2022-05-03T00:53:58.424+0000][1549.338s] GC(394)   Post Evacuate Collection Set: 5.8ms
[2022-05-03T00:53:58.425+0000][1549.339s] GC(394)   Other: 0.6ms
[2022-05-03T00:53:58.425+0000][1549.339s] GC(394) Eden regions: 289->0(291)
[2022-05-03T00:53:58.426+0000][1549.340s] GC(394) Survivor regions: 18->16(39)
[2022-05-03T00:53:58.426+0000][1549.340s] GC(394) Old regions: 59->59
[2022-05-03T00:53:58.426+0000][1549.341s] GC(394) Humongous regions: 7->7
[2022-05-03T00:53:58.427+0000][1549.341s] GC(394) Metaspace: 57690K->57690K(1101824K)
[2022-05-03T00:53:58.427+0000][1549.341s] GC(394) Pause Young (Normal) (G1 Evacuation Pause) 370M->80M(512M) 17.454ms
[2022-05-03T00:53:58.427+0000][1549.342s] GC(394) User=0.09s Sys=0.00s Real=0.02s
[2022-05-03T00:54:00.342+0000][1551.256s] GC(395) Pause Young (Normal) (G1 Evacuation Pause)
[2022-05-03T00:54:00.342+0000][1551.256s] GC(395) Using 8 workers of 8 for evacuation
[2022-05-03T00:54:00.351+0000][1551.265s] GC(395)   Pre Evacuate Collection Set: 0.0ms
[2022-05-03T00:54:00.351+0000][1551.265s] GC(395)   Evacuate Collection Set: 2.7ms
[2022-05-03T00:54:00.352+0000][1551.266s] GC(395)   Post Evacuate Collection Set: 5.3ms
[2022-05-03T00:54:00.352+0000][1551.266s] GC(395)   Other: 0.9ms
[2022-05-03T00:54:00.353+0000][1551.267s] GC(395) Eden regions: 291->0(289)
[2022-05-03T00:54:00.353+0000][1551.267s] GC(395) Survivor regions: 16->18(39)
[2022-05-03T00:54:00.353+0000][1551.268s] GC(395) Old regions: 59->59
[2022-05-03T00:54:00.354+0000][1551.268s] GC(395) Humongous regions: 7->7
[2022-05-03T00:54:00.354+0000][1551.268s] GC(395) Metaspace: 57690K->57690K(1101824K)
[2022-05-03T00:54:00.354+0000][1551.269s] GC(395) Pause Young (Normal) (G1 Evacuation Pause) 371M->81M(512M) 12.650ms
[2022-05-03T00:54:00.355+0000][1551.269s] GC(395) User=0.06s Sys=0.00s Real=0.02s
[2022-05-03T00:54:02.404+0000][1553.318s] GC(396) Pause Young (Normal) (G1 Evacuation Pause)
[2022-05-03T00:54:02.405+0000][1553.319s] GC(396) Using 8 workers of 8 for evacuation
[2022-05-03T00:54:02.418+0000][1553.332s] GC(396)   Pre Evacuate Collection Set: 0.0ms
[2022-05-03T00:54:02.418+0000][1553.333s] GC(396)   Evacuate Collection Set: 8.9ms
[2022-05-03T00:54:02.419+0000][1553.333s] GC(396)   Post Evacuate Collection Set: 4.0ms
[2022-05-03T00:54:02.419+0000][1553.333s] GC(396)   Other: 0.9ms
[2022-05-03T00:54:02.420+0000][1553.334s] GC(396) Eden regions: 289->0(291)
[2022-05-03T00:54:02.420+0000][1553.334s] GC(396) Survivor regions: 18->16(39)
[2022-05-03T00:54:02.421+0000][1553.335s] GC(396) Old regions: 59->59
[2022-05-03T00:54:02.421+0000][1553.335s] GC(396) Humongous regions: 7->7
[2022-05-03T00:54:02.421+0000][1553.335s] GC(396) Metaspace: 57690K->57690K(1101824K)
[2022-05-03T00:54:02.421+0000][1553.336s] GC(396) Pause Young (Normal) (G1 Evacuation Pause) 370M->80M(512M) 17.293ms
[2022-05-03T00:54:02.422+0000][1553.336s] GC(396) User=0.09s Sys=0.01s Real=0.01s
[2022-05-03T00:54:04.725+0000][1555.639s] GC(397) Pause Young (Normal) (G1 Evacuation Pause)
[2022-05-03T00:54:04.725+0000][1555.639s] GC(397) Using 8 workers of 8 for evacuation
[2022-05-03T00:54:04.731+0000][1555.645s] GC(397)   Pre Evacuate Collection Set: 0.0ms
[2022-05-03T00:54:04.732+0000][1555.646s] GC(397)   Evacuate Collection Set: 2.7ms
[2022-05-03T00:54:04.732+0000][1555.646s] GC(397)   Post Evacuate Collection Set: 2.9ms
[2022-05-03T00:54:04.733+0000][1555.647s] GC(397)   Other: 0.9ms
[2022-05-03T00:54:04.733+0000][1555.647s] GC(397) Eden regions: 291->0(291)
[2022-05-03T00:54:04.733+0000][1555.647s] GC(397) Survivor regions: 16->16(39)
[2022-05-03T00:54:04.734+0000][1555.648s] GC(397) Old regions: 59->59
[2022-05-03T00:54:04.734+0000][1555.648s] GC(397) Humongous regions: 7->7
[2022-05-03T00:54:04.734+0000][1555.648s] GC(397) Metaspace: 57690K->57690K(1101824K)
[2022-05-03T00:54:04.735+0000][1555.649s] GC(397) Pause Young (Normal) (G1 Evacuation Pause) 371M->80M(512M) 10.100ms
[2022-05-03T00:54:04.735+0000][1555.649s] GC(397) User=0.03s Sys=0.01s Real=0.01s
[2022-05-03T00:54:07.019+0000][1557.933s] GC(398) Pause Young (Normal) (G1 Evacuation Pause)
[2022-05-03T00:54:07.019+0000][1557.934s] GC(398) Using 8 workers of 8 for evacuation
[2022-05-03T00:54:07.025+0000][1557.940s] GC(398)   Pre Evacuate Collection Set: 0.0ms
[2022-05-03T00:54:07.026+0000][1557.940s] GC(398)   Evacuate Collection Set: 3.1ms
[2022-05-03T00:54:07.026+0000][1557.940s] GC(398)   Post Evacuate Collection Set: 2.4ms
[2022-05-03T00:54:07.027+0000][1557.941s] GC(398)   Other: 0.9ms
[2022-05-03T00:54:07.027+0000][1557.941s] GC(398) Eden regions: 291->0(290)
[2022-05-03T00:54:07.027+0000][1557.942s] GC(398) Survivor regions: 16->17(39)
[2022-05-03T00:54:07.028+0000][1557.942s] GC(398) Old regions: 59->59
[2022-05-03T00:54:07.028+0000][1557.942s] GC(398) Humongous regions: 7->7
[2022-05-03T00:54:07.028+0000][1557.943s] GC(398) Metaspace: 57690K->57690K(1101824K)
[2022-05-03T00:54:07.029+0000][1557.943s] GC(398) Pause Young (Normal) (G1 Evacuation Pause) 371M->81M(512M) 9.772ms
[2022-05-03T00:54:07.029+0000][1557.943s] GC(398) User=0.04s Sys=0.00s Real=0.01s
[2022-05-03T00:54:09.218+0000][1560.132s] GC(399) Pause Young (Normal) (G1 Evacuation Pause)
[2022-05-03T00:54:09.218+0000][1560.132s] GC(399) Using 8 workers of 8 for evacuation
[2022-05-03T00:54:09.224+0000][1560.138s] GC(399)   Pre Evacuate Collection Set: 0.0ms
[2022-05-03T00:54:09.225+0000][1560.139s] GC(399)   Evacuate Collection Set: 3.1ms
[2022-05-03T00:54:09.225+0000][1560.139s] GC(399)   Post Evacuate Collection Set: 2.7ms
[2022-05-03T00:54:09.226+0000][1560.140s] GC(399)   Other: 0.7ms
[2022-05-03T00:54:09.226+0000][1560.140s] GC(399) Eden regions: 290->0(291)
[2022-05-03T00:54:09.226+0000][1560.141s] GC(399) Survivor regions: 17->16(39)
[2022-05-03T00:54:09.227+0000][1560.141s] GC(399) Old regions: 59->59
[2022-05-03T00:54:09.227+0000][1560.141s] GC(399) Humongous regions: 7->7
[2022-05-03T00:54:09.227+0000][1560.142s] GC(399) Metaspace: 57690K->57690K(1101824K)
[2022-05-03T00:54:09.228+0000][1560.142s] GC(399) Pause Young (Normal) (G1 Evacuation Pause) 371M->80M(512M) 10.010ms
[2022-05-03T00:54:09.228+0000][1560.142s] GC(399) User=0.04s Sys=0.01s Real=0.01s
[2022-05-03T00:54:11.218+0000][1562.132s] GC(400) Pause Young (Normal) (G1 Evacuation Pause)
[2022-05-03T00:54:11.218+0000][1562.132s] GC(400) Using 8 workers of 8 for evacuation
[2022-05-03T00:54:11.223+0000][1562.137s] GC(400)   Pre Evacuate Collection Set: 0.0ms
[2022-05-03T00:54:11.223+0000][1562.137s] GC(400)   Evacuate Collection Set: 2.7ms
[2022-05-03T00:54:11.224+0000][1562.138s] GC(400)   Post Evacuate Collection Set: 1.6ms
[2022-05-03T00:54:11.224+0000][1562.138s] GC(400)   Other: 1.0ms
[2022-05-03T00:54:11.225+0000][1562.139s] GC(400) Eden regions: 291->0(293)
[2022-05-03T00:54:11.225+0000][1562.139s] GC(400) Survivor regions: 16->14(39)
[2022-05-03T00:54:11.225+0000][1562.139s] GC(400) Old regions: 59->59
[2022-05-03T00:54:11.226+0000][1562.140s] GC(400) Humongous regions: 7->7
[2022-05-03T00:54:11.226+0000][1562.140s] GC(400) Metaspace: 57690K->57690K(1101824K)
[2022-05-03T00:54:11.226+0000][1562.141s] GC(400) Pause Young (Normal) (G1 Evacuation Pause) 371M->78M(512M) 8.831ms
[2022-05-03T00:54:11.227+0000][1562.141s] GC(400) User=0.03s Sys=0.00s Real=0.01s
[2022-05-03T00:54:13.297+0000][1564.211s] GC(401) Pause Young (Normal) (G1 Evacuation Pause)
[2022-05-03T00:54:13.298+0000][1564.212s] GC(401) Using 8 workers of 8 for evacuation
[2022-05-03T00:54:13.307+0000][1564.221s] GC(401)   Pre Evacuate Collection Set: 0.0ms
[2022-05-03T00:54:13.307+0000][1564.221s] GC(401)   Evacuate Collection Set: 6.3ms
[2022-05-03T00:54:13.307+0000][1564.221s] GC(401)   Post Evacuate Collection Set: 2.5ms
[2022-05-03T00:54:13.308+0000][1564.222s] GC(401)   Other: 0.6ms
[2022-05-03T00:54:13.308+0000][1564.222s] GC(401) Eden regions: 293->0(289)
[2022-05-03T00:54:13.308+0000][1564.222s] GC(401) Survivor regions: 14->18(39)
[2022-05-03T00:54:13.308+0000][1564.222s] GC(401) Old regions: 59->59
[2022-05-03T00:54:13.308+0000][1564.222s] GC(401) Humongous regions: 7->7
[2022-05-03T00:54:13.308+0000][1564.223s] GC(401) Metaspace: 57690K->57690K(1101824K)
[2022-05-03T00:54:13.309+0000][1564.223s] GC(401) Pause Young (Normal) (G1 Evacuation Pause) 371M->82M(512M) 11.237ms
[2022-05-03T00:54:13.309+0000][1564.223s] GC(401) User=0.07s Sys=0.00s Real=0.01s
[2022-05-03T00:54:15.604+0000][1566.518s] GC(402) Pause Young (Normal) (G1 Evacuation Pause)
[2022-05-03T00:54:15.604+0000][1566.518s] GC(402) Using 8 workers of 8 for evacuation
[2022-05-03T00:54:15.610+0000][1566.524s] GC(402)   Pre Evacuate Collection Set: 0.0ms
[2022-05-03T00:54:15.610+0000][1566.524s] GC(402)   Evacuate Collection Set: 2.8ms
[2022-05-03T00:54:15.610+0000][1566.524s] GC(402)   Post Evacuate Collection Set: 2.3ms
[2022-05-03T00:54:15.611+0000][1566.525s] GC(402)   Other: 0.9ms
[2022-05-03T00:54:15.611+0000][1566.525s] GC(402) Eden regions: 289->0(290)
[2022-05-03T00:54:15.611+0000][1566.525s] GC(402) Survivor regions: 18->17(39)
[2022-05-03T00:54:15.612+0000][1566.526s] GC(402) Old regions: 59->59
[2022-05-03T00:54:15.612+0000][1566.526s] GC(402) Humongous regions: 7->7
[2022-05-03T00:54:15.612+0000][1566.526s] GC(402) Metaspace: 57692K->57692K(1101824K)
[2022-05-03T00:54:15.612+0000][1566.527s] GC(402) Pause Young (Normal) (G1 Evacuation Pause) 371M->81M(512M) 8.919ms
[2022-05-03T00:54:15.613+0000][1566.527s] GC(402) User=0.03s Sys=0.01s Real=0.01s
[2022-05-03T00:54:17.812+0000][1568.726s] GC(403) Pause Young (Normal) (G1 Evacuation Pause)
[2022-05-03T00:54:17.813+0000][1568.727s] GC(403) Using 8 workers of 8 for evacuation
[2022-05-03T00:54:17.841+0000][1568.755s] GC(403)   Pre Evacuate Collection Set: 0.0ms
[2022-05-03T00:54:17.842+0000][1568.756s] GC(403)   Evacuate Collection Set: 18.1ms
[2022-05-03T00:54:17.842+0000][1568.756s] GC(403)   Post Evacuate Collection Set: 10.1ms
[2022-05-03T00:54:17.842+0000][1568.756s] GC(403)   Other: 0.7ms
[2022-05-03T00:54:17.842+0000][1568.756s] GC(403) Eden regions: 290->0(289)
[2022-05-03T00:54:17.843+0000][1568.757s] GC(403) Survivor regions: 17->18(39)
[2022-05-03T00:54:17.843+0000][1568.757s] GC(403) Old regions: 59->60
[2022-05-03T00:54:17.843+0000][1568.757s] GC(403) Humongous regions: 7->7
[2022-05-03T00:54:17.843+0000][1568.758s] GC(403) Metaspace: 57692K->57692K(1101824K)
[2022-05-03T00:54:17.844+0000][1568.758s] GC(403) Pause Young (Normal) (G1 Evacuation Pause) 371M->82M(512M) 31.466ms
[2022-05-03T00:54:17.844+0000][1568.758s] GC(403) User=0.21s Sys=0.00s Real=0.04s
[2022-05-03T00:54:20.091+0000][1571.005s] GC(404) Pause Young (Normal) (G1 Evacuation Pause)
[2022-05-03T00:54:20.091+0000][1571.005s] GC(404) Using 8 workers of 8 for evacuation
[2022-05-03T00:54:20.098+0000][1571.012s] GC(404)   Pre Evacuate Collection Set: 0.0ms
[2022-05-03T00:54:20.098+0000][1571.012s] GC(404)   Evacuate Collection Set: 4.0ms
[2022-05-03T00:54:20.099+0000][1571.013s] GC(404)   Post Evacuate Collection Set: 1.9ms
[2022-05-03T00:54:20.099+0000][1571.013s] GC(404)   Other: 0.9ms
[2022-05-03T00:54:20.100+0000][1571.014s] GC(404) Eden regions: 289->0(290)
[2022-05-03T00:54:20.100+0000][1571.014s] GC(404) Survivor regions: 18->17(39)
[2022-05-03T00:54:20.100+0000][1571.014s] GC(404) Old regions: 60->60
[2022-05-03T00:54:20.101+0000][1571.015s] GC(404) Humongous regions: 7->7
[2022-05-03T00:54:20.101+0000][1571.015s] GC(404) Metaspace: 57692K->57692K(1101824K)
[2022-05-03T00:54:20.101+0000][1571.016s] GC(404) Pause Young (Normal) (G1 Evacuation Pause) 371M->81M(512M) 10.484ms
[2022-05-03T00:54:20.102+0000][1571.016s] GC(404) User=0.04s Sys=0.00s Real=0.01s
[2022-05-03T00:54:22.075+0000][1572.989s] GC(405) Pause Young (Normal) (G1 Evacuation Pause)
[2022-05-03T00:54:22.076+0000][1572.990s] GC(405) Using 8 workers of 8 for evacuation
[2022-05-03T00:54:22.087+0000][1573.002s] GC(405)   Pre Evacuate Collection Set: 0.0ms
[2022-05-03T00:54:22.088+0000][1573.002s] GC(405)   Evacuate Collection Set: 8.9ms
[2022-05-03T00:54:22.088+0000][1573.003s] GC(405)   Post Evacuate Collection Set: 2.6ms
[2022-05-03T00:54:22.089+0000][1573.003s] GC(405)   Other: 0.9ms
[2022-05-03T00:54:22.089+0000][1573.003s] GC(405) Eden regions: 290->0(290)
[2022-05-03T00:54:22.090+0000][1573.004s] GC(405) Survivor regions: 17->17(39)
[2022-05-03T00:54:22.090+0000][1573.004s] GC(405) Old regions: 60->60
[2022-05-03T00:54:22.090+0000][1573.004s] GC(405) Humongous regions: 7->7
[2022-05-03T00:54:22.090+0000][1573.004s] GC(405) Metaspace: 57692K->57692K(1101824K)
[2022-05-03T00:54:22.091+0000][1573.005s] GC(405) Pause Young (Normal) (G1 Evacuation Pause) 371M->81M(512M) 15.358ms
[2022-05-03T00:54:22.091+0000][1573.005s] GC(405) User=0.09s Sys=0.00s Real=0.01s
[2022-05-03T00:54:24.037+0000][1574.951s] GC(406) Pause Young (Normal) (G1 Evacuation Pause)
[2022-05-03T00:54:24.037+0000][1574.951s] GC(406) Using 8 workers of 8 for evacuation
[2022-05-03T00:54:24.043+0000][1574.957s] GC(406)   Pre Evacuate Collection Set: 0.0ms
[2022-05-03T00:54:24.043+0000][1574.957s] GC(406)   Evacuate Collection Set: 2.6ms
[2022-05-03T00:54:24.044+0000][1574.958s] GC(406)   Post Evacuate Collection Set: 2.4ms
[2022-05-03T00:54:24.044+0000][1574.958s] GC(406)   Other: 1.0ms
[2022-05-03T00:54:24.045+0000][1574.959s] GC(406) Eden regions: 290->0(290)
[2022-05-03T00:54:24.045+0000][1574.959s] GC(406) Survivor regions: 17->17(39)
[2022-05-03T00:54:24.045+0000][1574.959s] GC(406) Old regions: 60->60
[2022-05-03T00:54:24.046+0000][1574.960s] GC(406) Humongous regions: 7->7
[2022-05-03T00:54:24.046+0000][1574.960s] GC(406) Metaspace: 57692K->57692K(1101824K)
[2022-05-03T00:54:24.046+0000][1574.960s] GC(406) Pause Young (Normal) (G1 Evacuation Pause) 371M->81M(512M) 9.314ms
[2022-05-03T00:54:24.046+0000][1574.961s] GC(406) User=0.03s Sys=0.00s Real=0.01s
[2022-05-03T00:54:26.325+0000][1577.239s] GC(407) Pause Young (Normal) (G1 Evacuation Pause)
[2022-05-03T00:54:26.325+0000][1577.239s] GC(407) Using 8 workers of 8 for evacuation
[2022-05-03T00:54:26.330+0000][1577.244s] GC(407)   Pre Evacuate Collection Set: 0.0ms
[2022-05-03T00:54:26.331+0000][1577.245s] GC(407)   Evacuate Collection Set: 2.3ms
[2022-05-03T00:54:26.331+0000][1577.245s] GC(407)   Post Evacuate Collection Set: 2.4ms
[2022-05-03T00:54:26.332+0000][1577.246s] GC(407)   Other: 0.9ms
[2022-05-03T00:54:26.332+0000][1577.246s] GC(407) Eden regions: 290->0(290)
[2022-05-03T00:54:26.332+0000][1577.247s] GC(407) Survivor regions: 17->17(39)
[2022-05-03T00:54:26.333+0000][1577.247s] GC(407) Old regions: 60->60
[2022-05-03T00:54:26.333+0000][1577.247s] GC(407) Humongous regions: 7->7
[2022-05-03T00:54:26.334+0000][1577.248s] GC(407) Metaspace: 57692K->57692K(1101824K)
[2022-05-03T00:54:26.334+0000][1577.248s] GC(407) Pause Young (Normal) (G1 Evacuation Pause) 371M->81M(512M) 9.178ms
[2022-05-03T00:54:26.334+0000][1577.248s] GC(407) User=0.03s Sys=0.00s Real=0.01s
[2022-05-03T00:54:28.512+0000][1579.427s] GC(408) Pause Young (Normal) (G1 Evacuation Pause)
[2022-05-03T00:54:28.513+0000][1579.427s] GC(408) Using 8 workers of 8 for evacuation
[2022-05-03T00:54:28.525+0000][1579.439s] GC(408)   Pre Evacuate Collection Set: 0.0ms
[2022-05-03T00:54:28.525+0000][1579.439s] GC(408)   Evacuate Collection Set: 7.4ms
[2022-05-03T00:54:28.526+0000][1579.440s] GC(408)   Post Evacuate Collection Set: 4.4ms
[2022-05-03T00:54:28.526+0000][1579.440s] GC(408)   Other: 0.8ms
[2022-05-03T00:54:28.526+0000][1579.440s] GC(408) Eden regions: 290->0(290)
[2022-05-03T00:54:28.526+0000][1579.440s] GC(408) Survivor regions: 17->17(39)
[2022-05-03T00:54:28.526+0000][1579.441s] GC(408) Old regions: 60->60
[2022-05-03T00:54:28.527+0000][1579.441s] GC(408) Humongous regions: 7->7
[2022-05-03T00:54:28.527+0000][1579.441s] GC(408) Metaspace: 57692K->57692K(1101824K)
[2022-05-03T00:54:28.527+0000][1579.441s] GC(408) Pause Young (Normal) (G1 Evacuation Pause) 371M->81M(512M) 14.621ms
[2022-05-03T00:54:28.527+0000][1579.441s] GC(408) User=0.08s Sys=0.00s Real=0.02s
[2022-05-03T00:54:30.856+0000][1581.770s] GC(409) Pause Young (Normal) (G1 Evacuation Pause)
[2022-05-03T00:54:30.856+0000][1581.771s] GC(409) Using 8 workers of 8 for evacuation
[2022-05-03T00:54:30.862+0000][1581.776s] GC(409)   Pre Evacuate Collection Set: 0.0ms
[2022-05-03T00:54:30.863+0000][1581.777s] GC(409)   Evacuate Collection Set: 3.8ms
[2022-05-03T00:54:30.863+0000][1581.777s] GC(409)   Post Evacuate Collection Set: 1.9ms
[2022-05-03T00:54:30.864+0000][1581.778s] GC(409)   Other: 0.6ms
[2022-05-03T00:54:30.864+0000][1581.778s] GC(409) Eden regions: 290->0(291)
[2022-05-03T00:54:30.864+0000][1581.778s] GC(409) Survivor regions: 17->16(39)
[2022-05-03T00:54:30.865+0000][1581.779s] GC(409) Old regions: 60->60
[2022-05-03T00:54:30.865+0000][1581.779s] GC(409) Humongous regions: 7->7
[2022-05-03T00:54:30.865+0000][1581.779s] GC(409) Metaspace: 57692K->57692K(1101824K)
[2022-05-03T00:54:30.866+0000][1581.780s] GC(409) Pause Young (Normal) (G1 Evacuation Pause) 371M->80M(512M) 9.506ms
[2022-05-03T00:54:30.866+0000][1581.780s] GC(409) User=0.04s Sys=0.00s Real=0.01s
[2022-05-03T00:54:32.885+0000][1583.800s] GC(410) Pause Young (Normal) (G1 Evacuation Pause)
[2022-05-03T00:54:32.886+0000][1583.800s] GC(410) Using 8 workers of 8 for evacuation
[2022-05-03T00:54:32.891+0000][1583.806s] GC(410)   Pre Evacuate Collection Set: 0.0ms
[2022-05-03T00:54:32.892+0000][1583.806s] GC(410)   Evacuate Collection Set: 2.6ms
[2022-05-03T00:54:32.892+0000][1583.806s] GC(410)   Post Evacuate Collection Set: 2.5ms
[2022-05-03T00:54:32.893+0000][1583.807s] GC(410)   Other: 0.8ms
[2022-05-03T00:54:32.893+0000][1583.807s] GC(410) Eden regions: 291->0(289)
[2022-05-03T00:54:32.893+0000][1583.807s] GC(410) Survivor regions: 16->18(39)
[2022-05-03T00:54:32.894+0000][1583.808s] GC(410) Old regions: 60->60
[2022-05-03T00:54:32.894+0000][1583.808s] GC(410) Humongous regions: 7->7
[2022-05-03T00:54:32.894+0000][1583.808s] GC(410) Metaspace: 57692K->57692K(1101824K)
[2022-05-03T00:54:32.895+0000][1583.809s] GC(410) Pause Young (Normal) (G1 Evacuation Pause) 371M->82M(512M) 9.100ms
[2022-05-03T00:54:32.895+0000][1583.809s] GC(410) User=0.03s Sys=0.01s Real=0.01s
[2022-05-03T00:54:34.917+0000][1585.832s] GC(411) Pause Young (Normal) (G1 Evacuation Pause)
[2022-05-03T00:54:34.918+0000][1585.832s] GC(411) Using 8 workers of 8 for evacuation
[2022-05-03T00:54:34.960+0000][1585.875s] GC(411)   Pre Evacuate Collection Set: 0.0ms
[2022-05-03T00:54:34.961+0000][1585.875s] GC(411)   Evacuate Collection Set: 32.1ms
[2022-05-03T00:54:34.961+0000][1585.875s] GC(411)   Post Evacuate Collection Set: 9.3ms
[2022-05-03T00:54:34.961+0000][1585.875s] GC(411)   Other: 1.7ms
[2022-05-03T00:54:34.961+0000][1585.876s] GC(411) Eden regions: 289->0(290)
[2022-05-03T00:54:34.962+0000][1585.876s] GC(411) Survivor regions: 18->17(39)
[2022-05-03T00:54:34.962+0000][1585.876s] GC(411) Old regions: 60->60
[2022-05-03T00:54:34.962+0000][1585.876s] GC(411) Humongous regions: 7->7
[2022-05-03T00:54:34.962+0000][1585.876s] GC(411) Metaspace: 57692K->57692K(1101824K)
[2022-05-03T00:54:34.963+0000][1585.877s] GC(411) Pause Young (Normal) (G1 Evacuation Pause) 371M->81M(512M) 45.225ms
[2022-05-03T00:54:34.963+0000][1585.877s] GC(411) User=0.30s Sys=0.00s Real=0.04s
[2022-05-03T00:54:37.232+0000][1588.146s] GC(412) Pause Young (Normal) (G1 Evacuation Pause)
[2022-05-03T00:54:37.232+0000][1588.146s] GC(412) Using 8 workers of 8 for evacuation
[2022-05-03T00:54:37.237+0000][1588.151s] GC(412)   Pre Evacuate Collection Set: 0.0ms
[2022-05-03T00:54:37.238+0000][1588.152s] GC(412)   Evacuate Collection Set: 2.3ms
[2022-05-03T00:54:37.238+0000][1588.152s] GC(412)   Post Evacuate Collection Set: 2.4ms
[2022-05-03T00:54:37.239+0000][1588.153s] GC(412)   Other: 0.7ms
[2022-05-03T00:54:37.239+0000][1588.153s] GC(412) Eden regions: 290->0(291)
[2022-05-03T00:54:37.239+0000][1588.153s] GC(412) Survivor regions: 17->16(39)
[2022-05-03T00:54:37.240+0000][1588.154s] GC(412) Old regions: 60->60
[2022-05-03T00:54:37.240+0000][1588.154s] GC(412) Humongous regions: 7->7
[2022-05-03T00:54:37.240+0000][1588.154s] GC(412) Metaspace: 57692K->57692K(1101824K)
[2022-05-03T00:54:37.240+0000][1588.154s] GC(412) Pause Young (Normal) (G1 Evacuation Pause) 371M->80M(512M) 8.452ms
[2022-05-03T00:54:37.241+0000][1588.155s] GC(412) User=0.03s Sys=0.00s Real=0.01s
[2022-05-03T00:54:39.539+0000][1590.453s] GC(413) Pause Young (Normal) (G1 Evacuation Pause)
[2022-05-03T00:54:39.540+0000][1590.454s] GC(413) Using 8 workers of 8 for evacuation
[2022-05-03T00:54:39.551+0000][1590.465s] GC(413)   Pre Evacuate Collection Set: 0.0ms
[2022-05-03T00:54:39.552+0000][1590.466s] GC(413)   Evacuate Collection Set: 8.3ms
[2022-05-03T00:54:39.552+0000][1590.466s] GC(413)   Post Evacuate Collection Set: 2.7ms
[2022-05-03T00:54:39.552+0000][1590.466s] GC(413)   Other: 0.9ms
[2022-05-03T00:54:39.553+0000][1590.467s] GC(413) Eden regions: 291->0(290)
[2022-05-03T00:54:39.553+0000][1590.467s] GC(413) Survivor regions: 16->17(39)
[2022-05-03T00:54:39.553+0000][1590.468s] GC(413) Old regions: 60->60
[2022-05-03T00:54:39.554+0000][1590.468s] GC(413) Humongous regions: 7->7
[2022-05-03T00:54:39.554+0000][1590.468s] GC(413) Metaspace: 57692K->57692K(1101824K)
[2022-05-03T00:54:39.554+0000][1590.468s] GC(413) Pause Young (Normal) (G1 Evacuation Pause) 371M->82M(512M) 15.169ms
[2022-05-03T00:54:39.555+0000][1590.469s] GC(413) User=0.09s Sys=0.00s Real=0.02s
[2022-05-03T00:54:41.788+0000][1592.702s] GC(414) Pause Young (Normal) (G1 Evacuation Pause)
[2022-05-03T00:54:41.788+0000][1592.703s] GC(414) Using 8 workers of 8 for evacuation
[2022-05-03T00:54:41.805+0000][1592.719s] GC(414)   Pre Evacuate Collection Set: 0.0ms
[2022-05-03T00:54:41.806+0000][1592.720s] GC(414)   Evacuate Collection Set: 10.6ms
[2022-05-03T00:54:41.806+0000][1592.720s] GC(414)   Post Evacuate Collection Set: 5.7ms
[2022-05-03T00:54:41.806+0000][1592.720s] GC(414)   Other: 0.7ms
[2022-05-03T00:54:41.806+0000][1592.720s] GC(414) Eden regions: 290->0(290)
[2022-05-03T00:54:41.807+0000][1592.721s] GC(414) Survivor regions: 17->17(39)
[2022-05-03T00:54:41.807+0000][1592.721s] GC(414) Old regions: 60->60
[2022-05-03T00:54:41.807+0000][1592.721s] GC(414) Humongous regions: 7->7
[2022-05-03T00:54:41.807+0000][1592.722s] GC(414) Metaspace: 57692K->57692K(1101824K)
[2022-05-03T00:54:41.808+0000][1592.722s] GC(414) Pause Young (Normal) (G1 Evacuation Pause) 372M->81M(512M) 19.572ms
[2022-05-03T00:54:41.808+0000][1592.722s] GC(414) User=0.12s Sys=0.00s Real=0.02s
[2022-05-03T00:54:44.062+0000][1594.976s] GC(415) Pause Young (Normal) (G1 Evacuation Pause)
[2022-05-03T00:54:44.063+0000][1594.977s] GC(415) Using 8 workers of 8 for evacuation
[2022-05-03T00:54:44.069+0000][1594.983s] GC(415)   Pre Evacuate Collection Set: 0.0ms
[2022-05-03T00:54:44.069+0000][1594.983s] GC(415)   Evacuate Collection Set: 2.8ms
[2022-05-03T00:54:44.070+0000][1594.984s] GC(415)   Post Evacuate Collection Set: 2.6ms
[2022-05-03T00:54:44.070+0000][1594.984s] GC(415)   Other: 0.9ms
[2022-05-03T00:54:44.070+0000][1594.984s] GC(415) Eden regions: 290->0(289)
[2022-05-03T00:54:44.071+0000][1594.985s] GC(415) Survivor regions: 17->18(39)
[2022-05-03T00:54:44.071+0000][1594.985s] GC(415) Old regions: 60->60
[2022-05-03T00:54:44.072+0000][1594.986s] GC(415) Humongous regions: 7->7
[2022-05-03T00:54:44.072+0000][1594.986s] GC(415) Metaspace: 57692K->57692K(1101824K)
[2022-05-03T00:54:44.073+0000][1594.987s] GC(415) Pause Young (Normal) (G1 Evacuation Pause) 371M->82M(512M) 10.487ms
[2022-05-03T00:54:44.073+0000][1594.987s] GC(415) User=0.04s Sys=0.00s Real=0.01s
[2022-05-03T00:54:45.935+0000][1596.849s] GC(416) Pause Young (Normal) (G1 Evacuation Pause)
[2022-05-03T00:54:45.936+0000][1596.850s] GC(416) Using 8 workers of 8 for evacuation
[2022-05-03T00:54:45.949+0000][1596.863s] GC(416)   Pre Evacuate Collection Set: 0.0ms
[2022-05-03T00:54:45.949+0000][1596.863s] GC(416)   Evacuate Collection Set: 2.7ms
[2022-05-03T00:54:45.949+0000][1596.863s] GC(416)   Post Evacuate Collection Set: 9.6ms
[2022-05-03T00:54:45.949+0000][1596.864s] GC(416)   Other: 1.0ms
[2022-05-03T00:54:45.950+0000][1596.864s] GC(416) Eden regions: 289->0(290)
[2022-05-03T00:54:45.950+0000][1596.864s] GC(416) Survivor regions: 18->17(39)
[2022-05-03T00:54:45.951+0000][1596.865s] GC(416) Old regions: 60->60
[2022-05-03T00:54:45.951+0000][1596.865s] GC(416) Humongous regions: 7->7
[2022-05-03T00:54:45.951+0000][1596.865s] GC(416) Metaspace: 57692K->57692K(1101824K)
[2022-05-03T00:54:45.952+0000][1596.866s] GC(416) Pause Young (Normal) (G1 Evacuation Pause) 371M->82M(512M) 16.450ms
[2022-05-03T00:54:45.952+0000][1596.866s] GC(416) User=0.09s Sys=0.00s Real=0.01s
[2022-05-03T00:54:48.480+0000][1599.394s] GC(417) Pause Young (Normal) (G1 Evacuation Pause)
[2022-05-03T00:54:48.481+0000][1599.395s] GC(417) Using 8 workers of 8 for evacuation
[2022-05-03T00:54:48.489+0000][1599.403s] GC(417)   Pre Evacuate Collection Set: 0.0ms
[2022-05-03T00:54:48.489+0000][1599.403s] GC(417)   Evacuate Collection Set: 3.5ms
[2022-05-03T00:54:48.490+0000][1599.404s] GC(417)   Post Evacuate Collection Set: 4.0ms
[2022-05-03T00:54:48.490+0000][1599.405s] GC(417)   Other: 1.1ms
[2022-05-03T00:54:48.491+0000][1599.405s] GC(417) Eden regions: 290->0(291)
[2022-05-03T00:54:48.492+0000][1599.406s] GC(417) Survivor regions: 17->16(39)
[2022-05-03T00:54:48.492+0000][1599.406s] GC(417) Old regions: 60->60
[2022-05-03T00:54:48.493+0000][1599.407s] GC(417) Humongous regions: 7->7
[2022-05-03T00:54:48.493+0000][1599.407s] GC(417) Metaspace: 57692K->57692K(1101824K)
[2022-05-03T00:54:48.494+0000][1599.408s] GC(417) Pause Young (Normal) (G1 Evacuation Pause) 372M->80M(512M) 13.509ms
[2022-05-03T00:54:48.494+0000][1599.408s] GC(417) User=0.05s Sys=0.00s Real=0.01s
[2022-05-03T00:54:51.004+0000][1601.918s] GC(418) Pause Young (Normal) (G1 Evacuation Pause)
[2022-05-03T00:54:51.004+0000][1601.918s] GC(418) Using 8 workers of 8 for evacuation
[2022-05-03T00:54:51.011+0000][1601.925s] GC(418)   Pre Evacuate Collection Set: 0.0ms
[2022-05-03T00:54:51.012+0000][1601.926s] GC(418)   Evacuate Collection Set: 3.4ms
[2022-05-03T00:54:51.012+0000][1601.926s] GC(418)   Post Evacuate Collection Set: 2.9ms
[2022-05-03T00:54:51.012+0000][1601.927s] GC(418)   Other: 1.1ms
[2022-05-03T00:54:51.013+0000][1601.927s] GC(418) Eden regions: 291->0(290)
[2022-05-03T00:54:51.013+0000][1601.927s] GC(418) Survivor regions: 16->17(39)
[2022-05-03T00:54:51.013+0000][1601.928s] GC(418) Old regions: 60->60
[2022-05-03T00:54:51.014+0000][1601.928s] GC(418) Humongous regions: 7->7
[2022-05-03T00:54:51.014+0000][1601.928s] GC(418) Metaspace: 57692K->57692K(1101824K)
[2022-05-03T00:54:51.015+0000][1601.929s] GC(418) Pause Young (Normal) (G1 Evacuation Pause) 371M->82M(512M) 10.715ms
[2022-05-03T00:54:51.015+0000][1601.929s] GC(418) User=0.04s Sys=0.01s Real=0.02s
[2022-05-03T00:54:53.214+0000][1604.129s] GC(419) Pause Young (Normal) (G1 Evacuation Pause)
[2022-05-03T00:54:53.215+0000][1604.129s] GC(419) Using 8 workers of 8 for evacuation
[2022-05-03T00:54:53.230+0000][1604.144s] GC(419)   Pre Evacuate Collection Set: 0.0ms
[2022-05-03T00:54:53.230+0000][1604.144s] GC(419)   Evacuate Collection Set: 7.8ms
[2022-05-03T00:54:53.231+0000][1604.145s] GC(419)   Post Evacuate Collection Set: 7.1ms
[2022-05-03T00:54:53.231+0000][1604.145s] GC(419)   Other: 0.6ms
[2022-05-03T00:54:53.231+0000][1604.145s] GC(419) Eden regions: 290->0(291)
[2022-05-03T00:54:53.232+0000][1604.146s] GC(419) Survivor regions: 17->16(39)
[2022-05-03T00:54:53.232+0000][1604.146s] GC(419) Old regions: 60->60
[2022-05-03T00:54:53.233+0000][1604.147s] GC(419) Humongous regions: 7->7
[2022-05-03T00:54:53.233+0000][1604.147s] GC(419) Metaspace: 57692K->57692K(1101824K)
[2022-05-03T00:54:53.233+0000][1604.147s] GC(419) Pause Young (Normal) (G1 Evacuation Pause) 372M->80M(512M) 18.870ms
[2022-05-03T00:54:53.233+0000][1604.148s] GC(419) User=0.10s Sys=0.00s Real=0.01s
[2022-05-03T00:54:55.132+0000][1606.046s] GC(420) Pause Young (Normal) (G1 Evacuation Pause)
[2022-05-03T00:54:55.132+0000][1606.046s] GC(420) Using 8 workers of 8 for evacuation
[2022-05-03T00:54:55.137+0000][1606.051s] GC(420)   Pre Evacuate Collection Set: 0.0ms
[2022-05-03T00:54:55.137+0000][1606.052s] GC(420)   Evacuate Collection Set: 2.7ms
[2022-05-03T00:54:55.138+0000][1606.052s] GC(420)   Post Evacuate Collection Set: 1.7ms
[2022-05-03T00:54:55.138+0000][1606.052s] GC(420)   Other: 1.0ms
[2022-05-03T00:54:55.139+0000][1606.053s] GC(420) Eden regions: 291->0(294)
[2022-05-03T00:54:55.139+0000][1606.053s] GC(420) Survivor regions: 16->13(39)
[2022-05-03T00:54:55.139+0000][1606.053s] GC(420) Old regions: 60->60
[2022-05-03T00:54:55.139+0000][1606.054s] GC(420) Humongous regions: 7->7
[2022-05-03T00:54:55.140+0000][1606.054s] GC(420) Metaspace: 57692K->57692K(1101824K)
[2022-05-03T00:54:55.140+0000][1606.054s] GC(420) Pause Young (Normal) (G1 Evacuation Pause) 371M->78M(512M) 8.356ms
[2022-05-03T00:54:55.140+0000][1606.054s] GC(420) User=0.03s Sys=0.00s Real=0.01s
[2022-05-03T00:54:57.122+0000][1608.036s] GC(421) Pause Young (Normal) (G1 Evacuation Pause)
[2022-05-03T00:54:57.122+0000][1608.036s] GC(421) Using 8 workers of 8 for evacuation
[2022-05-03T00:54:57.128+0000][1608.042s] GC(421)   Pre Evacuate Collection Set: 0.0ms
[2022-05-03T00:54:57.128+0000][1608.042s] GC(421)   Evacuate Collection Set: 2.9ms
[2022-05-03T00:54:57.129+0000][1608.043s] GC(421)   Post Evacuate Collection Set: 2.4ms
[2022-05-03T00:54:57.129+0000][1608.043s] GC(421)   Other: 0.8ms
[2022-05-03T00:54:57.129+0000][1608.043s] GC(421) Eden regions: 294->0(290)
[2022-05-03T00:54:57.129+0000][1608.044s] GC(421) Survivor regions: 13->17(39)
[2022-05-03T00:54:57.130+0000][1608.044s] GC(421) Old regions: 60->60
[2022-05-03T00:54:57.130+0000][1608.044s] GC(421) Humongous regions: 7->7
[2022-05-03T00:54:57.130+0000][1608.044s] GC(421) Metaspace: 57692K->57692K(1101824K)
[2022-05-03T00:54:57.131+0000][1608.045s] GC(421) Pause Young (Normal) (G1 Evacuation Pause) 372M->82M(512M) 8.748ms
[2022-05-03T00:54:57.131+0000][1608.045s] GC(421) User=0.04s Sys=0.00s Real=0.01s
[2022-05-03T00:54:59.452+0000][1610.366s] GC(422) Pause Young (Normal) (G1 Evacuation Pause)
[2022-05-03T00:54:59.452+0000][1610.366s] GC(422) Using 8 workers of 8 for evacuation
[2022-05-03T00:54:59.458+0000][1610.372s] GC(422)   Pre Evacuate Collection Set: 0.0ms
[2022-05-03T00:54:59.458+0000][1610.373s] GC(422)   Evacuate Collection Set: 2.6ms
[2022-05-03T00:54:59.459+0000][1610.373s] GC(422)   Post Evacuate Collection Set: 2.7ms
[2022-05-03T00:54:59.459+0000][1610.373s] GC(422)   Other: 0.8ms
[2022-05-03T00:54:59.459+0000][1610.374s] GC(422) Eden regions: 290->0(291)
[2022-05-03T00:54:59.460+0000][1610.374s] GC(422) Survivor regions: 17->16(39)
[2022-05-03T00:54:59.460+0000][1610.374s] GC(422) Old regions: 60->60
[2022-05-03T00:54:59.460+0000][1610.375s] GC(422) Humongous regions: 7->7
[2022-05-03T00:54:59.461+0000][1610.375s] GC(422) Metaspace: 57692K->57692K(1101824K)
[2022-05-03T00:54:59.461+0000][1610.375s] GC(422) Pause Young (Normal) (G1 Evacuation Pause) 372M->81M(512M) 9.139ms
[2022-05-03T00:54:59.461+0000][1610.376s] GC(422) User=0.04s Sys=0.00s Real=0.01s
[2022-05-03T00:55:01.689+0000][1612.603s] GC(423) Pause Young (Normal) (G1 Evacuation Pause)
[2022-05-03T00:55:01.689+0000][1612.603s] GC(423) Using 8 workers of 8 for evacuation
[2022-05-03T00:55:01.695+0000][1612.609s] GC(423)   Pre Evacuate Collection Set: 0.0ms
[2022-05-03T00:55:01.696+0000][1612.610s] GC(423)   Evacuate Collection Set: 3.1ms
[2022-05-03T00:55:01.696+0000][1612.610s] GC(423)   Post Evacuate Collection Set: 2.6ms
[2022-05-03T00:55:01.697+0000][1612.611s] GC(423)   Other: 0.9ms
[2022-05-03T00:55:01.697+0000][1612.611s] GC(423) Eden regions: 291->0(289)
[2022-05-03T00:55:01.697+0000][1612.612s] GC(423) Survivor regions: 16->18(39)
[2022-05-03T00:55:01.698+0000][1612.612s] GC(423) Old regions: 60->60
[2022-05-03T00:55:01.698+0000][1612.612s] GC(423) Humongous regions: 7->7
[2022-05-03T00:55:01.698+0000][1612.613s] GC(423) Metaspace: 57692K->57692K(1101824K)
[2022-05-03T00:55:01.699+0000][1612.613s] GC(423) Pause Young (Normal) (G1 Evacuation Pause) 372M->83M(512M) 10.057ms
[2022-05-03T00:55:01.699+0000][1612.613s] GC(423) User=0.04s Sys=0.00s Real=0.01s
[2022-05-03T00:55:03.852+0000][1614.766s] GC(424) Pause Young (Normal) (G1 Evacuation Pause)
[2022-05-03T00:55:03.852+0000][1614.766s] GC(424) Using 8 workers of 8 for evacuation
[2022-05-03T00:55:03.859+0000][1614.773s] GC(424)   Pre Evacuate Collection Set: 0.0ms
[2022-05-03T00:55:03.859+0000][1614.773s] GC(424)   Evacuate Collection Set: 3.8ms
[2022-05-03T00:55:03.859+0000][1614.773s] GC(424)   Post Evacuate Collection Set: 2.0ms
[2022-05-03T00:55:03.860+0000][1614.774s] GC(424)   Other: 0.9ms
[2022-05-03T00:55:03.860+0000][1614.774s] GC(424) Eden regions: 289->0(291)
[2022-05-03T00:55:03.861+0000][1614.775s] GC(424) Survivor regions: 18->16(39)
[2022-05-03T00:55:03.861+0000][1614.775s] GC(424) Old regions: 60->60
[2022-05-03T00:55:03.861+0000][1614.775s] GC(424) Humongous regions: 7->7
[2022-05-03T00:55:03.862+0000][1614.776s] GC(424) Metaspace: 57692K->57692K(1101824K)
[2022-05-03T00:55:03.862+0000][1614.776s] GC(424) Pause Young (Normal) (G1 Evacuation Pause) 372M->81M(512M) 10.397ms
[2022-05-03T00:55:03.863+0000][1614.777s] GC(424) User=0.04s Sys=0.00s Real=0.01s
[2022-05-03T00:55:05.946+0000][1616.860s] GC(425) Pause Young (Normal) (G1 Evacuation Pause)
[2022-05-03T00:55:05.947+0000][1616.861s] GC(425) Using 8 workers of 8 for evacuation
[2022-05-03T00:55:05.952+0000][1616.867s] GC(425)   Pre Evacuate Collection Set: 0.0ms
[2022-05-03T00:55:05.953+0000][1616.867s] GC(425)   Evacuate Collection Set: 2.8ms
[2022-05-03T00:55:05.953+0000][1616.867s] GC(425)   Post Evacuate Collection Set: 2.7ms
[2022-05-03T00:55:05.953+0000][1616.867s] GC(425)   Other: 0.8ms
[2022-05-03T00:55:05.954+0000][1616.868s] GC(425) Eden regions: 291->0(290)
[2022-05-03T00:55:05.954+0000][1616.868s] GC(425) Survivor regions: 16->17(39)
[2022-05-03T00:55:05.954+0000][1616.868s] GC(425) Old regions: 60->60
[2022-05-03T00:55:05.954+0000][1616.869s] GC(425) Humongous regions: 7->7
[2022-05-03T00:55:05.955+0000][1616.869s] GC(425) Metaspace: 57692K->57692K(1101824K)
[2022-05-03T00:55:05.955+0000][1616.869s] GC(425) Pause Young (Normal) (G1 Evacuation Pause) 372M->82M(512M) 9.101ms
[2022-05-03T00:55:05.956+0000][1616.870s] GC(425) User=0.04s Sys=0.00s Real=0.01s
[2022-05-03T00:55:07.991+0000][1618.905s] GC(426) Pause Young (Normal) (G1 Evacuation Pause)
[2022-05-03T00:55:07.991+0000][1618.906s] GC(426) Using 8 workers of 8 for evacuation
[2022-05-03T00:55:07.997+0000][1618.911s] GC(426)   Pre Evacuate Collection Set: 0.0ms
[2022-05-03T00:55:07.997+0000][1618.911s] GC(426)   Evacuate Collection Set: 2.4ms
[2022-05-03T00:55:07.997+0000][1618.911s] GC(426)   Post Evacuate Collection Set: 2.4ms
[2022-05-03T00:55:07.998+0000][1618.912s] GC(426)   Other: 0.5ms
[2022-05-03T00:55:07.998+0000][1618.912s] GC(426) Eden regions: 290->0(291)
[2022-05-03T00:55:07.998+0000][1618.913s] GC(426) Survivor regions: 17->16(39)
[2022-05-03T00:55:07.999+0000][1618.913s] GC(426) Old regions: 60->60
[2022-05-03T00:55:07.999+0000][1618.913s] GC(426) Humongous regions: 7->7
[2022-05-03T00:55:07.999+0000][1618.914s] GC(426) Metaspace: 57692K->57692K(1101824K)
[2022-05-03T00:55:08.000+0000][1618.914s] GC(426) Pause Young (Normal) (G1 Evacuation Pause) 372M->81M(512M) 8.403ms
[2022-05-03T00:55:08.000+0000][1618.914s] GC(426) User=0.03s Sys=0.00s Real=0.01s
[2022-05-03T00:55:10.318+0000][1621.232s] GC(427) Pause Young (Normal) (G1 Evacuation Pause)
[2022-05-03T00:55:10.318+0000][1621.232s] GC(427) Using 8 workers of 8 for evacuation
[2022-05-03T00:55:10.324+0000][1621.239s] GC(427)   Pre Evacuate Collection Set: 0.0ms
[2022-05-03T00:55:10.325+0000][1621.239s] GC(427)   Evacuate Collection Set: 3.3ms
[2022-05-03T00:55:10.325+0000][1621.239s] GC(427)   Post Evacuate Collection Set: 2.5ms
[2022-05-03T00:55:10.326+0000][1621.240s] GC(427)   Other: 0.9ms
[2022-05-03T00:55:10.326+0000][1621.240s] GC(427) Eden regions: 291->0(288)
[2022-05-03T00:55:10.326+0000][1621.241s] GC(427) Survivor regions: 16->19(39)
[2022-05-03T00:55:10.327+0000][1621.241s] GC(427) Old regions: 60->61
[2022-05-03T00:55:10.327+0000][1621.241s] GC(427) Humongous regions: 7->7
[2022-05-03T00:55:10.327+0000][1621.242s] GC(427) Metaspace: 57692K->57692K(1101824K)
[2022-05-03T00:55:10.328+0000][1621.242s] GC(427) Pause Young (Normal) (G1 Evacuation Pause) 372M->83M(512M) 10.107ms
[2022-05-03T00:55:10.328+0000][1621.242s] GC(427) User=0.02s Sys=0.02s Real=0.01s
[2022-05-03T00:55:12.553+0000][1623.467s] GC(428) Pause Young (Normal) (G1 Evacuation Pause)
[2022-05-03T00:55:12.553+0000][1623.467s] GC(428) Using 8 workers of 8 for evacuation
[2022-05-03T00:55:12.577+0000][1623.492s] GC(428)   Pre Evacuate Collection Set: 0.0ms
[2022-05-03T00:55:12.578+0000][1623.492s] GC(428)   Evacuate Collection Set: 18.5ms
[2022-05-03T00:55:12.578+0000][1623.492s] GC(428)   Post Evacuate Collection Set: 5.2ms
[2022-05-03T00:55:12.578+0000][1623.492s] GC(428)   Other: 0.8ms
[2022-05-03T00:55:12.578+0000][1623.492s] GC(428) Eden regions: 288->0(291)
[2022-05-03T00:55:12.579+0000][1623.493s] GC(428) Survivor regions: 19->16(39)
[2022-05-03T00:55:12.579+0000][1623.493s] GC(428) Old regions: 61->61
[2022-05-03T00:55:12.579+0000][1623.493s] GC(428) Humongous regions: 7->7
[2022-05-03T00:55:12.579+0000][1623.493s] GC(428) Metaspace: 57692K->57692K(1101824K)
[2022-05-03T00:55:12.579+0000][1623.493s] GC(428) Pause Young (Normal) (G1 Evacuation Pause) 371M->81M(512M) 26.405ms
[2022-05-03T00:55:12.579+0000][1623.494s] GC(428) User=0.17s Sys=0.00s Real=0.03s
[2022-05-03T00:55:14.944+0000][1625.858s] GC(429) Pause Young (Normal) (G1 Evacuation Pause)
[2022-05-03T00:55:14.944+0000][1625.858s] GC(429) Using 8 workers of 8 for evacuation
[2022-05-03T00:55:14.950+0000][1625.864s] GC(429)   Pre Evacuate Collection Set: 0.0ms
[2022-05-03T00:55:14.950+0000][1625.865s] GC(429)   Evacuate Collection Set: 3.2ms
[2022-05-03T00:55:14.951+0000][1625.865s] GC(429)   Post Evacuate Collection Set: 2.0ms
[2022-05-03T00:55:14.951+0000][1625.865s] GC(429)   Other: 0.8ms
[2022-05-03T00:55:14.951+0000][1625.866s] GC(429) Eden regions: 291->0(292)
[2022-05-03T00:55:14.952+0000][1625.866s] GC(429) Survivor regions: 16->15(39)
[2022-05-03T00:55:14.952+0000][1625.866s] GC(429) Old regions: 61->61
[2022-05-03T00:55:14.952+0000][1625.867s] GC(429) Humongous regions: 7->7
[2022-05-03T00:55:14.953+0000][1625.867s] GC(429) Metaspace: 57692K->57692K(1101824K)
[2022-05-03T00:55:14.953+0000][1625.867s] GC(429) Pause Young (Normal) (G1 Evacuation Pause) 372M->80M(512M) 9.118ms
[2022-05-03T00:55:14.953+0000][1625.868s] GC(429) User=0.03s Sys=0.00s Real=0.01s
[2022-05-03T00:55:17.129+0000][1628.043s] GC(430) Pause Young (Normal) (G1 Evacuation Pause)
[2022-05-03T00:55:17.129+0000][1628.043s] GC(430) Using 8 workers of 8 for evacuation
[2022-05-03T00:55:17.135+0000][1628.049s] GC(430)   Pre Evacuate Collection Set: 0.0ms
[2022-05-03T00:55:17.136+0000][1628.050s] GC(430)   Evacuate Collection Set: 2.6ms
[2022-05-03T00:55:17.136+0000][1628.050s] GC(430)   Post Evacuate Collection Set: 2.7ms
[2022-05-03T00:55:17.136+0000][1628.050s] GC(430)   Other: 1.0ms
[2022-05-03T00:55:17.137+0000][1628.051s] GC(430) Eden regions: 292->0(290)
[2022-05-03T00:55:17.137+0000][1628.051s] GC(430) Survivor regions: 15->17(39)
[2022-05-03T00:55:17.137+0000][1628.052s] GC(430) Old regions: 61->61
[2022-05-03T00:55:17.138+0000][1628.052s] GC(430) Humongous regions: 7->7
[2022-05-03T00:55:17.138+0000][1628.052s] GC(430) Metaspace: 57692K->57692K(1101824K)
[2022-05-03T00:55:17.138+0000][1628.052s] GC(430) Pause Young (Normal) (G1 Evacuation Pause) 372M->82M(512M) 9.515ms
[2022-05-03T00:55:17.139+0000][1628.053s] GC(430) User=0.04s Sys=0.00s Real=0.01s
[2022-05-03T00:55:19.051+0000][1629.966s] GC(431) Pause Young (Normal) (G1 Evacuation Pause)
[2022-05-03T00:55:19.052+0000][1629.966s] GC(431) Using 8 workers of 8 for evacuation
[2022-05-03T00:55:19.071+0000][1629.985s] GC(431)   Pre Evacuate Collection Set: 0.0ms
[2022-05-03T00:55:19.071+0000][1629.985s] GC(431)   Evacuate Collection Set: 9.7ms
[2022-05-03T00:55:19.072+0000][1629.986s] GC(431)   Post Evacuate Collection Set: 9.1ms
[2022-05-03T00:55:19.072+0000][1629.986s] GC(431)   Other: 0.6ms
[2022-05-03T00:55:19.072+0000][1629.986s] GC(431) Eden regions: 290->0(291)
[2022-05-03T00:55:19.072+0000][1629.986s] GC(431) Survivor regions: 17->16(39)
[2022-05-03T00:55:19.072+0000][1629.986s] GC(431) Old regions: 61->61
[2022-05-03T00:55:19.073+0000][1629.987s] GC(431) Humongous regions: 7->7
[2022-05-03T00:55:19.073+0000][1629.987s] GC(431) Metaspace: 57692K->57692K(1101824K)
[2022-05-03T00:55:19.073+0000][1629.987s] GC(431) Pause Young (Normal) (G1 Evacuation Pause) 372M->81M(512M) 21.543ms
[2022-05-03T00:55:19.073+0000][1629.987s] GC(431) User=0.14s Sys=0.00s Real=0.02s
[2022-05-03T00:55:21.294+0000][1632.209s] GC(432) Pause Young (Normal) (G1 Evacuation Pause)
[2022-05-03T00:55:21.295+0000][1632.209s] GC(432) Using 8 workers of 8 for evacuation
[2022-05-03T00:55:21.301+0000][1632.215s] GC(432)   Pre Evacuate Collection Set: 0.0ms
[2022-05-03T00:55:21.302+0000][1632.216s] GC(432)   Evacuate Collection Set: 3.3ms
[2022-05-03T00:55:21.302+0000][1632.216s] GC(432)   Post Evacuate Collection Set: 2.6ms
[2022-05-03T00:55:21.303+0000][1632.217s] GC(432)   Other: 1.0ms
[2022-05-03T00:55:21.303+0000][1632.217s] GC(432) Eden regions: 291->0(289)
[2022-05-03T00:55:21.303+0000][1632.217s] GC(432) Survivor regions: 16->18(39)
[2022-05-03T00:55:21.304+0000][1632.218s] GC(432) Old regions: 61->61
[2022-05-03T00:55:21.304+0000][1632.218s] GC(432) Humongous regions: 7->7
[2022-05-03T00:55:21.304+0000][1632.218s] GC(432) Metaspace: 57692K->57692K(1101824K)
[2022-05-03T00:55:21.305+0000][1632.219s] GC(432) Pause Young (Normal) (G1 Evacuation Pause) 372M->83M(512M) 10.331ms
[2022-05-03T00:55:21.305+0000][1632.219s] GC(432) User=0.04s Sys=0.00s Real=0.01s
[2022-05-03T00:55:23.604+0000][1634.519s] GC(433) Pause Young (Normal) (G1 Evacuation Pause)
[2022-05-03T00:55:23.605+0000][1634.519s] GC(433) Using 8 workers of 8 for evacuation
[2022-05-03T00:55:23.614+0000][1634.528s] GC(433)   Pre Evacuate Collection Set: 0.0ms
[2022-05-03T00:55:23.615+0000][1634.529s] GC(433)   Evacuate Collection Set: 2.6ms
[2022-05-03T00:55:23.615+0000][1634.529s] GC(433)   Post Evacuate Collection Set: 6.1ms
[2022-05-03T00:55:23.615+0000][1634.529s] GC(433)   Other: 0.9ms
[2022-05-03T00:55:23.616+0000][1634.530s] GC(433) Eden regions: 289->0(291)
[2022-05-03T00:55:23.616+0000][1634.530s] GC(433) Survivor regions: 18->16(39)
[2022-05-03T00:55:23.617+0000][1634.531s] GC(433) Old regions: 61->61
[2022-05-03T00:55:23.617+0000][1634.531s] GC(433) Humongous regions: 7->7
[2022-05-03T00:55:23.617+0000][1634.531s] GC(433) Metaspace: 57692K->57692K(1101824K)
[2022-05-03T00:55:23.618+0000][1634.532s] GC(433) Pause Young (Normal) (G1 Evacuation Pause) 372M->81M(512M) 13.132ms
[2022-05-03T00:55:23.618+0000][1634.532s] GC(433) User=0.06s Sys=0.01s Real=0.01s
[2022-05-03T00:55:25.884+0000][1636.798s] GC(434) Pause Young (Normal) (G1 Evacuation Pause)
[2022-05-03T00:55:25.885+0000][1636.799s] GC(434) Using 8 workers of 8 for evacuation
[2022-05-03T00:55:25.890+0000][1636.804s] GC(434)   Pre Evacuate Collection Set: 0.0ms
[2022-05-03T00:55:25.891+0000][1636.805s] GC(434)   Evacuate Collection Set: 3.2ms
[2022-05-03T00:55:25.891+0000][1636.805s] GC(434)   Post Evacuate Collection Set: 1.8ms
[2022-05-03T00:55:25.892+0000][1636.806s] GC(434)   Other: 1.0ms
[2022-05-03T00:55:25.892+0000][1636.806s] GC(434) Eden regions: 291->0(292)
[2022-05-03T00:55:25.892+0000][1636.807s] GC(434) Survivor regions: 16->15(39)
[2022-05-03T00:55:25.893+0000][1636.807s] GC(434) Old regions: 61->61
[2022-05-03T00:55:25.893+0000][1636.807s] GC(434) Humongous regions: 7->7
[2022-05-03T00:55:25.894+0000][1636.808s] GC(434) Metaspace: 57692K->57692K(1101824K)
[2022-05-03T00:55:25.894+0000][1636.808s] GC(434) Pause Young (Normal) (G1 Evacuation Pause) 372M->80M(512M) 9.796ms
[2022-05-03T00:55:25.894+0000][1636.809s] GC(434) User=0.03s Sys=0.00s Real=0.01s
[2022-05-03T00:55:27.997+0000][1638.911s] GC(435) Pause Young (Normal) (G1 Evacuation Pause)
[2022-05-03T00:55:27.997+0000][1638.911s] GC(435) Using 8 workers of 8 for evacuation
[2022-05-03T00:55:28.003+0000][1638.917s] GC(435)   Pre Evacuate Collection Set: 0.0ms
[2022-05-03T00:55:28.004+0000][1638.918s] GC(435)   Evacuate Collection Set: 2.8ms
[2022-05-03T00:55:28.004+0000][1638.918s] GC(435)   Post Evacuate Collection Set: 2.4ms
[2022-05-03T00:55:28.004+0000][1638.919s] GC(435)   Other: 1.0ms
[2022-05-03T00:55:28.005+0000][1638.919s] GC(435) Eden regions: 292->0(290)
[2022-05-03T00:55:28.005+0000][1638.919s] GC(435) Survivor regions: 15->17(39)
[2022-05-03T00:55:28.006+0000][1638.920s] GC(435) Old regions: 61->61
[2022-05-03T00:55:28.006+0000][1638.920s] GC(435) Humongous regions: 7->7
[2022-05-03T00:55:28.006+0000][1638.920s] GC(435) Metaspace: 57692K->57692K(1101824K)
[2022-05-03T00:55:28.007+0000][1638.921s] GC(435) Pause Young (Normal) (G1 Evacuation Pause) 372M->82M(512M) 9.825ms
[2022-05-03T00:55:28.007+0000][1638.921s] GC(435) User=0.04s Sys=0.00s Real=0.01s
[2022-05-03T00:55:29.972+0000][1640.886s] GC(436) Pause Young (Normal) (G1 Evacuation Pause)
[2022-05-03T00:55:29.972+0000][1640.886s] GC(436) Using 8 workers of 8 for evacuation
[2022-05-03T00:55:29.979+0000][1640.893s] GC(436)   Pre Evacuate Collection Set: 0.0ms
[2022-05-03T00:55:29.979+0000][1640.893s] GC(436)   Evacuate Collection Set: 3.5ms
[2022-05-03T00:55:29.979+0000][1640.894s] GC(436)   Post Evacuate Collection Set: 2.5ms
[2022-05-03T00:55:29.980+0000][1640.894s] GC(436)   Other: 0.9ms
[2022-05-03T00:55:29.980+0000][1640.894s] GC(436) Eden regions: 290->0(289)
[2022-05-03T00:55:29.981+0000][1640.895s] GC(436) Survivor regions: 17->18(39)
[2022-05-03T00:55:29.981+0000][1640.895s] GC(436) Old regions: 61->61
[2022-05-03T00:55:29.981+0000][1640.896s] GC(436) Humongous regions: 7->7
[2022-05-03T00:55:29.982+0000][1640.896s] GC(436) Metaspace: 57692K->57692K(1101824K)
[2022-05-03T00:55:29.982+0000][1640.896s] GC(436) Pause Young (Normal) (G1 Evacuation Pause) 372M->83M(512M) 10.386ms
[2022-05-03T00:55:29.982+0000][1640.897s] GC(436) User=0.04s Sys=0.00s Real=0.01s
[2022-05-03T00:55:32.269+0000][1643.183s] GC(437) Pause Young (Normal) (G1 Evacuation Pause)
[2022-05-03T00:55:32.269+0000][1643.183s] GC(437) Using 8 workers of 8 for evacuation
[2022-05-03T00:55:32.276+0000][1643.190s] GC(437)   Pre Evacuate Collection Set: 0.0ms
[2022-05-03T00:55:32.276+0000][1643.190s] GC(437)   Evacuate Collection Set: 3.2ms
[2022-05-03T00:55:32.277+0000][1643.191s] GC(437)   Post Evacuate Collection Set: 3.1ms
[2022-05-03T00:55:32.277+0000][1643.191s] GC(437)   Other: 0.9ms
[2022-05-03T00:55:32.277+0000][1643.191s] GC(437) Eden regions: 289->0(289)
[2022-05-03T00:55:32.278+0000][1643.192s] GC(437) Survivor regions: 18->18(39)
[2022-05-03T00:55:32.278+0000][1643.192s] GC(437) Old regions: 61->61
[2022-05-03T00:55:32.278+0000][1643.192s] GC(437) Humongous regions: 7->7
[2022-05-03T00:55:32.278+0000][1643.193s] GC(437) Metaspace: 57692K->57692K(1101824K)
[2022-05-03T00:55:32.279+0000][1643.193s] GC(437) Pause Young (Normal) (G1 Evacuation Pause) 372M->84M(512M) 9.751ms
[2022-05-03T00:55:32.279+0000][1643.193s] GC(437) User=0.04s Sys=0.00s Real=0.01s
[2022-05-03T00:55:34.710+0000][1645.624s] GC(438) Pause Young (Normal) (G1 Evacuation Pause)
[2022-05-03T00:55:34.710+0000][1645.624s] GC(438) Using 8 workers of 8 for evacuation
[2022-05-03T00:55:34.715+0000][1645.629s] GC(438)   Pre Evacuate Collection Set: 0.0ms
[2022-05-03T00:55:34.716+0000][1645.630s] GC(438)   Evacuate Collection Set: 2.2ms
[2022-05-03T00:55:34.716+0000][1645.630s] GC(438)   Post Evacuate Collection Set: 2.8ms
[2022-05-03T00:55:34.717+0000][1645.631s] GC(438)   Other: 0.7ms
[2022-05-03T00:55:34.717+0000][1645.631s] GC(438) Eden regions: 289->0(292)
[2022-05-03T00:55:34.717+0000][1645.631s] GC(438) Survivor regions: 18->15(39)
[2022-05-03T00:55:34.718+0000][1645.632s] GC(438) Old regions: 61->61
[2022-05-03T00:55:34.718+0000][1645.632s] GC(438) Humongous regions: 7->7
[2022-05-03T00:55:34.718+0000][1645.632s] GC(438) Metaspace: 57692K->57692K(1101824K)
[2022-05-03T00:55:34.718+0000][1645.632s] GC(438) Pause Young (Normal) (G1 Evacuation Pause) 373M->81M(512M) 8.437ms
[2022-05-03T00:55:34.718+0000][1645.632s] GC(438) User=0.03s Sys=0.00s Real=0.01s
[2022-05-03T00:55:36.973+0000][1647.887s] GC(439) Pause Young (Normal) (G1 Evacuation Pause)
[2022-05-03T00:55:36.973+0000][1647.887s] GC(439) Using 8 workers of 8 for evacuation
[2022-05-03T00:55:36.978+0000][1647.892s] GC(439)   Pre Evacuate Collection Set: 0.0ms
[2022-05-03T00:55:36.978+0000][1647.892s] GC(439)   Evacuate Collection Set: 2.0ms
[2022-05-03T00:55:36.978+0000][1647.893s] GC(439)   Post Evacuate Collection Set: 2.5ms
[2022-05-03T00:55:36.979+0000][1647.893s] GC(439)   Other: 0.5ms
[2022-05-03T00:55:36.979+0000][1647.893s] GC(439) Eden regions: 292->0(293)
[2022-05-03T00:55:36.980+0000][1647.894s] GC(439) Survivor regions: 15->14(39)
[2022-05-03T00:55:36.980+0000][1647.894s] GC(439) Old regions: 61->61
[2022-05-03T00:55:36.980+0000][1647.894s] GC(439) Humongous regions: 7->7
[2022-05-03T00:55:36.981+0000][1647.895s] GC(439) Metaspace: 57692K->57692K(1101824K)
[2022-05-03T00:55:36.981+0000][1647.895s] GC(439) Pause Young (Normal) (G1 Evacuation Pause) 373M->80M(512M) 8.481ms
[2022-05-03T00:55:36.981+0000][1647.895s] GC(439) User=0.04s Sys=0.00s Real=0.01s
[2022-05-03T00:55:39.129+0000][1650.043s] GC(440) Pause Young (Normal) (G1 Evacuation Pause)
[2022-05-03T00:55:39.129+0000][1650.043s] GC(440) Using 8 workers of 8 for evacuation
[2022-05-03T00:55:39.135+0000][1650.049s] GC(440)   Pre Evacuate Collection Set: 0.0ms
[2022-05-03T00:55:39.135+0000][1650.049s] GC(440)   Evacuate Collection Set: 2.7ms
[2022-05-03T00:55:39.135+0000][1650.050s] GC(440)   Post Evacuate Collection Set: 2.2ms
[2022-05-03T00:55:39.136+0000][1650.050s] GC(440)   Other: 1.0ms
[2022-05-03T00:55:39.136+0000][1650.050s] GC(440) Eden regions: 293->0(294)
[2022-05-03T00:55:39.136+0000][1650.051s] GC(440) Survivor regions: 14->13(39)
[2022-05-03T00:55:39.137+0000][1650.051s] GC(440) Old regions: 61->61
[2022-05-03T00:55:39.137+0000][1650.051s] GC(440) Humongous regions: 7->7
[2022-05-03T00:55:39.137+0000][1650.052s] GC(440) Metaspace: 57692K->57692K(1101824K)
[2022-05-03T00:55:39.138+0000][1650.052s] GC(440) Pause Young (Normal) (G1 Evacuation Pause) 373M->79M(512M) 9.127ms
[2022-05-03T00:55:39.138+0000][1650.052s] GC(440) User=0.02s Sys=0.01s Real=0.01s
[2022-05-03T00:55:41.175+0000][1652.089s] GC(441) Pause Young (Normal) (G1 Evacuation Pause)
[2022-05-03T00:55:41.175+0000][1652.089s] GC(441) Using 8 workers of 8 for evacuation
[2022-05-03T00:55:41.181+0000][1652.095s] GC(441)   Pre Evacuate Collection Set: 0.0ms
[2022-05-03T00:55:41.181+0000][1652.095s] GC(441)   Evacuate Collection Set: 2.8ms
[2022-05-03T00:55:41.182+0000][1652.096s] GC(441)   Post Evacuate Collection Set: 2.4ms
[2022-05-03T00:55:41.182+0000][1652.096s] GC(441)   Other: 0.7ms
[2022-05-03T00:55:41.182+0000][1652.096s] GC(441) Eden regions: 294->0(290)
[2022-05-03T00:55:41.183+0000][1652.097s] GC(441) Survivor regions: 13->17(39)
[2022-05-03T00:55:41.183+0000][1652.097s] GC(441) Old regions: 61->61
[2022-05-03T00:55:41.183+0000][1652.097s] GC(441) Humongous regions: 7->7
[2022-05-03T00:55:41.184+0000][1652.098s] GC(441) Metaspace: 57692K->57692K(1101824K)
[2022-05-03T00:55:41.184+0000][1652.098s] GC(441) Pause Young (Normal) (G1 Evacuation Pause) 373M->83M(512M) 8.813ms
[2022-05-03T00:55:41.184+0000][1652.098s] GC(441) User=0.04s Sys=0.01s Real=0.01s
[2022-05-03T00:55:43.426+0000][1654.340s] GC(442) Pause Young (Normal) (G1 Evacuation Pause)
[2022-05-03T00:55:43.426+0000][1654.340s] GC(442) Using 8 workers of 8 for evacuation
[2022-05-03T00:55:43.431+0000][1654.346s] GC(442)   Pre Evacuate Collection Set: 0.0ms
[2022-05-03T00:55:43.432+0000][1654.346s] GC(442)   Evacuate Collection Set: 2.5ms
[2022-05-03T00:55:43.432+0000][1654.346s] GC(442)   Post Evacuate Collection Set: 2.5ms
[2022-05-03T00:55:43.432+0000][1654.347s] GC(442)   Other: 0.8ms
[2022-05-03T00:55:43.433+0000][1654.347s] GC(442) Eden regions: 290->0(291)
[2022-05-03T00:55:43.433+0000][1654.347s] GC(442) Survivor regions: 17->16(39)
[2022-05-03T00:55:43.433+0000][1654.348s] GC(442) Old regions: 61->61
[2022-05-03T00:55:43.434+0000][1654.348s] GC(442) Humongous regions: 7->7
[2022-05-03T00:55:43.434+0000][1654.348s] GC(442) Metaspace: 57692K->57692K(1101824K)
[2022-05-03T00:55:43.434+0000][1654.348s] GC(442) Pause Young (Normal) (G1 Evacuation Pause) 373M->82M(512M) 8.509ms
[2022-05-03T00:55:43.434+0000][1654.349s] GC(442) User=0.03s Sys=0.00s Real=0.01s
[2022-05-03T00:55:45.664+0000][1656.578s] GC(443) Pause Young (Normal) (G1 Evacuation Pause)
[2022-05-03T00:55:45.665+0000][1656.579s] GC(443) Using 8 workers of 8 for evacuation
[2022-05-03T00:55:45.673+0000][1656.587s] GC(443)   Pre Evacuate Collection Set: 0.0ms
[2022-05-03T00:55:45.673+0000][1656.587s] GC(443)   Evacuate Collection Set: 4.0ms
[2022-05-03T00:55:45.673+0000][1656.587s] GC(443)   Post Evacuate Collection Set: 3.7ms
[2022-05-03T00:55:45.673+0000][1656.587s] GC(443)   Other: 0.8ms
[2022-05-03T00:55:45.674+0000][1656.588s] GC(443) Eden regions: 291->0(289)
[2022-05-03T00:55:45.674+0000][1656.588s] GC(443) Survivor regions: 16->18(39)
[2022-05-03T00:55:45.674+0000][1656.588s] GC(443) Old regions: 61->61
[2022-05-03T00:55:45.674+0000][1656.588s] GC(443) Humongous regions: 7->7
[2022-05-03T00:55:45.674+0000][1656.588s] GC(443) Metaspace: 57692K->57692K(1101824K)
[2022-05-03T00:55:45.674+0000][1656.589s] GC(443) Pause Young (Normal) (G1 Evacuation Pause) 373M->83M(512M) 10.140ms
[2022-05-03T00:55:45.675+0000][1656.589s] GC(443) User=0.05s Sys=0.01s Real=0.01s
[2022-05-03T00:55:48.027+0000][1658.942s] GC(444) Pause Young (Normal) (G1 Evacuation Pause)
[2022-05-03T00:55:48.028+0000][1658.942s] GC(444) Using 8 workers of 8 for evacuation
[2022-05-03T00:55:48.034+0000][1658.948s] GC(444)   Pre Evacuate Collection Set: 0.0ms
[2022-05-03T00:55:48.034+0000][1658.948s] GC(444)   Evacuate Collection Set: 3.8ms
[2022-05-03T00:55:48.035+0000][1658.949s] GC(444)   Post Evacuate Collection Set: 2.0ms
[2022-05-03T00:55:48.035+0000][1658.949s] GC(444)   Other: 0.5ms
[2022-05-03T00:55:48.035+0000][1658.949s] GC(444) Eden regions: 289->0(290)
[2022-05-03T00:55:48.036+0000][1658.950s] GC(444) Survivor regions: 18->17(39)
[2022-05-03T00:55:48.036+0000][1658.950s] GC(444) Old regions: 61->61
[2022-05-03T00:55:48.036+0000][1658.951s] GC(444) Humongous regions: 7->7
[2022-05-03T00:55:48.037+0000][1658.951s] GC(444) Metaspace: 57692K->57692K(1101824K)
[2022-05-03T00:55:48.037+0000][1658.951s] GC(444) Pause Young (Normal) (G1 Evacuation Pause) 372M->82M(512M) 9.839ms
[2022-05-03T00:55:48.037+0000][1658.952s] GC(444) User=0.04s Sys=0.01s Real=0.01s
[2022-05-03T00:55:50.040+0000][1660.954s] GC(445) Pause Young (Normal) (G1 Evacuation Pause)
[2022-05-03T00:55:50.040+0000][1660.955s] GC(445) Using 8 workers of 8 for evacuation
[2022-05-03T00:55:50.046+0000][1660.960s] GC(445)   Pre Evacuate Collection Set: 0.0ms
[2022-05-03T00:55:50.046+0000][1660.961s] GC(445)   Evacuate Collection Set: 2.7ms
[2022-05-03T00:55:50.047+0000][1660.961s] GC(445)   Post Evacuate Collection Set: 2.4ms
[2022-05-03T00:55:50.047+0000][1660.961s] GC(445)   Other: 1.0ms
[2022-05-03T00:55:50.048+0000][1660.962s] GC(445) Eden regions: 290->0(290)
[2022-05-03T00:55:50.048+0000][1660.962s] GC(445) Survivor regions: 17->17(39)
[2022-05-03T00:55:50.048+0000][1660.963s] GC(445) Old regions: 61->61
[2022-05-03T00:55:50.049+0000][1660.963s] GC(445) Humongous regions: 7->7
[2022-05-03T00:55:50.049+0000][1660.963s] GC(445) Metaspace: 57692K->57692K(1101824K)
[2022-05-03T00:55:50.049+0000][1660.964s] GC(445) Pause Young (Normal) (G1 Evacuation Pause) 372M->83M(512M) 9.566ms
[2022-05-03T00:55:50.050+0000][1660.964s] GC(445) User=0.03s Sys=0.00s Real=0.01s
[2022-05-03T00:55:52.061+0000][1662.976s] GC(446) Pause Young (Normal) (G1 Evacuation Pause)
[2022-05-03T00:55:52.062+0000][1662.976s] GC(446) Using 8 workers of 8 for evacuation
[2022-05-03T00:55:52.077+0000][1662.991s] GC(446)   Pre Evacuate Collection Set: 0.0ms
[2022-05-03T00:55:52.078+0000][1662.992s] GC(446)   Evacuate Collection Set: 7.5ms
[2022-05-03T00:55:52.078+0000][1662.992s] GC(446)   Post Evacuate Collection Set: 7.4ms
[2022-05-03T00:55:52.078+0000][1662.992s] GC(446)   Other: 0.8ms
[2022-05-03T00:55:52.078+0000][1662.993s] GC(446) Eden regions: 290->0(291)
[2022-05-03T00:55:52.079+0000][1662.993s] GC(446) Survivor regions: 17->16(39)
[2022-05-03T00:55:52.079+0000][1662.993s] GC(446) Old regions: 61->61
[2022-05-03T00:55:52.079+0000][1662.993s] GC(446) Humongous regions: 7->7
[2022-05-03T00:55:52.079+0000][1662.993s] GC(446) Metaspace: 57692K->57692K(1101824K)
[2022-05-03T00:55:52.079+0000][1662.994s] GC(446) Pause Young (Normal) (G1 Evacuation Pause) 373M->82M(512M) 18.029ms
[2022-05-03T00:55:52.080+0000][1662.994s] GC(446) User=0.10s Sys=0.00s Real=0.02s
[2022-05-03T00:55:54.337+0000][1665.251s] GC(447) Pause Young (Normal) (G1 Evacuation Pause)
[2022-05-03T00:55:54.337+0000][1665.251s] GC(447) Using 8 workers of 8 for evacuation
[2022-05-03T00:55:54.343+0000][1665.257s] GC(447)   Pre Evacuate Collection Set: 0.0ms
[2022-05-03T00:55:54.343+0000][1665.257s] GC(447)   Evacuate Collection Set: 2.2ms
[2022-05-03T00:55:54.343+0000][1665.257s] GC(447)   Post Evacuate Collection Set: 2.7ms
[2022-05-03T00:55:54.344+0000][1665.258s] GC(447)   Other: 0.5ms
[2022-05-03T00:55:54.344+0000][1665.258s] GC(447) Eden regions: 291->0(291)
[2022-05-03T00:55:54.344+0000][1665.258s] GC(447) Survivor regions: 16->16(39)
[2022-05-03T00:55:54.344+0000][1665.258s] GC(447) Old regions: 61->61
[2022-05-03T00:55:54.345+0000][1665.259s] GC(447) Humongous regions: 7->7
[2022-05-03T00:55:54.345+0000][1665.259s] GC(447) Metaspace: 57692K->57692K(1101824K)
[2022-05-03T00:55:54.345+0000][1665.259s] GC(447) Pause Young (Normal) (G1 Evacuation Pause) 373M->81M(512M) 8.017ms
[2022-05-03T00:55:54.345+0000][1665.260s] GC(447) User=0.03s Sys=0.01s Real=0.01s
[2022-05-03T00:55:56.628+0000][1667.542s] GC(448) Pause Young (Normal) (G1 Evacuation Pause)
[2022-05-03T00:55:56.628+0000][1667.542s] GC(448) Using 8 workers of 8 for evacuation
[2022-05-03T00:55:56.634+0000][1667.549s] GC(448)   Pre Evacuate Collection Set: 0.0ms
[2022-05-03T00:55:56.635+0000][1667.549s] GC(448)   Evacuate Collection Set: 4.0ms
[2022-05-03T00:55:56.635+0000][1667.549s] GC(448)   Post Evacuate Collection Set: 1.7ms
[2022-05-03T00:55:56.636+0000][1667.550s] GC(448)   Other: 0.8ms
[2022-05-03T00:55:56.636+0000][1667.550s] GC(448) Eden regions: 291->0(289)
[2022-05-03T00:55:56.636+0000][1667.551s] GC(448) Survivor regions: 16->18(39)
[2022-05-03T00:55:56.637+0000][1667.551s] GC(448) Old regions: 61->61
[2022-05-03T00:55:56.637+0000][1667.551s] GC(448) Humongous regions: 7->7
[2022-05-03T00:55:56.637+0000][1667.551s] GC(448) Metaspace: 57692K->57692K(1101824K)
[2022-05-03T00:55:56.638+0000][1667.552s] GC(448) Pause Young (Normal) (G1 Evacuation Pause) 372M->83M(512M) 9.638ms
[2022-05-03T00:55:56.638+0000][1667.552s] GC(448) User=0.03s Sys=0.02s Real=0.01s
[2022-05-03T00:55:58.836+0000][1669.750s] GC(449) Pause Young (Normal) (G1 Evacuation Pause)
[2022-05-03T00:55:58.836+0000][1669.751s] GC(449) Using 8 workers of 8 for evacuation
[2022-05-03T00:55:58.845+0000][1669.759s] GC(449)   Pre Evacuate Collection Set: 0.0ms
[2022-05-03T00:55:58.845+0000][1669.759s] GC(449)   Evacuate Collection Set: 2.9ms
[2022-05-03T00:55:58.846+0000][1669.760s] GC(449)   Post Evacuate Collection Set: 4.9ms
[2022-05-03T00:55:58.846+0000][1669.760s] GC(449)   Other: 0.9ms
[2022-05-03T00:55:58.847+0000][1669.761s] GC(449) Eden regions: 289->0(288)
[2022-05-03T00:55:58.847+0000][1669.761s] GC(449) Survivor regions: 18->19(39)
[2022-05-03T00:55:58.847+0000][1669.761s] GC(449) Old regions: 61->61
[2022-05-03T00:55:58.848+0000][1669.762s] GC(449) Humongous regions: 7->7
[2022-05-03T00:55:58.848+0000][1669.762s] GC(449) Metaspace: 57692K->57692K(1101824K)
[2022-05-03T00:55:58.848+0000][1669.762s] GC(449) Pause Young (Normal) (G1 Evacuation Pause) 372M->85M(512M) 12.254ms
[2022-05-03T00:55:58.849+0000][1669.763s] GC(449) User=0.06s Sys=0.00s Real=0.01s
[2022-05-03T00:56:00.834+0000][1671.748s] GC(450) Pause Young (Normal) (G1 Evacuation Pause)
[2022-05-03T00:56:00.835+0000][1671.749s] GC(450) Using 8 workers of 8 for evacuation
[2022-05-03T00:56:00.839+0000][1671.754s] GC(450)   Pre Evacuate Collection Set: 0.0ms
[2022-05-03T00:56:00.840+0000][1671.754s] GC(450)   Evacuate Collection Set: 2.6ms
[2022-05-03T00:56:00.840+0000][1671.754s] GC(450)   Post Evacuate Collection Set: 1.7ms
[2022-05-03T00:56:00.841+0000][1671.755s] GC(450)   Other: 0.8ms
[2022-05-03T00:56:00.841+0000][1671.755s] GC(450) Eden regions: 288->0(293)
[2022-05-03T00:56:00.842+0000][1671.756s] GC(450) Survivor regions: 19->14(39)
[2022-05-03T00:56:00.842+0000][1671.756s] GC(450) Old regions: 61->61
[2022-05-03T00:56:00.842+0000][1671.756s] GC(450) Humongous regions: 7->7
[2022-05-03T00:56:00.843+0000][1671.757s] GC(450) Metaspace: 57692K->57692K(1101824K)
[2022-05-03T00:56:00.843+0000][1671.757s] GC(450) Pause Young (Normal) (G1 Evacuation Pause) 373M->80M(512M) 8.859ms
[2022-05-03T00:56:00.843+0000][1671.758s] GC(450) User=0.03s Sys=0.00s Real=0.00s
[2022-05-03T00:56:02.815+0000][1673.729s] GC(451) Pause Young (Normal) (G1 Evacuation Pause)
[2022-05-03T00:56:02.815+0000][1673.729s] GC(451) Using 8 workers of 8 for evacuation
[2022-05-03T00:56:02.820+0000][1673.734s] GC(451)   Pre Evacuate Collection Set: 0.0ms
[2022-05-03T00:56:02.820+0000][1673.734s] GC(451)   Evacuate Collection Set: 2.2ms
[2022-05-03T00:56:02.821+0000][1673.735s] GC(451)   Post Evacuate Collection Set: 2.4ms
[2022-05-03T00:56:02.821+0000][1673.735s] GC(451)   Other: 0.6ms
[2022-05-03T00:56:02.821+0000][1673.736s] GC(451) Eden regions: 293->0(291)
[2022-05-03T00:56:02.822+0000][1673.736s] GC(451) Survivor regions: 14->16(39)
[2022-05-03T00:56:02.822+0000][1673.736s] GC(451) Old regions: 61->62
[2022-05-03T00:56:02.822+0000][1673.737s] GC(451) Humongous regions: 7->7
[2022-05-03T00:56:02.823+0000][1673.737s] GC(451) Metaspace: 57697K->57697K(1101824K)
[2022-05-03T00:56:02.823+0000][1673.737s] GC(451) Pause Young (Normal) (G1 Evacuation Pause) 373M->82M(512M) 8.327ms
[2022-05-03T00:56:02.823+0000][1673.737s] GC(451) User=0.03s Sys=0.00s Real=0.00s
[2022-05-03T00:56:05.068+0000][1675.982s] GC(452) Pause Young (Normal) (G1 Evacuation Pause)
[2022-05-03T00:56:05.068+0000][1675.982s] GC(452) Using 8 workers of 8 for evacuation
[2022-05-03T00:56:05.074+0000][1675.988s] GC(452)   Pre Evacuate Collection Set: 0.0ms
[2022-05-03T00:56:05.075+0000][1675.989s] GC(452)   Evacuate Collection Set: 3.4ms
[2022-05-03T00:56:05.075+0000][1675.989s] GC(452)   Post Evacuate Collection Set: 2.6ms
[2022-05-03T00:56:05.075+0000][1675.990s] GC(452)   Other: 0.7ms
[2022-05-03T00:56:05.076+0000][1675.990s] GC(452) Eden regions: 291->0(288)
[2022-05-03T00:56:05.076+0000][1675.990s] GC(452) Survivor regions: 16->19(39)
[2022-05-03T00:56:05.077+0000][1675.991s] GC(452) Old regions: 62->62
[2022-05-03T00:56:05.077+0000][1675.991s] GC(452) Humongous regions: 7->7
[2022-05-03T00:56:05.077+0000][1675.991s] GC(452) Metaspace: 57697K->57697K(1101824K)
[2022-05-03T00:56:05.077+0000][1675.992s] GC(452) Pause Young (Normal) (G1 Evacuation Pause) 373M->85M(512M) 9.855ms
[2022-05-03T00:56:05.078+0000][1675.992s] GC(452) User=0.04s Sys=0.01s Real=0.01s
[2022-05-03T00:56:07.397+0000][1678.311s] GC(453) Pause Young (Normal) (G1 Evacuation Pause)
[2022-05-03T00:56:07.397+0000][1678.311s] GC(453) Using 8 workers of 8 for evacuation
[2022-05-03T00:56:07.403+0000][1678.317s] GC(453)   Pre Evacuate Collection Set: 0.0ms
[2022-05-03T00:56:07.403+0000][1678.317s] GC(453)   Evacuate Collection Set: 2.7ms
[2022-05-03T00:56:07.404+0000][1678.318s] GC(453)   Post Evacuate Collection Set: 2.6ms
[2022-05-03T00:56:07.404+0000][1678.318s] GC(453)   Other: 0.8ms
[2022-05-03T00:56:07.404+0000][1678.318s] GC(453) Eden regions: 288->0(291)
[2022-05-03T00:56:07.405+0000][1678.319s] GC(453) Survivor regions: 19->16(39)
[2022-05-03T00:56:07.405+0000][1678.319s] GC(453) Old regions: 62->62
[2022-05-03T00:56:07.405+0000][1678.319s] GC(453) Humongous regions: 7->7
[2022-05-03T00:56:07.406+0000][1678.320s] GC(453) Metaspace: 57697K->57697K(1101824K)
[2022-05-03T00:56:07.406+0000][1678.320s] GC(453) Pause Young (Normal) (G1 Evacuation Pause) 373M->82M(512M) 9.047ms
[2022-05-03T00:56:07.406+0000][1678.320s] GC(453) User=0.03s Sys=0.01s Real=0.01s
[2022-05-03T00:56:10.158+0000][1681.072s] GC(454) Pause Young (Normal) (G1 Evacuation Pause)
[2022-05-03T00:56:10.158+0000][1681.072s] GC(454) Using 8 workers of 8 for evacuation
[2022-05-03T00:56:10.163+0000][1681.077s] GC(454)   Pre Evacuate Collection Set: 0.0ms
[2022-05-03T00:56:10.164+0000][1681.078s] GC(454)   Evacuate Collection Set: 3.2ms
[2022-05-03T00:56:10.164+0000][1681.078s] GC(454)   Post Evacuate Collection Set: 1.9ms
[2022-05-03T00:56:10.165+0000][1681.079s] GC(454)   Other: 0.6ms
[2022-05-03T00:56:10.165+0000][1681.079s] GC(454) Eden regions: 291->0(292)
[2022-05-03T00:56:10.166+0000][1681.080s] GC(454) Survivor regions: 16->15(39)
[2022-05-03T00:56:10.166+0000][1681.080s] GC(454) Old regions: 62->62
[2022-05-03T00:56:10.166+0000][1681.080s] GC(454) Humongous regions: 7->7
[2022-05-03T00:56:10.167+0000][1681.081s] GC(454) Metaspace: 57697K->57697K(1101824K)
[2022-05-03T00:56:10.167+0000][1681.081s] GC(454) Pause Young (Normal) (G1 Evacuation Pause) 373M->81M(512M) 9.418ms
[2022-05-03T00:56:10.167+0000][1681.082s] GC(454) User=0.04s Sys=0.01s Real=0.01s
[2022-05-03T00:56:12.214+0000][1683.128s] GC(455) Pause Young (Normal) (G1 Evacuation Pause)
[2022-05-03T00:56:12.214+0000][1683.128s] GC(455) Using 8 workers of 8 for evacuation
[2022-05-03T00:56:12.219+0000][1683.134s] GC(455)   Pre Evacuate Collection Set: 0.0ms
[2022-05-03T00:56:12.220+0000][1683.134s] GC(455)   Evacuate Collection Set: 2.7ms
[2022-05-03T00:56:12.220+0000][1683.134s] GC(455)   Post Evacuate Collection Set: 2.4ms
[2022-05-03T00:56:12.221+0000][1683.135s] GC(455)   Other: 0.7ms
[2022-05-03T00:56:12.221+0000][1683.135s] GC(455) Eden regions: 292->0(290)
[2022-05-03T00:56:12.221+0000][1683.135s] GC(455) Survivor regions: 15->17(39)
[2022-05-03T00:56:12.222+0000][1683.136s] GC(455) Old regions: 62->62
[2022-05-03T00:56:12.222+0000][1683.136s] GC(455) Humongous regions: 7->7
[2022-05-03T00:56:12.222+0000][1683.136s] GC(455) Metaspace: 57697K->57697K(1101824K)
[2022-05-03T00:56:12.222+0000][1683.137s] GC(455) Pause Young (Normal) (G1 Evacuation Pause) 373M->83M(512M) 8.786ms
[2022-05-03T00:56:12.223+0000][1683.137s] GC(455) User=0.03s Sys=0.00s Real=0.01s
[2022-05-03T00:56:14.068+0000][1684.982s] GC(456) Pause Young (Normal) (G1 Evacuation Pause)
[2022-05-03T00:56:14.068+0000][1684.982s] GC(456) Using 8 workers of 8 for evacuation
[2022-05-03T00:56:14.075+0000][1684.989s] GC(456)   Pre Evacuate Collection Set: 0.0ms
[2022-05-03T00:56:14.075+0000][1684.989s] GC(456)   Evacuate Collection Set: 3.4ms
[2022-05-03T00:56:14.076+0000][1684.990s] GC(456)   Post Evacuate Collection Set: 2.6ms
[2022-05-03T00:56:14.076+0000][1684.990s] GC(456)   Other: 1.1ms
[2022-05-03T00:56:14.077+0000][1684.991s] GC(456) Eden regions: 290->0(288)
[2022-05-03T00:56:14.077+0000][1684.991s] GC(456) Survivor regions: 17->19(39)
[2022-05-03T00:56:14.077+0000][1684.992s] GC(456) Old regions: 62->62
[2022-05-03T00:56:14.078+0000][1684.992s] GC(456) Humongous regions: 7->7
[2022-05-03T00:56:14.078+0000][1684.992s] GC(456) Metaspace: 57697K->57697K(1101824K)
[2022-05-03T00:56:14.079+0000][1684.993s] GC(456) Pause Young (Normal) (G1 Evacuation Pause) 373M->85M(512M) 11.121ms
[2022-05-03T00:56:14.079+0000][1684.993s] GC(456) User=0.03s Sys=0.01s Real=0.01s
[2022-05-03T00:56:16.279+0000][1687.194s] GC(457) Pause Young (Normal) (G1 Evacuation Pause)
[2022-05-03T00:56:16.280+0000][1687.194s] GC(457) Using 8 workers of 8 for evacuation
[2022-05-03T00:56:16.287+0000][1687.201s] GC(457)   Pre Evacuate Collection Set: 0.0ms
[2022-05-03T00:56:16.288+0000][1687.202s] GC(457)   Evacuate Collection Set: 3.5ms
[2022-05-03T00:56:16.288+0000][1687.202s] GC(457)   Post Evacuate Collection Set: 3.1ms
[2022-05-03T00:56:16.288+0000][1687.203s] GC(457)   Other: 1.0ms
[2022-05-03T00:56:16.289+0000][1687.203s] GC(457) Eden regions: 288->0(288)
[2022-05-03T00:56:16.289+0000][1687.203s] GC(457) Survivor regions: 19->19(39)
[2022-05-03T00:56:16.290+0000][1687.204s] GC(457) Old regions: 62->62
[2022-05-03T00:56:16.290+0000][1687.204s] GC(457) Humongous regions: 7->7
[2022-05-03T00:56:16.290+0000][1687.205s] GC(457) Metaspace: 57697K->57697K(1101824K)
[2022-05-03T00:56:16.291+0000][1687.205s] GC(457) Pause Young (Normal) (G1 Evacuation Pause) 373M->85M(512M) 11.370ms
[2022-05-03T00:56:16.291+0000][1687.205s] GC(457) User=0.04s Sys=0.00s Real=0.01s
[2022-05-03T00:56:18.589+0000][1689.503s] GC(458) Pause Young (Normal) (G1 Evacuation Pause)
[2022-05-03T00:56:18.589+0000][1689.503s] GC(458) Using 8 workers of 8 for evacuation
[2022-05-03T00:56:18.614+0000][1689.529s] GC(458)   Pre Evacuate Collection Set: 0.0ms
[2022-05-03T00:56:18.615+0000][1689.529s] GC(458)   Evacuate Collection Set: 18.1ms
[2022-05-03T00:56:18.615+0000][1689.530s] GC(458)   Post Evacuate Collection Set: 6.6ms
[2022-05-03T00:56:18.616+0000][1689.530s] GC(458)   Other: 1.1ms
[2022-05-03T00:56:18.616+0000][1689.530s] GC(458) Eden regions: 288->0(289)
[2022-05-03T00:56:18.616+0000][1689.531s] GC(458) Survivor regions: 19->18(39)
[2022-05-03T00:56:18.617+0000][1689.531s] GC(458) Old regions: 62->62
[2022-05-03T00:56:18.617+0000][1689.531s] GC(458) Humongous regions: 7->7
[2022-05-03T00:56:18.617+0000][1689.531s] GC(458) Metaspace: 57697K->57697K(1101824K)
[2022-05-03T00:56:18.618+0000][1689.532s] GC(458) Pause Young (Normal) (G1 Evacuation Pause) 373M->84M(512M) 28.962ms
[2022-05-03T00:56:18.618+0000][1689.532s] GC(458) User=0.18s Sys=0.01s Real=0.03s
[2022-05-03T00:56:21.219+0000][1692.133s] GC(459) Pause Young (Normal) (G1 Evacuation Pause)
[2022-05-03T00:56:21.220+0000][1692.134s] GC(459) Using 8 workers of 8 for evacuation
[2022-05-03T00:56:21.226+0000][1692.140s] GC(459)   Pre Evacuate Collection Set: 0.0ms
[2022-05-03T00:56:21.227+0000][1692.141s] GC(459)   Evacuate Collection Set: 3.9ms
[2022-05-03T00:56:21.227+0000][1692.141s] GC(459)   Post Evacuate Collection Set: 2.3ms
[2022-05-03T00:56:21.228+0000][1692.142s] GC(459)   Other: 0.9ms
[2022-05-03T00:56:21.228+0000][1692.142s] GC(459) Eden regions: 289->0(291)
[2022-05-03T00:56:21.228+0000][1692.143s] GC(459) Survivor regions: 18->16(39)
[2022-05-03T00:56:21.229+0000][1692.143s] GC(459) Old regions: 62->62
[2022-05-03T00:56:21.229+0000][1692.143s] GC(459) Humongous regions: 7->7
[2022-05-03T00:56:21.230+0000][1692.144s] GC(459) Metaspace: 57697K->57697K(1101824K)
[2022-05-03T00:56:21.230+0000][1692.144s] GC(459) Pause Young (Normal) (G1 Evacuation Pause) 373M->83M(512M) 10.825ms
[2022-05-03T00:56:21.230+0000][1692.144s] GC(459) User=0.04s Sys=0.00s Real=0.01s
[2022-05-03T00:56:22.852+0000][1693.767s] GC(460) Pause Young (Normal) (G1 Evacuation Pause)
[2022-05-03T00:56:22.853+0000][1693.767s] GC(460) Using 8 workers of 8 for evacuation
[2022-05-03T00:56:22.859+0000][1693.773s] GC(460)   Pre Evacuate Collection Set: 0.0ms
[2022-05-03T00:56:22.859+0000][1693.773s] GC(460)   Evacuate Collection Set: 2.7ms
[2022-05-03T00:56:22.860+0000][1693.774s] GC(460)   Post Evacuate Collection Set: 2.5ms
[2022-05-03T00:56:22.860+0000][1693.774s] GC(460)   Other: 1.0ms
[2022-05-03T00:56:22.861+0000][1693.775s] GC(460) Eden regions: 291->0(289)
[2022-05-03T00:56:22.861+0000][1693.775s] GC(460) Survivor regions: 16->18(39)
[2022-05-03T00:56:22.861+0000][1693.775s] GC(460) Old regions: 62->62
[2022-05-03T00:56:22.862+0000][1693.776s] GC(460) Humongous regions: 7->7
[2022-05-03T00:56:22.862+0000][1693.776s] GC(460) Metaspace: 57697K->57697K(1101824K)
[2022-05-03T00:56:22.862+0000][1693.777s] GC(460) Pause Young (Normal) (G1 Evacuation Pause) 374M->84M(512M) 9.990ms
[2022-05-03T00:56:22.863+0000][1693.777s] GC(460) User=0.04s Sys=0.00s Real=0.01s
[2022-05-03T00:56:25.195+0000][1696.109s] GC(461) Pause Young (Normal) (G1 Evacuation Pause)
[2022-05-03T00:56:25.195+0000][1696.109s] GC(461) Using 8 workers of 8 for evacuation
[2022-05-03T00:56:25.201+0000][1696.115s] GC(461)   Pre Evacuate Collection Set: 0.0ms
[2022-05-03T00:56:25.201+0000][1696.115s] GC(461)   Evacuate Collection Set: 2.4ms
[2022-05-03T00:56:25.202+0000][1696.116s] GC(461)   Post Evacuate Collection Set: 2.6ms
[2022-05-03T00:56:25.202+0000][1696.116s] GC(461)   Other: 0.9ms
[2022-05-03T00:56:25.202+0000][1696.116s] GC(461) Eden regions: 289->0(290)
[2022-05-03T00:56:25.203+0000][1696.117s] GC(461) Survivor regions: 18->17(39)
[2022-05-03T00:56:25.203+0000][1696.117s] GC(461) Old regions: 62->62
[2022-05-03T00:56:25.203+0000][1696.117s] GC(461) Humongous regions: 7->7
[2022-05-03T00:56:25.204+0000][1696.118s] GC(461) Metaspace: 57697K->57697K(1101824K)
[2022-05-03T00:56:25.204+0000][1696.118s] GC(461) Pause Young (Normal) (G1 Evacuation Pause) 373M->83M(512M) 9.356ms
[2022-05-03T00:56:25.204+0000][1696.118s] GC(461) User=0.03s Sys=0.00s Real=0.01s
[2022-05-03T00:56:27.353+0000][1698.268s] GC(462) Pause Young (Normal) (G1 Evacuation Pause)
[2022-05-03T00:56:27.354+0000][1698.268s] GC(462) Using 8 workers of 8 for evacuation
[2022-05-03T00:56:27.361+0000][1698.275s] GC(462)   Pre Evacuate Collection Set: 0.0ms
[2022-05-03T00:56:27.361+0000][1698.275s] GC(462)   Evacuate Collection Set: 3.3ms
[2022-05-03T00:56:27.361+0000][1698.275s] GC(462)   Post Evacuate Collection Set: 2.9ms
[2022-05-03T00:56:27.362+0000][1698.276s] GC(462)   Other: 0.8ms
[2022-05-03T00:56:27.362+0000][1698.276s] GC(462) Eden regions: 290->0(288)
[2022-05-03T00:56:27.362+0000][1698.276s] GC(462) Survivor regions: 17->19(39)
[2022-05-03T00:56:27.363+0000][1698.277s] GC(462) Old regions: 62->62
[2022-05-03T00:56:27.363+0000][1698.277s] GC(462) Humongous regions: 7->7
[2022-05-03T00:56:27.363+0000][1698.277s] GC(462) Metaspace: 57697K->57697K(1101824K)
[2022-05-03T00:56:27.363+0000][1698.277s] GC(462) Pause Young (Normal) (G1 Evacuation Pause) 373M->86M(512M) 9.847ms
[2022-05-03T00:56:27.364+0000][1698.278s] GC(462) User=0.04s Sys=0.00s Real=0.01s
[2022-05-03T00:56:29.668+0000][1700.582s] GC(463) Pause Young (Normal) (G1 Evacuation Pause)
[2022-05-03T00:56:29.668+0000][1700.582s] GC(463) Using 8 workers of 8 for evacuation
[2022-05-03T00:56:29.681+0000][1700.595s] GC(463)   Pre Evacuate Collection Set: 0.0ms
[2022-05-03T00:56:29.681+0000][1700.596s] GC(463)   Evacuate Collection Set: 7.9ms
[2022-05-03T00:56:29.682+0000][1700.596s] GC(463)   Post Evacuate Collection Set: 5.0ms
[2022-05-03T00:56:29.682+0000][1700.596s] GC(463)   Other: 0.6ms
[2022-05-03T00:56:29.682+0000][1700.596s] GC(463) Eden regions: 288->0(290)
[2022-05-03T00:56:29.682+0000][1700.596s] GC(463) Survivor regions: 19->17(39)
[2022-05-03T00:56:29.682+0000][1700.596s] GC(463) Old regions: 62->62
[2022-05-03T00:56:29.683+0000][1700.597s] GC(463) Humongous regions: 7->7
[2022-05-03T00:56:29.683+0000][1700.597s] GC(463) Metaspace: 57697K->57697K(1101824K)
[2022-05-03T00:56:29.683+0000][1700.597s] GC(463) Pause Young (Normal) (G1 Evacuation Pause) 374M->84M(512M) 15.419ms
[2022-05-03T00:56:29.683+0000][1700.598s] GC(463) User=0.10s Sys=0.00s Real=0.01s
[2022-05-03T00:56:31.888+0000][1702.803s] GC(464) Pause Young (Normal) (G1 Evacuation Pause)
[2022-05-03T00:56:31.889+0000][1702.803s] GC(464) Using 8 workers of 8 for evacuation
[2022-05-03T00:56:31.898+0000][1702.812s] GC(464)   Pre Evacuate Collection Set: 0.0ms
[2022-05-03T00:56:31.898+0000][1702.812s] GC(464)   Evacuate Collection Set: 2.2ms
[2022-05-03T00:56:31.899+0000][1702.813s] GC(464)   Post Evacuate Collection Set: 6.2ms
[2022-05-03T00:56:31.899+0000][1702.813s] GC(464)   Other: 1.1ms
[2022-05-03T00:56:31.899+0000][1702.814s] GC(464) Eden regions: 290->0(293)
[2022-05-03T00:56:31.900+0000][1702.814s] GC(464) Survivor regions: 17->14(39)
[2022-05-03T00:56:31.900+0000][1702.814s] GC(464) Old regions: 62->62
[2022-05-03T00:56:31.900+0000][1702.814s] GC(464) Humongous regions: 7->7
[2022-05-03T00:56:31.901+0000][1702.815s] GC(464) Metaspace: 57697K->57697K(1101824K)
[2022-05-03T00:56:31.901+0000][1702.815s] GC(464) Pause Young (Normal) (G1 Evacuation Pause) 374M->81M(512M) 12.449ms
[2022-05-03T00:56:31.901+0000][1702.815s] GC(464) User=0.06s Sys=0.00s Real=0.01s
[2022-05-03T00:56:33.697+0000][1704.611s] GC(465) Pause Young (Normal) (G1 Evacuation Pause)
[2022-05-03T00:56:33.697+0000][1704.611s] GC(465) Using 8 workers of 8 for evacuation
[2022-05-03T00:56:33.702+0000][1704.616s] GC(465)   Pre Evacuate Collection Set: 0.0ms
[2022-05-03T00:56:33.702+0000][1704.617s] GC(465)   Evacuate Collection Set: 2.7ms
[2022-05-03T00:56:33.703+0000][1704.617s] GC(465)   Post Evacuate Collection Set: 1.7ms
[2022-05-03T00:56:33.703+0000][1704.617s] GC(465)   Other: 0.8ms
[2022-05-03T00:56:33.704+0000][1704.618s] GC(465) Eden regions: 293->0(293)
[2022-05-03T00:56:33.704+0000][1704.618s] GC(465) Survivor regions: 14->14(39)
[2022-05-03T00:56:33.704+0000][1704.618s] GC(465) Old regions: 62->62
[2022-05-03T00:56:33.705+0000][1704.619s] GC(465) Humongous regions: 7->7
[2022-05-03T00:56:33.705+0000][1704.619s] GC(465) Metaspace: 57697K->57697K(1101824K)
[2022-05-03T00:56:33.705+0000][1704.619s] GC(465) Pause Young (Normal) (G1 Evacuation Pause) 374M->80M(512M) 8.517ms
[2022-05-03T00:56:33.706+0000][1704.620s] GC(465) User=0.03s Sys=0.01s Real=0.01s
[2022-05-03T00:56:35.981+0000][1706.895s] GC(466) Pause Young (Normal) (G1 Evacuation Pause)
[2022-05-03T00:56:35.981+0000][1706.896s] GC(466) Using 8 workers of 8 for evacuation
[2022-05-03T00:56:36.003+0000][1706.917s] GC(466)   Pre Evacuate Collection Set: 0.0ms
[2022-05-03T00:56:36.003+0000][1706.917s] GC(466)   Evacuate Collection Set: 12.1ms
[2022-05-03T00:56:36.003+0000][1706.917s] GC(466)   Post Evacuate Collection Set: 8.8ms
[2022-05-03T00:56:36.004+0000][1706.918s] GC(466)   Other: 0.6ms
[2022-05-03T00:56:36.004+0000][1706.918s] GC(466) Eden regions: 293->0(289)
[2022-05-03T00:56:36.004+0000][1706.918s] GC(466) Survivor regions: 14->18(39)
[2022-05-03T00:56:36.004+0000][1706.918s] GC(466) Old regions: 62->62
[2022-05-03T00:56:36.005+0000][1706.919s] GC(466) Humongous regions: 7->7
[2022-05-03T00:56:36.005+0000][1706.919s] GC(466) Metaspace: 57697K->57697K(1101824K)
[2022-05-03T00:56:36.005+0000][1706.919s] GC(466) Pause Young (Normal) (G1 Evacuation Pause) 373M->84M(512M) 23.913ms
[2022-05-03T00:56:36.005+0000][1706.919s] GC(466) User=0.13s Sys=0.03s Real=0.03s
[2022-05-03T00:56:38.167+0000][1709.081s] GC(467) Pause Young (Normal) (G1 Evacuation Pause)
[2022-05-03T00:56:38.167+0000][1709.082s] GC(467) Using 8 workers of 8 for evacuation
[2022-05-03T00:56:38.173+0000][1709.087s] GC(467)   Pre Evacuate Collection Set: 0.0ms
[2022-05-03T00:56:38.173+0000][1709.087s] GC(467)   Evacuate Collection Set: 2.3ms
[2022-05-03T00:56:38.174+0000][1709.088s] GC(467)   Post Evacuate Collection Set: 2.4ms
[2022-05-03T00:56:38.174+0000][1709.088s] GC(467)   Other: 0.9ms
[2022-05-03T00:56:38.174+0000][1709.088s] GC(467) Eden regions: 289->0(290)
[2022-05-03T00:56:38.175+0000][1709.089s] GC(467) Survivor regions: 18->17(39)
[2022-05-03T00:56:38.175+0000][1709.089s] GC(467) Old regions: 62->62
[2022-05-03T00:56:38.175+0000][1709.090s] GC(467) Humongous regions: 7->7
[2022-05-03T00:56:38.176+0000][1709.090s] GC(467) Metaspace: 57697K->57697K(1101824K)
[2022-05-03T00:56:38.176+0000][1709.090s] GC(467) Pause Young (Normal) (G1 Evacuation Pause) 373M->83M(512M) 9.000ms
[2022-05-03T00:56:38.176+0000][1709.090s] GC(467) User=0.03s Sys=0.01s Real=0.01s
[2022-05-03T00:56:40.489+0000][1711.403s] GC(468) Pause Young (Normal) (G1 Evacuation Pause)
[2022-05-03T00:56:40.489+0000][1711.403s] GC(468) Using 8 workers of 8 for evacuation
[2022-05-03T00:56:40.495+0000][1711.409s] GC(468)   Pre Evacuate Collection Set: 0.0ms
[2022-05-03T00:56:40.495+0000][1711.410s] GC(468)   Evacuate Collection Set: 3.2ms
[2022-05-03T00:56:40.496+0000][1711.410s] GC(468)   Post Evacuate Collection Set: 2.6ms
[2022-05-03T00:56:40.496+0000][1711.410s] GC(468)   Other: 0.5ms
[2022-05-03T00:56:40.496+0000][1711.410s] GC(468) Eden regions: 290->0(290)
[2022-05-03T00:56:40.496+0000][1711.411s] GC(468) Survivor regions: 17->17(39)
[2022-05-03T00:56:40.497+0000][1711.411s] GC(468) Old regions: 62->62
[2022-05-03T00:56:40.497+0000][1711.411s] GC(468) Humongous regions: 7->7
[2022-05-03T00:56:40.497+0000][1711.411s] GC(468) Metaspace: 57697K->57697K(1101824K)
[2022-05-03T00:56:40.497+0000][1711.411s] GC(468) Pause Young (Normal) (G1 Evacuation Pause) 373M->84M(512M) 8.553ms
[2022-05-03T00:56:40.497+0000][1711.412s] GC(468) User=0.04s Sys=0.00s Real=0.01s
[2022-05-03T00:56:42.672+0000][1713.586s] GC(469) Pause Young (Normal) (G1 Evacuation Pause)
[2022-05-03T00:56:42.672+0000][1713.586s] GC(469) Using 8 workers of 8 for evacuation
[2022-05-03T00:56:42.678+0000][1713.592s] GC(469)   Pre Evacuate Collection Set: 0.0ms
[2022-05-03T00:56:42.678+0000][1713.592s] GC(469)   Evacuate Collection Set: 3.8ms
[2022-05-03T00:56:42.679+0000][1713.593s] GC(469)   Post Evacuate Collection Set: 1.7ms
[2022-05-03T00:56:42.679+0000][1713.593s] GC(469)   Other: 0.6ms
[2022-05-03T00:56:42.679+0000][1713.593s] GC(469) Eden regions: 290->0(290)
[2022-05-03T00:56:42.680+0000][1713.594s] GC(469) Survivor regions: 17->17(39)
[2022-05-03T00:56:42.680+0000][1713.594s] GC(469) Old regions: 62->62
[2022-05-03T00:56:42.680+0000][1713.595s] GC(469) Humongous regions: 7->7
[2022-05-03T00:56:42.681+0000][1713.595s] GC(469) Metaspace: 57697K->57697K(1101824K)
[2022-05-03T00:56:42.681+0000][1713.595s] GC(469) Pause Young (Normal) (G1 Evacuation Pause) 374M->83M(512M) 9.565ms
[2022-05-03T00:56:42.682+0000][1713.596s] GC(469) User=0.04s Sys=0.00s Real=0.01s
[2022-05-03T00:56:44.377+0000][1715.291s] GC(470) Pause Young (Normal) (G1 Evacuation Pause)
[2022-05-03T00:56:44.378+0000][1715.292s] GC(470) Using 8 workers of 8 for evacuation
[2022-05-03T00:56:44.383+0000][1715.298s] GC(470)   Pre Evacuate Collection Set: 0.0ms
[2022-05-03T00:56:44.384+0000][1715.298s] GC(470)   Evacuate Collection Set: 3.0ms
[2022-05-03T00:56:44.384+0000][1715.298s] GC(470)   Post Evacuate Collection Set: 2.4ms
[2022-05-03T00:56:44.384+0000][1715.298s] GC(470)   Other: 0.7ms
[2022-05-03T00:56:44.385+0000][1715.299s] GC(470) Eden regions: 290->0(290)
[2022-05-03T00:56:44.385+0000][1715.299s] GC(470) Survivor regions: 17->17(39)
[2022-05-03T00:56:44.385+0000][1715.299s] GC(470) Old regions: 62->62
[2022-05-03T00:56:44.385+0000][1715.299s] GC(470) Humongous regions: 7->7
[2022-05-03T00:56:44.385+0000][1715.300s] GC(470) Metaspace: 57697K->57697K(1101824K)
[2022-05-03T00:56:44.386+0000][1715.300s] GC(470) Pause Young (Normal) (G1 Evacuation Pause) 373M->84M(512M) 8.411ms
[2022-05-03T00:56:44.386+0000][1715.300s] GC(470) User=0.04s Sys=0.00s Real=0.01s
[2022-05-03T00:56:46.638+0000][1717.552s] GC(471) Pause Young (Normal) (G1 Evacuation Pause)
[2022-05-03T00:56:46.638+0000][1717.553s] GC(471) Using 8 workers of 8 for evacuation
[2022-05-03T00:56:46.645+0000][1717.559s] GC(471)   Pre Evacuate Collection Set: 0.0ms
[2022-05-03T00:56:46.645+0000][1717.559s] GC(471)   Evacuate Collection Set: 3.5ms
[2022-05-03T00:56:46.646+0000][1717.560s] GC(471)   Post Evacuate Collection Set: 2.5ms
[2022-05-03T00:56:46.646+0000][1717.560s] GC(471)   Other: 0.8ms
[2022-05-03T00:56:46.646+0000][1717.561s] GC(471) Eden regions: 290->0(288)
[2022-05-03T00:56:46.647+0000][1717.561s] GC(471) Survivor regions: 17->19(39)
[2022-05-03T00:56:46.647+0000][1717.561s] GC(471) Old regions: 62->62
[2022-05-03T00:56:46.647+0000][1717.562s] GC(471) Humongous regions: 7->7
[2022-05-03T00:56:46.648+0000][1717.562s] GC(471) Metaspace: 57697K->57697K(1101824K)
[2022-05-03T00:56:46.648+0000][1717.562s] GC(471) Pause Young (Normal) (G1 Evacuation Pause) 374M->85M(512M) 9.887ms
[2022-05-03T00:56:46.648+0000][1717.562s] GC(471) User=0.04s Sys=0.00s Real=0.01s
[2022-05-03T00:56:48.867+0000][1719.781s] GC(472) Pause Young (Normal) (G1 Evacuation Pause)
[2022-05-03T00:56:48.868+0000][1719.782s] GC(472) Using 8 workers of 8 for evacuation
[2022-05-03T00:56:48.874+0000][1719.788s] GC(472)   Pre Evacuate Collection Set: 0.0ms
[2022-05-03T00:56:48.875+0000][1719.789s] GC(472)   Evacuate Collection Set: 3.3ms
[2022-05-03T00:56:48.875+0000][1719.789s] GC(472)   Post Evacuate Collection Set: 2.6ms
[2022-05-03T00:56:48.875+0000][1719.790s] GC(472)   Other: 1.0ms
[2022-05-03T00:56:48.876+0000][1719.790s] GC(472) Eden regions: 288->0(288)
[2022-05-03T00:56:48.876+0000][1719.790s] GC(472) Survivor regions: 19->19(39)
[2022-05-03T00:56:48.876+0000][1719.791s] GC(472) Old regions: 62->62
[2022-05-03T00:56:48.877+0000][1719.791s] GC(472) Humongous regions: 7->7
[2022-05-03T00:56:48.877+0000][1719.791s] GC(472) Metaspace: 57697K->57697K(1101824K)
[2022-05-03T00:56:48.877+0000][1719.791s] GC(472) Pause Young (Normal) (G1 Evacuation Pause) 373M->86M(512M) 10.079ms
[2022-05-03T00:56:48.878+0000][1719.792s] GC(472) User=0.04s Sys=0.00s Real=0.01s
[2022-05-03T00:56:51.104+0000][1722.018s] GC(473) Pause Young (Normal) (G1 Evacuation Pause)
[2022-05-03T00:56:51.104+0000][1722.019s] GC(473) Using 8 workers of 8 for evacuation
[2022-05-03T00:56:51.110+0000][1722.024s] GC(473)   Pre Evacuate Collection Set: 0.0ms
[2022-05-03T00:56:51.111+0000][1722.025s] GC(473)   Evacuate Collection Set: 2.5ms
[2022-05-03T00:56:51.111+0000][1722.025s] GC(473)   Post Evacuate Collection Set: 2.8ms
[2022-05-03T00:56:51.112+0000][1722.026s] GC(473)   Other: 1.0ms
[2022-05-03T00:56:51.112+0000][1722.026s] GC(473) Eden regions: 288->0(291)
[2022-05-03T00:56:51.113+0000][1722.027s] GC(473) Survivor regions: 19->16(39)
[2022-05-03T00:56:51.113+0000][1722.027s] GC(473) Old regions: 62->62
[2022-05-03T00:56:51.113+0000][1722.028s] GC(473) Humongous regions: 7->7
[2022-05-03T00:56:51.114+0000][1722.028s] GC(473) Metaspace: 57697K->57697K(1101824K)
[2022-05-03T00:56:51.114+0000][1722.028s] GC(473) Pause Young (Normal) (G1 Evacuation Pause) 374M->83M(512M) 10.206ms
[2022-05-03T00:56:51.115+0000][1722.029s] GC(473) User=0.03s Sys=0.01s Real=0.02s
[2022-05-03T00:56:53.279+0000][1724.193s] GC(474) Pause Young (Normal) (G1 Evacuation Pause)
[2022-05-03T00:56:53.280+0000][1724.194s] GC(474) Using 8 workers of 8 for evacuation
[2022-05-03T00:56:53.297+0000][1724.211s] GC(474)   Pre Evacuate Collection Set: 0.0ms
[2022-05-03T00:56:53.298+0000][1724.212s] GC(474)   Evacuate Collection Set: 9.8ms
[2022-05-03T00:56:53.298+0000][1724.212s] GC(474)   Post Evacuate Collection Set: 7.5ms
[2022-05-03T00:56:53.299+0000][1724.213s] GC(474)   Other: 0.9ms
[2022-05-03T00:56:53.299+0000][1724.213s] GC(474) Eden regions: 291->0(293)
[2022-05-03T00:56:53.300+0000][1724.214s] GC(474) Survivor regions: 16->14(39)
[2022-05-03T00:56:53.300+0000][1724.214s] GC(474) Old regions: 62->62
[2022-05-03T00:56:53.300+0000][1724.214s] GC(474) Humongous regions: 7->7
[2022-05-03T00:56:53.301+0000][1724.215s] GC(474) Metaspace: 57697K->57697K(1101824K)
[2022-05-03T00:56:53.301+0000][1724.215s] GC(474) Pause Young (Normal) (G1 Evacuation Pause) 374M->81M(512M) 21.819ms
[2022-05-03T00:56:53.301+0000][1724.215s] GC(474) User=0.13s Sys=0.01s Real=0.02s
[2022-05-03T00:56:55.112+0000][1726.026s] GC(475) Pause Young (Normal) (G1 Evacuation Pause)
[2022-05-03T00:56:55.112+0000][1726.026s] GC(475) Using 8 workers of 8 for evacuation
[2022-05-03T00:56:55.127+0000][1726.041s] GC(475)   Pre Evacuate Collection Set: 0.0ms
[2022-05-03T00:56:55.127+0000][1726.041s] GC(475)   Evacuate Collection Set: 9.5ms
[2022-05-03T00:56:55.127+0000][1726.042s] GC(475)   Post Evacuate Collection Set: 4.9ms
[2022-05-03T00:56:55.128+0000][1726.042s] GC(475)   Other: 0.8ms
[2022-05-03T00:56:55.128+0000][1726.042s] GC(475) Eden regions: 293->0(288)
[2022-05-03T00:56:55.128+0000][1726.042s] GC(475) Survivor regions: 14->19(39)
[2022-05-03T00:56:55.128+0000][1726.042s] GC(475) Old regions: 62->63
[2022-05-03T00:56:55.129+0000][1726.043s] GC(475) Humongous regions: 7->7
[2022-05-03T00:56:55.129+0000][1726.043s] GC(475) Metaspace: 57697K->57697K(1101824K)
[2022-05-03T00:56:55.129+0000][1726.043s] GC(475) Pause Young (Normal) (G1 Evacuation Pause) 374M->85M(512M) 17.450ms
[2022-05-03T00:56:55.129+0000][1726.043s] GC(475) User=0.10s Sys=0.01s Real=0.02s
[2022-05-03T00:56:57.386+0000][1728.300s] GC(476) Pause Young (Normal) (G1 Evacuation Pause)
[2022-05-03T00:56:57.387+0000][1728.301s] GC(476) Using 8 workers of 8 for evacuation
[2022-05-03T00:56:57.399+0000][1728.313s] GC(476)   Pre Evacuate Collection Set: 0.0ms
[2022-05-03T00:56:57.399+0000][1728.313s] GC(476)   Evacuate Collection Set: 3.5ms
[2022-05-03T00:56:57.400+0000][1728.314s] GC(476)   Post Evacuate Collection Set: 8.0ms
[2022-05-03T00:56:57.400+0000][1728.314s] GC(476)   Other: 1.0ms
[2022-05-03T00:56:57.400+0000][1728.315s] GC(476) Eden regions: 288->0(288)
[2022-05-03T00:56:57.401+0000][1728.315s] GC(476) Survivor regions: 19->19(39)
[2022-05-03T00:56:57.401+0000][1728.315s] GC(476) Old regions: 63->63
[2022-05-03T00:56:57.401+0000][1728.316s] GC(476) Humongous regions: 7->7
[2022-05-03T00:56:57.402+0000][1728.316s] GC(476) Metaspace: 57697K->57697K(1101824K)
[2022-05-03T00:56:57.402+0000][1728.316s] GC(476) Pause Young (Normal) (G1 Evacuation Pause) 373M->86M(512M) 15.899ms
[2022-05-03T00:56:57.403+0000][1728.317s] GC(476) User=0.09s Sys=0.00s Real=0.01s
[2022-05-03T00:56:59.610+0000][1730.524s] GC(477) Pause Young (Normal) (G1 Evacuation Pause)
[2022-05-03T00:56:59.610+0000][1730.524s] GC(477) Using 8 workers of 8 for evacuation
[2022-05-03T00:56:59.616+0000][1730.531s] GC(477)   Pre Evacuate Collection Set: 0.0ms
[2022-05-03T00:56:59.617+0000][1730.531s] GC(477)   Evacuate Collection Set: 4.0ms
[2022-05-03T00:56:59.617+0000][1730.531s] GC(477)   Post Evacuate Collection Set: 1.9ms
[2022-05-03T00:56:59.618+0000][1730.532s] GC(477)   Other: 0.9ms
[2022-05-03T00:56:59.618+0000][1730.532s] GC(477) Eden regions: 288->0(289)
[2022-05-03T00:56:59.619+0000][1730.533s] GC(477) Survivor regions: 19->18(39)
[2022-05-03T00:56:59.619+0000][1730.533s] GC(477) Old regions: 63->63
[2022-05-03T00:56:59.619+0000][1730.533s] GC(477) Humongous regions: 7->7
[2022-05-03T00:56:59.620+0000][1730.534s] GC(477) Metaspace: 57697K->57697K(1101824K)
[2022-05-03T00:56:59.620+0000][1730.534s] GC(477) Pause Young (Normal) (G1 Evacuation Pause) 374M->85M(512M) 10.153ms
[2022-05-03T00:56:59.620+0000][1730.534s] GC(477) User=0.05s Sys=0.00s Real=0.01s
[2022-05-03T00:57:01.919+0000][1732.834s] GC(478) Pause Young (Normal) (G1 Evacuation Pause)
[2022-05-03T00:57:01.920+0000][1732.834s] GC(478) Using 8 workers of 8 for evacuation
[2022-05-03T00:57:01.929+0000][1732.843s] GC(478)   Pre Evacuate Collection Set: 0.0ms
[2022-05-03T00:57:01.929+0000][1732.843s] GC(478)   Evacuate Collection Set: 4.5ms
[2022-05-03T00:57:01.930+0000][1732.844s] GC(478)   Post Evacuate Collection Set: 3.8ms
[2022-05-03T00:57:01.930+0000][1732.844s] GC(478)   Other: 1.2ms
[2022-05-03T00:57:01.931+0000][1732.845s] GC(478) Eden regions: 289->0(289)
[2022-05-03T00:57:01.931+0000][1732.845s] GC(478) Survivor regions: 18->18(39)
[2022-05-03T00:57:01.932+0000][1732.846s] GC(478) Old regions: 63->63
[2022-05-03T00:57:01.932+0000][1732.846s] GC(478) Humongous regions: 7->7
[2022-05-03T00:57:01.932+0000][1732.846s] GC(478) Metaspace: 57697K->57697K(1101824K)
[2022-05-03T00:57:01.932+0000][1732.847s] GC(478) Pause Young (Normal) (G1 Evacuation Pause) 374M->85M(512M) 13.096ms
[2022-05-03T00:57:01.933+0000][1732.847s] GC(478) User=0.05s Sys=0.00s Real=0.01s
[2022-05-03T00:57:03.676+0000][1734.590s] GC(479) Pause Young (Normal) (G1 Evacuation Pause)
[2022-05-03T00:57:03.676+0000][1734.591s] GC(479) Using 8 workers of 8 for evacuation
[2022-05-03T00:57:03.682+0000][1734.596s] GC(479)   Pre Evacuate Collection Set: 0.0ms
[2022-05-03T00:57:03.682+0000][1734.596s] GC(479)   Evacuate Collection Set: 2.6ms
[2022-05-03T00:57:03.683+0000][1734.597s] GC(479)   Post Evacuate Collection Set: 2.4ms
[2022-05-03T00:57:03.683+0000][1734.597s] GC(479)   Other: 0.8ms
[2022-05-03T00:57:03.683+0000][1734.597s] GC(479) Eden regions: 289->0(290)
[2022-05-03T00:57:03.684+0000][1734.598s] GC(479) Survivor regions: 18->17(39)
[2022-05-03T00:57:03.684+0000][1734.598s] GC(479) Old regions: 63->63
[2022-05-03T00:57:03.684+0000][1734.598s] GC(479) Humongous regions: 7->7
[2022-05-03T00:57:03.685+0000][1734.599s] GC(479) Metaspace: 57697K->57697K(1101824K)
[2022-05-03T00:57:03.685+0000][1734.599s] GC(479) Pause Young (Normal) (G1 Evacuation Pause) 374M->84M(512M) 8.876ms
[2022-05-03T00:57:03.685+0000][1734.599s] GC(479) User=0.03s Sys=0.01s Real=0.01s
[2022-05-03T00:57:05.926+0000][1736.840s] GC(480) Pause Young (Normal) (G1 Evacuation Pause)
[2022-05-03T00:57:05.926+0000][1736.840s] GC(480) Using 8 workers of 8 for evacuation
[2022-05-03T00:57:05.933+0000][1736.847s] GC(480)   Pre Evacuate Collection Set: 0.0ms
[2022-05-03T00:57:05.933+0000][1736.847s] GC(480)   Evacuate Collection Set: 3.3ms
[2022-05-03T00:57:05.934+0000][1736.848s] GC(480)   Post Evacuate Collection Set: 2.6ms
[2022-05-03T00:57:05.934+0000][1736.848s] GC(480)   Other: 0.9ms
[2022-05-03T00:57:05.934+0000][1736.848s] GC(480) Eden regions: 290->0(288)
[2022-05-03T00:57:05.934+0000][1736.849s] GC(480) Survivor regions: 17->19(39)
[2022-05-03T00:57:05.935+0000][1736.849s] GC(480) Old regions: 63->63
[2022-05-03T00:57:05.935+0000][1736.849s] GC(480) Humongous regions: 7->7
[2022-05-03T00:57:05.936+0000][1736.850s] GC(480) Metaspace: 57697K->57697K(1101824K)
[2022-05-03T00:57:05.936+0000][1736.850s] GC(480) Pause Young (Normal) (G1 Evacuation Pause) 374M->86M(512M) 10.088ms
[2022-05-03T00:57:05.936+0000][1736.850s] GC(480) User=0.04s Sys=0.01s Real=0.01s
[2022-05-03T00:57:08.236+0000][1739.151s] GC(481) Pause Young (Normal) (G1 Evacuation Pause)
[2022-05-03T00:57:08.237+0000][1739.151s] GC(481) Using 8 workers of 8 for evacuation
[2022-05-03T00:57:08.243+0000][1739.157s] GC(481)   Pre Evacuate Collection Set: 0.0ms
[2022-05-03T00:57:08.244+0000][1739.158s] GC(481)   Evacuate Collection Set: 3.3ms
[2022-05-03T00:57:08.244+0000][1739.158s] GC(481)   Post Evacuate Collection Set: 2.5ms
[2022-05-03T00:57:08.244+0000][1739.159s] GC(481)   Other: 0.8ms
[2022-05-03T00:57:08.245+0000][1739.159s] GC(481) Eden regions: 288->0(289)
[2022-05-03T00:57:08.245+0000][1739.159s] GC(481) Survivor regions: 19->18(39)
[2022-05-03T00:57:08.246+0000][1739.160s] GC(481) Old regions: 63->63
[2022-05-03T00:57:08.246+0000][1739.160s] GC(481) Humongous regions: 7->7
[2022-05-03T00:57:08.246+0000][1739.160s] GC(481) Metaspace: 57697K->57697K(1101824K)
[2022-05-03T00:57:08.246+0000][1739.161s] GC(481) Pause Young (Normal) (G1 Evacuation Pause) 374M->85M(512M) 9.998ms
[2022-05-03T00:57:08.247+0000][1739.161s] GC(481) User=0.03s Sys=0.00s Real=0.01s
[2022-05-03T00:57:10.443+0000][1741.357s] GC(482) Pause Young (Normal) (G1 Evacuation Pause)
[2022-05-03T00:57:10.443+0000][1741.357s] GC(482) Using 8 workers of 8 for evacuation
[2022-05-03T00:57:10.449+0000][1741.363s] GC(482)   Pre Evacuate Collection Set: 0.0ms
[2022-05-03T00:57:10.450+0000][1741.364s] GC(482)   Evacuate Collection Set: 3.9ms
[2022-05-03T00:57:10.450+0000][1741.364s] GC(482)   Post Evacuate Collection Set: 1.7ms
[2022-05-03T00:57:10.450+0000][1741.365s] GC(482)   Other: 0.9ms
[2022-05-03T00:57:10.451+0000][1741.365s] GC(482) Eden regions: 289->0(290)
[2022-05-03T00:57:10.451+0000][1741.365s] GC(482) Survivor regions: 18->17(39)
[2022-05-03T00:57:10.451+0000][1741.366s] GC(482) Old regions: 63->63
[2022-05-03T00:57:10.452+0000][1741.366s] GC(482) Humongous regions: 7->7
[2022-05-03T00:57:10.452+0000][1741.366s] GC(482) Metaspace: 57697K->57697K(1101824K)
[2022-05-03T00:57:10.452+0000][1741.367s] GC(482) Pause Young (Normal) (G1 Evacuation Pause) 374M->84M(512M) 9.803ms
[2022-05-03T00:57:10.453+0000][1741.367s] GC(482) User=0.04s Sys=0.00s Real=0.01s
[2022-05-03T00:57:12.206+0000][1743.120s] GC(483) Pause Young (Normal) (G1 Evacuation Pause)
[2022-05-03T00:57:12.206+0000][1743.120s] GC(483) Using 8 workers of 8 for evacuation
[2022-05-03T00:57:12.211+0000][1743.126s] GC(483)   Pre Evacuate Collection Set: 0.0ms
[2022-05-03T00:57:12.212+0000][1743.126s] GC(483)   Evacuate Collection Set: 2.8ms
[2022-05-03T00:57:12.212+0000][1743.126s] GC(483)   Post Evacuate Collection Set: 2.3ms
[2022-05-03T00:57:12.212+0000][1743.127s] GC(483)   Other: 0.8ms
[2022-05-03T00:57:12.213+0000][1743.127s] GC(483) Eden regions: 290->0(289)
[2022-05-03T00:57:12.213+0000][1743.127s] GC(483) Survivor regions: 17->18(39)
[2022-05-03T00:57:12.213+0000][1743.127s] GC(483) Old regions: 63->63
[2022-05-03T00:57:12.213+0000][1743.128s] GC(483) Humongous regions: 7->7
[2022-05-03T00:57:12.214+0000][1743.128s] GC(483) Metaspace: 57697K->57697K(1101824K)
[2022-05-03T00:57:12.214+0000][1743.128s] GC(483) Pause Young (Normal) (G1 Evacuation Pause) 374M->85M(512M) 8.557ms
[2022-05-03T00:57:12.214+0000][1743.128s] GC(483) User=0.02s Sys=0.02s Real=0.01s
[2022-05-03T00:57:14.526+0000][1745.440s] GC(484) Pause Young (Normal) (G1 Evacuation Pause)
[2022-05-03T00:57:14.526+0000][1745.440s] GC(484) Using 8 workers of 8 for evacuation
[2022-05-03T00:57:14.533+0000][1745.447s] GC(484)   Pre Evacuate Collection Set: 0.0ms
[2022-05-03T00:57:14.534+0000][1745.448s] GC(484)   Evacuate Collection Set: 3.5ms
[2022-05-03T00:57:14.534+0000][1745.448s] GC(484)   Post Evacuate Collection Set: 2.8ms
[2022-05-03T00:57:14.534+0000][1745.448s] GC(484)   Other: 1.0ms
[2022-05-03T00:57:14.535+0000][1745.449s] GC(484) Eden regions: 289->0(288)
[2022-05-03T00:57:14.535+0000][1745.449s] GC(484) Survivor regions: 18->19(39)
[2022-05-03T00:57:14.535+0000][1745.449s] GC(484) Old regions: 63->63
[2022-05-03T00:57:14.536+0000][1745.450s] GC(484) Humongous regions: 7->7
[2022-05-03T00:57:14.536+0000][1745.450s] GC(484) Metaspace: 57698K->57698K(1101824K)
[2022-05-03T00:57:14.536+0000][1745.450s] GC(484) Pause Young (Normal) (G1 Evacuation Pause) 374M->86M(512M) 10.024ms
[2022-05-03T00:57:14.536+0000][1745.450s] GC(484) User=0.04s Sys=0.01s Real=0.01s
[2022-05-03T00:57:16.719+0000][1747.633s] GC(485) Pause Young (Normal) (G1 Evacuation Pause)
[2022-05-03T00:57:16.719+0000][1747.633s] GC(485) Using 8 workers of 8 for evacuation
[2022-05-03T00:57:16.726+0000][1747.640s] GC(485)   Pre Evacuate Collection Set: 0.0ms
[2022-05-03T00:57:16.726+0000][1747.640s] GC(485)   Evacuate Collection Set: 3.3ms
[2022-05-03T00:57:16.726+0000][1747.641s] GC(485)   Post Evacuate Collection Set: 2.8ms
[2022-05-03T00:57:16.727+0000][1747.641s] GC(485)   Other: 0.8ms
[2022-05-03T00:57:16.727+0000][1747.641s] GC(485) Eden regions: 288->0(288)
[2022-05-03T00:57:16.727+0000][1747.641s] GC(485) Survivor regions: 19->19(39)
[2022-05-03T00:57:16.728+0000][1747.642s] GC(485) Old regions: 63->63
[2022-05-03T00:57:16.728+0000][1747.642s] GC(485) Humongous regions: 7->7
[2022-05-03T00:57:16.728+0000][1747.642s] GC(485) Metaspace: 57698K->57698K(1101824K)
[2022-05-03T00:57:16.729+0000][1747.643s] GC(485) Pause Young (Normal) (G1 Evacuation Pause) 374M->87M(512M) 9.755ms
[2022-05-03T00:57:16.729+0000][1747.643s] GC(485) User=0.04s Sys=0.00s Real=0.01s
[2022-05-03T00:57:19.026+0000][1749.940s] GC(486) Pause Young (Normal) (G1 Evacuation Pause)
[2022-05-03T00:57:19.027+0000][1749.941s] GC(486) Using 8 workers of 8 for evacuation
[2022-05-03T00:57:19.033+0000][1749.947s] GC(486)   Pre Evacuate Collection Set: 0.0ms
[2022-05-03T00:57:19.034+0000][1749.948s] GC(486)   Evacuate Collection Set: 3.1ms
[2022-05-03T00:57:19.034+0000][1749.948s] GC(486)   Post Evacuate Collection Set: 2.9ms
[2022-05-03T00:57:19.034+0000][1749.949s] GC(486)   Other: 0.9ms
[2022-05-03T00:57:19.035+0000][1749.949s] GC(486) Eden regions: 288->0(290)
[2022-05-03T00:57:19.035+0000][1749.949s] GC(486) Survivor regions: 19->17(39)
[2022-05-03T00:57:19.036+0000][1749.950s] GC(486) Old regions: 63->63
[2022-05-03T00:57:19.036+0000][1749.950s] GC(486) Humongous regions: 7->7
[2022-05-03T00:57:19.036+0000][1749.950s] GC(486) Metaspace: 57698K->57698K(1101824K)
[2022-05-03T00:57:19.037+0000][1749.951s] GC(486) Pause Young (Normal) (G1 Evacuation Pause) 375M->84M(512M) 10.331ms
[2022-05-03T00:57:19.037+0000][1749.951s] GC(486) User=0.03s Sys=0.00s Real=0.01s
[2022-05-03T00:57:20.949+0000][1751.864s] GC(487) Pause Young (Normal) (G1 Evacuation Pause)
[2022-05-03T00:57:20.950+0000][1751.864s] GC(487) Using 8 workers of 8 for evacuation
[2022-05-03T00:57:20.957+0000][1751.871s] GC(487)   Pre Evacuate Collection Set: 0.0ms
[2022-05-03T00:57:20.958+0000][1751.872s] GC(487)   Evacuate Collection Set: 5.2ms
[2022-05-03T00:57:20.958+0000][1751.872s] GC(487)   Post Evacuate Collection Set: 1.8ms
[2022-05-03T00:57:20.958+0000][1751.872s] GC(487)   Other: 0.9ms
[2022-05-03T00:57:20.958+0000][1751.872s] GC(487) Eden regions: 290->0(292)
[2022-05-03T00:57:20.959+0000][1751.873s] GC(487) Survivor regions: 17->15(39)
[2022-05-03T00:57:20.959+0000][1751.873s] GC(487) Old regions: 63->63
[2022-05-03T00:57:20.959+0000][1751.873s] GC(487) Humongous regions: 7->7
[2022-05-03T00:57:20.959+0000][1751.873s] GC(487) Metaspace: 57698K->57698K(1101824K)
[2022-05-03T00:57:20.960+0000][1751.874s] GC(487) Pause Young (Normal) (G1 Evacuation Pause) 374M->82M(512M) 10.112ms
[2022-05-03T00:57:20.960+0000][1751.874s] GC(487) User=0.06s Sys=0.00s Real=0.01s
[2022-05-03T00:57:23.022+0000][1753.936s] GC(488) Pause Young (Normal) (G1 Evacuation Pause)
[2022-05-03T00:57:23.022+0000][1753.936s] GC(488) Using 8 workers of 8 for evacuation
[2022-05-03T00:57:23.028+0000][1753.943s] GC(488)   Pre Evacuate Collection Set: 0.0ms
[2022-05-03T00:57:23.029+0000][1753.943s] GC(488)   Evacuate Collection Set: 3.2ms
[2022-05-03T00:57:23.029+0000][1753.943s] GC(488)   Post Evacuate Collection Set: 2.3ms
[2022-05-03T00:57:23.030+0000][1753.944s] GC(488)   Other: 1.0ms
[2022-05-03T00:57:23.030+0000][1753.944s] GC(488) Eden regions: 292->0(287)
[2022-05-03T00:57:23.031+0000][1753.945s] GC(488) Survivor regions: 15->20(39)
[2022-05-03T00:57:23.031+0000][1753.945s] GC(488) Old regions: 63->63
[2022-05-03T00:57:23.031+0000][1753.945s] GC(488) Humongous regions: 7->7
[2022-05-03T00:57:23.032+0000][1753.946s] GC(488) Metaspace: 57698K->57698K(1101824K)
[2022-05-03T00:57:23.032+0000][1753.946s] GC(488) Pause Young (Normal) (G1 Evacuation Pause) 374M->87M(512M) 9.997ms
[2022-05-03T00:57:23.032+0000][1753.946s] GC(488) User=0.04s Sys=0.00s Real=0.01s
[2022-05-03T00:57:25.284+0000][1756.198s] GC(489) Pause Young (Normal) (G1 Evacuation Pause)
[2022-05-03T00:57:25.284+0000][1756.199s] GC(489) Using 8 workers of 8 for evacuation
[2022-05-03T00:57:25.293+0000][1756.207s] GC(489)   Pre Evacuate Collection Set: 0.0ms
[2022-05-03T00:57:25.294+0000][1756.208s] GC(489)   Evacuate Collection Set: 5.2ms
[2022-05-03T00:57:25.294+0000][1756.208s] GC(489)   Post Evacuate Collection Set: 2.7ms
[2022-05-03T00:57:25.294+0000][1756.209s] GC(489)   Other: 1.0ms
[2022-05-03T00:57:25.295+0000][1756.209s] GC(489) Eden regions: 287->0(288)
[2022-05-03T00:57:25.295+0000][1756.209s] GC(489) Survivor regions: 20->19(39)
[2022-05-03T00:57:25.295+0000][1756.210s] GC(489) Old regions: 63->63
[2022-05-03T00:57:25.296+0000][1756.210s] GC(489) Humongous regions: 7->7
[2022-05-03T00:57:25.296+0000][1756.210s] GC(489) Metaspace: 57698K->57698K(1101824K)
[2022-05-03T00:57:25.296+0000][1756.211s] GC(489) Pause Young (Normal) (G1 Evacuation Pause) 374M->87M(512M) 12.423ms
[2022-05-03T00:57:25.297+0000][1756.211s] GC(489) User=0.05s Sys=0.01s Real=0.02s
[2022-05-03T00:57:27.534+0000][1758.448s] GC(490) Pause Young (Normal) (G1 Evacuation Pause)
[2022-05-03T00:57:27.534+0000][1758.448s] GC(490) Using 8 workers of 8 for evacuation
[2022-05-03T00:57:27.540+0000][1758.454s] GC(490)   Pre Evacuate Collection Set: 0.0ms
[2022-05-03T00:57:27.540+0000][1758.454s] GC(490)   Evacuate Collection Set: 3.0ms
[2022-05-03T00:57:27.541+0000][1758.455s] GC(490)   Post Evacuate Collection Set: 2.1ms
[2022-05-03T00:57:27.541+0000][1758.455s] GC(490)   Other: 0.9ms
[2022-05-03T00:57:27.541+0000][1758.456s] GC(490) Eden regions: 288->0(291)
[2022-05-03T00:57:27.542+0000][1758.456s] GC(490) Survivor regions: 19->16(39)
[2022-05-03T00:57:27.542+0000][1758.456s] GC(490) Old regions: 63->63
[2022-05-03T00:57:27.542+0000][1758.457s] GC(490) Humongous regions: 7->7
[2022-05-03T00:57:27.543+0000][1758.457s] GC(490) Metaspace: 57698K->57698K(1101824K)
[2022-05-03T00:57:27.543+0000][1758.457s] GC(490) Pause Young (Normal) (G1 Evacuation Pause) 375M->84M(512M) 9.187ms
[2022-05-03T00:57:27.543+0000][1758.458s] GC(490) User=0.03s Sys=0.00s Real=0.01s
[2022-05-03T00:57:29.610+0000][1760.524s] GC(491) Pause Young (Normal) (G1 Evacuation Pause)
[2022-05-03T00:57:29.610+0000][1760.524s] GC(491) Using 8 workers of 8 for evacuation
[2022-05-03T00:57:29.616+0000][1760.530s] GC(491)   Pre Evacuate Collection Set: 0.0ms
[2022-05-03T00:57:29.617+0000][1760.531s] GC(491)   Evacuate Collection Set: 2.7ms
[2022-05-03T00:57:29.617+0000][1760.531s] GC(491)   Post Evacuate Collection Set: 2.8ms
[2022-05-03T00:57:29.618+0000][1760.532s] GC(491)   Other: 0.7ms
[2022-05-03T00:57:29.618+0000][1760.532s] GC(491) Eden regions: 291->0(288)
[2022-05-03T00:57:29.618+0000][1760.532s] GC(491) Survivor regions: 16->19(39)
[2022-05-03T00:57:29.619+0000][1760.533s] GC(491) Old regions: 63->63
[2022-05-03T00:57:29.619+0000][1760.533s] GC(491) Humongous regions: 7->7
[2022-05-03T00:57:29.619+0000][1760.533s] GC(491) Metaspace: 57698K->57698K(1101824K)
[2022-05-03T00:57:29.620+0000][1760.534s] GC(491) Pause Young (Normal) (G1 Evacuation Pause) 375M->86M(512M) 9.512ms
[2022-05-03T00:57:29.620+0000][1760.534s] GC(491) User=0.04s Sys=0.00s Real=0.01s
[2022-05-03T00:57:31.625+0000][1762.539s] GC(492) Pause Young (Normal) (G1 Evacuation Pause)
[2022-05-03T00:57:31.625+0000][1762.539s] GC(492) Using 8 workers of 8 for evacuation
[2022-05-03T00:57:31.635+0000][1762.549s] GC(492)   Pre Evacuate Collection Set: 0.0ms
[2022-05-03T00:57:31.635+0000][1762.550s] GC(492)   Evacuate Collection Set: 3.8ms
[2022-05-03T00:57:31.636+0000][1762.550s] GC(492)   Post Evacuate Collection Set: 5.7ms
[2022-05-03T00:57:31.636+0000][1762.550s] GC(492)   Other: 0.8ms
[2022-05-03T00:57:31.636+0000][1762.551s] GC(492) Eden regions: 288->0(288)
[2022-05-03T00:57:31.637+0000][1762.551s] GC(492) Survivor regions: 19->19(39)
[2022-05-03T00:57:31.637+0000][1762.551s] GC(492) Old regions: 63->63
[2022-05-03T00:57:31.637+0000][1762.551s] GC(492) Humongous regions: 7->7
[2022-05-03T00:57:31.637+0000][1762.552s] GC(492) Metaspace: 57698K->57698K(1101824K)
[2022-05-03T00:57:31.638+0000][1762.552s] GC(492) Pause Young (Normal) (G1 Evacuation Pause) 374M->87M(512M) 12.807ms
[2022-05-03T00:57:31.638+0000][1762.552s] GC(492) User=0.07s Sys=0.00s Real=0.01s
[2022-05-03T00:57:33.885+0000][1764.799s] GC(493) Pause Young (Normal) (G1 Evacuation Pause)
[2022-05-03T00:57:33.885+0000][1764.799s] GC(493) Using 8 workers of 8 for evacuation
[2022-05-03T00:57:33.892+0000][1764.806s] GC(493)   Pre Evacuate Collection Set: 0.0ms
[2022-05-03T00:57:33.892+0000][1764.806s] GC(493)   Evacuate Collection Set: 3.4ms
[2022-05-03T00:57:33.892+0000][1764.807s] GC(493)   Post Evacuate Collection Set: 2.5ms
[2022-05-03T00:57:33.893+0000][1764.807s] GC(493)   Other: 0.7ms
[2022-05-03T00:57:33.893+0000][1764.807s] GC(493) Eden regions: 288->0(288)
[2022-05-03T00:57:33.893+0000][1764.808s] GC(493) Survivor regions: 19->19(39)
[2022-05-03T00:57:33.894+0000][1764.808s] GC(493) Old regions: 63->63
[2022-05-03T00:57:33.894+0000][1764.808s] GC(493) Humongous regions: 7->7
[2022-05-03T00:57:33.894+0000][1764.808s] GC(493) Metaspace: 57698K->57698K(1101824K)
[2022-05-03T00:57:33.895+0000][1764.809s] GC(493) Pause Young (Normal) (G1 Evacuation Pause) 375M->87M(512M) 9.468ms
[2022-05-03T00:57:33.895+0000][1764.809s] GC(493) User=0.04s Sys=0.00s Real=0.01s
[2022-05-03T00:57:36.122+0000][1767.036s] GC(494) Pause Young (Normal) (G1 Evacuation Pause)
[2022-05-03T00:57:36.122+0000][1767.036s] GC(494) Using 8 workers of 8 for evacuation
[2022-05-03T00:57:36.141+0000][1767.055s] GC(494)   Pre Evacuate Collection Set: 0.0ms
[2022-05-03T00:57:36.141+0000][1767.055s] GC(494)   Evacuate Collection Set: 9.7ms
[2022-05-03T00:57:36.141+0000][1767.056s] GC(494)   Post Evacuate Collection Set: 8.4ms
[2022-05-03T00:57:36.142+0000][1767.056s] GC(494)   Other: 0.8ms
[2022-05-03T00:57:36.142+0000][1767.056s] GC(494) Eden regions: 288->0(289)
[2022-05-03T00:57:36.142+0000][1767.056s] GC(494) Survivor regions: 19->18(39)
[2022-05-03T00:57:36.143+0000][1767.057s] GC(494) Old regions: 63->63
[2022-05-03T00:57:36.143+0000][1767.057s] GC(494) Humongous regions: 7->7
[2022-05-03T00:57:36.143+0000][1767.057s] GC(494) Metaspace: 57698K->57698K(1101824K)
[2022-05-03T00:57:36.143+0000][1767.058s] GC(494) Pause Young (Normal) (G1 Evacuation Pause) 375M->86M(512M) 21.412ms
[2022-05-03T00:57:36.144+0000][1767.058s] GC(494) User=0.13s Sys=0.00s Real=0.02s
[2022-05-03T00:57:38.451+0000][1769.365s] GC(495) Pause Young (Normal) (G1 Evacuation Pause)
[2022-05-03T00:57:38.451+0000][1769.365s] GC(495) Using 8 workers of 8 for evacuation
[2022-05-03T00:57:38.468+0000][1769.382s] GC(495)   Pre Evacuate Collection Set: 0.0ms
[2022-05-03T00:57:38.469+0000][1769.383s] GC(495)   Evacuate Collection Set: 11.6ms
[2022-05-03T00:57:38.469+0000][1769.383s] GC(495)   Post Evacuate Collection Set: 4.8ms
[2022-05-03T00:57:38.469+0000][1769.384s] GC(495)   Other: 1.0ms
[2022-05-03T00:57:38.470+0000][1769.384s] GC(495) Eden regions: 289->0(294)
[2022-05-03T00:57:38.470+0000][1769.384s] GC(495) Survivor regions: 18->13(39)
[2022-05-03T00:57:38.471+0000][1769.385s] GC(495) Old regions: 63->63
[2022-05-03T00:57:38.471+0000][1769.385s] GC(495) Humongous regions: 7->7
[2022-05-03T00:57:38.471+0000][1769.385s] GC(495) Metaspace: 57698K->57698K(1101824K)
[2022-05-03T00:57:38.472+0000][1769.386s] GC(495) Pause Young (Normal) (G1 Evacuation Pause) 375M->81M(512M) 21.038ms
[2022-05-03T00:57:38.472+0000][1769.386s] GC(495) User=0.10s Sys=0.01s Real=0.02s
[2022-05-03T00:57:40.509+0000][1771.423s] GC(496) Pause Young (Normal) (G1 Evacuation Pause)
[2022-05-03T00:57:40.510+0000][1771.424s] GC(496) Using 8 workers of 8 for evacuation
[2022-05-03T00:57:40.516+0000][1771.431s] GC(496)   Pre Evacuate Collection Set: 0.0ms
[2022-05-03T00:57:40.517+0000][1771.431s] GC(496)   Evacuate Collection Set: 3.0ms
[2022-05-03T00:57:40.517+0000][1771.431s] GC(496)   Post Evacuate Collection Set: 3.2ms
[2022-05-03T00:57:40.518+0000][1771.432s] GC(496)   Other: 0.8ms
[2022-05-03T00:57:40.518+0000][1771.432s] GC(496) Eden regions: 294->0(289)
[2022-05-03T00:57:40.518+0000][1771.432s] GC(496) Survivor regions: 13->18(39)
[2022-05-03T00:57:40.519+0000][1771.433s] GC(496) Old regions: 63->63
[2022-05-03T00:57:40.519+0000][1771.433s] GC(496) Humongous regions: 7->7
[2022-05-03T00:57:40.519+0000][1771.433s] GC(496) Metaspace: 57698K->57698K(1101824K)
[2022-05-03T00:57:40.519+0000][1771.434s] GC(496) Pause Young (Normal) (G1 Evacuation Pause) 375M->86M(512M) 10.107ms
[2022-05-03T00:57:40.520+0000][1771.434s] GC(496) User=0.05s Sys=0.00s Real=0.01s
[2022-05-03T00:57:42.738+0000][1773.652s] GC(497) Pause Young (Normal) (G1 Evacuation Pause)
[2022-05-03T00:57:42.738+0000][1773.653s] GC(497) Using 8 workers of 8 for evacuation
[2022-05-03T00:57:42.745+0000][1773.659s] GC(497)   Pre Evacuate Collection Set: 0.0ms
[2022-05-03T00:57:42.746+0000][1773.660s] GC(497)   Evacuate Collection Set: 3.5ms
[2022-05-03T00:57:42.746+0000][1773.660s] GC(497)   Post Evacuate Collection Set: 2.8ms
[2022-05-03T00:57:42.747+0000][1773.661s] GC(497)   Other: 1.0ms
[2022-05-03T00:57:42.747+0000][1773.661s] GC(497) Eden regions: 289->0(288)
[2022-05-03T00:57:42.747+0000][1773.661s] GC(497) Survivor regions: 18->19(39)
[2022-05-03T00:57:42.748+0000][1773.662s] GC(497) Old regions: 63->63
[2022-05-03T00:57:42.748+0000][1773.662s] GC(497) Humongous regions: 7->7
[2022-05-03T00:57:42.748+0000][1773.663s] GC(497) Metaspace: 57698K->57698K(1101824K)
[2022-05-03T00:57:42.749+0000][1773.663s] GC(497) Pause Young (Normal) (G1 Evacuation Pause) 375M->87M(512M) 10.780ms
[2022-05-03T00:57:42.749+0000][1773.663s] GC(497) User=0.04s Sys=0.00s Real=0.01s
[2022-05-03T00:57:45.007+0000][1775.921s] GC(498) Pause Young (Normal) (G1 Evacuation Pause)
[2022-05-03T00:57:45.008+0000][1775.922s] GC(498) Using 8 workers of 8 for evacuation
[2022-05-03T00:57:45.014+0000][1775.928s] GC(498)   Pre Evacuate Collection Set: 0.0ms
[2022-05-03T00:57:45.014+0000][1775.928s] GC(498)   Evacuate Collection Set: 3.4ms
[2022-05-03T00:57:45.015+0000][1775.929s] GC(498)   Post Evacuate Collection Set: 2.5ms
[2022-05-03T00:57:45.015+0000][1775.929s] GC(498)   Other: 0.8ms
[2022-05-03T00:57:45.015+0000][1775.929s] GC(498) Eden regions: 288->0(288)
[2022-05-03T00:57:45.016+0000][1775.930s] GC(498) Survivor regions: 19->19(39)
[2022-05-03T00:57:45.016+0000][1775.930s] GC(498) Old regions: 63->63
[2022-05-03T00:57:45.016+0000][1775.930s] GC(498) Humongous regions: 7->7
[2022-05-03T00:57:45.017+0000][1775.931s] GC(498) Metaspace: 57698K->57698K(1101824K)
[2022-05-03T00:57:45.017+0000][1775.931s] GC(498) Pause Young (Normal) (G1 Evacuation Pause) 375M->87M(512M) 9.490ms
[2022-05-03T00:57:45.017+0000][1775.931s] GC(498) User=0.04s Sys=0.01s Real=0.01s
[2022-05-03T00:57:47.241+0000][1778.155s] GC(499) Pause Young (Normal) (G1 Evacuation Pause)
[2022-05-03T00:57:47.241+0000][1778.155s] GC(499) Using 8 workers of 8 for evacuation
[2022-05-03T00:57:47.257+0000][1778.171s] GC(499)   Pre Evacuate Collection Set: 0.0ms
[2022-05-03T00:57:47.258+0000][1778.172s] GC(499)   Evacuate Collection Set: 11.4ms
[2022-05-03T00:57:47.258+0000][1778.172s] GC(499)   Post Evacuate Collection Set: 4.4ms
[2022-05-03T00:57:47.258+0000][1778.172s] GC(499)   Other: 1.1ms
[2022-05-03T00:57:47.259+0000][1778.173s] GC(499) Eden regions: 288->0(290)
[2022-05-03T00:57:47.259+0000][1778.173s] GC(499) Survivor regions: 19->17(39)
[2022-05-03T00:57:47.259+0000][1778.173s] GC(499) Old regions: 63->64
[2022-05-03T00:57:47.260+0000][1778.174s] GC(499) Humongous regions: 7->7
[2022-05-03T00:57:47.260+0000][1778.174s] GC(499) Metaspace: 57698K->57698K(1101824K)
[2022-05-03T00:57:47.260+0000][1778.174s] GC(499) Pause Young (Normal) (G1 Evacuation Pause) 375M->85M(512M) 19.726ms
[2022-05-03T00:57:47.260+0000][1778.175s] GC(499) User=0.12s Sys=0.00s Real=0.02s
[2022-05-03T00:57:49.082+0000][1779.996s] GC(500) Pause Young (Normal) (G1 Evacuation Pause)
[2022-05-03T00:57:49.082+0000][1779.996s] GC(500) Using 8 workers of 8 for evacuation
[2022-05-03T00:57:49.087+0000][1780.002s] GC(500)   Pre Evacuate Collection Set: 0.0ms
[2022-05-03T00:57:49.088+0000][1780.002s] GC(500)   Evacuate Collection Set: 2.6ms
[2022-05-03T00:57:49.088+0000][1780.002s] GC(500)   Post Evacuate Collection Set: 2.3ms
[2022-05-03T00:57:49.089+0000][1780.003s] GC(500)   Other: 0.8ms
[2022-05-03T00:57:49.089+0000][1780.003s] GC(500) Eden regions: 290->0(289)
[2022-05-03T00:57:49.089+0000][1780.003s] GC(500) Survivor regions: 17->18(39)
[2022-05-03T00:57:49.090+0000][1780.004s] GC(500) Old regions: 64->64
[2022-05-03T00:57:49.090+0000][1780.004s] GC(500) Humongous regions: 7->7
[2022-05-03T00:57:49.090+0000][1780.004s] GC(500) Metaspace: 57698K->57698K(1101824K)
[2022-05-03T00:57:49.090+0000][1780.005s] GC(500) Pause Young (Normal) (G1 Evacuation Pause) 375M->86M(512M) 8.699ms
[2022-05-03T00:57:49.091+0000][1780.005s] GC(500) User=0.03s Sys=0.00s Real=0.01s
[2022-05-03T00:57:51.421+0000][1782.335s] GC(501) Pause Young (Normal) (G1 Evacuation Pause)
[2022-05-03T00:57:51.421+0000][1782.335s] GC(501) Using 8 workers of 8 for evacuation
[2022-05-03T00:57:51.427+0000][1782.341s] GC(501)   Pre Evacuate Collection Set: 0.0ms
[2022-05-03T00:57:51.428+0000][1782.342s] GC(501)   Evacuate Collection Set: 2.6ms
[2022-05-03T00:57:51.428+0000][1782.342s] GC(501)   Post Evacuate Collection Set: 2.9ms
[2022-05-03T00:57:51.428+0000][1782.342s] GC(501)   Other: 0.5ms
[2022-05-03T00:57:51.429+0000][1782.343s] GC(501) Eden regions: 289->0(290)
[2022-05-03T00:57:51.429+0000][1782.343s] GC(501) Survivor regions: 18->17(39)
[2022-05-03T00:57:51.429+0000][1782.343s] GC(501) Old regions: 64->64
[2022-05-03T00:57:51.429+0000][1782.344s] GC(501) Humongous regions: 7->7
[2022-05-03T00:57:51.430+0000][1782.344s] GC(501) Metaspace: 57698K->57698K(1101824K)
[2022-05-03T00:57:51.430+0000][1782.344s] GC(501) Pause Young (Normal) (G1 Evacuation Pause) 375M->85M(512M) 8.930ms
[2022-05-03T00:57:51.430+0000][1782.344s] GC(501) User=0.03s Sys=0.00s Real=0.01s
[2022-05-03T00:57:53.646+0000][1784.560s] GC(502) Pause Young (Normal) (G1 Evacuation Pause)
[2022-05-03T00:57:53.647+0000][1784.561s] GC(502) Using 8 workers of 8 for evacuation
[2022-05-03T00:57:53.652+0000][1784.566s] GC(502)   Pre Evacuate Collection Set: 0.0ms
[2022-05-03T00:57:53.652+0000][1784.566s] GC(502)   Evacuate Collection Set: 2.3ms
[2022-05-03T00:57:53.653+0000][1784.567s] GC(502)   Post Evacuate Collection Set: 2.5ms
[2022-05-03T00:57:53.653+0000][1784.567s] GC(502)   Other: 0.8ms
[2022-05-03T00:57:53.653+0000][1784.568s] GC(502) Eden regions: 290->0(290)
[2022-05-03T00:57:53.654+0000][1784.568s] GC(502) Survivor regions: 17->17(39)
[2022-05-03T00:57:53.654+0000][1784.568s] GC(502) Old regions: 64->64
[2022-05-03T00:57:53.655+0000][1784.569s] GC(502) Humongous regions: 7->7
[2022-05-03T00:57:53.655+0000][1784.569s] GC(502) Metaspace: 57698K->57698K(1101824K)
[2022-05-03T00:57:53.655+0000][1784.569s] GC(502) Pause Young (Normal) (G1 Evacuation Pause) 375M->85M(512M) 8.940ms
[2022-05-03T00:57:53.655+0000][1784.570s] GC(502) User=0.03s Sys=0.00s Real=0.01s
[2022-05-03T00:57:56.016+0000][1786.930s] GC(503) Pause Young (Normal) (G1 Evacuation Pause)
[2022-05-03T00:57:56.016+0000][1786.930s] GC(503) Using 8 workers of 8 for evacuation
[2022-05-03T00:57:56.022+0000][1786.936s] GC(503)   Pre Evacuate Collection Set: 0.0ms
[2022-05-03T00:57:56.022+0000][1786.936s] GC(503)   Evacuate Collection Set: 2.6ms
[2022-05-03T00:57:56.023+0000][1786.937s] GC(503)   Post Evacuate Collection Set: 2.7ms
[2022-05-03T00:57:56.023+0000][1786.937s] GC(503)   Other: 1.0ms
[2022-05-03T00:57:56.023+0000][1786.938s] GC(503) Eden regions: 290->0(291)
[2022-05-03T00:57:56.024+0000][1786.938s] GC(503) Survivor regions: 17->16(39)
[2022-05-03T00:57:56.024+0000][1786.938s] GC(503) Old regions: 64->64
[2022-05-03T00:57:56.025+0000][1786.939s] GC(503) Humongous regions: 7->7
[2022-05-03T00:57:56.025+0000][1786.939s] GC(503) Metaspace: 57698K->57698K(1101824K)
[2022-05-03T00:57:56.025+0000][1786.939s] GC(503) Pause Young (Normal) (G1 Evacuation Pause) 375M->84M(512M) 9.561ms
[2022-05-03T00:57:56.026+0000][1786.940s] GC(503) User=0.03s Sys=0.00s Real=0.01s
[2022-05-03T00:57:57.694+0000][1788.608s] GC(504) Pause Young (Normal) (G1 Evacuation Pause)
[2022-05-03T00:57:57.694+0000][1788.608s] GC(504) Using 8 workers of 8 for evacuation
[2022-05-03T00:57:57.699+0000][1788.613s] GC(504)   Pre Evacuate Collection Set: 0.0ms
[2022-05-03T00:57:57.699+0000][1788.613s] GC(504)   Evacuate Collection Set: 2.9ms
[2022-05-03T00:57:57.699+0000][1788.614s] GC(504)   Post Evacuate Collection Set: 1.7ms
[2022-05-03T00:57:57.700+0000][1788.614s] GC(504)   Other: 0.6ms
[2022-05-03T00:57:57.700+0000][1788.614s] GC(504) Eden regions: 291->0(293)
[2022-05-03T00:57:57.700+0000][1788.614s] GC(504) Survivor regions: 16->14(39)
[2022-05-03T00:57:57.700+0000][1788.615s] GC(504) Old regions: 64->64
[2022-05-03T00:57:57.701+0000][1788.615s] GC(504) Humongous regions: 7->7
[2022-05-03T00:57:57.701+0000][1788.615s] GC(504) Metaspace: 57698K->57698K(1101824K)
[2022-05-03T00:57:57.701+0000][1788.615s] GC(504) Pause Young (Normal) (G1 Evacuation Pause) 375M->82M(512M) 7.356ms
[2022-05-03T00:57:57.701+0000][1788.616s] GC(504) User=0.04s Sys=0.00s Real=0.01s
[2022-05-03T00:58:00.033+0000][1790.947s] GC(505) Pause Young (Normal) (G1 Evacuation Pause)
[2022-05-03T00:58:00.034+0000][1790.948s] GC(505) Using 8 workers of 8 for evacuation
[2022-05-03T00:58:00.040+0000][1790.954s] GC(505)   Pre Evacuate Collection Set: 0.0ms
[2022-05-03T00:58:00.041+0000][1790.955s] GC(505)   Evacuate Collection Set: 3.4ms
[2022-05-03T00:58:00.041+0000][1790.955s] GC(505)   Post Evacuate Collection Set: 2.6ms
[2022-05-03T00:58:00.041+0000][1790.956s] GC(505)   Other: 1.0ms
[2022-05-03T00:58:00.042+0000][1790.956s] GC(505) Eden regions: 293->0(288)
[2022-05-03T00:58:00.042+0000][1790.956s] GC(505) Survivor regions: 14->19(39)
[2022-05-03T00:58:00.043+0000][1790.957s] GC(505) Old regions: 64->64
[2022-05-03T00:58:00.043+0000][1790.957s] GC(505) Humongous regions: 7->7
[2022-05-03T00:58:00.043+0000][1790.957s] GC(505) Metaspace: 57698K->57698K(1101824K)
[2022-05-03T00:58:00.044+0000][1790.958s] GC(505) Pause Young (Normal) (G1 Evacuation Pause) 375M->87M(512M) 10.506ms
[2022-05-03T00:58:00.044+0000][1790.958s] GC(505) User=0.03s Sys=0.01s Real=0.01s
[2022-05-03T00:58:02.278+0000][1793.192s] GC(506) Pause Young (Normal) (G1 Evacuation Pause)
[2022-05-03T00:58:02.279+0000][1793.193s] GC(506) Using 8 workers of 8 for evacuation
[2022-05-03T00:58:02.285+0000][1793.199s] GC(506)   Pre Evacuate Collection Set: 0.0ms
[2022-05-03T00:58:02.286+0000][1793.200s] GC(506)   Evacuate Collection Set: 3.4ms
[2022-05-03T00:58:02.286+0000][1793.200s] GC(506)   Post Evacuate Collection Set: 2.8ms
[2022-05-03T00:58:02.286+0000][1793.200s] GC(506)   Other: 0.9ms
[2022-05-03T00:58:02.287+0000][1793.201s] GC(506) Eden regions: 288->0(288)
[2022-05-03T00:58:02.287+0000][1793.201s] GC(506) Survivor regions: 19->19(39)
[2022-05-03T00:58:02.287+0000][1793.201s] GC(506) Old regions: 64->64
[2022-05-03T00:58:02.288+0000][1793.202s] GC(506) Humongous regions: 7->7
[2022-05-03T00:58:02.288+0000][1793.202s] GC(506) Metaspace: 57698K->57698K(1101824K)
[2022-05-03T00:58:02.288+0000][1793.202s] GC(506) Pause Young (Normal) (G1 Evacuation Pause) 375M->87M(512M) 9.981ms
[2022-05-03T00:58:02.288+0000][1793.202s] GC(506) User=0.04s Sys=0.00s Real=0.01s
[2022-05-03T00:58:04.446+0000][1795.360s] GC(507) Pause Young (Normal) (G1 Evacuation Pause)
[2022-05-03T00:58:04.447+0000][1795.361s] GC(507) Using 8 workers of 8 for evacuation
[2022-05-03T00:58:04.453+0000][1795.367s] GC(507)   Pre Evacuate Collection Set: 0.0ms
[2022-05-03T00:58:04.453+0000][1795.368s] GC(507)   Evacuate Collection Set: 3.9ms
[2022-05-03T00:58:04.454+0000][1795.368s] GC(507)   Post Evacuate Collection Set: 1.8ms
[2022-05-03T00:58:04.454+0000][1795.368s] GC(507)   Other: 1.0ms
[2022-05-03T00:58:04.454+0000][1795.368s] GC(507) Eden regions: 288->0(290)
[2022-05-03T00:58:04.455+0000][1795.369s] GC(507) Survivor regions: 19->17(39)
[2022-05-03T00:58:04.455+0000][1795.369s] GC(507) Old regions: 64->64
[2022-05-03T00:58:04.455+0000][1795.369s] GC(507) Humongous regions: 7->7
[2022-05-03T00:58:04.456+0000][1795.370s] GC(507) Metaspace: 57698K->57698K(1101824K)
[2022-05-03T00:58:04.456+0000][1795.370s] GC(507) Pause Young (Normal) (G1 Evacuation Pause) 375M->85M(512M) 9.608ms
[2022-05-03T00:58:04.456+0000][1795.370s] GC(507) User=0.04s Sys=0.00s Real=0.01s
[2022-05-03T00:58:06.618+0000][1797.532s] GC(508) Pause Young (Normal) (G1 Evacuation Pause)
[2022-05-03T00:58:06.618+0000][1797.532s] GC(508) Using 8 workers of 8 for evacuation
[2022-05-03T00:58:06.627+0000][1797.541s] GC(508)   Pre Evacuate Collection Set: 0.0ms
[2022-05-03T00:58:06.627+0000][1797.542s] GC(508)   Evacuate Collection Set: 4.3ms
[2022-05-03T00:58:06.628+0000][1797.542s] GC(508)   Post Evacuate Collection Set: 3.9ms
[2022-05-03T00:58:06.629+0000][1797.543s] GC(508)   Other: 0.9ms
[2022-05-03T00:58:06.629+0000][1797.543s] GC(508) Eden regions: 290->0(289)
[2022-05-03T00:58:06.630+0000][1797.544s] GC(508) Survivor regions: 17->18(39)
[2022-05-03T00:58:06.630+0000][1797.544s] GC(508) Old regions: 64->64
[2022-05-03T00:58:06.631+0000][1797.545s] GC(508) Humongous regions: 7->7
[2022-05-03T00:58:06.631+0000][1797.545s] GC(508) Metaspace: 57698K->57698K(1101824K)
[2022-05-03T00:58:06.632+0000][1797.546s] GC(508) Pause Young (Normal) (G1 Evacuation Pause) 375M->86M(512M) 14.138ms
[2022-05-03T00:58:06.632+0000][1797.546s] GC(508) User=0.06s Sys=0.00s Real=0.01s
[2022-05-03T00:58:09.060+0000][1799.974s] GC(509) Pause Young (Normal) (G1 Evacuation Pause)
[2022-05-03T00:58:09.060+0000][1799.974s] GC(509) Using 8 workers of 8 for evacuation
[2022-05-03T00:58:09.067+0000][1799.981s] GC(509)   Pre Evacuate Collection Set: 0.0ms
[2022-05-03T00:58:09.067+0000][1799.981s] GC(509)   Evacuate Collection Set: 3.5ms
[2022-05-03T00:58:09.068+0000][1799.982s] GC(509)   Post Evacuate Collection Set: 2.6ms
[2022-05-03T00:58:09.068+0000][1799.982s] GC(509)   Other: 1.0ms
[2022-05-03T00:58:09.068+0000][1799.983s] GC(509) Eden regions: 289->0(287)
[2022-05-03T00:58:09.069+0000][1799.983s] GC(509) Survivor regions: 18->20(39)
[2022-05-03T00:58:09.069+0000][1799.983s] GC(509) Old regions: 64->64
[2022-05-03T00:58:09.070+0000][1799.984s] GC(509) Humongous regions: 7->7
[2022-05-03T00:58:09.070+0000][1799.984s] GC(509) Metaspace: 57698K->57698K(1101824K)
[2022-05-03T00:58:09.070+0000][1799.985s] GC(509) Pause Young (Normal) (G1 Evacuation Pause) 375M->88M(512M) 10.883ms
[2022-05-03T00:58:09.071+0000][1799.985s] GC(509) User=0.04s Sys=0.00s Real=0.01s
[2022-05-03T00:58:11.245+0000][1802.159s] GC(510) Pause Young (Normal) (G1 Evacuation Pause)
[2022-05-03T00:58:11.246+0000][1802.160s] GC(510) Using 8 workers of 8 for evacuation
[2022-05-03T00:58:11.256+0000][1802.170s] GC(510)   Pre Evacuate Collection Set: 0.0ms
[2022-05-03T00:58:11.256+0000][1802.171s] GC(510)   Evacuate Collection Set: 7.3ms
[2022-05-03T00:58:11.257+0000][1802.171s] GC(510)   Post Evacuate Collection Set: 2.6ms
[2022-05-03T00:58:11.257+0000][1802.171s] GC(510)   Other: 0.9ms
[2022-05-03T00:58:11.257+0000][1802.172s] GC(510) Eden regions: 287->0(288)
[2022-05-03T00:58:11.258+0000][1802.172s] GC(510) Survivor regions: 20->19(39)
[2022-05-03T00:58:11.258+0000][1802.172s] GC(510) Old regions: 64->64
[2022-05-03T00:58:11.258+0000][1802.173s] GC(510) Humongous regions: 7->7
[2022-05-03T00:58:11.259+0000][1802.173s] GC(510) Metaspace: 57698K->57698K(1101824K)
[2022-05-03T00:58:11.259+0000][1802.173s] GC(510) Pause Young (Normal) (G1 Evacuation Pause) 375M->87M(512M) 13.866ms
[2022-05-03T00:58:11.259+0000][1802.173s] GC(510) User=0.08s Sys=0.00s Real=0.01s
[2022-05-03T00:58:13.488+0000][1804.403s] GC(511) Pause Young (Normal) (G1 Evacuation Pause)
[2022-05-03T00:58:13.489+0000][1804.403s] GC(511) Using 8 workers of 8 for evacuation
[2022-05-03T00:58:13.495+0000][1804.409s] GC(511)   Pre Evacuate Collection Set: 0.0ms
[2022-05-03T00:58:13.495+0000][1804.409s] GC(511)   Evacuate Collection Set: 2.7ms
[2022-05-03T00:58:13.496+0000][1804.410s] GC(511)   Post Evacuate Collection Set: 2.5ms
[2022-05-03T00:58:13.496+0000][1804.410s] GC(511)   Other: 0.9ms
[2022-05-03T00:58:13.496+0000][1804.410s] GC(511) Eden regions: 288->0(290)
[2022-05-03T00:58:13.497+0000][1804.411s] GC(511) Survivor regions: 19->17(39)
[2022-05-03T00:58:13.497+0000][1804.411s] GC(511) Old regions: 64->64
[2022-05-03T00:58:13.498+0000][1804.412s] GC(511) Humongous regions: 7->7
[2022-05-03T00:58:13.498+0000][1804.412s] GC(511) Metaspace: 57698K->57698K(1101824K)
[2022-05-03T00:58:13.498+0000][1804.412s] GC(511) Pause Young (Normal) (G1 Evacuation Pause) 375M->85M(512M) 9.923ms
[2022-05-03T00:58:13.499+0000][1804.413s] GC(511) User=0.04s Sys=0.00s Real=0.01s
[2022-05-03T00:58:15.159+0000][1806.073s] GC(512) Pause Young (Normal) (G1 Evacuation Pause)
[2022-05-03T00:58:15.159+0000][1806.073s] GC(512) Using 8 workers of 8 for evacuation
[2022-05-03T00:58:15.165+0000][1806.079s] GC(512)   Pre Evacuate Collection Set: 0.0ms
[2022-05-03T00:58:15.165+0000][1806.079s] GC(512)   Evacuate Collection Set: 2.9ms
[2022-05-03T00:58:15.165+0000][1806.079s] GC(512)   Post Evacuate Collection Set: 2.2ms
[2022-05-03T00:58:15.166+0000][1806.080s] GC(512)   Other: 0.8ms
[2022-05-03T00:58:15.166+0000][1806.080s] GC(512) Eden regions: 290->0(293)
[2022-05-03T00:58:15.166+0000][1806.080s] GC(512) Survivor regions: 17->14(39)
[2022-05-03T00:58:15.167+0000][1806.081s] GC(512) Old regions: 64->64
[2022-05-03T00:58:15.167+0000][1806.081s] GC(512) Humongous regions: 7->7
[2022-05-03T00:58:15.167+0000][1806.081s] GC(512) Metaspace: 57698K->57698K(1101824K)
[2022-05-03T00:58:15.168+0000][1806.082s] GC(512) Pause Young (Normal) (G1 Evacuation Pause) 375M->82M(512M) 8.760ms
[2022-05-03T00:58:15.168+0000][1806.082s] GC(512) User=0.03s Sys=0.00s Real=0.01s
[2022-05-03T00:58:17.528+0000][1808.442s] GC(513) Pause Young (Normal) (G1 Evacuation Pause)
[2022-05-03T00:58:17.528+0000][1808.442s] GC(513) Using 8 workers of 8 for evacuation
[2022-05-03T00:58:17.540+0000][1808.454s] GC(513)   Pre Evacuate Collection Set: 0.0ms
[2022-05-03T00:58:17.540+0000][1808.454s] GC(513)   Evacuate Collection Set: 3.3ms
[2022-05-03T00:58:17.540+0000][1808.455s] GC(513)   Post Evacuate Collection Set: 8.4ms
[2022-05-03T00:58:17.541+0000][1808.455s] GC(513)   Other: 0.7ms
[2022-05-03T00:58:17.541+0000][1808.455s] GC(513) Eden regions: 293->0(288)
[2022-05-03T00:58:17.541+0000][1808.455s] GC(513) Survivor regions: 14->19(39)
[2022-05-03T00:58:17.541+0000][1808.455s] GC(513) Old regions: 64->64
[2022-05-03T00:58:17.541+0000][1808.456s] GC(513) Humongous regions: 7->7
[2022-05-03T00:58:17.542+0000][1808.456s] GC(513) Metaspace: 57699K->57699K(1101824K)
[2022-05-03T00:58:17.542+0000][1808.456s] GC(513) Pause Young (Normal) (G1 Evacuation Pause) 375M->88M(512M) 14.275ms
[2022-05-03T00:58:17.542+0000][1808.456s] GC(513) User=0.09s Sys=0.01s Real=0.01s
[2022-05-03T00:58:19.739+0000][1810.653s] GC(514) Pause Young (Normal) (G1 Evacuation Pause)
[2022-05-03T00:58:19.739+0000][1810.654s] GC(514) Using 8 workers of 8 for evacuation
[2022-05-03T00:58:19.758+0000][1810.672s] GC(514)   Pre Evacuate Collection Set: 0.0ms
[2022-05-03T00:58:19.758+0000][1810.672s] GC(514)   Evacuate Collection Set: 12.1ms
[2022-05-03T00:58:19.759+0000][1810.673s] GC(514)   Post Evacuate Collection Set: 5.8ms
[2022-05-03T00:58:19.759+0000][1810.673s] GC(514)   Other: 1.0ms
[2022-05-03T00:58:19.760+0000][1810.674s] GC(514) Eden regions: 288->0(288)
[2022-05-03T00:58:19.760+0000][1810.674s] GC(514) Survivor regions: 19->19(39)
[2022-05-03T00:58:19.760+0000][1810.675s] GC(514) Old regions: 64->64
[2022-05-03T00:58:19.761+0000][1810.675s] GC(514) Humongous regions: 7->7
[2022-05-03T00:58:19.761+0000][1810.675s] GC(514) Metaspace: 57699K->57699K(1101824K)
[2022-05-03T00:58:19.761+0000][1810.675s] GC(514) Pause Young (Normal) (G1 Evacuation Pause) 376M->87M(512M) 22.061ms
[2022-05-03T00:58:19.761+0000][1810.675s] GC(514) User=0.13s Sys=0.00s Real=0.02s
[2022-05-03T00:58:22.017+0000][1812.931s] GC(515) Pause Young (Normal) (G1 Evacuation Pause)
[2022-05-03T00:58:22.018+0000][1812.932s] GC(515) Using 8 workers of 8 for evacuation
[2022-05-03T00:58:22.024+0000][1812.938s] GC(515)   Pre Evacuate Collection Set: 0.0ms
[2022-05-03T00:58:22.025+0000][1812.939s] GC(515)   Evacuate Collection Set: 3.1ms
[2022-05-03T00:58:22.025+0000][1812.939s] GC(515)   Post Evacuate Collection Set: 2.8ms
[2022-05-03T00:58:22.026+0000][1812.940s] GC(515)   Other: 1.1ms
[2022-05-03T00:58:22.026+0000][1812.940s] GC(515) Eden regions: 288->0(290)
[2022-05-03T00:58:22.026+0000][1812.940s] GC(515) Survivor regions: 19->17(39)
[2022-05-03T00:58:22.027+0000][1812.941s] GC(515) Old regions: 64->64
[2022-05-03T00:58:22.027+0000][1812.941s] GC(515) Humongous regions: 7->7
[2022-05-03T00:58:22.028+0000][1812.942s] GC(515) Metaspace: 57699K->57699K(1101824K)
[2022-05-03T00:58:22.028+0000][1812.942s] GC(515) Pause Young (Normal) (G1 Evacuation Pause) 375M->86M(512M) 10.689ms
[2022-05-03T00:58:22.028+0000][1812.942s] GC(515) User=0.03s Sys=0.02s Real=0.01s
[2022-05-03T00:58:23.822+0000][1814.737s] GC(516) Pause Young (Normal) (G1 Evacuation Pause)
[2022-05-03T00:58:23.823+0000][1814.737s] GC(516) Using 8 workers of 8 for evacuation
[2022-05-03T00:58:23.828+0000][1814.742s] GC(516)   Pre Evacuate Collection Set: 0.0ms
[2022-05-03T00:58:23.828+0000][1814.742s] GC(516)   Evacuate Collection Set: 2.8ms
[2022-05-03T00:58:23.829+0000][1814.743s] GC(516)   Post Evacuate Collection Set: 1.9ms
[2022-05-03T00:58:23.829+0000][1814.743s] GC(516)   Other: 0.6ms
[2022-05-03T00:58:23.829+0000][1814.743s] GC(516) Eden regions: 290->0(293)
[2022-05-03T00:58:23.830+0000][1814.744s] GC(516) Survivor regions: 17->14(39)
[2022-05-03T00:58:23.830+0000][1814.744s] GC(516) Old regions: 64->64
[2022-05-03T00:58:23.830+0000][1814.745s] GC(516) Humongous regions: 7->7
[2022-05-03T00:58:23.831+0000][1814.745s] GC(516) Metaspace: 57699K->57699K(1101824K)
[2022-05-03T00:58:23.831+0000][1814.745s] GC(516) Pause Young (Normal) (G1 Evacuation Pause) 376M->83M(512M) 8.625ms
[2022-05-03T00:58:23.831+0000][1814.746s] GC(516) User=0.03s Sys=0.00s Real=0.01s
[2022-05-03T00:58:26.032+0000][1816.946s] GC(517) Pause Young (Normal) (G1 Evacuation Pause)
[2022-05-03T00:58:26.032+0000][1816.946s] GC(517) Using 8 workers of 8 for evacuation
[2022-05-03T00:58:26.037+0000][1816.951s] GC(517)   Pre Evacuate Collection Set: 0.0ms
[2022-05-03T00:58:26.037+0000][1816.951s] GC(517)   Evacuate Collection Set: 2.2ms
[2022-05-03T00:58:26.038+0000][1816.952s] GC(517)   Post Evacuate Collection Set: 2.4ms
[2022-05-03T00:58:26.038+0000][1816.952s] GC(517)   Other: 0.6ms
[2022-05-03T00:58:26.038+0000][1816.952s] GC(517) Eden regions: 293->0(290)
[2022-05-03T00:58:26.039+0000][1816.953s] GC(517) Survivor regions: 14->17(39)
[2022-05-03T00:58:26.039+0000][1816.953s] GC(517) Old regions: 64->64
[2022-05-03T00:58:26.039+0000][1816.953s] GC(517) Humongous regions: 7->7
[2022-05-03T00:58:26.040+0000][1816.954s] GC(517) Metaspace: 57699K->57699K(1101824K)
[2022-05-03T00:58:26.040+0000][1816.954s] GC(517) Pause Young (Normal) (G1 Evacuation Pause) 376M->85M(512M) 8.104ms
[2022-05-03T00:58:26.040+0000][1816.954s] GC(517) User=0.03s Sys=0.00s Real=0.01s
[2022-05-03T00:58:28.315+0000][1819.229s] GC(518) Pause Young (Normal) (G1 Evacuation Pause)
[2022-05-03T00:58:28.315+0000][1819.230s] GC(518) Using 8 workers of 8 for evacuation
[2022-05-03T00:58:28.325+0000][1819.239s] GC(518)   Pre Evacuate Collection Set: 0.0ms
[2022-05-03T00:58:28.326+0000][1819.240s] GC(518)   Evacuate Collection Set: 2.6ms
[2022-05-03T00:58:28.326+0000][1819.241s] GC(518)   Post Evacuate Collection Set: 6.6ms
[2022-05-03T00:58:28.327+0000][1819.241s] GC(518)   Other: 1.0ms
[2022-05-03T00:58:28.327+0000][1819.241s] GC(518) Eden regions: 290->0(290)
[2022-05-03T00:58:28.328+0000][1819.242s] GC(518) Survivor regions: 17->17(39)
[2022-05-03T00:58:28.328+0000][1819.242s] GC(518) Old regions: 64->64
[2022-05-03T00:58:28.328+0000][1819.243s] GC(518) Humongous regions: 7->7
[2022-05-03T00:58:28.329+0000][1819.243s] GC(518) Metaspace: 57699K->57699K(1101824K)
[2022-05-03T00:58:28.329+0000][1819.243s] GC(518) Pause Young (Normal) (G1 Evacuation Pause) 375M->86M(512M) 14.127ms
[2022-05-03T00:58:28.329+0000][1819.244s] GC(518) User=0.06s Sys=0.00s Real=0.01s
[2022-05-03T00:58:30.595+0000][1821.509s] GC(519) Pause Young (Normal) (G1 Evacuation Pause)
[2022-05-03T00:58:30.596+0000][1821.510s] GC(519) Using 8 workers of 8 for evacuation
[2022-05-03T00:58:30.604+0000][1821.518s] GC(519)   Pre Evacuate Collection Set: 0.0ms
[2022-05-03T00:58:30.605+0000][1821.519s] GC(519)   Evacuate Collection Set: 5.3ms
[2022-05-03T00:58:30.605+0000][1821.519s] GC(519)   Post Evacuate Collection Set: 3.1ms
[2022-05-03T00:58:30.605+0000][1821.519s] GC(519)   Other: 0.7ms
[2022-05-03T00:58:30.605+0000][1821.520s] GC(519) Eden regions: 290->0(289)
[2022-05-03T00:58:30.606+0000][1821.520s] GC(519) Survivor regions: 17->18(39)
[2022-05-03T00:58:30.606+0000][1821.520s] GC(519) Old regions: 64->64
[2022-05-03T00:58:30.606+0000][1821.520s] GC(519) Humongous regions: 7->7
[2022-05-03T00:58:30.606+0000][1821.521s] GC(519) Metaspace: 57699K->57699K(1101824K)
[2022-05-03T00:58:30.607+0000][1821.521s] GC(519) Pause Young (Normal) (G1 Evacuation Pause) 376M->86M(512M) 11.425ms
[2022-05-03T00:58:30.607+0000][1821.521s] GC(519) User=0.02s Sys=0.04s Real=0.01s
[2022-05-03T00:58:32.661+0000][1823.575s] GC(520) Pause Young (Normal) (G1 Evacuation Pause)
[2022-05-03T00:58:32.661+0000][1823.575s] GC(520) Using 8 workers of 8 for evacuation
[2022-05-03T00:58:32.666+0000][1823.580s] GC(520)   Pre Evacuate Collection Set: 0.0ms
[2022-05-03T00:58:32.667+0000][1823.581s] GC(520)   Evacuate Collection Set: 2.7ms
[2022-05-03T00:58:32.667+0000][1823.581s] GC(520)   Post Evacuate Collection Set: 1.8ms
[2022-05-03T00:58:32.667+0000][1823.582s] GC(520)   Other: 0.9ms
[2022-05-03T00:58:32.668+0000][1823.582s] GC(520) Eden regions: 289->0(292)
[2022-05-03T00:58:32.668+0000][1823.582s] GC(520) Survivor regions: 18->15(39)
[2022-05-03T00:58:32.669+0000][1823.583s] GC(520) Old regions: 64->64
[2022-05-03T00:58:32.669+0000][1823.583s] GC(520) Humongous regions: 7->7
[2022-05-03T00:58:32.669+0000][1823.583s] GC(520) Metaspace: 57699K->57699K(1101824K)
[2022-05-03T00:58:32.669+0000][1823.584s] GC(520) Pause Young (Normal) (G1 Evacuation Pause) 375M->84M(512M) 8.776ms
[2022-05-03T00:58:32.670+0000][1823.584s] GC(520) User=0.03s Sys=0.00s Real=0.01s
[2022-05-03T00:58:34.630+0000][1825.544s] GC(521) Pause Young (Normal) (G1 Evacuation Pause)
[2022-05-03T00:58:34.630+0000][1825.544s] GC(521) Using 8 workers of 8 for evacuation
[2022-05-03T00:58:34.637+0000][1825.551s] GC(521)   Pre Evacuate Collection Set: 0.0ms
[2022-05-03T00:58:34.637+0000][1825.551s] GC(521)   Evacuate Collection Set: 3.3ms
[2022-05-03T00:58:34.637+0000][1825.551s] GC(521)   Post Evacuate Collection Set: 2.7ms
[2022-05-03T00:58:34.638+0000][1825.552s] GC(521)   Other: 0.8ms
[2022-05-03T00:58:34.638+0000][1825.552s] GC(521) Eden regions: 292->0(288)
[2022-05-03T00:58:34.638+0000][1825.552s] GC(521) Survivor regions: 15->19(39)
[2022-05-03T00:58:34.638+0000][1825.552s] GC(521) Old regions: 64->64
[2022-05-03T00:58:34.639+0000][1825.553s] GC(521) Humongous regions: 7->7
[2022-05-03T00:58:34.639+0000][1825.553s] GC(521) Metaspace: 57699K->57699K(1101824K)
[2022-05-03T00:58:34.639+0000][1825.553s] GC(521) Pause Young (Normal) (G1 Evacuation Pause) 376M->88M(512M) 9.380ms
[2022-05-03T00:58:34.639+0000][1825.553s] GC(521) User=0.04s Sys=0.00s Real=0.01s
[2022-05-03T00:58:36.791+0000][1827.706s] GC(522) Pause Young (Normal) (G1 Evacuation Pause)
[2022-05-03T00:58:36.792+0000][1827.706s] GC(522) Using 8 workers of 8 for evacuation
[2022-05-03T00:58:36.798+0000][1827.712s] GC(522)   Pre Evacuate Collection Set: 0.0ms
[2022-05-03T00:58:36.799+0000][1827.713s] GC(522)   Evacuate Collection Set: 3.4ms
[2022-05-03T00:58:36.799+0000][1827.713s] GC(522)   Post Evacuate Collection Set: 2.7ms
[2022-05-03T00:58:36.800+0000][1827.714s] GC(522)   Other: 0.8ms
[2022-05-03T00:58:36.800+0000][1827.714s] GC(522) Eden regions: 288->0(288)
[2022-05-03T00:58:36.800+0000][1827.714s] GC(522) Survivor regions: 19->19(39)
[2022-05-03T00:58:36.801+0000][1827.715s] GC(522) Old regions: 64->64
[2022-05-03T00:58:36.801+0000][1827.715s] GC(522) Humongous regions: 7->7
[2022-05-03T00:58:36.801+0000][1827.715s] GC(522) Metaspace: 57699K->57699K(1101824K)
[2022-05-03T00:58:36.802+0000][1827.716s] GC(522) Pause Young (Normal) (G1 Evacuation Pause) 376M->88M(512M) 10.198ms
[2022-05-03T00:58:36.802+0000][1827.716s] GC(522) User=0.05s Sys=0.00s Real=0.01s
[2022-05-03T00:58:39.148+0000][1830.062s] GC(523) Pause Young (Normal) (G1 Evacuation Pause)
[2022-05-03T00:58:39.148+0000][1830.062s] GC(523) Using 8 workers of 8 for evacuation
[2022-05-03T00:58:39.155+0000][1830.069s] GC(523)   Pre Evacuate Collection Set: 0.0ms
[2022-05-03T00:58:39.155+0000][1830.069s] GC(523)   Evacuate Collection Set: 3.2ms
[2022-05-03T00:58:39.156+0000][1830.070s] GC(523)   Post Evacuate Collection Set: 2.7ms
[2022-05-03T00:58:39.156+0000][1830.070s] GC(523)   Other: 1.0ms
[2022-05-03T00:58:39.156+0000][1830.070s] GC(523) Eden regions: 288->0(289)
[2022-05-03T00:58:39.157+0000][1830.071s] GC(523) Survivor regions: 19->18(39)
[2022-05-03T00:58:39.157+0000][1830.071s] GC(523) Old regions: 64->64
[2022-05-03T00:58:39.157+0000][1830.071s] GC(523) Humongous regions: 7->7
[2022-05-03T00:58:39.158+0000][1830.072s] GC(523) Metaspace: 57699K->57699K(1101824K)
[2022-05-03T00:58:39.158+0000][1830.072s] GC(523) Pause Young (Normal) (G1 Evacuation Pause) 376M->87M(512M) 10.067ms
[2022-05-03T00:58:39.158+0000][1830.072s] GC(523) User=0.04s Sys=0.00s Real=0.01s
[2022-05-03T00:58:41.106+0000][1832.020s] GC(524) Pause Young (Normal) (G1 Evacuation Pause)
[2022-05-03T00:58:41.106+0000][1832.020s] GC(524) Using 8 workers of 8 for evacuation
[2022-05-03T00:58:41.124+0000][1832.038s] GC(524)   Pre Evacuate Collection Set: 0.0ms
[2022-05-03T00:58:41.124+0000][1832.038s] GC(524)   Evacuate Collection Set: 10.2ms
[2022-05-03T00:58:41.125+0000][1832.039s] GC(524)   Post Evacuate Collection Set: 7.0ms
[2022-05-03T00:58:41.125+0000][1832.039s] GC(524)   Other: 0.9ms
[2022-05-03T00:58:41.125+0000][1832.039s] GC(524) Eden regions: 289->0(293)
[2022-05-03T00:58:41.125+0000][1832.040s] GC(524) Survivor regions: 18->14(39)
[2022-05-03T00:58:41.126+0000][1832.040s] GC(524) Old regions: 64->65
[2022-05-03T00:58:41.126+0000][1832.040s] GC(524) Humongous regions: 7->7
[2022-05-03T00:58:41.126+0000][1832.041s] GC(524) Metaspace: 57699K->57699K(1101824K)
[2022-05-03T00:58:41.127+0000][1832.041s] GC(524) Pause Young (Normal) (G1 Evacuation Pause) 376M->83M(512M) 21.016ms
[2022-05-03T00:58:41.127+0000][1832.041s] GC(524) User=0.12s Sys=0.01s Real=0.02s
[2022-05-03T00:58:43.693+0000][1834.607s] GC(525) Pause Young (Normal) (G1 Evacuation Pause)
[2022-05-03T00:58:43.693+0000][1834.607s] GC(525) Using 8 workers of 8 for evacuation
[2022-05-03T00:58:43.703+0000][1834.617s] GC(525)   Pre Evacuate Collection Set: 0.0ms
[2022-05-03T00:58:43.703+0000][1834.618s] GC(525)   Evacuate Collection Set: 3.4ms
[2022-05-03T00:58:43.704+0000][1834.618s] GC(525)   Post Evacuate Collection Set: 5.8ms
[2022-05-03T00:58:43.704+0000][1834.619s] GC(525)   Other: 1.0ms
[2022-05-03T00:58:43.705+0000][1834.619s] GC(525) Eden regions: 293->0(288)
[2022-05-03T00:58:43.705+0000][1834.619s] GC(525) Survivor regions: 14->19(39)
[2022-05-03T00:58:43.705+0000][1834.620s] GC(525) Old regions: 65->65
[2022-05-03T00:58:43.706+0000][1834.620s] GC(525) Humongous regions: 7->7
[2022-05-03T00:58:43.706+0000][1834.620s] GC(525) Metaspace: 57699K->57699K(1101824K)
[2022-05-03T00:58:43.706+0000][1834.621s] GC(525) Pause Young (Normal) (G1 Evacuation Pause) 376M->88M(512M) 13.602ms
[2022-05-03T00:58:43.707+0000][1834.621s] GC(525) User=0.06s Sys=0.00s Real=0.02s
[2022-05-03T00:58:45.991+0000][1836.905s] GC(526) Pause Young (Normal) (G1 Evacuation Pause)
[2022-05-03T00:58:45.992+0000][1836.906s] GC(526) Using 8 workers of 8 for evacuation
[2022-05-03T00:58:45.998+0000][1836.913s] GC(526)   Pre Evacuate Collection Set: 0.0ms
[2022-05-03T00:58:45.999+0000][1836.913s] GC(526)   Evacuate Collection Set: 3.4ms
[2022-05-03T00:58:45.999+0000][1836.913s] GC(526)   Post Evacuate Collection Set: 2.8ms
[2022-05-03T00:58:46.000+0000][1836.914s] GC(526)   Other: 0.9ms
[2022-05-03T00:58:46.000+0000][1836.914s] GC(526) Eden regions: 288->0(287)
[2022-05-03T00:58:46.000+0000][1836.915s] GC(526) Survivor regions: 19->20(39)
[2022-05-03T00:58:46.001+0000][1836.915s] GC(526) Old regions: 65->65
[2022-05-03T00:58:46.001+0000][1836.915s] GC(526) Humongous regions: 7->7
[2022-05-03T00:58:46.001+0000][1836.915s] GC(526) Metaspace: 57699K->57699K(1101824K)
[2022-05-03T00:58:46.002+0000][1836.916s] GC(526) Pause Young (Normal) (G1 Evacuation Pause) 376M->89M(512M) 10.255ms
[2022-05-03T00:58:46.002+0000][1836.916s] GC(526) User=0.04s Sys=0.00s Real=0.01s
[2022-05-03T00:58:48.140+0000][1839.054s] GC(527) Pause Young (Normal) (G1 Evacuation Pause)
[2022-05-03T00:58:48.140+0000][1839.054s] GC(527) Using 8 workers of 8 for evacuation
[2022-05-03T00:58:48.146+0000][1839.061s] GC(527)   Pre Evacuate Collection Set: 0.0ms
[2022-05-03T00:58:48.147+0000][1839.061s] GC(527)   Evacuate Collection Set: 3.1ms
[2022-05-03T00:58:48.147+0000][1839.061s] GC(527)   Post Evacuate Collection Set: 2.8ms
[2022-05-03T00:58:48.148+0000][1839.062s] GC(527)   Other: 0.8ms
[2022-05-03T00:58:48.148+0000][1839.062s] GC(527) Eden regions: 287->0(289)
[2022-05-03T00:58:48.148+0000][1839.063s] GC(527) Survivor regions: 20->18(39)
[2022-05-03T00:58:48.149+0000][1839.063s] GC(527) Old regions: 65->65
[2022-05-03T00:58:48.149+0000][1839.063s] GC(527) Humongous regions: 7->7
[2022-05-03T00:58:48.150+0000][1839.064s] GC(527) Metaspace: 57699K->57699K(1101824K)
[2022-05-03T00:58:48.150+0000][1839.064s] GC(527) Pause Young (Normal) (G1 Evacuation Pause) 376M->87M(512M) 10.216ms
[2022-05-03T00:58:48.150+0000][1839.064s] GC(527) User=0.04s Sys=0.01s Real=0.01s
[2022-05-03T00:58:50.120+0000][1841.035s] GC(528) Pause Young (Normal) (G1 Evacuation Pause)
[2022-05-03T00:58:50.121+0000][1841.035s] GC(528) Using 8 workers of 8 for evacuation
[2022-05-03T00:58:50.125+0000][1841.039s] GC(528)   Pre Evacuate Collection Set: 0.0ms
[2022-05-03T00:58:50.126+0000][1841.040s] GC(528)   Evacuate Collection Set: 2.7ms
[2022-05-03T00:58:50.126+0000][1841.040s] GC(528)   Post Evacuate Collection Set: 1.7ms
[2022-05-03T00:58:50.127+0000][1841.041s] GC(528)   Other: 0.5ms
[2022-05-03T00:58:50.127+0000][1841.041s] GC(528) Eden regions: 289->0(292)
[2022-05-03T00:58:50.127+0000][1841.041s] GC(528) Survivor regions: 18->15(39)
[2022-05-03T00:58:50.128+0000][1841.042s] GC(528) Old regions: 65->65
[2022-05-03T00:58:50.128+0000][1841.042s] GC(528) Humongous regions: 7->7
[2022-05-03T00:58:50.128+0000][1841.043s] GC(528) Metaspace: 57699K->57699K(1101824K)
[2022-05-03T00:58:50.129+0000][1841.043s] GC(528) Pause Young (Normal) (G1 Evacuation Pause) 376M->84M(512M) 8.340ms
[2022-05-03T00:58:50.129+0000][1841.043s] GC(528) User=0.03s Sys=0.00s Real=0.01s
[2022-05-03T00:58:52.234+0000][1843.148s] GC(529) Pause Young (Normal) (G1 Evacuation Pause)
[2022-05-03T00:58:52.234+0000][1843.148s] GC(529) Using 8 workers of 8 for evacuation
[2022-05-03T00:58:52.239+0000][1843.153s] GC(529)   Pre Evacuate Collection Set: 0.0ms
[2022-05-03T00:58:52.239+0000][1843.153s] GC(529)   Evacuate Collection Set: 2.3ms
[2022-05-03T00:58:52.239+0000][1843.154s] GC(529)   Post Evacuate Collection Set: 2.3ms
[2022-05-03T00:58:52.240+0000][1843.154s] GC(529)   Other: 0.6ms
[2022-05-03T00:58:52.240+0000][1843.154s] GC(529) Eden regions: 292->0(290)
[2022-05-03T00:58:52.240+0000][1843.155s] GC(529) Survivor regions: 15->17(39)
[2022-05-03T00:58:52.241+0000][1843.155s] GC(529) Old regions: 65->65
[2022-05-03T00:58:52.241+0000][1843.155s] GC(529) Humongous regions: 7->7
[2022-05-03T00:58:52.241+0000][1843.156s] GC(529) Metaspace: 57699K->57699K(1101824K)
[2022-05-03T00:58:52.242+0000][1843.156s] GC(529) Pause Young (Normal) (G1 Evacuation Pause) 376M->86M(512M) 8.120ms
[2022-05-03T00:58:52.242+0000][1843.156s] GC(529) User=0.03s Sys=0.00s Real=0.01s
[2022-05-03T00:58:54.536+0000][1845.450s] GC(530) Pause Young (Normal) (G1 Evacuation Pause)
[2022-05-03T00:58:54.537+0000][1845.451s] GC(530) Using 8 workers of 8 for evacuation
[2022-05-03T00:58:54.543+0000][1845.457s] GC(530)   Pre Evacuate Collection Set: 0.0ms
[2022-05-03T00:58:54.543+0000][1845.458s] GC(530)   Evacuate Collection Set: 3.1ms
[2022-05-03T00:58:54.544+0000][1845.458s] GC(530)   Post Evacuate Collection Set: 2.7ms
[2022-05-03T00:58:54.544+0000][1845.458s] GC(530)   Other: 0.8ms
[2022-05-03T00:58:54.544+0000][1845.458s] GC(530) Eden regions: 290->0(289)
[2022-05-03T00:58:54.545+0000][1845.459s] GC(530) Survivor regions: 17->18(39)
[2022-05-03T00:58:54.545+0000][1845.459s] GC(530) Old regions: 65->65
[2022-05-03T00:58:54.545+0000][1845.459s] GC(530) Humongous regions: 7->7
[2022-05-03T00:58:54.546+0000][1845.460s] GC(530) Metaspace: 57699K->57699K(1101824K)
[2022-05-03T00:58:54.546+0000][1845.460s] GC(530) Pause Young (Normal) (G1 Evacuation Pause) 376M->87M(512M) 9.687ms
[2022-05-03T00:58:54.546+0000][1845.460s] GC(530) User=0.04s Sys=0.01s Real=0.01s
[2022-05-03T00:58:56.691+0000][1847.605s] GC(531) Pause Young (Normal) (G1 Evacuation Pause)
[2022-05-03T00:58:56.691+0000][1847.605s] GC(531) Using 8 workers of 8 for evacuation
[2022-05-03T00:58:56.696+0000][1847.611s] GC(531)   Pre Evacuate Collection Set: 0.0ms
[2022-05-03T00:58:56.697+0000][1847.611s] GC(531)   Evacuate Collection Set: 2.2ms
[2022-05-03T00:58:56.697+0000][1847.612s] GC(531)   Post Evacuate Collection Set: 2.6ms
[2022-05-03T00:58:56.698+0000][1847.612s] GC(531)   Other: 0.5ms
[2022-05-03T00:58:56.698+0000][1847.612s] GC(531) Eden regions: 289->0(291)
[2022-05-03T00:58:56.699+0000][1847.613s] GC(531) Survivor regions: 18->16(39)
[2022-05-03T00:58:56.699+0000][1847.613s] GC(531) Old regions: 65->65
[2022-05-03T00:58:56.699+0000][1847.613s] GC(531) Humongous regions: 7->7
[2022-05-03T00:58:56.700+0000][1847.614s] GC(531) Metaspace: 57699K->57699K(1101824K)
[2022-05-03T00:58:56.700+0000][1847.614s] GC(531) Pause Young (Normal) (G1 Evacuation Pause) 376M->85M(512M) 8.726ms
[2022-05-03T00:58:56.700+0000][1847.614s] GC(531) User=0.02s Sys=0.01s Real=0.01s
[2022-05-03T00:58:58.898+0000][1849.812s] GC(532) Pause Young (Normal) (G1 Evacuation Pause)
[2022-05-03T00:58:58.898+0000][1849.812s] GC(532) Using 8 workers of 8 for evacuation
[2022-05-03T00:58:58.903+0000][1849.817s] GC(532)   Pre Evacuate Collection Set: 0.0ms
[2022-05-03T00:58:58.903+0000][1849.818s] GC(532)   Evacuate Collection Set: 2.8ms
[2022-05-03T00:58:58.904+0000][1849.818s] GC(532)   Post Evacuate Collection Set: 1.8ms
[2022-05-03T00:58:58.904+0000][1849.818s] GC(532)   Other: 0.5ms
[2022-05-03T00:58:58.905+0000][1849.819s] GC(532) Eden regions: 291->0(292)
[2022-05-03T00:58:58.905+0000][1849.819s] GC(532) Survivor regions: 16->15(39)
[2022-05-03T00:58:58.905+0000][1849.819s] GC(532) Old regions: 65->65
[2022-05-03T00:58:58.906+0000][1849.820s] GC(532) Humongous regions: 7->7
[2022-05-03T00:58:58.906+0000][1849.820s] GC(532) Metaspace: 57699K->57699K(1101824K)
[2022-05-03T00:58:58.906+0000][1849.820s] GC(532) Pause Young (Normal) (G1 Evacuation Pause) 376M->84M(512M) 8.307ms
[2022-05-03T00:58:58.907+0000][1849.821s] GC(532) User=0.03s Sys=0.00s Real=0.01s
[2022-05-03T00:59:00.837+0000][1851.751s] GC(533) Pause Young (Normal) (G1 Evacuation Pause)
[2022-05-03T00:59:00.837+0000][1851.751s] GC(533) Using 8 workers of 8 for evacuation
[2022-05-03T00:59:00.843+0000][1851.757s] GC(533)   Pre Evacuate Collection Set: 0.0ms
[2022-05-03T00:59:00.844+0000][1851.758s] GC(533)   Evacuate Collection Set: 3.2ms
[2022-05-03T00:59:00.844+0000][1851.758s] GC(533)   Post Evacuate Collection Set: 2.5ms
[2022-05-03T00:59:00.844+0000][1851.759s] GC(533)   Other: 0.7ms
[2022-05-03T00:59:00.845+0000][1851.759s] GC(533) Eden regions: 292->0(287)
[2022-05-03T00:59:00.845+0000][1851.759s] GC(533) Survivor regions: 15->20(39)
[2022-05-03T00:59:00.846+0000][1851.760s] GC(533) Old regions: 65->65
[2022-05-03T00:59:00.846+0000][1851.760s] GC(533) Humongous regions: 7->7
[2022-05-03T00:59:00.846+0000][1851.760s] GC(533) Metaspace: 57699K->57699K(1101824K)
[2022-05-03T00:59:00.847+0000][1851.761s] GC(533) Pause Young (Normal) (G1 Evacuation Pause) 376M->89M(512M) 9.988ms
[2022-05-03T00:59:00.847+0000][1851.761s] GC(533) User=0.04s Sys=0.00s Real=0.01s
[2022-05-03T00:59:03.081+0000][1853.995s] GC(534) Pause Young (Normal) (G1 Evacuation Pause)
[2022-05-03T00:59:03.081+0000][1853.995s] GC(534) Using 8 workers of 8 for evacuation
[2022-05-03T00:59:03.097+0000][1854.012s] GC(534)   Pre Evacuate Collection Set: 0.0ms
[2022-05-03T00:59:03.098+0000][1854.012s] GC(534)   Evacuate Collection Set: 9.6ms
[2022-05-03T00:59:03.098+0000][1854.012s] GC(534)   Post Evacuate Collection Set: 6.4ms
[2022-05-03T00:59:03.099+0000][1854.013s] GC(534)   Other: 0.7ms
[2022-05-03T00:59:03.099+0000][1854.013s] GC(534) Eden regions: 287->0(288)
[2022-05-03T00:59:03.099+0000][1854.014s] GC(534) Survivor regions: 20->19(39)
[2022-05-03T00:59:03.100+0000][1854.014s] GC(534) Old regions: 65->65
[2022-05-03T00:59:03.100+0000][1854.014s] GC(534) Humongous regions: 7->7
[2022-05-03T00:59:03.101+0000][1854.015s] GC(534) Metaspace: 57699K->57699K(1101824K)
[2022-05-03T00:59:03.101+0000][1854.015s] GC(534) Pause Young (Normal) (G1 Evacuation Pause) 376M->89M(512M) 20.198ms
[2022-05-03T00:59:03.101+0000][1854.015s] GC(534) User=0.11s Sys=0.01s Real=0.02s
[2022-05-03T00:59:05.319+0000][1856.234s] GC(535) Pause Young (Normal) (G1 Evacuation Pause)
[2022-05-03T00:59:05.320+0000][1856.234s] GC(535) Using 8 workers of 8 for evacuation
[2022-05-03T00:59:05.337+0000][1856.251s] GC(535)   Pre Evacuate Collection Set: 0.0ms
[2022-05-03T00:59:05.337+0000][1856.251s] GC(535)   Evacuate Collection Set: 7.1ms
[2022-05-03T00:59:05.337+0000][1856.251s] GC(535)   Post Evacuate Collection Set: 9.2ms
[2022-05-03T00:59:05.338+0000][1856.252s] GC(535)   Other: 0.8ms
[2022-05-03T00:59:05.338+0000][1856.252s] GC(535) Eden regions: 288->0(291)
[2022-05-03T00:59:05.338+0000][1856.252s] GC(535) Survivor regions: 19->16(39)
[2022-05-03T00:59:05.338+0000][1856.253s] GC(535) Old regions: 65->65
[2022-05-03T00:59:05.339+0000][1856.253s] GC(535) Humongous regions: 7->7
[2022-05-03T00:59:05.339+0000][1856.253s] GC(535) Metaspace: 57699K->57699K(1101824K)
[2022-05-03T00:59:05.339+0000][1856.253s] GC(535) Pause Young (Normal) (G1 Evacuation Pause) 377M->86M(512M) 19.829ms
[2022-05-03T00:59:05.340+0000][1856.254s] GC(535) User=0.13s Sys=0.00s Real=0.02s
[2022-05-03T00:59:07.231+0000][1858.145s] GC(536) Pause Young (Normal) (G1 Evacuation Pause)
[2022-05-03T00:59:07.232+0000][1858.146s] GC(536) Using 8 workers of 8 for evacuation
[2022-05-03T00:59:07.236+0000][1858.151s] GC(536)   Pre Evacuate Collection Set: 0.0ms
[2022-05-03T00:59:07.237+0000][1858.151s] GC(536)   Evacuate Collection Set: 2.8ms
[2022-05-03T00:59:07.237+0000][1858.151s] GC(536)   Post Evacuate Collection Set: 1.7ms
[2022-05-03T00:59:07.238+0000][1858.152s] GC(536)   Other: 0.9ms
[2022-05-03T00:59:07.238+0000][1858.152s] GC(536) Eden regions: 291->0(292)
[2022-05-03T00:59:07.238+0000][1858.153s] GC(536) Survivor regions: 16->15(39)
[2022-05-03T00:59:07.239+0000][1858.153s] GC(536) Old regions: 65->65
[2022-05-03T00:59:07.239+0000][1858.153s] GC(536) Humongous regions: 7->7
[2022-05-03T00:59:07.239+0000][1858.154s] GC(536) Metaspace: 57699K->57699K(1101824K)
[2022-05-03T00:59:07.240+0000][1858.154s] GC(536) Pause Young (Normal) (G1 Evacuation Pause) 377M->85M(512M) 8.457ms
[2022-05-03T00:59:07.240+0000][1858.154s] GC(536) User=0.03s Sys=0.00s Real=0.01s
[2022-05-03T00:59:09.406+0000][1860.320s] GC(537) Pause Young (Normal) (G1 Evacuation Pause)
[2022-05-03T00:59:09.407+0000][1860.321s] GC(537) Using 8 workers of 8 for evacuation
[2022-05-03T00:59:09.412+0000][1860.326s] GC(537)   Pre Evacuate Collection Set: 0.0ms
[2022-05-03T00:59:09.412+0000][1860.326s] GC(537)   Evacuate Collection Set: 2.3ms
[2022-05-03T00:59:09.413+0000][1860.327s] GC(537)   Post Evacuate Collection Set: 2.5ms
[2022-05-03T00:59:09.413+0000][1860.327s] GC(537)   Other: 0.7ms
[2022-05-03T00:59:09.413+0000][1860.327s] GC(537) Eden regions: 292->0(290)
[2022-05-03T00:59:09.414+0000][1860.328s] GC(537) Survivor regions: 15->17(39)
[2022-05-03T00:59:09.414+0000][1860.328s] GC(537) Old regions: 65->65
[2022-05-03T00:59:09.414+0000][1860.328s] GC(537) Humongous regions: 7->7
[2022-05-03T00:59:09.415+0000][1860.329s] GC(537) Metaspace: 57699K->57699K(1101824K)
[2022-05-03T00:59:09.415+0000][1860.329s] GC(537) Pause Young (Normal) (G1 Evacuation Pause) 377M->86M(512M) 8.637ms
[2022-05-03T00:59:09.415+0000][1860.329s] GC(537) User=0.03s Sys=0.00s Real=0.01s
[2022-05-03T00:59:11.605+0000][1862.519s] GC(538) Pause Young (Normal) (G1 Evacuation Pause)
[2022-05-03T00:59:11.606+0000][1862.520s] GC(538) Using 8 workers of 8 for evacuation
[2022-05-03T00:59:11.611+0000][1862.525s] GC(538)   Pre Evacuate Collection Set: 0.0ms
[2022-05-03T00:59:11.612+0000][1862.526s] GC(538)   Evacuate Collection Set: 2.6ms
[2022-05-03T00:59:11.612+0000][1862.526s] GC(538)   Post Evacuate Collection Set: 2.5ms
[2022-05-03T00:59:11.612+0000][1862.526s] GC(538)   Other: 0.7ms
[2022-05-03T00:59:11.613+0000][1862.527s] GC(538) Eden regions: 290->0(289)
[2022-05-03T00:59:11.613+0000][1862.527s] GC(538) Survivor regions: 17->18(39)
[2022-05-03T00:59:11.613+0000][1862.527s] GC(538) Old regions: 65->65
[2022-05-03T00:59:11.614+0000][1862.528s] GC(538) Humongous regions: 7->7
[2022-05-03T00:59:11.614+0000][1862.528s] GC(538) Metaspace: 57699K->57699K(1101824K)
[2022-05-03T00:59:11.614+0000][1862.528s] GC(538) Pause Young (Normal) (G1 Evacuation Pause) 376M->87M(512M) 8.790ms
[2022-05-03T00:59:11.614+0000][1862.528s] GC(538) User=0.03s Sys=0.01s Real=0.01s
[2022-05-03T00:59:13.962+0000][1864.877s] GC(539) Pause Young (Normal) (G1 Evacuation Pause)
[2022-05-03T00:59:13.963+0000][1864.877s] GC(539) Using 8 workers of 8 for evacuation
[2022-05-03T00:59:13.969+0000][1864.883s] GC(539)   Pre Evacuate Collection Set: 0.0ms
[2022-05-03T00:59:13.969+0000][1864.884s] GC(539)   Evacuate Collection Set: 3.1ms
[2022-05-03T00:59:13.970+0000][1864.884s] GC(539)   Post Evacuate Collection Set: 2.5ms
[2022-05-03T00:59:13.970+0000][1864.884s] GC(539)   Other: 0.9ms
[2022-05-03T00:59:13.971+0000][1864.885s] GC(539) Eden regions: 289->0(289)
[2022-05-03T00:59:13.971+0000][1864.885s] GC(539) Survivor regions: 18->18(39)
[2022-05-03T00:59:13.971+0000][1864.886s] GC(539) Old regions: 65->65
[2022-05-03T00:59:13.972+0000][1864.886s] GC(539) Humongous regions: 7->7
[2022-05-03T00:59:13.972+0000][1864.886s] GC(539) Metaspace: 57699K->57699K(1101824K)
[2022-05-03T00:59:13.972+0000][1864.886s] GC(539) Pause Young (Normal) (G1 Evacuation Pause) 376M->88M(512M) 9.549ms
[2022-05-03T00:59:13.972+0000][1864.886s] GC(539) User=0.04s Sys=0.00s Real=0.01s
[2022-05-03T00:59:16.137+0000][1867.051s] GC(540) Pause Young (Normal) (G1 Evacuation Pause)
[2022-05-03T00:59:16.137+0000][1867.051s] GC(540) Using 8 workers of 8 for evacuation
[2022-05-03T00:59:16.155+0000][1867.070s] GC(540)   Pre Evacuate Collection Set: 0.0ms
[2022-05-03T00:59:16.156+0000][1867.070s] GC(540)   Evacuate Collection Set: 11.4ms
[2022-05-03T00:59:16.156+0000][1867.070s] GC(540)   Post Evacuate Collection Set: 6.1ms
[2022-05-03T00:59:16.157+0000][1867.071s] GC(540)   Other: 0.9ms
[2022-05-03T00:59:16.157+0000][1867.071s] GC(540) Eden regions: 289->0(293)
[2022-05-03T00:59:16.157+0000][1867.071s] GC(540) Survivor regions: 18->14(39)
[2022-05-03T00:59:16.157+0000][1867.072s] GC(540) Old regions: 65->65
[2022-05-03T00:59:16.158+0000][1867.072s] GC(540) Humongous regions: 7->7
[2022-05-03T00:59:16.158+0000][1867.072s] GC(540) Metaspace: 57699K->57699K(1101824K)
[2022-05-03T00:59:16.158+0000][1867.072s] GC(540) Pause Young (Normal) (G1 Evacuation Pause) 377M->84M(512M) 21.365ms
[2022-05-03T00:59:16.159+0000][1867.073s] GC(540) User=0.12s Sys=0.00s Real=0.02s
[2022-05-03T00:59:18.498+0000][1869.412s] GC(541) Pause Young (Normal) (G1 Evacuation Pause)
[2022-05-03T00:59:18.498+0000][1869.412s] GC(541) Using 8 workers of 8 for evacuation
[2022-05-03T00:59:18.507+0000][1869.421s] GC(541)   Pre Evacuate Collection Set: 0.0ms
[2022-05-03T00:59:18.508+0000][1869.422s] GC(541)   Evacuate Collection Set: 5.8ms
[2022-05-03T00:59:18.508+0000][1869.422s] GC(541)   Post Evacuate Collection Set: 2.6ms
[2022-05-03T00:59:18.508+0000][1869.422s] GC(541)   Other: 0.8ms
[2022-05-03T00:59:18.509+0000][1869.423s] GC(541) Eden regions: 293->0(290)
[2022-05-03T00:59:18.509+0000][1869.423s] GC(541) Survivor regions: 14->17(39)
[2022-05-03T00:59:18.509+0000][1869.423s] GC(541) Old regions: 65->65
[2022-05-03T00:59:18.510+0000][1869.424s] GC(541) Humongous regions: 7->7
[2022-05-03T00:59:18.510+0000][1869.424s] GC(541) Metaspace: 57699K->57699K(1101824K)
[2022-05-03T00:59:18.510+0000][1869.424s] GC(541) Pause Young (Normal) (G1 Evacuation Pause) 377M->87M(512M) 12.336ms
[2022-05-03T00:59:18.511+0000][1869.425s] GC(541) User=0.05s Sys=0.00s Real=0.01s
[2022-05-03T00:59:20.779+0000][1871.693s] GC(542) Pause Young (Normal) (G1 Evacuation Pause)
[2022-05-03T00:59:20.780+0000][1871.694s] GC(542) Using 8 workers of 8 for evacuation
[2022-05-03T00:59:20.786+0000][1871.700s] GC(542)   Pre Evacuate Collection Set: 0.0ms
[2022-05-03T00:59:20.787+0000][1871.701s] GC(542)   Evacuate Collection Set: 3.3ms
[2022-05-03T00:59:20.787+0000][1871.701s] GC(542)   Post Evacuate Collection Set: 2.6ms
[2022-05-03T00:59:20.787+0000][1871.702s] GC(542)   Other: 1.1ms
[2022-05-03T00:59:20.788+0000][1871.702s] GC(542) Eden regions: 290->0(288)
[2022-05-03T00:59:20.788+0000][1871.702s] GC(542) Survivor regions: 17->19(39)
[2022-05-03T00:59:20.789+0000][1871.703s] GC(542) Old regions: 65->65
[2022-05-03T00:59:20.789+0000][1871.703s] GC(542) Humongous regions: 7->7
[2022-05-03T00:59:20.789+0000][1871.703s] GC(542) Metaspace: 57699K->57699K(1101824K)
[2022-05-03T00:59:20.790+0000][1871.704s] GC(542) Pause Young (Normal) (G1 Evacuation Pause) 377M->89M(512M) 10.370ms
[2022-05-03T00:59:20.790+0000][1871.704s] GC(542) User=0.04s Sys=0.01s Real=0.01s
[2022-05-03T00:59:22.990+0000][1873.904s] GC(543) Pause Young (Normal) (G1 Evacuation Pause)
[2022-05-03T00:59:22.991+0000][1873.905s] GC(543) Using 8 workers of 8 for evacuation
[2022-05-03T00:59:22.997+0000][1873.911s] GC(543)   Pre Evacuate Collection Set: 0.0ms
[2022-05-03T00:59:22.998+0000][1873.912s] GC(543)   Evacuate Collection Set: 3.2ms
[2022-05-03T00:59:22.998+0000][1873.912s] GC(543)   Post Evacuate Collection Set: 2.8ms
[2022-05-03T00:59:22.998+0000][1873.913s] GC(543)   Other: 1.1ms
[2022-05-03T00:59:22.999+0000][1873.913s] GC(543) Eden regions: 288->0(289)
[2022-05-03T00:59:22.999+0000][1873.913s] GC(543) Survivor regions: 19->18(39)
[2022-05-03T00:59:23.000+0000][1873.914s] GC(543) Old regions: 65->65
[2022-05-03T00:59:23.000+0000][1873.914s] GC(543) Humongous regions: 7->7
[2022-05-03T00:59:23.000+0000][1873.914s] GC(543) Metaspace: 57699K->57699K(1101824K)
[2022-05-03T00:59:23.000+0000][1873.915s] GC(543) Pause Young (Normal) (G1 Evacuation Pause) 377M->88M(512M) 10.411ms
[2022-05-03T00:59:23.001+0000][1873.915s] GC(543) User=0.04s Sys=0.00s Real=0.01s
[2022-05-03T00:59:25.265+0000][1876.179s] GC(544) Pause Young (Normal) (G1 Evacuation Pause)
[2022-05-03T00:59:25.265+0000][1876.179s] GC(544) Using 8 workers of 8 for evacuation
[2022-05-03T00:59:25.271+0000][1876.186s] GC(544)   Pre Evacuate Collection Set: 0.0ms
[2022-05-03T00:59:25.272+0000][1876.186s] GC(544)   Evacuate Collection Set: 3.9ms
[2022-05-03T00:59:25.272+0000][1876.187s] GC(544)   Post Evacuate Collection Set: 1.8ms
[2022-05-03T00:59:25.273+0000][1876.187s] GC(544)   Other: 0.8ms
[2022-05-03T00:59:25.273+0000][1876.187s] GC(544) Eden regions: 289->0(290)
[2022-05-03T00:59:25.274+0000][1876.188s] GC(544) Survivor regions: 18->17(39)
[2022-05-03T00:59:25.274+0000][1876.188s] GC(544) Old regions: 65->65
[2022-05-03T00:59:25.274+0000][1876.188s] GC(544) Humongous regions: 7->7
[2022-05-03T00:59:25.274+0000][1876.189s] GC(544) Metaspace: 57699K->57699K(1101824K)
[2022-05-03T00:59:25.275+0000][1876.189s] GC(544) Pause Young (Normal) (G1 Evacuation Pause) 377M->86M(512M) 9.924ms
[2022-05-03T00:59:25.275+0000][1876.189s] GC(544) User=0.04s Sys=0.00s Real=0.01s
[2022-05-03T00:59:26.959+0000][1877.873s] GC(545) Pause Young (Normal) (G1 Evacuation Pause)
[2022-05-03T00:59:26.959+0000][1877.874s] GC(545) Using 8 workers of 8 for evacuation
[2022-05-03T00:59:26.965+0000][1877.879s] GC(545)   Pre Evacuate Collection Set: 0.0ms
[2022-05-03T00:59:26.966+0000][1877.880s] GC(545)   Evacuate Collection Set: 2.9ms
[2022-05-03T00:59:26.966+0000][1877.880s] GC(545)   Post Evacuate Collection Set: 2.3ms
[2022-05-03T00:59:26.966+0000][1877.880s] GC(545)   Other: 0.8ms
[2022-05-03T00:59:26.967+0000][1877.881s] GC(545) Eden regions: 290->0(289)
[2022-05-03T00:59:26.967+0000][1877.881s] GC(545) Survivor regions: 17->18(39)
[2022-05-03T00:59:26.967+0000][1877.881s] GC(545) Old regions: 65->65
[2022-05-03T00:59:26.968+0000][1877.882s] GC(545) Humongous regions: 7->7
[2022-05-03T00:59:26.968+0000][1877.882s] GC(545) Metaspace: 57699K->57699K(1101824K)
[2022-05-03T00:59:26.968+0000][1877.882s] GC(545) Pause Young (Normal) (G1 Evacuation Pause) 376M->87M(512M) 8.982ms
[2022-05-03T00:59:26.968+0000][1877.883s] GC(545) User=0.04s Sys=0.00s Real=0.01s
[2022-05-03T00:59:29.230+0000][1880.144s] GC(546) Pause Young (Normal) (G1 Evacuation Pause)
[2022-05-03T00:59:29.231+0000][1880.145s] GC(546) Using 8 workers of 8 for evacuation
[2022-05-03T00:59:29.237+0000][1880.151s] GC(546)   Pre Evacuate Collection Set: 0.0ms
[2022-05-03T00:59:29.237+0000][1880.152s] GC(546)   Evacuate Collection Set: 3.5ms
[2022-05-03T00:59:29.238+0000][1880.152s] GC(546)   Post Evacuate Collection Set: 2.5ms
[2022-05-03T00:59:29.238+0000][1880.152s] GC(546)   Other: 0.8ms
[2022-05-03T00:59:29.239+0000][1880.153s] GC(546) Eden regions: 289->0(287)
[2022-05-03T00:59:29.239+0000][1880.153s] GC(546) Survivor regions: 18->20(39)
[2022-05-03T00:59:29.239+0000][1880.153s] GC(546) Old regions: 65->65
[2022-05-03T00:59:29.239+0000][1880.154s] GC(546) Humongous regions: 7->7
[2022-05-03T00:59:29.240+0000][1880.154s] GC(546) Metaspace: 57699K->57699K(1101824K)
[2022-05-03T00:59:29.240+0000][1880.154s] GC(546) Pause Young (Normal) (G1 Evacuation Pause) 376M->90M(512M) 9.744ms
[2022-05-03T00:59:29.240+0000][1880.154s] GC(546) User=0.04s Sys=0.00s Real=0.01s
[2022-05-03T00:59:31.398+0000][1882.312s] GC(547) Pause Young (Normal) (G1 Evacuation Pause)
[2022-05-03T00:59:31.398+0000][1882.312s] GC(547) Using 8 workers of 8 for evacuation
[2022-05-03T00:59:31.404+0000][1882.319s] GC(547)   Pre Evacuate Collection Set: 0.0ms
[2022-05-03T00:59:31.405+0000][1882.319s] GC(547)   Evacuate Collection Set: 3.1ms
[2022-05-03T00:59:31.405+0000][1882.319s] GC(547)   Post Evacuate Collection Set: 2.7ms
[2022-05-03T00:59:31.406+0000][1882.320s] GC(547)   Other: 0.8ms
[2022-05-03T00:59:31.406+0000][1882.320s] GC(547) Eden regions: 287->0(289)
[2022-05-03T00:59:31.406+0000][1882.321s] GC(547) Survivor regions: 20->18(39)
[2022-05-03T00:59:31.407+0000][1882.321s] GC(547) Old regions: 65->65
[2022-05-03T00:59:31.407+0000][1882.321s] GC(547) Humongous regions: 7->7
[2022-05-03T00:59:31.407+0000][1882.322s] GC(547) Metaspace: 57699K->57699K(1101824K)
[2022-05-03T00:59:31.408+0000][1882.322s] GC(547) Pause Young (Normal) (G1 Evacuation Pause) 377M->88M(512M) 10.010ms
[2022-05-03T00:59:31.408+0000][1882.322s] GC(547) User=0.03s Sys=0.01s Real=0.01s
[2022-05-03T00:59:33.615+0000][1884.529s] GC(548) Pause Young (Normal) (G1 Evacuation Pause)
[2022-05-03T00:59:33.616+0000][1884.530s] GC(548) Using 8 workers of 8 for evacuation
[2022-05-03T00:59:33.628+0000][1884.542s] GC(548)   Pre Evacuate Collection Set: 0.0ms
[2022-05-03T00:59:33.628+0000][1884.542s] GC(548)   Evacuate Collection Set: 10.1ms
[2022-05-03T00:59:33.629+0000][1884.543s] GC(548)   Post Evacuate Collection Set: 1.8ms
[2022-05-03T00:59:33.629+0000][1884.543s] GC(548)   Other: 0.7ms
[2022-05-03T00:59:33.629+0000][1884.543s] GC(548) Eden regions: 289->0(291)
[2022-05-03T00:59:33.629+0000][1884.543s] GC(548) Survivor regions: 18->16(39)
[2022-05-03T00:59:33.629+0000][1884.544s] GC(548) Old regions: 65->66
[2022-05-03T00:59:33.630+0000][1884.544s] GC(548) Humongous regions: 7->7
[2022-05-03T00:59:33.630+0000][1884.544s] GC(548) Metaspace: 57699K->57699K(1101824K)
[2022-05-03T00:59:33.630+0000][1884.544s] GC(548) Pause Young (Normal) (G1 Evacuation Pause) 377M->86M(512M) 14.771ms
[2022-05-03T00:59:33.630+0000][1884.544s] GC(548) User=0.08s Sys=0.00s Real=0.01s
[2022-05-03T00:59:35.497+0000][1886.411s] GC(549) Pause Young (Normal) (G1 Evacuation Pause)
[2022-05-03T00:59:35.498+0000][1886.412s] GC(549) Using 8 workers of 8 for evacuation
[2022-05-03T00:59:35.509+0000][1886.423s] GC(549)   Pre Evacuate Collection Set: 0.0ms
[2022-05-03T00:59:35.509+0000][1886.423s] GC(549)   Evacuate Collection Set: 8.0ms
[2022-05-03T00:59:35.510+0000][1886.424s] GC(549)   Post Evacuate Collection Set: 2.5ms
[2022-05-03T00:59:35.510+0000][1886.424s] GC(549)   Other: 0.9ms
[2022-05-03T00:59:35.510+0000][1886.424s] GC(549) Eden regions: 291->0(290)
[2022-05-03T00:59:35.511+0000][1886.425s] GC(549) Survivor regions: 16->17(39)
[2022-05-03T00:59:35.511+0000][1886.425s] GC(549) Old regions: 66->66
[2022-05-03T00:59:35.511+0000][1886.425s] GC(549) Humongous regions: 7->7
[2022-05-03T00:59:35.512+0000][1886.426s] GC(549) Metaspace: 57699K->57699K(1101824K)
[2022-05-03T00:59:35.512+0000][1886.426s] GC(549) Pause Young (Normal) (G1 Evacuation Pause) 377M->87M(512M) 14.444ms
[2022-05-03T00:59:35.512+0000][1886.426s] GC(549) User=0.08s Sys=0.00s Real=0.01s
[2022-05-03T00:59:37.839+0000][1888.753s] GC(550) Pause Young (Normal) (G1 Evacuation Pause)
[2022-05-03T00:59:37.839+0000][1888.754s] GC(550) Using 8 workers of 8 for evacuation
[2022-05-03T00:59:37.845+0000][1888.759s] GC(550)   Pre Evacuate Collection Set: 0.0ms
[2022-05-03T00:59:37.845+0000][1888.760s] GC(550)   Evacuate Collection Set: 2.7ms
[2022-05-03T00:59:37.846+0000][1888.760s] GC(550)   Post Evacuate Collection Set: 2.7ms
[2022-05-03T00:59:37.846+0000][1888.760s] GC(550)   Other: 0.4ms
[2022-05-03T00:59:37.846+0000][1888.761s] GC(550) Eden regions: 290->0(290)
[2022-05-03T00:59:37.847+0000][1888.761s] GC(550) Survivor regions: 17->17(39)
[2022-05-03T00:59:37.847+0000][1888.761s] GC(550) Old regions: 66->66
[2022-05-03T00:59:37.847+0000][1888.761s] GC(550) Humongous regions: 7->7
[2022-05-03T00:59:37.847+0000][1888.762s] GC(550) Metaspace: 57699K->57699K(1101824K)
[2022-05-03T00:59:37.848+0000][1888.762s] GC(550) Pause Young (Normal) (G1 Evacuation Pause) 377M->87M(512M) 8.294ms
[2022-05-03T00:59:37.848+0000][1888.762s] GC(550) User=0.03s Sys=0.00s Real=0.01s
[2022-05-03T00:59:40.098+0000][1891.013s] GC(551) Pause Young (Normal) (G1 Evacuation Pause)
[2022-05-03T00:59:40.099+0000][1891.013s] GC(551) Using 8 workers of 8 for evacuation
[2022-05-03T00:59:40.105+0000][1891.019s] GC(551)   Pre Evacuate Collection Set: 0.0ms
[2022-05-03T00:59:40.106+0000][1891.020s] GC(551)   Evacuate Collection Set: 3.4ms
[2022-05-03T00:59:40.106+0000][1891.020s] GC(551)   Post Evacuate Collection Set: 2.7ms
[2022-05-03T00:59:40.106+0000][1891.021s] GC(551)   Other: 0.9ms
[2022-05-03T00:59:40.107+0000][1891.021s] GC(551) Eden regions: 290->0(289)
[2022-05-03T00:59:40.107+0000][1891.021s] GC(551) Survivor regions: 17->18(39)
[2022-05-03T00:59:40.108+0000][1891.022s] GC(551) Old regions: 66->66
[2022-05-03T00:59:40.108+0000][1891.022s] GC(551) Humongous regions: 7->7
[2022-05-03T00:59:40.108+0000][1891.022s] GC(551) Metaspace: 57699K->57699K(1101824K)
[2022-05-03T00:59:40.109+0000][1891.023s] GC(551) Pause Young (Normal) (G1 Evacuation Pause) 377M->88M(512M) 10.131ms
[2022-05-03T00:59:40.109+0000][1891.023s] GC(551) User=0.05s Sys=0.00s Real=0.01s
[2022-05-03T00:59:42.484+0000][1893.399s] GC(552) Pause Young (Normal) (G1 Evacuation Pause)
[2022-05-03T00:59:42.485+0000][1893.399s] GC(552) Using 8 workers of 8 for evacuation
[2022-05-03T00:59:42.491+0000][1893.406s] GC(552)   Pre Evacuate Collection Set: 0.0ms
[2022-05-03T00:59:42.492+0000][1893.406s] GC(552)   Evacuate Collection Set: 3.1ms
[2022-05-03T00:59:42.492+0000][1893.407s] GC(552)   Post Evacuate Collection Set: 2.9ms
[2022-05-03T00:59:42.493+0000][1893.407s] GC(552)   Other: 1.0ms
[2022-05-03T00:59:42.493+0000][1893.407s] GC(552) Eden regions: 289->0(290)
[2022-05-03T00:59:42.494+0000][1893.408s] GC(552) Survivor regions: 18->17(39)
[2022-05-03T00:59:42.494+0000][1893.408s] GC(552) Old regions: 66->66
[2022-05-03T00:59:42.494+0000][1893.408s] GC(552) Humongous regions: 7->7
[2022-05-03T00:59:42.495+0000][1893.409s] GC(552) Metaspace: 57699K->57699K(1101824K)
[2022-05-03T00:59:42.495+0000][1893.409s] GC(552) Pause Young (Normal) (G1 Evacuation Pause) 377M->87M(512M) 10.548ms
[2022-05-03T00:59:42.495+0000][1893.410s] GC(552) User=0.04s Sys=0.01s Real=0.01s
[2022-05-03T00:59:44.309+0000][1895.223s] GC(553) Pause Young (Normal) (G1 Evacuation Pause)
[2022-05-03T00:59:44.309+0000][1895.223s] GC(553) Using 8 workers of 8 for evacuation
[2022-05-03T00:59:44.314+0000][1895.229s] GC(553)   Pre Evacuate Collection Set: 0.0ms
[2022-05-03T00:59:44.315+0000][1895.229s] GC(553)   Evacuate Collection Set: 3.0ms
[2022-05-03T00:59:44.315+0000][1895.229s] GC(553)   Post Evacuate Collection Set: 1.7ms
[2022-05-03T00:59:44.315+0000][1895.230s] GC(553)   Other: 0.9ms
[2022-05-03T00:59:44.316+0000][1895.230s] GC(553) Eden regions: 290->0(293)
[2022-05-03T00:59:44.316+0000][1895.230s] GC(553) Survivor regions: 17->14(39)
[2022-05-03T00:59:44.317+0000][1895.231s] GC(553) Old regions: 66->66
[2022-05-03T00:59:44.317+0000][1895.231s] GC(553) Humongous regions: 7->7
[2022-05-03T00:59:44.317+0000][1895.231s] GC(553) Metaspace: 57699K->57699K(1101824K)
[2022-05-03T00:59:44.317+0000][1895.231s] GC(553) Pause Young (Normal) (G1 Evacuation Pause) 377M->84M(512M) 8.618ms
[2022-05-03T00:59:44.318+0000][1895.232s] GC(553) User=0.01s Sys=0.02s Real=0.01s
[2022-05-03T00:59:46.622+0000][1897.537s] GC(554) Pause Young (Normal) (G1 Evacuation Pause)
[2022-05-03T00:59:46.623+0000][1897.537s] GC(554) Using 8 workers of 8 for evacuation
[2022-05-03T00:59:46.629+0000][1897.543s] GC(554)   Pre Evacuate Collection Set: 0.0ms
[2022-05-03T00:59:46.630+0000][1897.544s] GC(554)   Evacuate Collection Set: 3.3ms
[2022-05-03T00:59:46.630+0000][1897.544s] GC(554)   Post Evacuate Collection Set: 2.6ms
[2022-05-03T00:59:46.631+0000][1897.545s] GC(554)   Other: 0.9ms
[2022-05-03T00:59:46.631+0000][1897.545s] GC(554) Eden regions: 293->0(288)
[2022-05-03T00:59:46.631+0000][1897.546s] GC(554) Survivor regions: 14->19(39)
[2022-05-03T00:59:46.632+0000][1897.546s] GC(554) Old regions: 66->66
[2022-05-03T00:59:46.632+0000][1897.546s] GC(554) Humongous regions: 7->7
[2022-05-03T00:59:46.633+0000][1897.547s] GC(554) Metaspace: 57699K->57699K(1101824K)
[2022-05-03T00:59:46.633+0000][1897.547s] GC(554) Pause Young (Normal) (G1 Evacuation Pause) 377M->89M(512M) 10.444ms
[2022-05-03T00:59:46.633+0000][1897.547s] GC(554) User=0.04s Sys=0.00s Real=0.01s
[2022-05-03T00:59:48.836+0000][1899.750s] GC(555) Pause Young (Normal) (G1 Evacuation Pause)
[2022-05-03T00:59:48.836+0000][1899.750s] GC(555) Using 8 workers of 8 for evacuation
[2022-05-03T00:59:48.852+0000][1899.766s] GC(555)   Pre Evacuate Collection Set: 0.0ms
[2022-05-03T00:59:48.853+0000][1899.767s] GC(555)   Evacuate Collection Set: 8.8ms
[2022-05-03T00:59:48.853+0000][1899.767s] GC(555)   Post Evacuate Collection Set: 7.4ms
[2022-05-03T00:59:48.853+0000][1899.767s] GC(555)   Other: 0.6ms
[2022-05-03T00:59:48.853+0000][1899.768s] GC(555) Eden regions: 288->0(288)
[2022-05-03T00:59:48.854+0000][1899.768s] GC(555) Survivor regions: 19->19(39)
[2022-05-03T00:59:48.854+0000][1899.768s] GC(555) Old regions: 66->66
[2022-05-03T00:59:48.854+0000][1899.768s] GC(555) Humongous regions: 7->7
[2022-05-03T00:59:48.855+0000][1899.769s] GC(555) Metaspace: 57699K->57699K(1101824K)
[2022-05-03T00:59:48.855+0000][1899.769s] GC(555) Pause Young (Normal) (G1 Evacuation Pause) 377M->89M(512M) 19.269ms
[2022-05-03T00:59:48.855+0000][1899.769s] GC(555) User=0.12s Sys=0.00s Real=0.02s
[2022-05-03T00:59:51.071+0000][1901.986s] GC(556) Pause Young (Normal) (G1 Evacuation Pause)
[2022-05-03T00:59:51.072+0000][1901.986s] GC(556) Using 8 workers of 8 for evacuation
[2022-05-03T00:59:51.078+0000][1901.992s] GC(556)   Pre Evacuate Collection Set: 0.0ms
[2022-05-03T00:59:51.079+0000][1901.993s] GC(556)   Evacuate Collection Set: 2.8ms
[2022-05-03T00:59:51.079+0000][1901.993s] GC(556)   Post Evacuate Collection Set: 3.0ms
[2022-05-03T00:59:51.079+0000][1901.994s] GC(556)   Other: 0.9ms
[2022-05-03T00:59:51.080+0000][1901.994s] GC(556) Eden regions: 288->0(291)
[2022-05-03T00:59:51.080+0000][1901.994s] GC(556) Survivor regions: 19->16(39)
[2022-05-03T00:59:51.081+0000][1901.995s] GC(556) Old regions: 66->66
[2022-05-03T00:59:51.081+0000][1901.995s] GC(556) Humongous regions: 7->7
[2022-05-03T00:59:51.081+0000][1901.995s] GC(556) Metaspace: 57699K->57699K(1101824K)
[2022-05-03T00:59:51.081+0000][1901.995s] GC(556) Pause Young (Normal) (G1 Evacuation Pause) 377M->86M(512M) 9.876ms
[2022-05-03T00:59:51.082+0000][1901.996s] GC(556) User=0.04s Sys=0.00s Real=0.01s
[2022-05-03T00:59:52.855+0000][1903.769s] GC(557) Pause Young (Normal) (G1 Evacuation Pause)
[2022-05-03T00:59:52.855+0000][1903.769s] GC(557) Using 8 workers of 8 for evacuation
[2022-05-03T00:59:52.860+0000][1903.775s] GC(557)   Pre Evacuate Collection Set: 0.0ms
[2022-05-03T00:59:52.861+0000][1903.775s] GC(557)   Evacuate Collection Set: 2.9ms
[2022-05-03T00:59:52.861+0000][1903.775s] GC(557)   Post Evacuate Collection Set: 1.8ms
[2022-05-03T00:59:52.862+0000][1903.776s] GC(557)   Other: 0.9ms
[2022-05-03T00:59:52.862+0000][1903.776s] GC(557) Eden regions: 291->0(293)
[2022-05-03T00:59:52.862+0000][1903.777s] GC(557) Survivor regions: 16->14(39)
[2022-05-03T00:59:52.863+0000][1903.777s] GC(557) Old regions: 66->66
[2022-05-03T00:59:52.863+0000][1903.777s] GC(557) Humongous regions: 7->7
[2022-05-03T00:59:52.863+0000][1903.778s] GC(557) Metaspace: 57699K->57699K(1101824K)
[2022-05-03T00:59:52.864+0000][1903.778s] GC(557) Pause Young (Normal) (G1 Evacuation Pause) 377M->84M(512M) 8.822ms
[2022-05-03T00:59:52.864+0000][1903.778s] GC(557) User=0.03s Sys=0.00s Real=0.00s
[2022-05-03T00:59:55.145+0000][1906.059s] GC(558) Pause Young (Normal) (G1 Evacuation Pause)
[2022-05-03T00:59:55.146+0000][1906.060s] GC(558) Using 8 workers of 8 for evacuation
[2022-05-03T00:59:55.152+0000][1906.067s] GC(558)   Pre Evacuate Collection Set: 0.0ms
[2022-05-03T00:59:55.153+0000][1906.067s] GC(558)   Evacuate Collection Set: 3.4ms
[2022-05-03T00:59:55.153+0000][1906.067s] GC(558)   Post Evacuate Collection Set: 2.9ms
[2022-05-03T00:59:55.154+0000][1906.068s] GC(558)   Other: 1.0ms
[2022-05-03T00:59:55.154+0000][1906.068s] GC(558) Eden regions: 293->0(288)
[2022-05-03T00:59:55.154+0000][1906.068s] GC(558) Survivor regions: 14->19(39)
[2022-05-03T00:59:55.155+0000][1906.069s] GC(558) Old regions: 66->66
[2022-05-03T00:59:55.155+0000][1906.069s] GC(558) Humongous regions: 7->7
[2022-05-03T00:59:55.155+0000][1906.069s] GC(558) Metaspace: 57699K->57699K(1101824K)
[2022-05-03T00:59:55.155+0000][1906.069s] GC(558) Pause Young (Normal) (G1 Evacuation Pause) 377M->89M(512M) 10.207ms
[2022-05-03T00:59:55.156+0000][1906.070s] GC(558) User=0.04s Sys=0.00s Real=0.01s
[2022-05-03T00:59:57.525+0000][1908.439s] GC(559) Pause Young (Normal) (G1 Evacuation Pause)
[2022-05-03T00:59:57.526+0000][1908.440s] GC(559) Using 8 workers of 8 for evacuation
[2022-05-03T00:59:57.533+0000][1908.447s] GC(559)   Pre Evacuate Collection Set: 0.0ms
[2022-05-03T00:59:57.533+0000][1908.447s] GC(559)   Evacuate Collection Set: 4.1ms
[2022-05-03T00:59:57.533+0000][1908.447s] GC(559)   Post Evacuate Collection Set: 2.3ms
[2022-05-03T00:59:57.534+0000][1908.448s] GC(559)   Other: 1.0ms
[2022-05-03T00:59:57.534+0000][1908.448s] GC(559) Eden regions: 288->0(288)
[2022-05-03T00:59:57.534+0000][1908.448s] GC(559) Survivor regions: 19->19(39)
[2022-05-03T00:59:57.534+0000][1908.449s] GC(559) Old regions: 66->66
[2022-05-03T00:59:57.535+0000][1908.449s] GC(559) Humongous regions: 7->7
[2022-05-03T00:59:57.535+0000][1908.449s] GC(559) Metaspace: 57699K->57699K(1101824K)
[2022-05-03T00:59:57.535+0000][1908.449s] GC(559) Pause Young (Normal) (G1 Evacuation Pause) 377M->89M(512M) 10.153ms
[2022-05-03T00:59:57.536+0000][1908.450s] GC(559) User=0.04s Sys=0.00s Real=0.01s
[2022-05-03T00:59:59.798+0000][1910.713s] GC(560) Pause Young (Normal) (G1 Evacuation Pause)
[2022-05-03T00:59:59.799+0000][1910.713s] GC(560) Using 8 workers of 8 for evacuation
[2022-05-03T00:59:59.814+0000][1910.729s] GC(560)   Pre Evacuate Collection Set: 0.0ms
[2022-05-03T00:59:59.815+0000][1910.729s] GC(560)   Evacuate Collection Set: 9.1ms
[2022-05-03T00:59:59.815+0000][1910.729s] GC(560)   Post Evacuate Collection Set: 6.2ms
[2022-05-03T00:59:59.816+0000][1910.730s] GC(560)   Other: 0.8ms
[2022-05-03T00:59:59.816+0000][1910.730s] GC(560) Eden regions: 288->0(286)
[2022-05-03T00:59:59.817+0000][1910.731s] GC(560) Survivor regions: 19->21(39)
[2022-05-03T00:59:59.817+0000][1910.731s] GC(560) Old regions: 66->66
[2022-05-03T00:59:59.817+0000][1910.731s] GC(560) Humongous regions: 7->7
[2022-05-03T00:59:59.817+0000][1910.731s] GC(560) Metaspace: 57699K->57699K(1101824K)
[2022-05-03T00:59:59.817+0000][1910.732s] GC(560) Pause Young (Normal) (G1 Evacuation Pause) 377M->92M(512M) 19.048ms
[2022-05-03T00:59:59.818+0000][1910.732s] GC(560) User=0.11s Sys=0.02s Real=0.02s
[2022-05-03T01:00:01.613+0000][1912.527s] GC(561) Pause Young (Normal) (G1 Evacuation Pause)
[2022-05-03T01:00:01.614+0000][1912.528s] GC(561) Using 8 workers of 8 for evacuation
[2022-05-03T01:00:01.624+0000][1912.538s] GC(561)   Pre Evacuate Collection Set: 0.0ms
[2022-05-03T01:00:01.625+0000][1912.539s] GC(561)   Evacuate Collection Set: 8.2ms
[2022-05-03T01:00:01.625+0000][1912.539s] GC(561)   Post Evacuate Collection Set: 1.8ms
[2022-05-03T01:00:01.625+0000][1912.540s] GC(561)   Other: 0.9ms
[2022-05-03T01:00:01.626+0000][1912.540s] GC(561) Eden regions: 286->0(293)
[2022-05-03T01:00:01.626+0000][1912.540s] GC(561) Survivor regions: 21->14(39)
[2022-05-03T01:00:01.626+0000][1912.541s] GC(561) Old regions: 66->66
[2022-05-03T01:00:01.627+0000][1912.541s] GC(561) Humongous regions: 7->7
[2022-05-03T01:00:01.627+0000][1912.541s] GC(561) Metaspace: 57699K->57699K(1101824K)
[2022-05-03T01:00:01.627+0000][1912.541s] GC(561) Pause Young (Normal) (G1 Evacuation Pause) 378M->85M(512M) 13.964ms
[2022-05-03T01:00:01.628+0000][1912.542s] GC(561) User=0.04s Sys=0.02s Real=0.02s
[2022-05-03T01:00:04.047+0000][1914.961s] GC(562) Pause Young (Normal) (G1 Evacuation Pause)
[2022-05-03T01:00:04.048+0000][1914.962s] GC(562) Using 8 workers of 8 for evacuation
[2022-05-03T01:00:04.054+0000][1914.968s] GC(562)   Pre Evacuate Collection Set: 0.0ms
[2022-05-03T01:00:04.054+0000][1914.968s] GC(562)   Evacuate Collection Set: 3.5ms
[2022-05-03T01:00:04.054+0000][1914.969s] GC(562)   Post Evacuate Collection Set: 2.5ms
[2022-05-03T01:00:04.055+0000][1914.969s] GC(562)   Other: 0.6ms
[2022-05-03T01:00:04.055+0000][1914.969s] GC(562) Eden regions: 293->0(287)
[2022-05-03T01:00:04.055+0000][1914.969s] GC(562) Survivor regions: 14->20(39)
[2022-05-03T01:00:04.055+0000][1914.969s] GC(562) Old regions: 66->66
[2022-05-03T01:00:04.056+0000][1914.970s] GC(562) Humongous regions: 7->7
[2022-05-03T01:00:04.056+0000][1914.970s] GC(562) Metaspace: 57699K->57699K(1101824K)
[2022-05-03T01:00:04.056+0000][1914.970s] GC(562) Pause Young (Normal) (G1 Evacuation Pause) 378M->90M(512M) 8.747ms
[2022-05-03T01:00:04.056+0000][1914.970s] GC(562) User=0.04s Sys=0.00s Real=0.01s
[2022-05-03T01:00:06.323+0000][1917.237s] GC(563) Pause Young (Normal) (G1 Evacuation Pause)
[2022-05-03T01:00:06.323+0000][1917.238s] GC(563) Using 8 workers of 8 for evacuation
[2022-05-03T01:00:06.330+0000][1917.244s] GC(563)   Pre Evacuate Collection Set: 0.0ms
[2022-05-03T01:00:06.331+0000][1917.245s] GC(563)   Evacuate Collection Set: 3.8ms
[2022-05-03T01:00:06.331+0000][1917.245s] GC(563)   Post Evacuate Collection Set: 2.6ms
[2022-05-03T01:00:06.331+0000][1917.246s] GC(563)   Other: 0.9ms
[2022-05-03T01:00:06.332+0000][1917.246s] GC(563) Eden regions: 287->0(288)
[2022-05-03T01:00:06.332+0000][1917.246s] GC(563) Survivor regions: 20->19(39)
[2022-05-03T01:00:06.333+0000][1917.247s] GC(563) Old regions: 66->66
[2022-05-03T01:00:06.333+0000][1917.247s] GC(563) Humongous regions: 7->7
[2022-05-03T01:00:06.333+0000][1917.247s] GC(563) Metaspace: 57699K->57699K(1101824K)
[2022-05-03T01:00:06.334+0000][1917.248s] GC(563) Pause Young (Normal) (G1 Evacuation Pause) 377M->90M(512M) 10.652ms
[2022-05-03T01:00:06.334+0000][1917.248s] GC(563) User=0.04s Sys=0.00s Real=0.01s
[2022-05-03T01:00:08.568+0000][1919.483s] GC(564) Pause Young (Normal) (G1 Evacuation Pause)
[2022-05-03T01:00:08.569+0000][1919.483s] GC(564) Using 8 workers of 8 for evacuation
[2022-05-03T01:00:08.575+0000][1919.489s] GC(564)   Pre Evacuate Collection Set: 0.0ms
[2022-05-03T01:00:08.575+0000][1919.489s] GC(564)   Evacuate Collection Set: 3.9ms
[2022-05-03T01:00:08.576+0000][1919.490s] GC(564)   Post Evacuate Collection Set: 1.7ms
[2022-05-03T01:00:08.576+0000][1919.490s] GC(564)   Other: 0.8ms
[2022-05-03T01:00:08.576+0000][1919.491s] GC(564) Eden regions: 288->0(290)
[2022-05-03T01:00:08.577+0000][1919.491s] GC(564) Survivor regions: 19->17(39)
[2022-05-03T01:00:08.577+0000][1919.491s] GC(564) Old regions: 66->66
[2022-05-03T01:00:08.577+0000][1919.492s] GC(564) Humongous regions: 7->7
[2022-05-03T01:00:08.578+0000][1919.492s] GC(564) Metaspace: 57699K->57699K(1101824K)
[2022-05-03T01:00:08.578+0000][1919.492s] GC(564) Pause Young (Normal) (G1 Evacuation Pause) 378M->88M(512M) 9.647ms
[2022-05-03T01:00:08.578+0000][1919.493s] GC(564) User=0.04s Sys=0.00s Real=0.01s
[2022-05-03T01:00:10.445+0000][1921.359s] GC(565) Pause Young (Normal) (G1 Evacuation Pause)
[2022-05-03T01:00:10.446+0000][1921.360s] GC(565) Using 8 workers of 8 for evacuation
[2022-05-03T01:00:10.452+0000][1921.366s] GC(565)   Pre Evacuate Collection Set: 0.0ms
[2022-05-03T01:00:10.452+0000][1921.367s] GC(565)   Evacuate Collection Set: 3.2ms
[2022-05-03T01:00:10.453+0000][1921.367s] GC(565)   Post Evacuate Collection Set: 2.7ms
[2022-05-03T01:00:10.453+0000][1921.367s] GC(565)   Other: 0.6ms
[2022-05-03T01:00:10.453+0000][1921.368s] GC(565) Eden regions: 290->0(289)
[2022-05-03T01:00:10.454+0000][1921.368s] GC(565) Survivor regions: 17->18(39)
[2022-05-03T01:00:10.454+0000][1921.368s] GC(565) Old regions: 66->66
[2022-05-03T01:00:10.454+0000][1921.368s] GC(565) Humongous regions: 7->7
[2022-05-03T01:00:10.455+0000][1921.369s] GC(565) Metaspace: 57699K->57699K(1101824K)
[2022-05-03T01:00:10.455+0000][1921.369s] GC(565) Pause Young (Normal) (G1 Evacuation Pause) 378M->89M(512M) 9.719ms
[2022-05-03T01:00:10.455+0000][1921.369s] GC(565) User=0.04s Sys=0.01s Real=0.01s
[2022-05-03T01:00:12.675+0000][1923.589s] GC(566) Pause Young (Normal) (G1 Evacuation Pause)
[2022-05-03T01:00:12.676+0000][1923.590s] GC(566) Using 8 workers of 8 for evacuation
[2022-05-03T01:00:12.682+0000][1923.596s] GC(566)   Pre Evacuate Collection Set: 0.0ms
[2022-05-03T01:00:12.683+0000][1923.597s] GC(566)   Evacuate Collection Set: 3.4ms
[2022-05-03T01:00:12.683+0000][1923.597s] GC(566)   Post Evacuate Collection Set: 2.9ms
[2022-05-03T01:00:12.683+0000][1923.598s] GC(566)   Other: 0.8ms
[2022-05-03T01:00:12.684+0000][1923.598s] GC(566) Eden regions: 289->0(288)
[2022-05-03T01:00:12.684+0000][1923.598s] GC(566) Survivor regions: 18->19(39)
[2022-05-03T01:00:12.684+0000][1923.599s] GC(566) Old regions: 66->66
[2022-05-03T01:00:12.685+0000][1923.599s] GC(566) Humongous regions: 7->7
[2022-05-03T01:00:12.685+0000][1923.599s] GC(566) Metaspace: 57699K->57699K(1101824K)
[2022-05-03T01:00:12.685+0000][1923.599s] GC(566) Pause Young (Normal) (G1 Evacuation Pause) 378M->90M(512M) 10.007ms
[2022-05-03T01:00:12.686+0000][1923.600s] GC(566) User=0.04s Sys=0.01s Real=0.01s
[2022-05-03T01:00:14.935+0000][1925.849s] GC(567) Pause Young (Normal) (G1 Evacuation Pause)
[2022-05-03T01:00:14.935+0000][1925.849s] GC(567) Using 8 workers of 8 for evacuation
[2022-05-03T01:00:14.942+0000][1925.856s] GC(567)   Pre Evacuate Collection Set: 0.0ms
[2022-05-03T01:00:14.943+0000][1925.857s] GC(567)   Evacuate Collection Set: 3.5ms
[2022-05-03T01:00:14.943+0000][1925.857s] GC(567)   Post Evacuate Collection Set: 2.9ms
[2022-05-03T01:00:14.944+0000][1925.858s] GC(567)   Other: 1.1ms
[2022-05-03T01:00:14.944+0000][1925.858s] GC(567) Eden regions: 288->0(288)
[2022-05-03T01:00:14.944+0000][1925.858s] GC(567) Survivor regions: 19->19(39)
[2022-05-03T01:00:14.945+0000][1925.859s] GC(567) Old regions: 66->66
[2022-05-03T01:00:14.945+0000][1925.859s] GC(567) Humongous regions: 7->7
[2022-05-03T01:00:14.945+0000][1925.859s] GC(567) Metaspace: 57703K->57703K(1101824K)
[2022-05-03T01:00:14.946+0000][1925.860s] GC(567) Pause Young (Normal) (G1 Evacuation Pause) 378M->90M(512M) 10.956ms
[2022-05-03T01:00:14.946+0000][1925.860s] GC(567) User=0.04s Sys=0.01s Real=0.01s
[2022-05-03T01:00:17.159+0000][1928.073s] GC(568) Pause Young (Normal) (G1 Evacuation Pause)
[2022-05-03T01:00:17.160+0000][1928.074s] GC(568) Using 8 workers of 8 for evacuation
[2022-05-03T01:00:17.166+0000][1928.080s] GC(568)   Pre Evacuate Collection Set: 0.0ms
[2022-05-03T01:00:17.166+0000][1928.080s] GC(568)   Evacuate Collection Set: 3.9ms
[2022-05-03T01:00:17.167+0000][1928.081s] GC(568)   Post Evacuate Collection Set: 1.8ms
[2022-05-03T01:00:17.167+0000][1928.081s] GC(568)   Other: 1.0ms
[2022-05-03T01:00:17.168+0000][1928.082s] GC(568) Eden regions: 288->0(290)
[2022-05-03T01:00:17.168+0000][1928.082s] GC(568) Survivor regions: 19->17(39)
[2022-05-03T01:00:17.168+0000][1928.082s] GC(568) Old regions: 66->66
[2022-05-03T01:00:17.169+0000][1928.083s] GC(568) Humongous regions: 7->7
[2022-05-03T01:00:17.169+0000][1928.083s] GC(568) Metaspace: 57703K->57703K(1101824K)
[2022-05-03T01:00:17.169+0000][1928.084s] GC(568) Pause Young (Normal) (G1 Evacuation Pause) 378M->88M(512M) 10.131ms
[2022-05-03T01:00:17.170+0000][1928.084s] GC(568) User=0.04s Sys=0.00s Real=0.01s
[2022-05-03T01:00:19.017+0000][1929.931s] GC(569) Pause Young (Normal) (G1 Evacuation Pause)
[2022-05-03T01:00:19.017+0000][1929.931s] GC(569) Using 8 workers of 8 for evacuation
[2022-05-03T01:00:19.024+0000][1929.938s] GC(569)   Pre Evacuate Collection Set: 0.0ms
[2022-05-03T01:00:19.024+0000][1929.939s] GC(569)   Evacuate Collection Set: 3.6ms
[2022-05-03T01:00:19.025+0000][1929.939s] GC(569)   Post Evacuate Collection Set: 2.6ms
[2022-05-03T01:00:19.025+0000][1929.939s] GC(569)   Other: 0.7ms
[2022-05-03T01:00:19.025+0000][1929.940s] GC(569) Eden regions: 290->0(289)
[2022-05-03T01:00:19.026+0000][1929.940s] GC(569) Survivor regions: 17->18(39)
[2022-05-03T01:00:19.026+0000][1929.940s] GC(569) Old regions: 66->66
[2022-05-03T01:00:19.026+0000][1929.940s] GC(569) Humongous regions: 7->7
[2022-05-03T01:00:19.027+0000][1929.941s] GC(569) Metaspace: 57703K->57703K(1101824K)
[2022-05-03T01:00:19.027+0000][1929.941s] GC(569) Pause Young (Normal) (G1 Evacuation Pause) 378M->88M(512M) 9.907ms
[2022-05-03T01:00:19.027+0000][1929.941s] GC(569) User=0.04s Sys=0.00s Real=0.01s
[2022-05-03T01:00:21.279+0000][1932.194s] GC(570) Pause Young (Normal) (G1 Evacuation Pause)
[2022-05-03T01:00:21.280+0000][1932.194s] GC(570) Using 8 workers of 8 for evacuation
[2022-05-03T01:00:21.287+0000][1932.201s] GC(570)   Pre Evacuate Collection Set: 0.0ms
[2022-05-03T01:00:21.287+0000][1932.201s] GC(570)   Evacuate Collection Set: 3.9ms
[2022-05-03T01:00:21.288+0000][1932.202s] GC(570)   Post Evacuate Collection Set: 2.5ms
[2022-05-03T01:00:21.288+0000][1932.202s] GC(570)   Other: 0.9ms
[2022-05-03T01:00:21.288+0000][1932.202s] GC(570) Eden regions: 289->0(288)
[2022-05-03T01:00:21.289+0000][1932.203s] GC(570) Survivor regions: 18->19(39)
[2022-05-03T01:00:21.289+0000][1932.203s] GC(570) Old regions: 66->66
[2022-05-03T01:00:21.289+0000][1932.203s] GC(570) Humongous regions: 7->7
[2022-05-03T01:00:21.289+0000][1932.204s] GC(570) Metaspace: 57703K->57703K(1101824K)
[2022-05-03T01:00:21.290+0000][1932.204s] GC(570) Pause Young (Normal) (G1 Evacuation Pause) 377M->90M(512M) 10.293ms
[2022-05-03T01:00:21.290+0000][1932.204s] GC(570) User=0.05s Sys=0.00s Real=0.01s
[2022-05-03T01:00:23.597+0000][1934.512s] GC(571) Pause Young (Normal) (G1 Evacuation Pause)
[2022-05-03T01:00:23.598+0000][1934.512s] GC(571) Using 8 workers of 8 for evacuation
[2022-05-03T01:00:23.604+0000][1934.518s] GC(571)   Pre Evacuate Collection Set: 0.0ms
[2022-05-03T01:00:23.605+0000][1934.519s] GC(571)   Evacuate Collection Set: 3.2ms
[2022-05-03T01:00:23.605+0000][1934.519s] GC(571)   Post Evacuate Collection Set: 2.8ms
[2022-05-03T01:00:23.605+0000][1934.520s] GC(571)   Other: 0.7ms
[2022-05-03T01:00:23.606+0000][1934.520s] GC(571) Eden regions: 288->0(288)
[2022-05-03T01:00:23.606+0000][1934.520s] GC(571) Survivor regions: 19->19(39)
[2022-05-03T01:00:23.607+0000][1934.521s] GC(571) Old regions: 66->66
[2022-05-03T01:00:23.607+0000][1934.521s] GC(571) Humongous regions: 7->7
[2022-05-03T01:00:23.607+0000][1934.521s] GC(571) Metaspace: 57703K->57703K(1101824K)
[2022-05-03T01:00:23.608+0000][1934.522s] GC(571) Pause Young (Normal) (G1 Evacuation Pause) 378M->90M(512M) 10.229ms
[2022-05-03T01:00:23.608+0000][1934.522s] GC(571) User=0.04s Sys=0.01s Real=0.01s
[2022-05-03T01:00:26.003+0000][1936.917s] GC(572) Pause Young (Normal) (G1 Evacuation Pause)
[2022-05-03T01:00:26.004+0000][1936.918s] GC(572) Using 8 workers of 8 for evacuation
[2022-05-03T01:00:26.022+0000][1936.936s] GC(572)   Pre Evacuate Collection Set: 0.0ms
[2022-05-03T01:00:26.022+0000][1936.936s] GC(572)   Evacuate Collection Set: 8.3ms
[2022-05-03T01:00:26.022+0000][1936.936s] GC(572)   Post Evacuate Collection Set: 8.9ms
[2022-05-03T01:00:26.023+0000][1936.937s] GC(572)   Other: 1.0ms
[2022-05-03T01:00:26.023+0000][1936.937s] GC(572) Eden regions: 288->0(290)
[2022-05-03T01:00:26.023+0000][1936.938s] GC(572) Survivor regions: 19->17(39)
[2022-05-03T01:00:26.024+0000][1936.938s] GC(572) Old regions: 66->66
[2022-05-03T01:00:26.024+0000][1936.938s] GC(572) Humongous regions: 7->7
[2022-05-03T01:00:26.024+0000][1936.938s] GC(572) Metaspace: 57703K->57703K(1101824K)
[2022-05-03T01:00:26.025+0000][1936.939s] GC(572) Pause Young (Normal) (G1 Evacuation Pause) 378M->88M(512M) 21.245ms
[2022-05-03T01:00:26.025+0000][1936.939s] GC(572) User=0.13s Sys=0.01s Real=0.03s
[2022-05-03T01:00:27.868+0000][1938.782s] GC(573) Pause Young (Normal) (G1 Evacuation Pause)
[2022-05-03T01:00:27.868+0000][1938.782s] GC(573) Using 8 workers of 8 for evacuation
[2022-05-03T01:00:27.874+0000][1938.788s] GC(573)   Pre Evacuate Collection Set: 0.0ms
[2022-05-03T01:00:27.875+0000][1938.789s] GC(573)   Evacuate Collection Set: 2.8ms
[2022-05-03T01:00:27.875+0000][1938.789s] GC(573)   Post Evacuate Collection Set: 2.8ms
[2022-05-03T01:00:27.875+0000][1938.789s] GC(573)   Other: 0.7ms
[2022-05-03T01:00:27.875+0000][1938.790s] GC(573) Eden regions: 290->0(290)
[2022-05-03T01:00:27.876+0000][1938.790s] GC(573) Survivor regions: 17->17(39)
[2022-05-03T01:00:27.876+0000][1938.790s] GC(573) Old regions: 66->67
[2022-05-03T01:00:27.876+0000][1938.791s] GC(573) Humongous regions: 7->7
[2022-05-03T01:00:27.877+0000][1938.791s] GC(573) Metaspace: 57703K->57703K(1101824K)
[2022-05-03T01:00:27.877+0000][1938.791s] GC(573) Pause Young (Normal) (G1 Evacuation Pause) 378M->88M(512M) 9.100ms
[2022-05-03T01:00:27.877+0000][1938.791s] GC(573) User=0.04s Sys=0.01s Real=0.01s
[2022-05-03T01:00:30.237+0000][1941.151s] GC(574) Pause Young (Normal) (G1 Evacuation Pause)
[2022-05-03T01:00:30.237+0000][1941.152s] GC(574) Using 8 workers of 8 for evacuation
[2022-05-03T01:00:30.245+0000][1941.159s] GC(574)   Pre Evacuate Collection Set: 0.0ms
[2022-05-03T01:00:30.245+0000][1941.160s] GC(574)   Evacuate Collection Set: 3.5ms
[2022-05-03T01:00:30.246+0000][1941.160s] GC(574)   Post Evacuate Collection Set: 3.7ms
[2022-05-03T01:00:30.246+0000][1941.160s] GC(574)   Other: 0.7ms
[2022-05-03T01:00:30.247+0000][1941.161s] GC(574) Eden regions: 290->0(288)
[2022-05-03T01:00:30.247+0000][1941.161s] GC(574) Survivor regions: 17->19(39)
[2022-05-03T01:00:30.247+0000][1941.162s] GC(574) Old regions: 67->67
[2022-05-03T01:00:30.248+0000][1941.162s] GC(574) Humongous regions: 7->7
[2022-05-03T01:00:30.248+0000][1941.162s] GC(574) Metaspace: 57703K->57703K(1101824K)
[2022-05-03T01:00:30.249+0000][1941.163s] GC(574) Pause Young (Normal) (G1 Evacuation Pause) 378M->90M(512M) 11.372ms
[2022-05-03T01:00:30.249+0000][1941.163s] GC(574) User=0.05s Sys=0.00s Real=0.01s
[2022-05-03T01:00:32.486+0000][1943.400s] GC(575) Pause Young (Normal) (G1 Evacuation Pause)
[2022-05-03T01:00:32.486+0000][1943.400s] GC(575) Using 8 workers of 8 for evacuation
[2022-05-03T01:00:32.498+0000][1943.412s] GC(575)   Pre Evacuate Collection Set: 0.0ms
[2022-05-03T01:00:32.498+0000][1943.412s] GC(575)   Evacuate Collection Set: 8.7ms
[2022-05-03T01:00:32.499+0000][1943.413s] GC(575)   Post Evacuate Collection Set: 2.6ms
[2022-05-03T01:00:32.499+0000][1943.413s] GC(575)   Other: 1.0ms
[2022-05-03T01:00:32.499+0000][1943.414s] GC(575) Eden regions: 288->0(287)
[2022-05-03T01:00:32.500+0000][1943.414s] GC(575) Survivor regions: 19->20(39)
[2022-05-03T01:00:32.500+0000][1943.414s] GC(575) Old regions: 67->67
[2022-05-03T01:00:32.501+0000][1943.415s] GC(575) Humongous regions: 7->7
[2022-05-03T01:00:32.501+0000][1943.415s] GC(575) Metaspace: 57703K->57703K(1101824K)
[2022-05-03T01:00:32.501+0000][1943.415s] GC(575) Pause Young (Normal) (G1 Evacuation Pause) 378M->91M(512M) 15.552ms
[2022-05-03T01:00:32.501+0000][1943.416s] GC(575) User=0.08s Sys=0.00s Real=0.01s
[2022-05-03T01:00:34.857+0000][1945.771s] GC(576) Pause Young (Normal) (G1 Evacuation Pause)
[2022-05-03T01:00:34.858+0000][1945.772s] GC(576) Using 8 workers of 8 for evacuation
[2022-05-03T01:00:34.864+0000][1945.778s] GC(576)   Pre Evacuate Collection Set: 0.0ms
[2022-05-03T01:00:34.864+0000][1945.779s] GC(576)   Evacuate Collection Set: 3.1ms
[2022-05-03T01:00:34.865+0000][1945.779s] GC(576)   Post Evacuate Collection Set: 2.9ms
[2022-05-03T01:00:34.865+0000][1945.779s] GC(576)   Other: 0.9ms
[2022-05-03T01:00:34.866+0000][1945.780s] GC(576) Eden regions: 287->0(290)
[2022-05-03T01:00:34.866+0000][1945.780s] GC(576) Survivor regions: 20->17(39)
[2022-05-03T01:00:34.867+0000][1945.781s] GC(576) Old regions: 67->67
[2022-05-03T01:00:34.867+0000][1945.781s] GC(576) Humongous regions: 7->7
[2022-05-03T01:00:34.868+0000][1945.782s] GC(576) Metaspace: 57703K->57703K(1101824K)
[2022-05-03T01:00:34.868+0000][1945.782s] GC(576) Pause Young (Normal) (G1 Evacuation Pause) 378M->88M(512M) 10.819ms
[2022-05-03T01:00:34.868+0000][1945.782s] GC(576) User=0.04s Sys=0.00s Real=0.01s
[2022-05-03T01:00:36.634+0000][1947.548s] GC(577) Pause Young (Normal) (G1 Evacuation Pause)
[2022-05-03T01:00:36.634+0000][1947.548s] GC(577) Using 8 workers of 8 for evacuation
[2022-05-03T01:00:36.639+0000][1947.553s] GC(577)   Pre Evacuate Collection Set: 0.0ms
[2022-05-03T01:00:36.640+0000][1947.554s] GC(577)   Evacuate Collection Set: 2.9ms
[2022-05-03T01:00:36.640+0000][1947.554s] GC(577)   Post Evacuate Collection Set: 2.0ms
[2022-05-03T01:00:36.640+0000][1947.554s] GC(577)   Other: 0.5ms
[2022-05-03T01:00:36.640+0000][1947.554s] GC(577) Eden regions: 290->0(292)
[2022-05-03T01:00:36.640+0000][1947.554s] GC(577) Survivor regions: 17->15(39)
[2022-05-03T01:00:36.640+0000][1947.555s] GC(577) Old regions: 67->67
[2022-05-03T01:00:36.641+0000][1947.555s] GC(577) Humongous regions: 7->7
[2022-05-03T01:00:36.641+0000][1947.555s] GC(577) Metaspace: 57703K->57703K(1101824K)
[2022-05-03T01:00:36.641+0000][1947.555s] GC(577) Pause Young (Normal) (G1 Evacuation Pause) 378M->86M(512M) 7.264ms
[2022-05-03T01:00:36.641+0000][1947.555s] GC(577) User=0.03s Sys=0.00s Real=0.01s
[2022-05-03T01:00:38.894+0000][1949.808s] GC(578) Pause Young (Normal) (G1 Evacuation Pause)
[2022-05-03T01:00:38.895+0000][1949.809s] GC(578) Using 8 workers of 8 for evacuation
[2022-05-03T01:00:38.901+0000][1949.815s] GC(578)   Pre Evacuate Collection Set: 0.0ms
[2022-05-03T01:00:38.901+0000][1949.815s] GC(578)   Evacuate Collection Set: 3.3ms
[2022-05-03T01:00:38.902+0000][1949.816s] GC(578)   Post Evacuate Collection Set: 2.4ms
[2022-05-03T01:00:38.902+0000][1949.816s] GC(578)   Other: 0.8ms
[2022-05-03T01:00:38.902+0000][1949.816s] GC(578) Eden regions: 292->0(287)
[2022-05-03T01:00:38.902+0000][1949.817s] GC(578) Survivor regions: 15->20(39)
[2022-05-03T01:00:38.903+0000][1949.817s] GC(578) Old regions: 67->67
[2022-05-03T01:00:38.903+0000][1949.817s] GC(578) Humongous regions: 7->7
[2022-05-03T01:00:38.903+0000][1949.818s] GC(578) Metaspace: 57703K->57703K(1101824K)
[2022-05-03T01:00:38.904+0000][1949.818s] GC(578) Pause Young (Normal) (G1 Evacuation Pause) 378M->91M(512M) 9.322ms
[2022-05-03T01:00:38.904+0000][1949.818s] GC(578) User=0.03s Sys=0.01s Real=0.00s
[2022-05-03T01:00:41.189+0000][1952.103s] GC(579) Pause Young (Normal) (G1 Evacuation Pause)
[2022-05-03T01:00:41.189+0000][1952.103s] GC(579) Using 8 workers of 8 for evacuation
[2022-05-03T01:00:41.215+0000][1952.129s] GC(579)   Pre Evacuate Collection Set: 0.0ms
[2022-05-03T01:00:41.216+0000][1952.130s] GC(579)   Evacuate Collection Set: 16.5ms
[2022-05-03T01:00:41.216+0000][1952.130s] GC(579)   Post Evacuate Collection Set: 9.5ms
[2022-05-03T01:00:41.216+0000][1952.130s] GC(579)   Other: 0.7ms
[2022-05-03T01:00:41.216+0000][1952.130s] GC(579) Eden regions: 287->0(288)
[2022-05-03T01:00:41.216+0000][1952.130s] GC(579) Survivor regions: 20->19(39)
[2022-05-03T01:00:41.216+0000][1952.130s] GC(579) Old regions: 67->67
[2022-05-03T01:00:41.216+0000][1952.131s] GC(579) Humongous regions: 7->7
[2022-05-03T01:00:41.217+0000][1952.131s] GC(579) Metaspace: 57703K->57703K(1101824K)
[2022-05-03T01:00:41.217+0000][1952.131s] GC(579) Pause Young (Normal) (G1 Evacuation Pause) 378M->90M(512M) 28.249ms
[2022-05-03T01:00:41.217+0000][1952.131s] GC(579) User=0.18s Sys=0.02s Real=0.03s
[2022-05-03T01:00:43.470+0000][1954.384s] GC(580) Pause Young (Normal) (G1 Evacuation Pause)
[2022-05-03T01:00:43.470+0000][1954.384s] GC(580) Using 8 workers of 8 for evacuation
[2022-05-03T01:00:43.476+0000][1954.390s] GC(580)   Pre Evacuate Collection Set: 0.0ms
[2022-05-03T01:00:43.477+0000][1954.391s] GC(580)   Evacuate Collection Set: 3.8ms
[2022-05-03T01:00:43.477+0000][1954.391s] GC(580)   Post Evacuate Collection Set: 2.1ms
[2022-05-03T01:00:43.478+0000][1954.392s] GC(580)   Other: 0.7ms
[2022-05-03T01:00:43.478+0000][1954.392s] GC(580) Eden regions: 288->0(290)
[2022-05-03T01:00:43.479+0000][1954.393s] GC(580) Survivor regions: 19->17(39)
[2022-05-03T01:00:43.479+0000][1954.393s] GC(580) Old regions: 67->67
[2022-05-03T01:00:43.479+0000][1954.393s] GC(580) Humongous regions: 7->7
[2022-05-03T01:00:43.479+0000][1954.394s] GC(580) Metaspace: 57703K->57703K(1101824K)
[2022-05-03T01:00:43.480+0000][1954.394s] GC(580) Pause Young (Normal) (G1 Evacuation Pause) 378M->88M(512M) 9.912ms
[2022-05-03T01:00:43.480+0000][1954.394s] GC(580) User=0.04s Sys=0.00s Real=0.01s
[2022-05-03T01:00:45.454+0000][1956.368s] GC(581) Pause Young (Normal) (G1 Evacuation Pause)
[2022-05-03T01:00:45.454+0000][1956.368s] GC(581) Using 8 workers of 8 for evacuation
[2022-05-03T01:00:45.459+0000][1956.373s] GC(581)   Pre Evacuate Collection Set: 0.0ms
[2022-05-03T01:00:45.460+0000][1956.374s] GC(581)   Evacuate Collection Set: 2.7ms
[2022-05-03T01:00:45.460+0000][1956.374s] GC(581)   Post Evacuate Collection Set: 2.5ms
[2022-05-03T01:00:45.460+0000][1956.375s] GC(581)   Other: 0.5ms
[2022-05-03T01:00:45.461+0000][1956.375s] GC(581) Eden regions: 290->0(290)
[2022-05-03T01:00:45.461+0000][1956.375s] GC(581) Survivor regions: 17->17(39)
[2022-05-03T01:00:45.461+0000][1956.376s] GC(581) Old regions: 67->67
[2022-05-03T01:00:45.462+0000][1956.376s] GC(581) Humongous regions: 7->7
[2022-05-03T01:00:45.462+0000][1956.376s] GC(581) Metaspace: 57703K->57703K(1101824K)
[2022-05-03T01:00:45.462+0000][1956.376s] GC(581) Pause Young (Normal) (G1 Evacuation Pause) 378M->88M(512M) 8.610ms
[2022-05-03T01:00:45.463+0000][1956.377s] GC(581) User=0.04s Sys=0.01s Real=0.01s
[2022-05-03T01:00:47.717+0000][1958.631s] GC(582) Pause Young (Normal) (G1 Evacuation Pause)
[2022-05-03T01:00:47.717+0000][1958.631s] GC(582) Using 8 workers of 8 for evacuation
[2022-05-03T01:00:47.729+0000][1958.643s] GC(582)   Pre Evacuate Collection Set: 0.0ms
[2022-05-03T01:00:47.729+0000][1958.644s] GC(582)   Evacuate Collection Set: 4.6ms
[2022-05-03T01:00:47.730+0000][1958.644s] GC(582)   Post Evacuate Collection Set: 7.1ms
[2022-05-03T01:00:47.730+0000][1958.644s] GC(582)   Other: 0.7ms
[2022-05-03T01:00:47.730+0000][1958.644s] GC(582) Eden regions: 290->0(288)
[2022-05-03T01:00:47.730+0000][1958.645s] GC(582) Survivor regions: 17->19(39)
[2022-05-03T01:00:47.731+0000][1958.645s] GC(582) Old regions: 67->67
[2022-05-03T01:00:47.731+0000][1958.645s] GC(582) Humongous regions: 7->7
[2022-05-03T01:00:47.731+0000][1958.645s] GC(582) Metaspace: 57703K->57703K(1101824K)
[2022-05-03T01:00:47.731+0000][1958.645s] GC(582) Pause Young (Normal) (G1 Evacuation Pause) 378M->91M(512M) 14.458ms
[2022-05-03T01:00:47.732+0000][1958.646s] GC(582) User=0.09s Sys=0.00s Real=0.01s
[2022-05-03T01:00:50.028+0000][1960.942s] GC(583) Pause Young (Normal) (G1 Evacuation Pause)
[2022-05-03T01:00:50.028+0000][1960.943s] GC(583) Using 8 workers of 8 for evacuation
[2022-05-03T01:00:50.035+0000][1960.949s] GC(583)   Pre Evacuate Collection Set: 0.0ms
[2022-05-03T01:00:50.035+0000][1960.950s] GC(583)   Evacuate Collection Set: 3.4ms
[2022-05-03T01:00:50.036+0000][1960.950s] GC(583)   Post Evacuate Collection Set: 2.6ms
[2022-05-03T01:00:50.036+0000][1960.950s] GC(583)   Other: 1.0ms
[2022-05-03T01:00:50.037+0000][1960.951s] GC(583) Eden regions: 288->0(288)
[2022-05-03T01:00:50.037+0000][1960.951s] GC(583) Survivor regions: 19->19(39)
[2022-05-03T01:00:50.037+0000][1960.952s] GC(583) Old regions: 67->67
[2022-05-03T01:00:50.038+0000][1960.952s] GC(583) Humongous regions: 7->7
[2022-05-03T01:00:50.038+0000][1960.952s] GC(583) Metaspace: 57703K->57703K(1101824K)
[2022-05-03T01:00:50.038+0000][1960.952s] GC(583) Pause Young (Normal) (G1 Evacuation Pause) 379M->91M(512M) 10.320ms
[2022-05-03T01:00:50.039+0000][1960.953s] GC(583) User=0.04s Sys=0.00s Real=0.01s
[2022-05-03T01:00:52.309+0000][1963.224s] GC(584) Pause Young (Normal) (G1 Evacuation Pause)
[2022-05-03T01:00:52.310+0000][1963.224s] GC(584) Using 8 workers of 8 for evacuation
[2022-05-03T01:00:52.335+0000][1963.249s] GC(584)   Pre Evacuate Collection Set: 0.0ms
[2022-05-03T01:00:52.335+0000][1963.249s] GC(584)   Evacuate Collection Set: 16.1ms
[2022-05-03T01:00:52.335+0000][1963.249s] GC(584)   Post Evacuate Collection Set: 8.3ms
[2022-05-03T01:00:52.336+0000][1963.250s] GC(584)   Other: 0.7ms
[2022-05-03T01:00:52.336+0000][1963.250s] GC(584) Eden regions: 288->0(289)
[2022-05-03T01:00:52.336+0000][1963.250s] GC(584) Survivor regions: 19->18(39)
[2022-05-03T01:00:52.336+0000][1963.250s] GC(584) Old regions: 67->67
[2022-05-03T01:00:52.336+0000][1963.251s] GC(584) Humongous regions: 7->7
[2022-05-03T01:00:52.337+0000][1963.251s] GC(584) Metaspace: 57703K->57703K(1101824K)
[2022-05-03T01:00:52.337+0000][1963.251s] GC(584) Pause Young (Normal) (G1 Evacuation Pause) 379M->89M(512M) 27.549ms
[2022-05-03T01:00:52.337+0000][1963.251s] GC(584) User=0.15s Sys=0.02s Real=0.03s
[2022-05-03T01:00:54.197+0000][1965.112s] GC(585) Pause Young (Normal) (G1 Evacuation Pause)
[2022-05-03T01:00:54.198+0000][1965.112s] GC(585) Using 8 workers of 8 for evacuation
[2022-05-03T01:00:54.203+0000][1965.117s] GC(585)   Pre Evacuate Collection Set: 0.0ms
[2022-05-03T01:00:54.204+0000][1965.118s] GC(585)   Evacuate Collection Set: 2.9ms
[2022-05-03T01:00:54.204+0000][1965.118s] GC(585)   Post Evacuate Collection Set: 2.5ms
[2022-05-03T01:00:54.205+0000][1965.119s] GC(585)   Other: 0.5ms
[2022-05-03T01:00:54.205+0000][1965.119s] GC(585) Eden regions: 289->0(289)
[2022-05-03T01:00:54.205+0000][1965.119s] GC(585) Survivor regions: 18->18(39)
[2022-05-03T01:00:54.206+0000][1965.120s] GC(585) Old regions: 67->67
[2022-05-03T01:00:54.206+0000][1965.120s] GC(585) Humongous regions: 7->7
[2022-05-03T01:00:54.206+0000][1965.121s] GC(585) Metaspace: 57703K->57703K(1101824K)
[2022-05-03T01:00:54.207+0000][1965.121s] GC(585) Pause Young (Normal) (G1 Evacuation Pause) 378M->89M(512M) 9.314ms
[2022-05-03T01:00:54.207+0000][1965.121s] GC(585) User=0.03s Sys=0.00s Real=0.01s
[2022-05-03T01:00:56.538+0000][1967.453s] GC(586) Pause Young (Normal) (G1 Evacuation Pause)
[2022-05-03T01:00:56.539+0000][1967.453s] GC(586) Using 8 workers of 8 for evacuation
[2022-05-03T01:00:56.547+0000][1967.461s] GC(586)   Pre Evacuate Collection Set: 0.0ms
[2022-05-03T01:00:56.547+0000][1967.461s] GC(586)   Evacuate Collection Set: 4.7ms
[2022-05-03T01:00:56.547+0000][1967.461s] GC(586)   Post Evacuate Collection Set: 2.8ms
[2022-05-03T01:00:56.547+0000][1967.461s] GC(586)   Other: 0.7ms
[2022-05-03T01:00:56.547+0000][1967.462s] GC(586) Eden regions: 289->0(287)
[2022-05-03T01:00:56.548+0000][1967.462s] GC(586) Survivor regions: 18->20(39)
[2022-05-03T01:00:56.548+0000][1967.462s] GC(586) Old regions: 67->67
[2022-05-03T01:00:56.548+0000][1967.462s] GC(586) Humongous regions: 7->7
[2022-05-03T01:00:56.548+0000][1967.462s] GC(586) Metaspace: 57703K->57703K(1101824K)
[2022-05-03T01:00:56.548+0000][1967.463s] GC(586) Pause Young (Normal) (G1 Evacuation Pause) 378M->91M(512M) 10.088ms
[2022-05-03T01:00:56.549+0000][1967.463s] GC(586) User=0.04s Sys=0.01s Real=0.01s
[2022-05-03T01:00:58.804+0000][1969.718s] GC(587) Pause Young (Normal) (G1 Evacuation Pause)
[2022-05-03T01:00:58.805+0000][1969.719s] GC(587) Using 8 workers of 8 for evacuation
[2022-05-03T01:00:58.811+0000][1969.725s] GC(587)   Pre Evacuate Collection Set: 0.0ms
[2022-05-03T01:00:58.812+0000][1969.726s] GC(587)   Evacuate Collection Set: 3.3ms
[2022-05-03T01:00:58.812+0000][1969.726s] GC(587)   Post Evacuate Collection Set: 2.9ms
[2022-05-03T01:00:58.813+0000][1969.727s] GC(587)   Other: 0.9ms
[2022-05-03T01:00:58.813+0000][1969.727s] GC(587) Eden regions: 287->0(288)
[2022-05-03T01:00:58.813+0000][1969.728s] GC(587) Survivor regions: 20->19(39)
[2022-05-03T01:00:58.814+0000][1969.728s] GC(587) Old regions: 67->67
[2022-05-03T01:00:58.814+0000][1969.728s] GC(587) Humongous regions: 7->7
[2022-05-03T01:00:58.814+0000][1969.728s] GC(587) Metaspace: 57703K->57703K(1101824K)
[2022-05-03T01:00:58.814+0000][1969.729s] GC(587) Pause Young (Normal) (G1 Evacuation Pause) 378M->91M(512M) 10.153ms
[2022-05-03T01:00:58.815+0000][1969.729s] GC(587) User=0.04s Sys=0.00s Real=0.01s
[2022-05-03T01:01:01.109+0000][1972.023s] GC(588) Pause Young (Normal) (G1 Evacuation Pause)
[2022-05-03T01:01:01.109+0000][1972.023s] GC(588) Using 8 workers of 8 for evacuation
[2022-05-03T01:01:01.116+0000][1972.030s] GC(588)   Pre Evacuate Collection Set: 0.0ms
[2022-05-03T01:01:01.116+0000][1972.030s] GC(588)   Evacuate Collection Set: 3.0ms
[2022-05-03T01:01:01.117+0000][1972.031s] GC(588)   Post Evacuate Collection Set: 2.9ms
[2022-05-03T01:01:01.117+0000][1972.031s] GC(588)   Other: 0.8ms
[2022-05-03T01:01:01.117+0000][1972.031s] GC(588) Eden regions: 288->0(290)
[2022-05-03T01:01:01.118+0000][1972.032s] GC(588) Survivor regions: 19->17(39)
[2022-05-03T01:01:01.118+0000][1972.032s] GC(588) Old regions: 67->67
[2022-05-03T01:01:01.118+0000][1972.033s] GC(588) Humongous regions: 7->7
[2022-05-03T01:01:01.119+0000][1972.033s] GC(588) Metaspace: 57703K->57703K(1101824K)
[2022-05-03T01:01:01.119+0000][1972.033s] GC(588) Pause Young (Normal) (G1 Evacuation Pause) 379M->89M(512M) 10.114ms
[2022-05-03T01:01:01.119+0000][1972.033s] GC(588) User=0.04s Sys=0.00s Real=0.01s
[2022-05-03T01:01:02.789+0000][1973.703s] GC(589) Pause Young (Normal) (G1 Evacuation Pause)
[2022-05-03T01:01:02.789+0000][1973.704s] GC(589) Using 8 workers of 8 for evacuation
[2022-05-03T01:01:02.795+0000][1973.709s] GC(589)   Pre Evacuate Collection Set: 0.0ms
[2022-05-03T01:01:02.795+0000][1973.709s] GC(589)   Evacuate Collection Set: 3.2ms
[2022-05-03T01:01:02.796+0000][1973.710s] GC(589)   Post Evacuate Collection Set: 1.7ms
[2022-05-03T01:01:02.796+0000][1973.710s] GC(589)   Other: 0.9ms
[2022-05-03T01:01:02.797+0000][1973.711s] GC(589) Eden regions: 290->0(293)
[2022-05-03T01:01:02.797+0000][1973.711s] GC(589) Survivor regions: 17->14(39)
[2022-05-03T01:01:02.797+0000][1973.711s] GC(589) Old regions: 67->67
[2022-05-03T01:01:02.798+0000][1973.712s] GC(589) Humongous regions: 7->7
[2022-05-03T01:01:02.798+0000][1973.712s] GC(589) Metaspace: 57703K->57703K(1101824K)
[2022-05-03T01:01:02.798+0000][1973.713s] GC(589) Pause Young (Normal) (G1 Evacuation Pause) 379M->86M(512M) 9.388ms
[2022-05-03T01:01:02.799+0000][1973.713s] GC(589) User=0.03s Sys=0.00s Real=0.01s
[2022-05-03T01:01:05.253+0000][1976.167s] GC(590) Pause Young (Normal) (G1 Evacuation Pause)
[2022-05-03T01:01:05.254+0000][1976.168s] GC(590) Using 8 workers of 8 for evacuation
[2022-05-03T01:01:05.259+0000][1976.173s] GC(590)   Pre Evacuate Collection Set: 0.0ms
[2022-05-03T01:01:05.260+0000][1976.174s] GC(590)   Evacuate Collection Set: 2.7ms
[2022-05-03T01:01:05.260+0000][1976.174s] GC(590)   Post Evacuate Collection Set: 2.4ms
[2022-05-03T01:01:05.260+0000][1976.174s] GC(590)   Other: 0.9ms
[2022-05-03T01:01:05.260+0000][1976.175s] GC(590) Eden regions: 293->0(290)
[2022-05-03T01:01:05.261+0000][1976.175s] GC(590) Survivor regions: 14->17(39)
[2022-05-03T01:01:05.261+0000][1976.175s] GC(590) Old regions: 67->67
[2022-05-03T01:01:05.261+0000][1976.175s] GC(590) Humongous regions: 7->7
[2022-05-03T01:01:05.261+0000][1976.176s] GC(590) Metaspace: 57703K->57703K(1101824K)
[2022-05-03T01:01:05.262+0000][1976.176s] GC(590) Pause Young (Normal) (G1 Evacuation Pause) 379M->89M(512M) 8.423ms
[2022-05-03T01:01:05.262+0000][1976.176s] GC(590) User=0.03s Sys=0.01s Real=0.01s
[2022-05-03T01:01:07.530+0000][1978.444s] GC(591) Pause Young (Normal) (G1 Evacuation Pause)
[2022-05-03T01:01:07.531+0000][1978.445s] GC(591) Using 8 workers of 8 for evacuation
[2022-05-03T01:01:07.539+0000][1978.453s] GC(591)   Pre Evacuate Collection Set: 0.0ms
[2022-05-03T01:01:07.540+0000][1978.454s] GC(591)   Evacuate Collection Set: 5.8ms
[2022-05-03T01:01:07.540+0000][1978.454s] GC(591)   Post Evacuate Collection Set: 2.6ms
[2022-05-03T01:01:07.540+0000][1978.454s] GC(591)   Other: 0.5ms
[2022-05-03T01:01:07.540+0000][1978.454s] GC(591) Eden regions: 290->0(290)
[2022-05-03T01:01:07.540+0000][1978.455s] GC(591) Survivor regions: 17->17(39)
[2022-05-03T01:01:07.541+0000][1978.455s] GC(591) Old regions: 67->67
[2022-05-03T01:01:07.541+0000][1978.455s] GC(591) Humongous regions: 7->7
[2022-05-03T01:01:07.541+0000][1978.455s] GC(591) Metaspace: 57703K->57703K(1101824K)
[2022-05-03T01:01:07.541+0000][1978.455s] GC(591) Pause Young (Normal) (G1 Evacuation Pause) 379M->88M(512M) 10.984ms
[2022-05-03T01:01:07.542+0000][1978.456s] GC(591) User=0.06s Sys=0.00s Real=0.01s
[2022-05-03T01:01:09.829+0000][1980.743s] GC(592) Pause Young (Normal) (G1 Evacuation Pause)
[2022-05-03T01:01:09.830+0000][1980.744s] GC(592) Using 8 workers of 8 for evacuation
[2022-05-03T01:01:09.836+0000][1980.750s] GC(592)   Pre Evacuate Collection Set: 0.0ms
[2022-05-03T01:01:09.837+0000][1980.751s] GC(592)   Evacuate Collection Set: 3.1ms
[2022-05-03T01:01:09.837+0000][1980.751s] GC(592)   Post Evacuate Collection Set: 2.8ms
[2022-05-03T01:01:09.837+0000][1980.751s] GC(592)   Other: 1.0ms
[2022-05-03T01:01:09.838+0000][1980.752s] GC(592) Eden regions: 290->0(290)
[2022-05-03T01:01:09.838+0000][1980.752s] GC(592) Survivor regions: 17->17(39)
[2022-05-03T01:01:09.838+0000][1980.752s] GC(592) Old regions: 67->67
[2022-05-03T01:01:09.839+0000][1980.753s] GC(592) Humongous regions: 7->7
[2022-05-03T01:01:09.839+0000][1980.753s] GC(592) Metaspace: 57703K->57703K(1101824K)
[2022-05-03T01:01:09.839+0000][1980.753s] GC(592) Pause Young (Normal) (G1 Evacuation Pause) 378M->89M(512M) 10.039ms
[2022-05-03T01:01:09.839+0000][1980.754s] GC(592) User=0.05s Sys=0.00s Real=0.01s
[2022-05-03T01:01:11.611+0000][1982.525s] GC(593) Pause Young (Normal) (G1 Evacuation Pause)
[2022-05-03T01:01:11.612+0000][1982.526s] GC(593) Using 8 workers of 8 for evacuation
[2022-05-03T01:01:11.617+0000][1982.531s] GC(593)   Pre Evacuate Collection Set: 0.0ms
[2022-05-03T01:01:11.617+0000][1982.531s] GC(593)   Evacuate Collection Set: 2.8ms
[2022-05-03T01:01:11.618+0000][1982.532s] GC(593)   Post Evacuate Collection Set: 1.9ms
[2022-05-03T01:01:11.618+0000][1982.532s] GC(593)   Other: 1.0ms
[2022-05-03T01:01:11.619+0000][1982.533s] GC(593) Eden regions: 290->0(293)
[2022-05-03T01:01:11.619+0000][1982.533s] GC(593) Survivor regions: 17->14(39)
[2022-05-03T01:01:11.619+0000][1982.534s] GC(593) Old regions: 67->67
[2022-05-03T01:01:11.620+0000][1982.534s] GC(593) Humongous regions: 7->7
[2022-05-03T01:01:11.620+0000][1982.534s] GC(593) Metaspace: 57703K->57703K(1101824K)
[2022-05-03T01:01:11.620+0000][1982.534s] GC(593) Pause Young (Normal) (G1 Evacuation Pause) 379M->85M(512M) 9.066ms
[2022-05-03T01:01:11.621+0000][1982.535s] GC(593) User=0.03s Sys=0.00s Real=0.01s
[2022-05-03T01:01:13.820+0000][1984.734s] GC(594) Pause Young (Normal) (G1 Evacuation Pause)
[2022-05-03T01:01:13.820+0000][1984.734s] GC(594) Using 8 workers of 8 for evacuation
[2022-05-03T01:01:13.825+0000][1984.739s] GC(594)   Pre Evacuate Collection Set: 0.0ms
[2022-05-03T01:01:13.826+0000][1984.740s] GC(594)   Evacuate Collection Set: 2.6ms
[2022-05-03T01:01:13.826+0000][1984.740s] GC(594)   Post Evacuate Collection Set: 2.4ms
[2022-05-03T01:01:13.826+0000][1984.740s] GC(594)   Other: 0.4ms
[2022-05-03T01:01:13.827+0000][1984.741s] GC(594) Eden regions: 293->0(290)
[2022-05-03T01:01:13.827+0000][1984.741s] GC(594) Survivor regions: 14->17(39)
[2022-05-03T01:01:13.827+0000][1984.741s] GC(594) Old regions: 67->67
[2022-05-03T01:01:13.827+0000][1984.742s] GC(594) Humongous regions: 7->7
[2022-05-03T01:01:13.828+0000][1984.742s] GC(594) Metaspace: 57703K->57703K(1101824K)
[2022-05-03T01:01:13.828+0000][1984.742s] GC(594) Pause Young (Normal) (G1 Evacuation Pause) 378M->89M(512M) 8.056ms
[2022-05-03T01:01:13.828+0000][1984.742s] GC(594) User=0.03s Sys=0.00s Real=0.01s
[2022-05-03T01:01:16.165+0000][1987.080s] GC(595) Pause Young (Normal) (G1 Evacuation Pause)
[2022-05-03T01:01:16.166+0000][1987.080s] GC(595) Using 8 workers of 8 for evacuation
[2022-05-03T01:01:16.173+0000][1987.088s] GC(595)   Pre Evacuate Collection Set: 0.0ms
[2022-05-03T01:01:16.174+0000][1987.088s] GC(595)   Evacuate Collection Set: 3.2ms
[2022-05-03T01:01:16.174+0000][1987.088s] GC(595)   Post Evacuate Collection Set: 3.9ms
[2022-05-03T01:01:16.175+0000][1987.089s] GC(595)   Other: 0.9ms
[2022-05-03T01:01:16.175+0000][1987.089s] GC(595) Eden regions: 290->0(289)
[2022-05-03T01:01:16.175+0000][1987.089s] GC(595) Survivor regions: 17->18(39)
[2022-05-03T01:01:16.175+0000][1987.090s] GC(595) Old regions: 67->67
[2022-05-03T01:01:16.176+0000][1987.090s] GC(595) Humongous regions: 7->7
[2022-05-03T01:01:16.176+0000][1987.090s] GC(595) Metaspace: 57703K->57703K(1101824K)
[2022-05-03T01:01:16.176+0000][1987.090s] GC(595) Pause Young (Normal) (G1 Evacuation Pause) 379M->90M(512M) 10.850ms
[2022-05-03T01:01:16.177+0000][1987.091s] GC(595) User=0.05s Sys=0.00s Real=0.01s
[2022-05-03T01:01:18.441+0000][1989.355s] GC(596) Pause Young (Normal) (G1 Evacuation Pause)
[2022-05-03T01:01:18.441+0000][1989.355s] GC(596) Using 8 workers of 8 for evacuation
[2022-05-03T01:01:18.447+0000][1989.361s] GC(596)   Pre Evacuate Collection Set: 0.0ms
[2022-05-03T01:01:18.448+0000][1989.362s] GC(596)   Evacuate Collection Set: 2.8ms
[2022-05-03T01:01:18.448+0000][1989.362s] GC(596)   Post Evacuate Collection Set: 2.7ms
[2022-05-03T01:01:18.449+0000][1989.363s] GC(596)   Other: 0.9ms
[2022-05-03T01:01:18.449+0000][1989.363s] GC(596) Eden regions: 289->0(291)
[2022-05-03T01:01:18.449+0000][1989.363s] GC(596) Survivor regions: 18->16(39)
[2022-05-03T01:01:18.450+0000][1989.364s] GC(596) Old regions: 67->67
[2022-05-03T01:01:18.450+0000][1989.364s] GC(596) Humongous regions: 7->7
[2022-05-03T01:01:18.450+0000][1989.364s] GC(596) Metaspace: 57703K->57703K(1101824K)
[2022-05-03T01:01:18.451+0000][1989.365s] GC(596) Pause Young (Normal) (G1 Evacuation Pause) 379M->88M(512M) 9.905ms
[2022-05-03T01:01:18.451+0000][1989.365s] GC(596) User=0.04s Sys=0.00s Real=0.01s
[2022-05-03T01:01:20.310+0000][1991.225s] GC(597) Pause Young (Normal) (G1 Evacuation Pause)
[2022-05-03T01:01:20.311+0000][1991.225s] GC(597) Using 8 workers of 8 for evacuation
[2022-05-03T01:01:20.316+0000][1991.230s] GC(597)   Pre Evacuate Collection Set: 0.0ms
[2022-05-03T01:01:20.316+0000][1991.230s] GC(597)   Evacuate Collection Set: 2.3ms
[2022-05-03T01:01:20.317+0000][1991.231s] GC(597)   Post Evacuate Collection Set: 2.2ms
[2022-05-03T01:01:20.317+0000][1991.231s] GC(597)   Other: 0.8ms
[2022-05-03T01:01:20.317+0000][1991.232s] GC(597) Eden regions: 291->0(294)
[2022-05-03T01:01:20.318+0000][1991.232s] GC(597) Survivor regions: 16->13(39)
[2022-05-03T01:01:20.318+0000][1991.232s] GC(597) Old regions: 67->67
[2022-05-03T01:01:20.318+0000][1991.233s] GC(597) Humongous regions: 7->7
[2022-05-03T01:01:20.319+0000][1991.233s] GC(597) Metaspace: 57703K->57703K(1101824K)
[2022-05-03T01:01:20.319+0000][1991.233s] GC(597) Pause Young (Normal) (G1 Evacuation Pause) 379M->85M(512M) 8.641ms
[2022-05-03T01:01:20.319+0000][1991.233s] GC(597) User=0.04s Sys=0.00s Real=0.01s
[2022-05-03T01:01:22.556+0000][1993.470s] GC(598) Pause Young (Normal) (G1 Evacuation Pause)
[2022-05-03T01:01:22.556+0000][1993.470s] GC(598) Using 8 workers of 8 for evacuation
[2022-05-03T01:01:22.563+0000][1993.477s] GC(598)   Pre Evacuate Collection Set: 0.0ms
[2022-05-03T01:01:22.564+0000][1993.478s] GC(598)   Evacuate Collection Set: 3.9ms
[2022-05-03T01:01:22.564+0000][1993.478s] GC(598)   Post Evacuate Collection Set: 2.9ms
[2022-05-03T01:01:22.564+0000][1993.478s] GC(598)   Other: 0.9ms
[2022-05-03T01:01:22.565+0000][1993.479s] GC(598) Eden regions: 294->0(287)
[2022-05-03T01:01:22.565+0000][1993.479s] GC(598) Survivor regions: 13->20(39)
[2022-05-03T01:01:22.565+0000][1993.479s] GC(598) Old regions: 67->68
[2022-05-03T01:01:22.565+0000][1993.479s] GC(598) Humongous regions: 7->7
[2022-05-03T01:01:22.566+0000][1993.480s] GC(598) Metaspace: 57703K->57703K(1101824K)
[2022-05-03T01:01:22.566+0000][1993.480s] GC(598) Pause Young (Normal) (G1 Evacuation Pause) 379M->92M(512M) 10.306ms
[2022-05-03T01:01:22.566+0000][1993.480s] GC(598) User=0.05s Sys=0.01s Real=0.01s
[2022-05-03T01:01:24.846+0000][1995.760s] GC(599) Pause Young (Normal) (G1 Evacuation Pause)
[2022-05-03T01:01:24.846+0000][1995.760s] GC(599) Using 8 workers of 8 for evacuation
[2022-05-03T01:01:24.851+0000][1995.765s] GC(599)   Pre Evacuate Collection Set: 0.0ms
[2022-05-03T01:01:24.851+0000][1995.765s] GC(599)   Evacuate Collection Set: 3.0ms
[2022-05-03T01:01:24.852+0000][1995.766s] GC(599)   Post Evacuate Collection Set: 1.8ms
[2022-05-03T01:01:24.852+0000][1995.766s] GC(599)   Other: 0.4ms
[2022-05-03T01:01:24.852+0000][1995.766s] GC(599) Eden regions: 287->0(291)
[2022-05-03T01:01:24.853+0000][1995.767s] GC(599) Survivor regions: 20->16(39)
[2022-05-03T01:01:24.853+0000][1995.767s] GC(599) Old regions: 68->68
[2022-05-03T01:01:24.853+0000][1995.767s] GC(599) Humongous regions: 7->7
[2022-05-03T01:01:24.853+0000][1995.767s] GC(599) Metaspace: 57704K->57704K(1101824K)
[2022-05-03T01:01:24.854+0000][1995.768s] GC(599) Pause Young (Normal) (G1 Evacuation Pause) 379M->88M(512M) 8.031ms
[2022-05-03T01:01:24.854+0000][1995.768s] GC(599) User=0.03s Sys=0.00s Real=0.00s
[2022-05-03T01:01:27.154+0000][1998.069s] GC(600) Pause Young (Normal) (G1 Evacuation Pause)
[2022-05-03T01:01:27.155+0000][1998.069s] GC(600) Using 8 workers of 8 for evacuation
[2022-05-03T01:01:27.160+0000][1998.074s] GC(600)   Pre Evacuate Collection Set: 0.0ms
[2022-05-03T01:01:27.161+0000][1998.075s] GC(600)   Evacuate Collection Set: 1.9ms
[2022-05-03T01:01:27.161+0000][1998.075s] GC(600)   Post Evacuate Collection Set: 3.3ms
[2022-05-03T01:01:27.161+0000][1998.076s] GC(600)   Other: 0.4ms
[2022-05-03T01:01:27.162+0000][1998.076s] GC(600) Eden regions: 291->0(290)
[2022-05-03T01:01:27.162+0000][1998.076s] GC(600) Survivor regions: 16->17(39)
[2022-05-03T01:01:27.163+0000][1998.077s] GC(600) Old regions: 68->68
[2022-05-03T01:01:27.163+0000][1998.077s] GC(600) Humongous regions: 7->7
[2022-05-03T01:01:27.163+0000][1998.077s] GC(600) Metaspace: 57704K->57704K(1101824K)
[2022-05-03T01:01:27.164+0000][1998.078s] GC(600) Pause Young (Normal) (G1 Evacuation Pause) 379M->89M(512M) 9.166ms
[2022-05-03T01:01:27.164+0000][1998.078s] GC(600) User=0.03s Sys=0.00s Real=0.00s
[2022-05-03T01:01:28.949+0000][1999.863s] GC(601) Pause Young (Normal) (G1 Evacuation Pause)
[2022-05-03T01:01:28.949+0000][1999.863s] GC(601) Using 8 workers of 8 for evacuation
[2022-05-03T01:01:28.956+0000][1999.870s] GC(601)   Pre Evacuate Collection Set: 0.0ms
[2022-05-03T01:01:28.956+0000][1999.870s] GC(601)   Evacuate Collection Set: 4.0ms
[2022-05-03T01:01:28.956+0000][1999.870s] GC(601)   Post Evacuate Collection Set: 1.8ms
[2022-05-03T01:01:28.957+0000][1999.871s] GC(601)   Other: 0.9ms
[2022-05-03T01:01:28.957+0000][1999.871s] GC(601) Eden regions: 290->0(291)
[2022-05-03T01:01:28.957+0000][1999.871s] GC(601) Survivor regions: 17->16(39)
[2022-05-03T01:01:28.958+0000][1999.872s] GC(601) Old regions: 68->68
[2022-05-03T01:01:28.958+0000][1999.872s] GC(601) Humongous regions: 7->7
[2022-05-03T01:01:28.958+0000][1999.872s] GC(601) Metaspace: 57704K->57704K(1101824K)
[2022-05-03T01:01:28.958+0000][1999.873s] GC(601) Pause Young (Normal) (G1 Evacuation Pause) 379M->88M(512M) 9.583ms
[2022-05-03T01:01:28.959+0000][1999.873s] GC(601) User=0.02s Sys=0.01s Real=0.01s
[2022-05-03T01:01:31.267+0000][2002.181s] GC(602) Pause Young (Normal) (G1 Evacuation Pause)
[2022-05-03T01:01:31.267+0000][2002.181s] GC(602) Using 8 workers of 8 for evacuation
[2022-05-03T01:01:31.273+0000][2002.188s] GC(602)   Pre Evacuate Collection Set: 0.0ms
[2022-05-03T01:01:31.274+0000][2002.188s] GC(602)   Evacuate Collection Set: 3.5ms
[2022-05-03T01:01:31.274+0000][2002.188s] GC(602)   Post Evacuate Collection Set: 2.4ms
[2022-05-03T01:01:31.275+0000][2002.189s] GC(602)   Other: 0.8ms
[2022-05-03T01:01:31.275+0000][2002.189s] GC(602) Eden regions: 291->0(288)
[2022-05-03T01:01:31.275+0000][2002.190s] GC(602) Survivor regions: 16->19(39)
[2022-05-03T01:01:31.276+0000][2002.190s] GC(602) Old regions: 68->68
[2022-05-03T01:01:31.276+0000][2002.190s] GC(602) Humongous regions: 7->7
[2022-05-03T01:01:31.276+0000][2002.191s] GC(602) Metaspace: 57704K->57704K(1101824K)
[2022-05-03T01:01:31.277+0000][2002.191s] GC(602) Pause Young (Normal) (G1 Evacuation Pause) 379M->91M(512M) 9.957ms
[2022-05-03T01:01:31.277+0000][2002.191s] GC(602) User=0.04s Sys=0.01s Real=0.01s
[2022-05-03T01:01:33.517+0000][2004.431s] GC(603) Pause Young (Normal) (G1 Evacuation Pause)
[2022-05-03T01:01:33.517+0000][2004.431s] GC(603) Using 8 workers of 8 for evacuation
[2022-05-03T01:01:33.529+0000][2004.443s] GC(603)   Pre Evacuate Collection Set: 0.0ms
[2022-05-03T01:01:33.529+0000][2004.443s] GC(603)   Evacuate Collection Set: 6.0ms
[2022-05-03T01:01:33.529+0000][2004.443s] GC(603)   Post Evacuate Collection Set: 4.9ms
[2022-05-03T01:01:33.529+0000][2004.443s] GC(603)   Other: 0.8ms
[2022-05-03T01:01:33.530+0000][2004.444s] GC(603) Eden regions: 288->0(291)
[2022-05-03T01:01:33.530+0000][2004.444s] GC(603) Survivor regions: 19->16(39)
[2022-05-03T01:01:33.530+0000][2004.444s] GC(603) Old regions: 68->68
[2022-05-03T01:01:33.530+0000][2004.444s] GC(603) Humongous regions: 7->7
[2022-05-03T01:01:33.530+0000][2004.445s] GC(603) Metaspace: 57704K->57704K(1101824K)
[2022-05-03T01:01:33.531+0000][2004.445s] GC(603) Pause Young (Normal) (G1 Evacuation Pause) 379M->88M(512M) 14.010ms
[2022-05-03T01:01:33.531+0000][2004.445s] GC(603) User=0.08s Sys=0.00s Real=0.01s
[2022-05-03T01:01:35.658+0000][2006.572s] GC(604) Pause Young (Normal) (G1 Evacuation Pause)
[2022-05-03T01:01:35.659+0000][2006.573s] GC(604) Using 8 workers of 8 for evacuation
[2022-05-03T01:01:35.664+0000][2006.578s] GC(604)   Pre Evacuate Collection Set: 0.0ms
[2022-05-03T01:01:35.664+0000][2006.578s] GC(604)   Evacuate Collection Set: 2.7ms
[2022-05-03T01:01:35.664+0000][2006.579s] GC(604)   Post Evacuate Collection Set: 1.9ms
[2022-05-03T01:01:35.665+0000][2006.579s] GC(604)   Other: 0.7ms
[2022-05-03T01:01:35.665+0000][2006.579s] GC(604) Eden regions: 291->0(292)
[2022-05-03T01:01:35.666+0000][2006.580s] GC(604) Survivor regions: 16->15(39)
[2022-05-03T01:01:35.666+0000][2006.580s] GC(604) Old regions: 68->68
[2022-05-03T01:01:35.666+0000][2006.581s] GC(604) Humongous regions: 7->7
[2022-05-03T01:01:35.667+0000][2006.581s] GC(604) Metaspace: 57704K->57704K(1101824K)
[2022-05-03T01:01:35.667+0000][2006.581s] GC(604) Pause Young (Normal) (G1 Evacuation Pause) 379M->87M(512M) 8.881ms
[2022-05-03T01:01:35.668+0000][2006.582s] GC(604) User=0.03s Sys=0.00s Real=0.01s
[2022-05-03T01:01:37.677+0000][2008.591s] GC(605) Pause Young (Normal) (G1 Evacuation Pause)
[2022-05-03T01:01:37.677+0000][2008.591s] GC(605) Using 8 workers of 8 for evacuation
[2022-05-03T01:01:37.684+0000][2008.598s] GC(605)   Pre Evacuate Collection Set: 0.0ms
[2022-05-03T01:01:37.684+0000][2008.598s] GC(605)   Evacuate Collection Set: 3.3ms
[2022-05-03T01:01:37.684+0000][2008.598s] GC(605)   Post Evacuate Collection Set: 2.4ms
[2022-05-03T01:01:37.684+0000][2008.599s] GC(605)   Other: 0.8ms
[2022-05-03T01:01:37.685+0000][2008.599s] GC(605) Eden regions: 292->0(288)
[2022-05-03T01:01:37.685+0000][2008.599s] GC(605) Survivor regions: 15->19(39)
[2022-05-03T01:01:37.685+0000][2008.600s] GC(605) Old regions: 68->68
[2022-05-03T01:01:37.686+0000][2008.600s] GC(605) Humongous regions: 7->7
[2022-05-03T01:01:37.686+0000][2008.600s] GC(605) Metaspace: 57704K->57704K(1101824K)
[2022-05-03T01:01:37.686+0000][2008.600s] GC(605) Pause Young (Normal) (G1 Evacuation Pause) 379M->91M(512M) 9.003ms
[2022-05-03T01:01:37.686+0000][2008.600s] GC(605) User=0.04s Sys=0.00s Real=0.01s
[2022-05-03T01:01:39.842+0000][2010.756s] GC(606) Pause Young (Normal) (G1 Evacuation Pause)
[2022-05-03T01:01:39.842+0000][2010.756s] GC(606) Using 8 workers of 8 for evacuation
[2022-05-03T01:01:39.848+0000][2010.762s] GC(606)   Pre Evacuate Collection Set: 0.0ms
[2022-05-03T01:01:39.848+0000][2010.762s] GC(606)   Evacuate Collection Set: 2.6ms
[2022-05-03T01:01:39.849+0000][2010.763s] GC(606)   Post Evacuate Collection Set: 2.6ms
[2022-05-03T01:01:39.849+0000][2010.763s] GC(606)   Other: 0.8ms
[2022-05-03T01:01:39.849+0000][2010.763s] GC(606) Eden regions: 288->0(289)
[2022-05-03T01:01:39.850+0000][2010.764s] GC(606) Survivor regions: 19->18(39)
[2022-05-03T01:01:39.850+0000][2010.764s] GC(606) Old regions: 68->68
[2022-05-03T01:01:39.850+0000][2010.764s] GC(606) Humongous regions: 7->7
[2022-05-03T01:01:39.850+0000][2010.764s] GC(606) Metaspace: 57704K->57704K(1101824K)
[2022-05-03T01:01:39.851+0000][2010.765s] GC(606) Pause Young (Normal) (G1 Evacuation Pause) 379M->90M(512M) 8.921ms
[2022-05-03T01:01:39.851+0000][2010.765s] GC(606) User=0.04s Sys=0.00s Real=0.01s
[2022-05-03T01:01:42.197+0000][2013.111s] GC(607) Pause Young (Normal) (G1 Evacuation Pause)
[2022-05-03T01:01:42.197+0000][2013.112s] GC(607) Using 8 workers of 8 for evacuation
[2022-05-03T01:01:42.203+0000][2013.117s] GC(607)   Pre Evacuate Collection Set: 0.0ms
[2022-05-03T01:01:42.203+0000][2013.117s] GC(607)   Evacuate Collection Set: 2.1ms
[2022-05-03T01:01:42.204+0000][2013.118s] GC(607)   Post Evacuate Collection Set: 2.8ms
[2022-05-03T01:01:42.204+0000][2013.118s] GC(607)   Other: 0.8ms
[2022-05-03T01:01:42.204+0000][2013.118s] GC(607) Eden regions: 289->0(292)
[2022-05-03T01:01:42.205+0000][2013.119s] GC(607) Survivor regions: 18->15(39)
[2022-05-03T01:01:42.205+0000][2013.119s] GC(607) Old regions: 68->68
[2022-05-03T01:01:42.205+0000][2013.119s] GC(607) Humongous regions: 7->7
[2022-05-03T01:01:42.206+0000][2013.120s] GC(607) Metaspace: 57704K->57704K(1101824K)
[2022-05-03T01:01:42.206+0000][2013.120s] GC(607) Pause Young (Normal) (G1 Evacuation Pause) 379M->87M(512M) 8.810ms
[2022-05-03T01:01:42.206+0000][2013.120s] GC(607) User=0.03s Sys=0.00s Real=0.01s
[2022-05-03T01:01:44.162+0000][2015.076s] GC(608) Pause Young (Normal) (G1 Evacuation Pause)
[2022-05-03T01:01:44.162+0000][2015.077s] GC(608) Using 8 workers of 8 for evacuation
[2022-05-03T01:01:44.174+0000][2015.089s] GC(608)   Pre Evacuate Collection Set: 0.0ms
[2022-05-03T01:01:44.175+0000][2015.089s] GC(608)   Evacuate Collection Set: 3.0ms
[2022-05-03T01:01:44.175+0000][2015.089s] GC(608)   Post Evacuate Collection Set: 8.6ms
[2022-05-03T01:01:44.175+0000][2015.089s] GC(608)   Other: 0.6ms
[2022-05-03T01:01:44.175+0000][2015.090s] GC(608) Eden regions: 292->0(292)
[2022-05-03T01:01:44.176+0000][2015.090s] GC(608) Survivor regions: 15->15(39)
[2022-05-03T01:01:44.176+0000][2015.090s] GC(608) Old regions: 68->68
[2022-05-03T01:01:44.176+0000][2015.090s] GC(608) Humongous regions: 7->7
[2022-05-03T01:01:44.176+0000][2015.090s] GC(608) Metaspace: 57704K->57704K(1101824K)
[2022-05-03T01:01:44.177+0000][2015.091s] GC(608) Pause Young (Normal) (G1 Evacuation Pause) 379M->87M(512M) 14.330ms
[2022-05-03T01:01:44.177+0000][2015.091s] GC(608) User=0.08s Sys=0.01s Real=0.02s
[2022-05-03T01:01:46.234+0000][2017.148s] GC(609) Pause Young (Normal) (G1 Evacuation Pause)
[2022-05-03T01:01:46.235+0000][2017.149s] GC(609) Using 8 workers of 8 for evacuation
[2022-05-03T01:01:46.241+0000][2017.155s] GC(609)   Pre Evacuate Collection Set: 0.0ms
[2022-05-03T01:01:46.242+0000][2017.156s] GC(609)   Evacuate Collection Set: 3.5ms
[2022-05-03T01:01:46.242+0000][2017.156s] GC(609)   Post Evacuate Collection Set: 2.6ms
[2022-05-03T01:01:46.243+0000][2017.157s] GC(609)   Other: 1.0ms
[2022-05-03T01:01:46.243+0000][2017.157s] GC(609) Eden regions: 292->0(288)
[2022-05-03T01:01:46.244+0000][2017.158s] GC(609) Survivor regions: 15->19(39)
[2022-05-03T01:01:46.244+0000][2017.158s] GC(609) Old regions: 68->68
[2022-05-03T01:01:46.244+0000][2017.158s] GC(609) Humongous regions: 7->7
[2022-05-03T01:01:46.245+0000][2017.159s] GC(609) Metaspace: 57704K->57704K(1101824K)
[2022-05-03T01:01:46.245+0000][2017.159s] GC(609) Pause Young (Normal) (G1 Evacuation Pause) 379M->91M(512M) 10.886ms
[2022-05-03T01:01:46.245+0000][2017.160s] GC(609) User=0.04s Sys=0.00s Real=0.01s
[2022-05-03T01:01:48.528+0000][2019.443s] GC(610) Pause Young (Normal) (G1 Evacuation Pause)
[2022-05-03T01:01:48.529+0000][2019.443s] GC(610) Using 8 workers of 8 for evacuation
[2022-05-03T01:01:48.535+0000][2019.449s] GC(610)   Pre Evacuate Collection Set: 0.0ms
[2022-05-03T01:01:48.536+0000][2019.450s] GC(610)   Evacuate Collection Set: 3.6ms
[2022-05-03T01:01:48.536+0000][2019.450s] GC(610)   Post Evacuate Collection Set: 2.6ms
[2022-05-03T01:01:48.536+0000][2019.450s] GC(610)   Other: 0.7ms
[2022-05-03T01:01:48.537+0000][2019.451s] GC(610) Eden regions: 288->0(288)
[2022-05-03T01:01:48.537+0000][2019.451s] GC(610) Survivor regions: 19->19(39)
[2022-05-03T01:01:48.537+0000][2019.451s] GC(610) Old regions: 68->68
[2022-05-03T01:01:48.537+0000][2019.452s] GC(610) Humongous regions: 7->7
[2022-05-03T01:01:48.538+0000][2019.452s] GC(610) Metaspace: 57704K->57704K(1101824K)
[2022-05-03T01:01:48.538+0000][2019.452s] GC(610) Pause Young (Normal) (G1 Evacuation Pause) 379M->92M(512M) 9.511ms
[2022-05-03T01:01:48.538+0000][2019.452s] GC(610) User=0.04s Sys=0.00s Real=0.01s
[2022-05-03T01:01:50.775+0000][2021.689s] GC(611) Pause Young (Normal) (G1 Evacuation Pause)
[2022-05-03T01:01:50.775+0000][2021.690s] GC(611) Using 8 workers of 8 for evacuation
[2022-05-03T01:01:50.782+0000][2021.696s] GC(611)   Pre Evacuate Collection Set: 0.0ms
[2022-05-03T01:01:50.782+0000][2021.696s] GC(611)   Evacuate Collection Set: 3.0ms
[2022-05-03T01:01:50.783+0000][2021.697s] GC(611)   Post Evacuate Collection Set: 2.7ms
[2022-05-03T01:01:50.783+0000][2021.697s] GC(611)   Other: 1.0ms
[2022-05-03T01:01:50.783+0000][2021.698s] GC(611) Eden regions: 288->0(290)
[2022-05-03T01:01:50.784+0000][2021.698s] GC(611) Survivor regions: 19->17(39)
[2022-05-03T01:01:50.784+0000][2021.698s] GC(611) Old regions: 68->68
[2022-05-03T01:01:50.784+0000][2021.699s] GC(611) Humongous regions: 7->7
[2022-05-03T01:01:50.785+0000][2021.699s] GC(611) Metaspace: 57704K->57704K(1101824K)
[2022-05-03T01:01:50.785+0000][2021.699s] GC(611) Pause Young (Normal) (G1 Evacuation Pause) 380M->89M(512M) 10.061ms
[2022-05-03T01:01:50.785+0000][2021.700s] GC(611) User=0.04s Sys=0.01s Real=0.01s
[2022-05-03T01:01:52.904+0000][2023.818s] GC(612) Pause Young (Normal) (G1 Evacuation Pause)
[2022-05-03T01:01:52.904+0000][2023.818s] GC(612) Using 8 workers of 8 for evacuation
[2022-05-03T01:01:52.909+0000][2023.823s] GC(612)   Pre Evacuate Collection Set: 0.0ms
[2022-05-03T01:01:52.909+0000][2023.824s] GC(612)   Evacuate Collection Set: 2.7ms
[2022-05-03T01:01:52.910+0000][2023.824s] GC(612)   Post Evacuate Collection Set: 1.6ms
[2022-05-03T01:01:52.910+0000][2023.824s] GC(612)   Other: 0.9ms
[2022-05-03T01:01:52.911+0000][2023.825s] GC(612) Eden regions: 290->0(293)
[2022-05-03T01:01:52.911+0000][2023.825s] GC(612) Survivor regions: 17->14(39)
[2022-05-03T01:01:52.911+0000][2023.826s] GC(612) Old regions: 68->68
[2022-05-03T01:01:52.912+0000][2023.826s] GC(612) Humongous regions: 7->7
[2022-05-03T01:01:52.912+0000][2023.826s] GC(612) Metaspace: 57704K->57704K(1101824K)
[2022-05-03T01:01:52.912+0000][2023.827s] GC(612) Pause Young (Normal) (G1 Evacuation Pause) 379M->87M(512M) 8.761ms
[2022-05-03T01:01:52.913+0000][2023.827s] GC(612) User=0.03s Sys=0.00s Real=0.01s
[2022-05-03T01:01:54.937+0000][2025.851s] GC(613) Pause Young (Normal) (G1 Evacuation Pause)
[2022-05-03T01:01:54.937+0000][2025.851s] GC(613) Using 8 workers of 8 for evacuation
[2022-05-03T01:01:54.944+0000][2025.858s] GC(613)   Pre Evacuate Collection Set: 0.0ms
[2022-05-03T01:01:54.944+0000][2025.858s] GC(613)   Evacuate Collection Set: 2.7ms
[2022-05-03T01:01:54.945+0000][2025.859s] GC(613)   Post Evacuate Collection Set: 3.8ms
[2022-05-03T01:01:54.945+0000][2025.859s] GC(613)   Other: 0.9ms
[2022-05-03T01:01:54.945+0000][2025.859s] GC(613) Eden regions: 293->0(289)
[2022-05-03T01:01:54.946+0000][2025.860s] GC(613) Survivor regions: 14->18(39)
[2022-05-03T01:01:54.946+0000][2025.860s] GC(613) Old regions: 68->68
[2022-05-03T01:01:54.946+0000][2025.860s] GC(613) Humongous regions: 7->7
[2022-05-03T01:01:54.946+0000][2025.861s] GC(613) Metaspace: 57704K->57704K(1101824K)
[2022-05-03T01:01:54.947+0000][2025.861s] GC(613) Pause Young (Normal) (G1 Evacuation Pause) 380M->90M(512M) 10.267ms
[2022-05-03T01:01:54.947+0000][2025.861s] GC(613) User=0.04s Sys=0.01s Real=0.01s
[2022-05-03T01:01:57.277+0000][2028.191s] GC(614) Pause Young (Normal) (G1 Evacuation Pause)
[2022-05-03T01:01:57.277+0000][2028.191s] GC(614) Using 8 workers of 8 for evacuation
[2022-05-03T01:01:57.287+0000][2028.201s] GC(614)   Pre Evacuate Collection Set: 0.0ms
[2022-05-03T01:01:57.287+0000][2028.201s] GC(614)   Evacuate Collection Set: 3.9ms
[2022-05-03T01:01:57.287+0000][2028.201s] GC(614)   Post Evacuate Collection Set: 5.0ms
[2022-05-03T01:01:57.288+0000][2028.202s] GC(614)   Other: 0.9ms
[2022-05-03T01:01:57.288+0000][2028.202s] GC(614) Eden regions: 289->0(288)
[2022-05-03T01:01:57.288+0000][2028.202s] GC(614) Survivor regions: 18->19(39)
[2022-05-03T01:01:57.288+0000][2028.203s] GC(614) Old regions: 68->68
[2022-05-03T01:01:57.289+0000][2028.203s] GC(614) Humongous regions: 7->7
[2022-05-03T01:01:57.289+0000][2028.203s] GC(614) Metaspace: 57704K->57704K(1101824K)
[2022-05-03T01:01:57.289+0000][2028.203s] GC(614) Pause Young (Normal) (G1 Evacuation Pause) 379M->92M(512M) 12.138ms
[2022-05-03T01:01:57.289+0000][2028.203s] GC(614) User=0.05s Sys=0.00s Real=0.01s
[2022-05-03T01:01:59.616+0000][2030.531s] GC(615) Pause Young (Normal) (G1 Evacuation Pause)
[2022-05-03T01:01:59.617+0000][2030.531s] GC(615) Using 8 workers of 8 for evacuation
[2022-05-03T01:01:59.624+0000][2030.538s] GC(615)   Pre Evacuate Collection Set: 0.0ms
[2022-05-03T01:01:59.624+0000][2030.538s] GC(615)   Evacuate Collection Set: 4.4ms
[2022-05-03T01:01:59.625+0000][2030.539s] GC(615)   Post Evacuate Collection Set: 1.9ms
[2022-05-03T01:01:59.625+0000][2030.539s] GC(615)   Other: 0.9ms
[2022-05-03T01:01:59.625+0000][2030.540s] GC(615) Eden regions: 288->0(290)
[2022-05-03T01:01:59.626+0000][2030.540s] GC(615) Survivor regions: 19->17(39)
[2022-05-03T01:01:59.626+0000][2030.540s] GC(615) Old regions: 68->68
[2022-05-03T01:01:59.627+0000][2030.541s] GC(615) Humongous regions: 7->7
[2022-05-03T01:01:59.627+0000][2030.541s] GC(615) Metaspace: 57704K->57704K(1101824K)
[2022-05-03T01:01:59.627+0000][2030.542s] GC(615) Pause Young (Normal) (G1 Evacuation Pause) 380M->90M(512M) 11.048ms
[2022-05-03T01:01:59.628+0000][2030.542s] GC(615) User=0.04s Sys=0.00s Real=0.01s
[2022-05-03T01:02:01.349+0000][2032.263s] GC(616) Pause Young (Normal) (G1 Evacuation Pause)
[2022-05-03T01:02:01.350+0000][2032.264s] GC(616) Using 8 workers of 8 for evacuation
[2022-05-03T01:02:01.357+0000][2032.271s] GC(616)   Pre Evacuate Collection Set: 0.0ms
[2022-05-03T01:02:01.357+0000][2032.271s] GC(616)   Evacuate Collection Set: 4.3ms
[2022-05-03T01:02:01.357+0000][2032.271s] GC(616)   Post Evacuate Collection Set: 2.2ms
[2022-05-03T01:02:01.357+0000][2032.272s] GC(616)   Other: 0.8ms
[2022-05-03T01:02:01.358+0000][2032.272s] GC(616) Eden regions: 290->0(289)
[2022-05-03T01:02:01.358+0000][2032.272s] GC(616) Survivor regions: 17->18(39)
[2022-05-03T01:02:01.358+0000][2032.273s] GC(616) Old regions: 68->68
[2022-05-03T01:02:01.359+0000][2032.273s] GC(616) Humongous regions: 7->7
[2022-05-03T01:02:01.359+0000][2032.273s] GC(616) Metaspace: 57704K->57704K(1101824K)
[2022-05-03T01:02:01.359+0000][2032.273s] GC(616) Pause Young (Normal) (G1 Evacuation Pause) 380M->91M(512M) 10.136ms
[2022-05-03T01:02:01.360+0000][2032.274s] GC(616) User=0.05s Sys=0.00s Real=0.01s
[2022-05-03T01:02:03.779+0000][2034.693s] GC(617) Pause Young (Normal) (G1 Evacuation Pause)
[2022-05-03T01:02:03.780+0000][2034.694s] GC(617) Using 8 workers of 8 for evacuation
[2022-05-03T01:02:03.789+0000][2034.703s] GC(617)   Pre Evacuate Collection Set: 0.0ms
[2022-05-03T01:02:03.790+0000][2034.704s] GC(617)   Evacuate Collection Set: 2.5ms
[2022-05-03T01:02:03.790+0000][2034.704s] GC(617)   Post Evacuate Collection Set: 6.6ms
[2022-05-03T01:02:03.791+0000][2034.705s] GC(617)   Other: 0.8ms
[2022-05-03T01:02:03.791+0000][2034.705s] GC(617) Eden regions: 289->0(290)
[2022-05-03T01:02:03.791+0000][2034.705s] GC(617) Survivor regions: 18->17(39)
[2022-05-03T01:02:03.792+0000][2034.706s] GC(617) Old regions: 68->68
[2022-05-03T01:02:03.792+0000][2034.706s] GC(617) Humongous regions: 7->7
[2022-05-03T01:02:03.792+0000][2034.706s] GC(617) Metaspace: 57704K->57704K(1101824K)
[2022-05-03T01:02:03.793+0000][2034.707s] GC(617) Pause Young (Normal) (G1 Evacuation Pause) 380M->90M(512M) 13.227ms
[2022-05-03T01:02:03.793+0000][2034.707s] GC(617) User=0.07s Sys=0.00s Real=0.01s
[2022-05-03T01:02:06.294+0000][2037.208s] GC(618) Pause Young (Normal) (G1 Evacuation Pause)
[2022-05-03T01:02:06.294+0000][2037.208s] GC(618) Using 8 workers of 8 for evacuation
[2022-05-03T01:02:06.305+0000][2037.219s] GC(618)   Pre Evacuate Collection Set: 0.0ms
[2022-05-03T01:02:06.305+0000][2037.219s] GC(618)   Evacuate Collection Set: 5.6ms
[2022-05-03T01:02:06.306+0000][2037.220s] GC(618)   Post Evacuate Collection Set: 4.1ms
[2022-05-03T01:02:06.306+0000][2037.221s] GC(618)   Other: 1.3ms
[2022-05-03T01:02:06.307+0000][2037.221s] GC(618) Eden regions: 290->0(288)
[2022-05-03T01:02:06.307+0000][2037.222s] GC(618) Survivor regions: 17->19(39)
[2022-05-03T01:02:06.308+0000][2037.222s] GC(618) Old regions: 68->68
[2022-05-03T01:02:06.308+0000][2037.223s] GC(618) Humongous regions: 7->7
[2022-05-03T01:02:06.309+0000][2037.223s] GC(618) Metaspace: 57704K->57704K(1101824K)
[2022-05-03T01:02:06.309+0000][2037.224s] GC(618) Pause Young (Normal) (G1 Evacuation Pause) 380M->92M(512M) 15.701ms
[2022-05-03T01:02:06.310+0000][2037.224s] GC(618) User=0.05s Sys=0.02s Real=0.02s
[2022-05-03T01:02:08.966+0000][2039.880s] GC(619) Pause Young (Normal) (G1 Evacuation Pause)
[2022-05-03T01:02:08.967+0000][2039.881s] GC(619) Using 8 workers of 8 for evacuation
[2022-05-03T01:02:08.973+0000][2039.887s] GC(619)   Pre Evacuate Collection Set: 0.0ms
[2022-05-03T01:02:08.974+0000][2039.888s] GC(619)   Evacuate Collection Set: 4.0ms
[2022-05-03T01:02:08.974+0000][2039.888s] GC(619)   Post Evacuate Collection Set: 2.1ms
[2022-05-03T01:02:08.974+0000][2039.888s] GC(619)   Other: 0.9ms
[2022-05-03T01:02:08.975+0000][2039.889s] GC(619) Eden regions: 288->0(291)
[2022-05-03T01:02:08.975+0000][2039.889s] GC(619) Survivor regions: 19->16(39)
[2022-05-03T01:02:08.976+0000][2039.890s] GC(619) Old regions: 68->68
[2022-05-03T01:02:08.976+0000][2039.890s] GC(619) Humongous regions: 7->7
[2022-05-03T01:02:08.976+0000][2039.890s] GC(619) Metaspace: 57704K->57704K(1101824K)
[2022-05-03T01:02:08.977+0000][2039.891s] GC(619) Pause Young (Normal) (G1 Evacuation Pause) 380M->89M(512M) 10.282ms
[2022-05-03T01:02:08.977+0000][2039.891s] GC(619) User=0.04s Sys=0.01s Real=0.01s
[2022-05-03T01:02:10.687+0000][2041.601s] GC(620) Pause Young (Normal) (G1 Evacuation Pause)
[2022-05-03T01:02:10.687+0000][2041.601s] GC(620) Using 8 workers of 8 for evacuation
[2022-05-03T01:02:10.693+0000][2041.607s] GC(620)   Pre Evacuate Collection Set: 0.0ms
[2022-05-03T01:02:10.693+0000][2041.607s] GC(620)   Evacuate Collection Set: 2.3ms
[2022-05-03T01:02:10.694+0000][2041.608s] GC(620)   Post Evacuate Collection Set: 2.7ms
[2022-05-03T01:02:10.694+0000][2041.608s] GC(620)   Other: 0.8ms
[2022-05-03T01:02:10.694+0000][2041.608s] GC(620) Eden regions: 291->0(290)
[2022-05-03T01:02:10.694+0000][2041.609s] GC(620) Survivor regions: 16->17(39)
[2022-05-03T01:02:10.695+0000][2041.609s] GC(620) Old regions: 68->68
[2022-05-03T01:02:10.695+0000][2041.609s] GC(620) Humongous regions: 7->7
[2022-05-03T01:02:10.695+0000][2041.610s] GC(620) Metaspace: 57704K->57704K(1101824K)
[2022-05-03T01:02:10.696+0000][2041.610s] GC(620) Pause Young (Normal) (G1 Evacuation Pause) 380M->90M(512M) 8.859ms
[2022-05-03T01:02:10.696+0000][2041.610s] GC(620) User=0.03s Sys=0.00s Real=0.01s
[2022-05-03T01:02:13.061+0000][2043.975s] GC(621) Pause Young (Normal) (G1 Evacuation Pause)
[2022-05-03T01:02:13.061+0000][2043.975s] GC(621) Using 8 workers of 8 for evacuation
[2022-05-03T01:02:13.067+0000][2043.981s] GC(621)   Pre Evacuate Collection Set: 0.0ms
[2022-05-03T01:02:13.068+0000][2043.982s] GC(621)   Evacuate Collection Set: 2.8ms
[2022-05-03T01:02:13.068+0000][2043.982s] GC(621)   Post Evacuate Collection Set: 2.8ms
[2022-05-03T01:02:13.068+0000][2043.982s] GC(621)   Other: 0.8ms
[2022-05-03T01:02:13.069+0000][2043.983s] GC(621) Eden regions: 290->0(290)
[2022-05-03T01:02:13.069+0000][2043.983s] GC(621) Survivor regions: 17->17(39)
[2022-05-03T01:02:13.069+0000][2043.983s] GC(621) Old regions: 68->68
[2022-05-03T01:02:13.070+0000][2043.984s] GC(621) Humongous regions: 7->7
[2022-05-03T01:02:13.070+0000][2043.984s] GC(621) Metaspace: 57704K->57704K(1101824K)
[2022-05-03T01:02:13.070+0000][2043.984s] GC(621) Pause Young (Normal) (G1 Evacuation Pause) 380M->89M(512M) 9.312ms
[2022-05-03T01:02:13.070+0000][2043.985s] GC(621) User=0.04s Sys=0.00s Real=0.01s
[2022-05-03T01:02:15.319+0000][2046.233s] GC(622) Pause Young (Normal) (G1 Evacuation Pause)
[2022-05-03T01:02:15.319+0000][2046.233s] GC(622) Using 8 workers of 8 for evacuation
[2022-05-03T01:02:15.326+0000][2046.240s] GC(622)   Pre Evacuate Collection Set: 0.0ms
[2022-05-03T01:02:15.326+0000][2046.240s] GC(622)   Evacuate Collection Set: 3.2ms
[2022-05-03T01:02:15.327+0000][2046.241s] GC(622)   Post Evacuate Collection Set: 2.7ms
[2022-05-03T01:02:15.327+0000][2046.241s] GC(622)   Other: 0.9ms
[2022-05-03T01:02:15.327+0000][2046.242s] GC(622) Eden regions: 290->0(289)
[2022-05-03T01:02:15.328+0000][2046.242s] GC(622) Survivor regions: 17->18(39)
[2022-05-03T01:02:15.328+0000][2046.242s] GC(622) Old regions: 68->69
[2022-05-03T01:02:15.329+0000][2046.243s] GC(622) Humongous regions: 7->7
[2022-05-03T01:02:15.329+0000][2046.243s] GC(622) Metaspace: 57706K->57706K(1101824K)
[2022-05-03T01:02:15.329+0000][2046.244s] GC(622) Pause Young (Normal) (G1 Evacuation Pause) 379M->91M(512M) 10.424ms
[2022-05-03T01:02:15.330+0000][2046.244s] GC(622) User=0.04s Sys=0.00s Real=0.01s
[2022-05-03T01:02:17.261+0000][2048.175s] GC(623) Pause Young (Normal) (G1 Evacuation Pause)
[2022-05-03T01:02:17.261+0000][2048.175s] GC(623) Using 8 workers of 8 for evacuation
[2022-05-03T01:02:17.272+0000][2048.186s] GC(623)   Pre Evacuate Collection Set: 0.0ms
[2022-05-03T01:02:17.273+0000][2048.187s] GC(623)   Evacuate Collection Set: 8.3ms
[2022-05-03T01:02:17.273+0000][2048.187s] GC(623)   Post Evacuate Collection Set: 2.7ms
[2022-05-03T01:02:17.273+0000][2048.187s] GC(623)   Other: 0.5ms
[2022-05-03T01:02:17.273+0000][2048.187s] GC(623) Eden regions: 289->0(292)
[2022-05-03T01:02:17.273+0000][2048.188s] GC(623) Survivor regions: 18->15(39)
[2022-05-03T01:02:17.274+0000][2048.188s] GC(623) Old regions: 69->69
[2022-05-03T01:02:17.274+0000][2048.188s] GC(623) Humongous regions: 7->7
[2022-05-03T01:02:17.274+0000][2048.188s] GC(623) Metaspace: 57706K->57706K(1101824K)
[2022-05-03T01:02:17.274+0000][2048.188s] GC(623) Pause Young (Normal) (G1 Evacuation Pause) 380M->88M(512M) 13.585ms
[2022-05-03T01:02:17.274+0000][2048.189s] GC(623) User=0.07s Sys=0.01s Real=0.02s
[2022-05-03T01:02:19.282+0000][2050.196s] GC(624) Pause Young (Normal) (G1 Evacuation Pause)
[2022-05-03T01:02:19.282+0000][2050.196s] GC(624) Using 8 workers of 8 for evacuation
[2022-05-03T01:02:19.298+0000][2050.212s] GC(624)   Pre Evacuate Collection Set: 0.0ms
[2022-05-03T01:02:19.299+0000][2050.213s] GC(624)   Evacuate Collection Set: 8.7ms
[2022-05-03T01:02:19.299+0000][2050.213s] GC(624)   Post Evacuate Collection Set: 6.8ms
[2022-05-03T01:02:19.299+0000][2050.213s] GC(624)   Other: 0.8ms
[2022-05-03T01:02:19.300+0000][2050.214s] GC(624) Eden regions: 292->0(287)
[2022-05-03T01:02:19.300+0000][2050.214s] GC(624) Survivor regions: 15->20(39)
[2022-05-03T01:02:19.300+0000][2050.214s] GC(624) Old regions: 69->69
[2022-05-03T01:02:19.300+0000][2050.215s] GC(624) Humongous regions: 7->7
[2022-05-03T01:02:19.301+0000][2050.215s] GC(624) Metaspace: 57706K->57706K(1101824K)
[2022-05-03T01:02:19.301+0000][2050.215s] GC(624) Pause Young (Normal) (G1 Evacuation Pause) 380M->93M(512M) 19.042ms
[2022-05-03T01:02:19.301+0000][2050.215s] GC(624) User=0.12s Sys=0.00s Real=0.02s
[2022-05-03T01:02:21.583+0000][2052.497s] GC(625) Pause Young (Normal) (G1 Evacuation Pause)
[2022-05-03T01:02:21.584+0000][2052.498s] GC(625) Using 8 workers of 8 for evacuation
[2022-05-03T01:02:21.591+0000][2052.505s] GC(625)   Pre Evacuate Collection Set: 0.0ms
[2022-05-03T01:02:21.591+0000][2052.505s] GC(625)   Evacuate Collection Set: 3.6ms
[2022-05-03T01:02:21.591+0000][2052.506s] GC(625)   Post Evacuate Collection Set: 2.7ms
[2022-05-03T01:02:21.592+0000][2052.506s] GC(625)   Other: 1.0ms
[2022-05-03T01:02:21.592+0000][2052.506s] GC(625) Eden regions: 287->0(287)
[2022-05-03T01:02:21.593+0000][2052.507s] GC(625) Survivor regions: 20->20(39)
[2022-05-03T01:02:21.593+0000][2052.507s] GC(625) Old regions: 69->69
[2022-05-03T01:02:21.593+0000][2052.507s] GC(625) Humongous regions: 7->7
[2022-05-03T01:02:21.594+0000][2052.508s] GC(625) Metaspace: 57706K->57706K(1101824K)
[2022-05-03T01:02:21.594+0000][2052.508s] GC(625) Pause Young (Normal) (G1 Evacuation Pause) 380M->93M(512M) 10.548ms
[2022-05-03T01:02:21.594+0000][2052.508s] GC(625) User=0.03s Sys=0.02s Real=0.02s
[2022-05-03T01:02:23.826+0000][2054.740s] GC(626) Pause Young (Normal) (G1 Evacuation Pause)
[2022-05-03T01:02:23.826+0000][2054.740s] GC(626) Using 8 workers of 8 for evacuation
[2022-05-03T01:02:23.832+0000][2054.746s] GC(626)   Pre Evacuate Collection Set: 0.0ms
[2022-05-03T01:02:23.833+0000][2054.747s] GC(626)   Evacuate Collection Set: 3.0ms
[2022-05-03T01:02:23.833+0000][2054.747s] GC(626)   Post Evacuate Collection Set: 2.8ms
[2022-05-03T01:02:23.833+0000][2054.747s] GC(626)   Other: 0.7ms
[2022-05-03T01:02:23.834+0000][2054.748s] GC(626) Eden regions: 287->0(289)
[2022-05-03T01:02:23.834+0000][2054.748s] GC(626) Survivor regions: 20->18(39)
[2022-05-03T01:02:23.834+0000][2054.748s] GC(626) Old regions: 69->69
[2022-05-03T01:02:23.835+0000][2054.749s] GC(626) Humongous regions: 7->7
[2022-05-03T01:02:23.835+0000][2054.749s] GC(626) Metaspace: 57706K->57706K(1101824K)
[2022-05-03T01:02:23.835+0000][2054.749s] GC(626) Pause Young (Normal) (G1 Evacuation Pause) 380M->91M(512M) 9.708ms
[2022-05-03T01:02:23.835+0000][2054.750s] GC(626) User=0.04s Sys=0.00s Real=0.01s
[2022-05-03T01:02:25.787+0000][2056.701s] GC(627) Pause Young (Normal) (G1 Evacuation Pause)
[2022-05-03T01:02:25.787+0000][2056.701s] GC(627) Using 8 workers of 8 for evacuation
[2022-05-03T01:02:25.810+0000][2056.724s] GC(627)   Pre Evacuate Collection Set: 0.0ms
[2022-05-03T01:02:25.810+0000][2056.724s] GC(627)   Evacuate Collection Set: 14.2ms
[2022-05-03T01:02:25.810+0000][2056.724s] GC(627)   Post Evacuate Collection Set: 7.9ms
[2022-05-03T01:02:25.811+0000][2056.725s] GC(627)   Other: 1.0ms
[2022-05-03T01:02:25.811+0000][2056.725s] GC(627) Eden regions: 289->0(293)
[2022-05-03T01:02:25.811+0000][2056.725s] GC(627) Survivor regions: 18->14(39)
[2022-05-03T01:02:25.812+0000][2056.726s] GC(627) Old regions: 69->69
[2022-05-03T01:02:25.812+0000][2056.726s] GC(627) Humongous regions: 7->7
[2022-05-03T01:02:25.812+0000][2056.727s] GC(627) Metaspace: 57706K->57706K(1101824K)
[2022-05-03T01:02:25.813+0000][2056.727s] GC(627) Pause Young (Normal) (G1 Evacuation Pause) 380M->87M(512M) 26.251ms
[2022-05-03T01:02:25.813+0000][2056.727s] GC(627) User=0.16s Sys=0.00s Real=0.02s
[2022-05-03T01:02:27.870+0000][2058.784s] GC(628) Pause Young (Normal) (G1 Evacuation Pause)
[2022-05-03T01:02:27.871+0000][2058.785s] GC(628) Using 8 workers of 8 for evacuation
[2022-05-03T01:02:27.877+0000][2058.791s] GC(628)   Pre Evacuate Collection Set: 0.0ms
[2022-05-03T01:02:27.877+0000][2058.792s] GC(628)   Evacuate Collection Set: 3.3ms
[2022-05-03T01:02:27.878+0000][2058.792s] GC(628)   Post Evacuate Collection Set: 2.6ms
[2022-05-03T01:02:27.878+0000][2058.792s] GC(628)   Other: 0.9ms
[2022-05-03T01:02:27.879+0000][2058.793s] GC(628) Eden regions: 293->0(287)
[2022-05-03T01:02:27.879+0000][2058.793s] GC(628) Survivor regions: 14->20(39)
[2022-05-03T01:02:27.879+0000][2058.793s] GC(628) Old regions: 69->69
[2022-05-03T01:02:27.880+0000][2058.794s] GC(628) Humongous regions: 7->7
[2022-05-03T01:02:27.880+0000][2058.794s] GC(628) Metaspace: 57706K->57706K(1101824K)
[2022-05-03T01:02:27.880+0000][2058.794s] GC(628) Pause Young (Normal) (G1 Evacuation Pause) 380M->93M(512M) 9.921ms
[2022-05-03T01:02:27.881+0000][2058.795s] GC(628) User=0.04s Sys=0.00s Real=0.01s
[2022-05-03T01:02:30.126+0000][2061.041s] GC(629) Pause Young (Normal) (G1 Evacuation Pause)
[2022-05-03T01:02:30.127+0000][2061.041s] GC(629) Using 8 workers of 8 for evacuation
[2022-05-03T01:02:30.134+0000][2061.048s] GC(629)   Pre Evacuate Collection Set: 0.0ms
[2022-05-03T01:02:30.134+0000][2061.048s] GC(629)   Evacuate Collection Set: 3.4ms
[2022-05-03T01:02:30.134+0000][2061.048s] GC(629)   Post Evacuate Collection Set: 2.6ms
[2022-05-03T01:02:30.135+0000][2061.049s] GC(629)   Other: 1.1ms
[2022-05-03T01:02:30.135+0000][2061.049s] GC(629) Eden regions: 287->0(289)
[2022-05-03T01:02:30.136+0000][2061.050s] GC(629) Survivor regions: 20->18(39)
[2022-05-03T01:02:30.136+0000][2061.050s] GC(629) Old regions: 69->69
[2022-05-03T01:02:30.136+0000][2061.050s] GC(629) Humongous regions: 7->7
[2022-05-03T01:02:30.137+0000][2061.051s] GC(629) Metaspace: 57706K->57706K(1101824K)
[2022-05-03T01:02:30.137+0000][2061.051s] GC(629) Pause Young (Normal) (G1 Evacuation Pause) 380M->91M(512M) 10.389ms
[2022-05-03T01:02:30.137+0000][2061.051s] GC(629) User=0.04s Sys=0.01s Real=0.01s
[2022-05-03T01:02:32.288+0000][2063.202s] GC(630) Pause Young (Normal) (G1 Evacuation Pause)
[2022-05-03T01:02:32.288+0000][2063.202s] GC(630) Using 8 workers of 8 for evacuation
[2022-05-03T01:02:32.298+0000][2063.212s] GC(630)   Pre Evacuate Collection Set: 0.0ms
[2022-05-03T01:02:32.299+0000][2063.213s] GC(630)   Evacuate Collection Set: 6.5ms
[2022-05-03T01:02:32.299+0000][2063.213s] GC(630)   Post Evacuate Collection Set: 3.2ms
[2022-05-03T01:02:32.299+0000][2063.214s] GC(630)   Other: 1.0ms
[2022-05-03T01:02:32.300+0000][2063.214s] GC(630) Eden regions: 289->0(290)
[2022-05-03T01:02:32.300+0000][2063.214s] GC(630) Survivor regions: 18->17(39)
[2022-05-03T01:02:32.301+0000][2063.215s] GC(630) Old regions: 69->69
[2022-05-03T01:02:32.301+0000][2063.215s] GC(630) Humongous regions: 7->7
[2022-05-03T01:02:32.301+0000][2063.215s] GC(630) Metaspace: 57706K->57706K(1101824K)
[2022-05-03T01:02:32.301+0000][2063.216s] GC(630) Pause Young (Normal) (G1 Evacuation Pause) 380M->90M(512M) 13.831ms
[2022-05-03T01:02:32.302+0000][2063.216s] GC(630) User=0.07s Sys=0.00s Real=0.01s
[2022-05-03T01:02:34.101+0000][2065.015s] GC(631) Pause Young (Normal) (G1 Evacuation Pause)
[2022-05-03T01:02:34.101+0000][2065.015s] GC(631) Using 8 workers of 8 for evacuation
[2022-05-03T01:02:34.107+0000][2065.021s] GC(631)   Pre Evacuate Collection Set: 0.0ms
[2022-05-03T01:02:34.108+0000][2065.022s] GC(631)   Evacuate Collection Set: 3.3ms
[2022-05-03T01:02:34.108+0000][2065.022s] GC(631)   Post Evacuate Collection Set: 2.4ms
[2022-05-03T01:02:34.108+0000][2065.022s] GC(631)   Other: 0.9ms
[2022-05-03T01:02:34.109+0000][2065.023s] GC(631) Eden regions: 290->0(287)
[2022-05-03T01:02:34.109+0000][2065.023s] GC(631) Survivor regions: 17->20(39)
[2022-05-03T01:02:34.109+0000][2065.023s] GC(631) Old regions: 69->69
[2022-05-03T01:02:34.110+0000][2065.024s] GC(631) Humongous regions: 7->7
[2022-05-03T01:02:34.110+0000][2065.024s] GC(631) Metaspace: 57706K->57706K(1101824K)
[2022-05-03T01:02:34.110+0000][2065.024s] GC(631) Pause Young (Normal) (G1 Evacuation Pause) 380M->93M(512M) 9.247ms
[2022-05-03T01:02:34.110+0000][2065.024s] GC(631) User=0.04s Sys=0.00s Real=0.01s
[2022-05-03T01:02:36.227+0000][2067.142s] GC(632) Pause Young (Normal) (G1 Evacuation Pause)
[2022-05-03T01:02:36.228+0000][2067.142s] GC(632) Using 8 workers of 8 for evacuation
[2022-05-03T01:02:36.234+0000][2067.148s] GC(632)   Pre Evacuate Collection Set: 0.0ms
[2022-05-03T01:02:36.234+0000][2067.148s] GC(632)   Evacuate Collection Set: 2.6ms
[2022-05-03T01:02:36.235+0000][2067.149s] GC(632)   Post Evacuate Collection Set: 2.8ms
[2022-05-03T01:02:36.235+0000][2067.149s] GC(632)   Other: 0.9ms
[2022-05-03T01:02:36.235+0000][2067.150s] GC(632) Eden regions: 287->0(289)
[2022-05-03T01:02:36.236+0000][2067.150s] GC(632) Survivor regions: 20->18(39)
[2022-05-03T01:02:36.236+0000][2067.150s] GC(632) Old regions: 69->69
[2022-05-03T01:02:36.236+0000][2067.151s] GC(632) Humongous regions: 7->7
[2022-05-03T01:02:36.237+0000][2067.151s] GC(632) Metaspace: 57706K->57706K(1101824K)
[2022-05-03T01:02:36.237+0000][2067.151s] GC(632) Pause Young (Normal) (G1 Evacuation Pause) 380M->91M(512M) 9.552ms
[2022-05-03T01:02:36.237+0000][2067.151s] GC(632) User=0.04s Sys=0.00s Real=0.01s
[2022-05-03T01:02:38.508+0000][2069.422s] GC(633) Pause Young (Normal) (G1 Evacuation Pause)
[2022-05-03T01:02:38.508+0000][2069.422s] GC(633) Using 8 workers of 8 for evacuation
[2022-05-03T01:02:38.514+0000][2069.428s] GC(633)   Pre Evacuate Collection Set: 0.0ms
[2022-05-03T01:02:38.514+0000][2069.429s] GC(633)   Evacuate Collection Set: 3.2ms
[2022-05-03T01:02:38.515+0000][2069.429s] GC(633)   Post Evacuate Collection Set: 2.4ms
[2022-05-03T01:02:38.515+0000][2069.429s] GC(633)   Other: 0.9ms
[2022-05-03T01:02:38.516+0000][2069.430s] GC(633) Eden regions: 289->0(289)
[2022-05-03T01:02:38.516+0000][2069.430s] GC(633) Survivor regions: 18->18(39)
[2022-05-03T01:02:38.516+0000][2069.430s] GC(633) Old regions: 69->69
[2022-05-03T01:02:38.517+0000][2069.431s] GC(633) Humongous regions: 7->7
[2022-05-03T01:02:38.517+0000][2069.431s] GC(633) Metaspace: 57706K->57706K(1101824K)
[2022-05-03T01:02:38.517+0000][2069.431s] GC(633) Pause Young (Normal) (G1 Evacuation Pause) 380M->91M(512M) 9.810ms
[2022-05-03T01:02:38.518+0000][2069.432s] GC(633) User=0.04s Sys=0.01s Real=0.01s
[2022-05-03T01:02:40.391+0000][2071.305s] GC(634) Pause Young (Normal) (G1 Evacuation Pause)
[2022-05-03T01:02:40.391+0000][2071.305s] GC(634) Using 8 workers of 8 for evacuation
[2022-05-03T01:02:40.396+0000][2071.310s] GC(634)   Pre Evacuate Collection Set: 0.0ms
[2022-05-03T01:02:40.397+0000][2071.311s] GC(634)   Evacuate Collection Set: 2.7ms
[2022-05-03T01:02:40.397+0000][2071.311s] GC(634)   Post Evacuate Collection Set: 1.7ms
[2022-05-03T01:02:40.398+0000][2071.312s] GC(634)   Other: 0.9ms
[2022-05-03T01:02:40.398+0000][2071.312s] GC(634) Eden regions: 289->0(292)
[2022-05-03T01:02:40.398+0000][2071.312s] GC(634) Survivor regions: 18->15(39)
[2022-05-03T01:02:40.399+0000][2071.313s] GC(634) Old regions: 69->69
[2022-05-03T01:02:40.399+0000][2071.313s] GC(634) Humongous regions: 7->7
[2022-05-03T01:02:40.399+0000][2071.313s] GC(634) Metaspace: 57706K->57706K(1101824K)
[2022-05-03T01:02:40.400+0000][2071.314s] GC(634) Pause Young (Normal) (G1 Evacuation Pause) 380M->88M(512M) 8.636ms
[2022-05-03T01:02:40.400+0000][2071.314s] GC(634) User=0.03s Sys=0.00s Real=0.01s
[2022-05-03T01:02:42.524+0000][2073.438s] GC(635) Pause Young (Normal) (G1 Evacuation Pause)
[2022-05-03T01:02:42.524+0000][2073.438s] GC(635) Using 8 workers of 8 for evacuation
[2022-05-03T01:02:42.530+0000][2073.444s] GC(635)   Pre Evacuate Collection Set: 0.0ms
[2022-05-03T01:02:42.531+0000][2073.445s] GC(635)   Evacuate Collection Set: 3.4ms
[2022-05-03T01:02:42.531+0000][2073.445s] GC(635)   Post Evacuate Collection Set: 2.4ms
[2022-05-03T01:02:42.531+0000][2073.446s] GC(635)   Other: 0.9ms
[2022-05-03T01:02:42.532+0000][2073.446s] GC(635) Eden regions: 292->0(287)
[2022-05-03T01:02:42.532+0000][2073.446s] GC(635) Survivor regions: 15->20(39)
[2022-05-03T01:02:42.533+0000][2073.447s] GC(635) Old regions: 69->69
[2022-05-03T01:02:42.533+0000][2073.447s] GC(635) Humongous regions: 7->7
[2022-05-03T01:02:42.533+0000][2073.447s] GC(635) Metaspace: 57706K->57706K(1101824K)
[2022-05-03T01:02:42.534+0000][2073.448s] GC(635) Pause Young (Normal) (G1 Evacuation Pause) 380M->93M(512M) 9.987ms
[2022-05-03T01:02:42.534+0000][2073.448s] GC(635) User=0.04s Sys=0.00s Real=0.01s
[2022-05-03T01:02:44.755+0000][2075.669s] GC(636) Pause Young (Normal) (G1 Evacuation Pause)
[2022-05-03T01:02:44.755+0000][2075.670s] GC(636) Using 8 workers of 8 for evacuation
[2022-05-03T01:02:44.772+0000][2075.686s] GC(636)   Pre Evacuate Collection Set: 0.0ms
[2022-05-03T01:02:44.773+0000][2075.687s] GC(636)   Evacuate Collection Set: 8.6ms
[2022-05-03T01:02:44.773+0000][2075.687s] GC(636)   Post Evacuate Collection Set: 7.8ms
[2022-05-03T01:02:44.773+0000][2075.687s] GC(636)   Other: 0.7ms
[2022-05-03T01:02:44.773+0000][2075.687s] GC(636) Eden regions: 287->0(288)
[2022-05-03T01:02:44.773+0000][2075.688s] GC(636) Survivor regions: 20->19(39)
[2022-05-03T01:02:44.774+0000][2075.688s] GC(636) Old regions: 69->69
[2022-05-03T01:02:44.774+0000][2075.688s] GC(636) Humongous regions: 7->7
[2022-05-03T01:02:44.774+0000][2075.688s] GC(636) Metaspace: 57706K->57706K(1101824K)
[2022-05-03T01:02:44.774+0000][2075.688s] GC(636) Pause Young (Normal) (G1 Evacuation Pause) 380M->93M(512M) 19.118ms
[2022-05-03T01:02:44.774+0000][2075.689s] GC(636) User=0.12s Sys=0.00s Real=0.02s
[2022-05-03T01:02:47.025+0000][2077.939s] GC(637) Pause Young (Normal) (G1 Evacuation Pause)
[2022-05-03T01:02:47.025+0000][2077.939s] GC(637) Using 8 workers of 8 for evacuation
[2022-05-03T01:02:47.031+0000][2077.945s] GC(637)   Pre Evacuate Collection Set: 0.0ms
[2022-05-03T01:02:47.031+0000][2077.945s] GC(637)   Evacuate Collection Set: 3.3ms
[2022-05-03T01:02:47.032+0000][2077.946s] GC(637)   Post Evacuate Collection Set: 1.9ms
[2022-05-03T01:02:47.032+0000][2077.946s] GC(637)   Other: 0.5ms
[2022-05-03T01:02:47.032+0000][2077.946s] GC(637) Eden regions: 288->0(291)
[2022-05-03T01:02:47.033+0000][2077.947s] GC(637) Survivor regions: 19->16(39)
[2022-05-03T01:02:47.033+0000][2077.947s] GC(637) Old regions: 69->69
[2022-05-03T01:02:47.033+0000][2077.948s] GC(637) Humongous regions: 7->7
[2022-05-03T01:02:47.034+0000][2077.948s] GC(637) Metaspace: 57706K->57706K(1101824K)
[2022-05-03T01:02:47.034+0000][2077.948s] GC(637) Pause Young (Normal) (G1 Evacuation Pause) 381M->90M(512M) 9.228ms
[2022-05-03T01:02:47.034+0000][2077.948s] GC(637) User=0.03s Sys=0.00s Real=0.01s
[2022-05-03T01:02:48.806+0000][2079.720s] GC(638) Pause Young (Normal) (G1 Evacuation Pause)
[2022-05-03T01:02:48.806+0000][2079.720s] GC(638) Using 8 workers of 8 for evacuation
[2022-05-03T01:02:48.813+0000][2079.727s] GC(638)   Pre Evacuate Collection Set: 0.0ms
[2022-05-03T01:02:48.814+0000][2079.728s] GC(638)   Evacuate Collection Set: 3.5ms
[2022-05-03T01:02:48.814+0000][2079.728s] GC(638)   Post Evacuate Collection Set: 3.0ms
[2022-05-03T01:02:48.814+0000][2079.728s] GC(638)   Other: 0.8ms
[2022-05-03T01:02:48.814+0000][2079.729s] GC(638) Eden regions: 291->0(287)
[2022-05-03T01:02:48.815+0000][2079.729s] GC(638) Survivor regions: 16->20(39)
[2022-05-03T01:02:48.815+0000][2079.729s] GC(638) Old regions: 69->69
[2022-05-03T01:02:48.815+0000][2079.729s] GC(638) Humongous regions: 7->7
[2022-05-03T01:02:48.815+0000][2079.729s] GC(638) Metaspace: 57706K->57706K(1101824K)
[2022-05-03T01:02:48.815+0000][2079.730s] GC(638) Pause Young (Normal) (G1 Evacuation Pause) 381M->94M(512M) 9.535ms
[2022-05-03T01:02:48.816+0000][2079.730s] GC(638) User=0.03s Sys=0.01s Real=0.01s
[2022-05-03T01:02:50.994+0000][2081.908s] GC(639) Pause Young (Normal) (G1 Evacuation Pause)
[2022-05-03T01:02:50.994+0000][2081.909s] GC(639) Using 8 workers of 8 for evacuation
[2022-05-03T01:02:51.009+0000][2081.924s] GC(639)   Pre Evacuate Collection Set: 0.0ms
[2022-05-03T01:02:51.010+0000][2081.924s] GC(639)   Evacuate Collection Set: 8.1ms
[2022-05-03T01:02:51.011+0000][2081.925s] GC(639)   Post Evacuate Collection Set: 6.4ms
[2022-05-03T01:02:51.012+0000][2081.926s] GC(639)   Other: 1.0ms
[2022-05-03T01:02:51.012+0000][2081.926s] GC(639) Eden regions: 287->0(289)
[2022-05-03T01:02:51.013+0000][2081.927s] GC(639) Survivor regions: 20->18(39)
[2022-05-03T01:02:51.013+0000][2081.927s] GC(639) Old regions: 69->69
[2022-05-03T01:02:51.014+0000][2081.928s] GC(639) Humongous regions: 7->7
[2022-05-03T01:02:51.014+0000][2081.928s] GC(639) Metaspace: 57706K->57706K(1101824K)
[2022-05-03T01:02:51.015+0000][2081.929s] GC(639) Pause Young (Normal) (G1 Evacuation Pause) 381M->92M(512M) 20.632ms
[2022-05-03T01:02:51.015+0000][2081.929s] GC(639) User=0.09s Sys=0.00s Real=0.03s
[2022-05-03T01:02:53.812+0000][2084.726s] GC(640) Pause Young (Normal) (G1 Evacuation Pause)
[2022-05-03T01:02:53.812+0000][2084.726s] GC(640) Using 8 workers of 8 for evacuation
[2022-05-03T01:02:53.819+0000][2084.733s] GC(640)   Pre Evacuate Collection Set: 0.0ms
[2022-05-03T01:02:53.819+0000][2084.733s] GC(640)   Evacuate Collection Set: 3.4ms
[2022-05-03T01:02:53.819+0000][2084.734s] GC(640)   Post Evacuate Collection Set: 2.9ms
[2022-05-03T01:02:53.820+0000][2084.734s] GC(640)   Other: 0.8ms
[2022-05-03T01:02:53.820+0000][2084.734s] GC(640) Eden regions: 289->0(290)
[2022-05-03T01:02:53.821+0000][2084.735s] GC(640) Survivor regions: 18->17(39)
[2022-05-03T01:02:53.821+0000][2084.735s] GC(640) Old regions: 69->69
[2022-05-03T01:02:53.821+0000][2084.735s] GC(640) Humongous regions: 7->7
[2022-05-03T01:02:53.822+0000][2084.736s] GC(640) Metaspace: 57706K->57706K(1101824K)
[2022-05-03T01:02:53.822+0000][2084.736s] GC(640) Pause Young (Normal) (G1 Evacuation Pause) 381M->91M(512M) 10.434ms
[2022-05-03T01:02:53.822+0000][2084.736s] GC(640) User=0.04s Sys=0.00s Real=0.01s
[2022-05-03T01:02:55.675+0000][2086.589s] GC(641) Pause Young (Normal) (G1 Evacuation Pause)
[2022-05-03T01:02:55.675+0000][2086.589s] GC(641) Using 8 workers of 8 for evacuation
[2022-05-03T01:02:55.680+0000][2086.594s] GC(641)   Pre Evacuate Collection Set: 0.0ms
[2022-05-03T01:02:55.681+0000][2086.595s] GC(641)   Evacuate Collection Set: 2.7ms
[2022-05-03T01:02:55.681+0000][2086.595s] GC(641)   Post Evacuate Collection Set: 2.0ms
[2022-05-03T01:02:55.682+0000][2086.596s] GC(641)   Other: 0.7ms
[2022-05-03T01:02:55.682+0000][2086.596s] GC(641) Eden regions: 290->0(293)
[2022-05-03T01:02:55.682+0000][2086.597s] GC(641) Survivor regions: 17->14(39)
[2022-05-03T01:02:55.683+0000][2086.597s] GC(641) Old regions: 69->69
[2022-05-03T01:02:55.683+0000][2086.597s] GC(641) Humongous regions: 7->7
[2022-05-03T01:02:55.684+0000][2086.598s] GC(641) Metaspace: 57706K->57706K(1101824K)
[2022-05-03T01:02:55.684+0000][2086.598s] GC(641) Pause Young (Normal) (G1 Evacuation Pause) 381M->88M(512M) 9.120ms
[2022-05-03T01:02:55.684+0000][2086.599s] GC(641) User=0.03s Sys=0.00s Real=0.01s
[2022-05-03T01:02:57.749+0000][2088.663s] GC(642) Pause Young (Normal) (G1 Evacuation Pause)
[2022-05-03T01:02:57.749+0000][2088.663s] GC(642) Using 8 workers of 8 for evacuation
[2022-05-03T01:02:57.756+0000][2088.670s] GC(642)   Pre Evacuate Collection Set: 0.0ms
[2022-05-03T01:02:57.756+0000][2088.670s] GC(642)   Evacuate Collection Set: 3.3ms
[2022-05-03T01:02:57.756+0000][2088.671s] GC(642)   Post Evacuate Collection Set: 2.7ms
[2022-05-03T01:02:57.757+0000][2088.671s] GC(642)   Other: 0.9ms
[2022-05-03T01:02:57.757+0000][2088.671s] GC(642) Eden regions: 293->0(287)
[2022-05-03T01:02:57.758+0000][2088.672s] GC(642) Survivor regions: 14->20(39)
[2022-05-03T01:02:57.758+0000][2088.672s] GC(642) Old regions: 69->69
[2022-05-03T01:02:57.759+0000][2088.673s] GC(642) Humongous regions: 7->7
[2022-05-03T01:02:57.759+0000][2088.673s] GC(642) Metaspace: 57706K->57706K(1101824K)
[2022-05-03T01:02:57.759+0000][2088.674s] GC(642) Pause Young (Normal) (G1 Evacuation Pause) 381M->94M(512M) 10.780ms
[2022-05-03T01:02:57.760+0000][2088.674s] GC(642) User=0.04s Sys=0.00s Real=0.01s
[2022-05-03T01:03:00.063+0000][2090.978s] GC(643) Pause Young (Normal) (G1 Evacuation Pause)
[2022-05-03T01:03:00.064+0000][2090.978s] GC(643) Using 8 workers of 8 for evacuation
[2022-05-03T01:03:00.083+0000][2090.997s] GC(643)   Pre Evacuate Collection Set: 0.1ms
[2022-05-03T01:03:00.084+0000][2090.998s] GC(643)   Evacuate Collection Set: 11.8ms
[2022-05-03T01:03:00.084+0000][2090.998s] GC(643)   Post Evacuate Collection Set: 7.3ms
[2022-05-03T01:03:00.085+0000][2090.999s] GC(643)   Other: 0.7ms
[2022-05-03T01:03:00.085+0000][2090.999s] GC(643) Eden regions: 287->0(290)
[2022-05-03T01:03:00.085+0000][2091.000s] GC(643) Survivor regions: 20->17(39)
[2022-05-03T01:03:00.086+0000][2091.000s] GC(643) Old regions: 69->69
[2022-05-03T01:03:00.086+0000][2091.000s] GC(643) Humongous regions: 7->7
[2022-05-03T01:03:00.087+0000][2091.001s] GC(643) Metaspace: 57706K->57706K(1101824K)
[2022-05-03T01:03:00.087+0000][2091.001s] GC(643) Pause Young (Normal) (G1 Evacuation Pause) 381M->90M(512M) 23.512ms
[2022-05-03T01:03:00.087+0000][2091.001s] GC(643) User=0.14s Sys=0.00s Real=0.03s
[2022-05-03T01:03:02.435+0000][2093.349s] GC(644) Pause Young (Normal) (G1 Evacuation Pause)
[2022-05-03T01:03:02.435+0000][2093.349s] GC(644) Using 8 workers of 8 for evacuation
[2022-05-03T01:03:02.441+0000][2093.356s] GC(644)   Pre Evacuate Collection Set: 0.0ms
[2022-05-03T01:03:02.442+0000][2093.356s] GC(644)   Evacuate Collection Set: 4.0ms
[2022-05-03T01:03:02.442+0000][2093.356s] GC(644)   Post Evacuate Collection Set: 2.0ms
[2022-05-03T01:03:02.443+0000][2093.357s] GC(644)   Other: 0.9ms
[2022-05-03T01:03:02.443+0000][2093.357s] GC(644) Eden regions: 290->0(290)
[2022-05-03T01:03:02.443+0000][2093.357s] GC(644) Survivor regions: 17->17(39)
[2022-05-03T01:03:02.444+0000][2093.358s] GC(644) Old regions: 69->69
[2022-05-03T01:03:02.444+0000][2093.358s] GC(644) Humongous regions: 7->7
[2022-05-03T01:03:02.444+0000][2093.359s] GC(644) Metaspace: 57706K->57706K(1101824K)
[2022-05-03T01:03:02.445+0000][2093.359s] GC(644) Pause Young (Normal) (G1 Evacuation Pause) 380M->91M(512M) 10.227ms
[2022-05-03T01:03:02.445+0000][2093.359s] GC(644) User=0.04s Sys=0.01s Real=0.01s
[2022-05-03T01:03:04.234+0000][2095.148s] GC(645) Pause Young (Normal) (G1 Evacuation Pause)
[2022-05-03T01:03:04.234+0000][2095.148s] GC(645) Using 8 workers of 8 for evacuation
[2022-05-03T01:03:04.239+0000][2095.153s] GC(645)   Pre Evacuate Collection Set: 0.0ms
[2022-05-03T01:03:04.239+0000][2095.154s] GC(645)   Evacuate Collection Set: 2.3ms
[2022-05-03T01:03:04.240+0000][2095.154s] GC(645)   Post Evacuate Collection Set: 2.2ms
[2022-05-03T01:03:04.240+0000][2095.154s] GC(645)   Other: 0.8ms
[2022-05-03T01:03:04.241+0000][2095.155s] GC(645) Eden regions: 290->0(289)
[2022-05-03T01:03:04.241+0000][2095.155s] GC(645) Survivor regions: 17->18(39)
[2022-05-03T01:03:04.241+0000][2095.155s] GC(645) Old regions: 69->69
[2022-05-03T01:03:04.242+0000][2095.156s] GC(645) Humongous regions: 7->7
[2022-05-03T01:03:04.242+0000][2095.156s] GC(645) Metaspace: 57706K->57706K(1101824K)
[2022-05-03T01:03:04.242+0000][2095.156s] GC(645) Pause Young (Normal) (G1 Evacuation Pause) 381M->91M(512M) 8.480ms
[2022-05-03T01:03:04.242+0000][2095.156s] GC(645) User=0.03s Sys=0.00s Real=0.01s
[2022-05-03T01:03:06.497+0000][2097.411s] GC(646) Pause Young (Normal) (G1 Evacuation Pause)
[2022-05-03T01:03:06.497+0000][2097.411s] GC(646) Using 8 workers of 8 for evacuation
[2022-05-03T01:03:06.503+0000][2097.417s] GC(646)   Pre Evacuate Collection Set: 0.0ms
[2022-05-03T01:03:06.504+0000][2097.418s] GC(646)   Evacuate Collection Set: 3.4ms
[2022-05-03T01:03:06.504+0000][2097.418s] GC(646)   Post Evacuate Collection Set: 2.4ms
[2022-05-03T01:03:06.505+0000][2097.419s] GC(646)   Other: 0.9ms
[2022-05-03T01:03:06.505+0000][2097.419s] GC(646) Eden regions: 289->0(287)
[2022-05-03T01:03:06.505+0000][2097.419s] GC(646) Survivor regions: 18->20(39)
[2022-05-03T01:03:06.506+0000][2097.420s] GC(646) Old regions: 69->69
[2022-05-03T01:03:06.506+0000][2097.420s] GC(646) Humongous regions: 7->7
[2022-05-03T01:03:06.506+0000][2097.420s] GC(646) Metaspace: 57706K->57706K(1101824K)
[2022-05-03T01:03:06.507+0000][2097.421s] GC(646) Pause Young (Normal) (G1 Evacuation Pause) 380M->94M(512M) 10.080ms
[2022-05-03T01:03:06.507+0000][2097.421s] GC(646) User=0.04s Sys=0.00s Real=0.01s
[2022-05-03T01:03:08.779+0000][2099.693s] GC(647) Pause Young (Normal) (G1 Evacuation Pause)
[2022-05-03T01:03:08.779+0000][2099.693s] GC(647) Using 8 workers of 8 for evacuation
[2022-05-03T01:03:08.786+0000][2099.700s] GC(647)   Pre Evacuate Collection Set: 0.0ms
[2022-05-03T01:03:08.786+0000][2099.700s] GC(647)   Evacuate Collection Set: 3.2ms
[2022-05-03T01:03:08.786+0000][2099.701s] GC(647)   Post Evacuate Collection Set: 2.8ms
[2022-05-03T01:03:08.787+0000][2099.701s] GC(647)   Other: 1.0ms
[2022-05-03T01:03:08.787+0000][2099.701s] GC(647) Eden regions: 287->0(288)
[2022-05-03T01:03:08.788+0000][2099.702s] GC(647) Survivor regions: 20->19(39)
[2022-05-03T01:03:08.788+0000][2099.702s] GC(647) Old regions: 69->70
[2022-05-03T01:03:08.788+0000][2099.702s] GC(647) Humongous regions: 7->7
[2022-05-03T01:03:08.788+0000][2099.703s] GC(647) Metaspace: 57706K->57706K(1101824K)
[2022-05-03T01:03:08.789+0000][2099.703s] GC(647) Pause Young (Normal) (G1 Evacuation Pause) 381M->93M(512M) 10.140ms
[2022-05-03T01:03:08.789+0000][2099.703s] GC(647) User=0.05s Sys=0.00s Real=0.01s
[2022-05-03T01:03:10.728+0000][2101.642s] GC(648) Pause Young (Normal) (G1 Evacuation Pause)
[2022-05-03T01:03:10.729+0000][2101.643s] GC(648) Using 8 workers of 8 for evacuation
[2022-05-03T01:03:10.734+0000][2101.648s] GC(648)   Pre Evacuate Collection Set: 0.0ms
[2022-05-03T01:03:10.734+0000][2101.649s] GC(648)   Evacuate Collection Set: 2.7ms
[2022-05-03T01:03:10.735+0000][2101.649s] GC(648)   Post Evacuate Collection Set: 1.8ms
[2022-05-03T01:03:10.735+0000][2101.649s] GC(648)   Other: 1.1ms
[2022-05-03T01:03:10.736+0000][2101.650s] GC(648) Eden regions: 288->0(293)
[2022-05-03T01:03:10.736+0000][2101.650s] GC(648) Survivor regions: 19->14(39)
[2022-05-03T01:03:10.737+0000][2101.651s] GC(648) Old regions: 70->70
[2022-05-03T01:03:10.737+0000][2101.651s] GC(648) Humongous regions: 7->7
[2022-05-03T01:03:10.737+0000][2101.651s] GC(648) Metaspace: 57706K->57706K(1101824K)
[2022-05-03T01:03:10.738+0000][2101.652s] GC(648) Pause Young (Normal) (G1 Evacuation Pause) 381M->88M(512M) 9.269ms
[2022-05-03T01:03:10.738+0000][2101.652s] GC(648) User=0.03s Sys=0.01s Real=0.01s
[2022-05-03T01:03:12.803+0000][2103.717s] GC(649) Pause Young (Normal) (G1 Evacuation Pause)
[2022-05-03T01:03:12.803+0000][2103.717s] GC(649) Using 8 workers of 8 for evacuation
[2022-05-03T01:03:12.813+0000][2103.727s] GC(649)   Pre Evacuate Collection Set: 0.0ms
[2022-05-03T01:03:12.813+0000][2103.727s] GC(649)   Evacuate Collection Set: 5.6ms
[2022-05-03T01:03:12.813+0000][2103.728s] GC(649)   Post Evacuate Collection Set: 3.5ms
[2022-05-03T01:03:12.814+0000][2103.728s] GC(649)   Other: 1.0ms
[2022-05-03T01:03:12.814+0000][2103.728s] GC(649) Eden regions: 293->0(287)
[2022-05-03T01:03:12.815+0000][2103.729s] GC(649) Survivor regions: 14->20(39)
[2022-05-03T01:03:12.815+0000][2103.729s] GC(649) Old regions: 70->70
[2022-05-03T01:03:12.815+0000][2103.729s] GC(649) Humongous regions: 7->7
[2022-05-03T01:03:12.816+0000][2103.730s] GC(649) Metaspace: 57706K->57706K(1101824K)
[2022-05-03T01:03:12.816+0000][2103.730s] GC(649) Pause Young (Normal) (G1 Evacuation Pause) 381M->94M(512M) 13.299ms
[2022-05-03T01:03:12.816+0000][2103.730s] GC(649) User=0.05s Sys=0.00s Real=0.02s
[2022-05-03T01:03:15.006+0000][2105.920s] GC(650) Pause Young (Normal) (G1 Evacuation Pause)
[2022-05-03T01:03:15.006+0000][2105.920s] GC(650) Using 8 workers of 8 for evacuation
[2022-05-03T01:03:15.012+0000][2105.926s] GC(650)   Pre Evacuate Collection Set: 0.0ms
[2022-05-03T01:03:15.012+0000][2105.926s] GC(650)   Evacuate Collection Set: 2.7ms
[2022-05-03T01:03:15.013+0000][2105.927s] GC(650)   Post Evacuate Collection Set: 2.8ms
[2022-05-03T01:03:15.013+0000][2105.927s] GC(650)   Other: 0.8ms
[2022-05-03T01:03:15.013+0000][2105.927s] GC(650) Eden regions: 287->0(289)
[2022-05-03T01:03:15.013+0000][2105.927s] GC(650) Survivor regions: 20->18(39)
[2022-05-03T01:03:15.014+0000][2105.928s] GC(650) Old regions: 70->70
[2022-05-03T01:03:15.014+0000][2105.928s] GC(650) Humongous regions: 7->7
[2022-05-03T01:03:15.014+0000][2105.928s] GC(650) Metaspace: 57706K->57706K(1101824K)
[2022-05-03T01:03:15.014+0000][2105.928s] GC(650) Pause Young (Normal) (G1 Evacuation Pause) 381M->92M(512M) 8.614ms
[2022-05-03T01:03:15.014+0000][2105.929s] GC(650) User=0.03s Sys=0.01s Real=0.01s
[2022-05-03T01:03:17.252+0000][2108.166s] GC(651) Pause Young (Normal) (G1 Evacuation Pause)
[2022-05-03T01:03:17.252+0000][2108.166s] GC(651) Using 8 workers of 8 for evacuation
[2022-05-03T01:03:17.268+0000][2108.182s] GC(651)   Pre Evacuate Collection Set: 0.0ms
[2022-05-03T01:03:17.268+0000][2108.182s] GC(651)   Evacuate Collection Set: 9.7ms
[2022-05-03T01:03:17.268+0000][2108.183s] GC(651)   Post Evacuate Collection Set: 5.2ms
[2022-05-03T01:03:17.269+0000][2108.183s] GC(651)   Other: 1.0ms
[2022-05-03T01:03:17.269+0000][2108.183s] GC(651) Eden regions: 289->0(290)
[2022-05-03T01:03:17.269+0000][2108.184s] GC(651) Survivor regions: 18->17(39)
[2022-05-03T01:03:17.270+0000][2108.184s] GC(651) Old regions: 70->70
[2022-05-03T01:03:17.270+0000][2108.184s] GC(651) Humongous regions: 7->7
[2022-05-03T01:03:17.271+0000][2108.185s] GC(651) Metaspace: 57706K->57706K(1101824K)
[2022-05-03T01:03:17.271+0000][2108.185s] GC(651) Pause Young (Normal) (G1 Evacuation Pause) 381M->91M(512M) 19.254ms
[2022-05-03T01:03:17.271+0000][2108.186s] GC(651) User=0.11s Sys=0.00s Real=0.02s
[2022-05-03T01:03:19.098+0000][2110.012s] GC(652) Pause Young (Normal) (G1 Evacuation Pause)
[2022-05-03T01:03:19.099+0000][2110.013s] GC(652) Using 8 workers of 8 for evacuation
[2022-05-03T01:03:19.110+0000][2110.024s] GC(652)   Pre Evacuate Collection Set: 0.0ms
[2022-05-03T01:03:19.111+0000][2110.025s] GC(652)   Evacuate Collection Set: 8.6ms
[2022-05-03T01:03:19.111+0000][2110.025s] GC(652)   Post Evacuate Collection Set: 2.4ms
[2022-05-03T01:03:19.111+0000][2110.026s] GC(652)   Other: 0.9ms
[2022-05-03T01:03:19.112+0000][2110.026s] GC(652) Eden regions: 290->0(289)
[2022-05-03T01:03:19.112+0000][2110.026s] GC(652) Survivor regions: 17->18(39)
[2022-05-03T01:03:19.112+0000][2110.026s] GC(652) Old regions: 70->70
[2022-05-03T01:03:19.113+0000][2110.027s] GC(652) Humongous regions: 7->7
[2022-05-03T01:03:19.113+0000][2110.027s] GC(652) Metaspace: 57706K->57706K(1101824K)
[2022-05-03T01:03:19.113+0000][2110.027s] GC(652) Pause Young (Normal) (G1 Evacuation Pause) 381M->92M(512M) 14.897ms
[2022-05-03T01:03:19.113+0000][2110.027s] GC(652) User=0.08s Sys=0.00s Real=0.01s
[2022-05-03T01:03:21.320+0000][2112.234s] GC(653) Pause Young (Normal) (G1 Evacuation Pause)
[2022-05-03T01:03:21.320+0000][2112.234s] GC(653) Using 8 workers of 8 for evacuation
[2022-05-03T01:03:21.334+0000][2112.248s] GC(653)   Pre Evacuate Collection Set: 0.0ms
[2022-05-03T01:03:21.335+0000][2112.249s] GC(653)   Evacuate Collection Set: 10.7ms
[2022-05-03T01:03:21.335+0000][2112.249s] GC(653)   Post Evacuate Collection Set: 2.7ms
[2022-05-03T01:03:21.335+0000][2112.250s] GC(653)   Other: 0.9ms
[2022-05-03T01:03:21.336+0000][2112.250s] GC(653) Eden regions: 289->0(287)
[2022-05-03T01:03:21.336+0000][2112.250s] GC(653) Survivor regions: 18->20(39)
[2022-05-03T01:03:21.337+0000][2112.251s] GC(653) Old regions: 70->70
[2022-05-03T01:03:21.337+0000][2112.251s] GC(653) Humongous regions: 7->7
[2022-05-03T01:03:21.337+0000][2112.251s] GC(653) Metaspace: 57706K->57706K(1101824K)
[2022-05-03T01:03:21.338+0000][2112.252s] GC(653) Pause Young (Normal) (G1 Evacuation Pause) 381M->94M(512M) 17.861ms
[2022-05-03T01:03:21.338+0000][2112.252s] GC(653) User=0.10s Sys=0.00s Real=0.02s
[2022-05-03T01:03:23.676+0000][2114.590s] GC(654) Pause Young (Normal) (G1 Evacuation Pause)
[2022-05-03T01:03:23.676+0000][2114.590s] GC(654) Using 8 workers of 8 for evacuation
[2022-05-03T01:03:23.682+0000][2114.596s] GC(654)   Pre Evacuate Collection Set: 0.0ms
[2022-05-03T01:03:23.682+0000][2114.596s] GC(654)   Evacuate Collection Set: 3.0ms
[2022-05-03T01:03:23.683+0000][2114.597s] GC(654)   Post Evacuate Collection Set: 2.1ms
[2022-05-03T01:03:23.683+0000][2114.597s] GC(654)   Other: 0.8ms
[2022-05-03T01:03:23.683+0000][2114.598s] GC(654) Eden regions: 287->0(291)
[2022-05-03T01:03:23.684+0000][2114.598s] GC(654) Survivor regions: 20->16(39)
[2022-05-03T01:03:23.684+0000][2114.598s] GC(654) Old regions: 70->70
[2022-05-03T01:03:23.684+0000][2114.599s] GC(654) Humongous regions: 7->7
[2022-05-03T01:03:23.685+0000][2114.599s] GC(654) Metaspace: 57706K->57706K(1101824K)
[2022-05-03T01:03:23.685+0000][2114.599s] GC(654) Pause Young (Normal) (G1 Evacuation Pause) 381M->90M(512M) 9.381ms
[2022-05-03T01:03:23.686+0000][2114.600s] GC(654) User=0.03s Sys=0.00s Real=0.01s
[2022-05-03T01:03:25.717+0000][2116.631s] GC(655) Pause Young (Normal) (G1 Evacuation Pause)
[2022-05-03T01:03:25.717+0000][2116.631s] GC(655) Using 8 workers of 8 for evacuation
[2022-05-03T01:03:25.723+0000][2116.637s] GC(655)   Pre Evacuate Collection Set: 0.0ms
[2022-05-03T01:03:25.723+0000][2116.638s] GC(655)   Evacuate Collection Set: 2.7ms
[2022-05-03T01:03:25.724+0000][2116.638s] GC(655)   Post Evacuate Collection Set: 2.4ms
[2022-05-03T01:03:25.724+0000][2116.638s] GC(655)   Other: 0.9ms
[2022-05-03T01:03:25.725+0000][2116.639s] GC(655) Eden regions: 291->0(288)
[2022-05-03T01:03:25.725+0000][2116.639s] GC(655) Survivor regions: 16->19(39)
[2022-05-03T01:03:25.725+0000][2116.639s] GC(655) Old regions: 70->70
[2022-05-03T01:03:25.726+0000][2116.640s] GC(655) Humongous regions: 7->7
[2022-05-03T01:03:25.726+0000][2116.640s] GC(655) Metaspace: 57706K->57706K(1101824K)
[2022-05-03T01:03:25.726+0000][2116.640s] GC(655) Pause Young (Normal) (G1 Evacuation Pause) 381M->93M(512M) 9.255ms
[2022-05-03T01:03:25.726+0000][2116.641s] GC(655) User=0.03s Sys=0.00s Real=0.01s
[2022-05-03T01:03:27.740+0000][2118.654s] GC(656) Pause Young (Normal) (G1 Evacuation Pause)
[2022-05-03T01:03:27.740+0000][2118.654s] GC(656) Using 8 workers of 8 for evacuation
[2022-05-03T01:03:27.747+0000][2118.661s] GC(656)   Pre Evacuate Collection Set: 0.0ms
[2022-05-03T01:03:27.747+0000][2118.661s] GC(656)   Evacuate Collection Set: 3.4ms
[2022-05-03T01:03:27.748+0000][2118.662s] GC(656)   Post Evacuate Collection Set: 2.7ms
[2022-05-03T01:03:27.748+0000][2118.662s] GC(656)   Other: 1.0ms
[2022-05-03T01:03:27.748+0000][2118.662s] GC(656) Eden regions: 288->0(287)
[2022-05-03T01:03:27.749+0000][2118.663s] GC(656) Survivor regions: 19->20(39)
[2022-05-03T01:03:27.749+0000][2118.663s] GC(656) Old regions: 70->70
[2022-05-03T01:03:27.749+0000][2118.664s] GC(656) Humongous regions: 7->7
[2022-05-03T01:03:27.750+0000][2118.664s] GC(656) Metaspace: 57706K->57706K(1101824K)
[2022-05-03T01:03:27.750+0000][2118.664s] GC(656) Pause Young (Normal) (G1 Evacuation Pause) 381M->94M(512M) 10.578ms
[2022-05-03T01:03:27.750+0000][2118.665s] GC(656) User=0.04s Sys=0.00s Real=0.01s
[2022-05-03T01:03:29.984+0000][2120.898s] GC(657) Pause Young (Normal) (G1 Evacuation Pause)
[2022-05-03T01:03:29.984+0000][2120.898s] GC(657) Using 8 workers of 8 for evacuation
[2022-05-03T01:03:29.989+0000][2120.903s] GC(657)   Pre Evacuate Collection Set: 0.0ms
[2022-05-03T01:03:29.990+0000][2120.904s] GC(657)   Evacuate Collection Set: 2.3ms
[2022-05-03T01:03:29.990+0000][2120.904s] GC(657)   Post Evacuate Collection Set: 2.5ms
[2022-05-03T01:03:29.990+0000][2120.904s] GC(657)   Other: 0.6ms
[2022-05-03T01:03:29.991+0000][2120.905s] GC(657) Eden regions: 287->0(290)
[2022-05-03T01:03:29.991+0000][2120.905s] GC(657) Survivor regions: 20->17(39)
[2022-05-03T01:03:29.991+0000][2120.905s] GC(657) Old regions: 70->70
[2022-05-03T01:03:29.991+0000][2120.905s] GC(657) Humongous regions: 7->7
[2022-05-03T01:03:29.992+0000][2120.906s] GC(657) Metaspace: 57706K->57706K(1101824K)
[2022-05-03T01:03:29.992+0000][2120.906s] GC(657) Pause Young (Normal) (G1 Evacuation Pause) 381M->91M(512M) 7.959ms
[2022-05-03T01:03:29.992+0000][2120.906s] GC(657) User=0.03s Sys=0.00s Real=0.01s
[2022-05-03T01:03:32.187+0000][2123.101s] GC(658) Pause Young (Normal) (G1 Evacuation Pause)
[2022-05-03T01:03:32.187+0000][2123.101s] GC(658) Using 8 workers of 8 for evacuation
[2022-05-03T01:03:32.194+0000][2123.108s] GC(658)   Pre Evacuate Collection Set: 0.0ms
[2022-05-03T01:03:32.194+0000][2123.108s] GC(658)   Evacuate Collection Set: 3.8ms
[2022-05-03T01:03:32.194+0000][2123.109s] GC(658)   Post Evacuate Collection Set: 2.1ms
[2022-05-03T01:03:32.195+0000][2123.109s] GC(658)   Other: 0.9ms
[2022-05-03T01:03:32.195+0000][2123.109s] GC(658) Eden regions: 290->0(290)
[2022-05-03T01:03:32.195+0000][2123.110s] GC(658) Survivor regions: 17->17(39)
[2022-05-03T01:03:32.196+0000][2123.110s] GC(658) Old regions: 70->70
[2022-05-03T01:03:32.196+0000][2123.110s] GC(658) Humongous regions: 7->7
[2022-05-03T01:03:32.196+0000][2123.111s] GC(658) Metaspace: 57706K->57706K(1101824K)
[2022-05-03T01:03:32.197+0000][2123.111s] GC(658) Pause Young (Normal) (G1 Evacuation Pause) 381M->91M(512M) 10.007ms
[2022-05-03T01:03:32.197+0000][2123.111s] GC(658) User=0.04s Sys=0.01s Real=0.01s
[2022-05-03T01:03:34.012+0000][2124.926s] GC(659) Pause Young (Normal) (G1 Evacuation Pause)
[2022-05-03T01:03:34.012+0000][2124.926s] GC(659) Using 8 workers of 8 for evacuation
[2022-05-03T01:03:34.020+0000][2124.934s] GC(659)   Pre Evacuate Collection Set: 0.0ms
[2022-05-03T01:03:34.020+0000][2124.934s] GC(659)   Evacuate Collection Set: 4.3ms
[2022-05-03T01:03:34.020+0000][2124.935s] GC(659)   Post Evacuate Collection Set: 2.6ms
[2022-05-03T01:03:34.021+0000][2124.935s] GC(659)   Other: 0.9ms
[2022-05-03T01:03:34.021+0000][2124.935s] GC(659) Eden regions: 290->0(290)
[2022-05-03T01:03:34.022+0000][2124.936s] GC(659) Survivor regions: 17->17(39)
[2022-05-03T01:03:34.022+0000][2124.936s] GC(659) Old regions: 70->70
[2022-05-03T01:03:34.022+0000][2124.936s] GC(659) Humongous regions: 7->7
[2022-05-03T01:03:34.023+0000][2124.937s] GC(659) Metaspace: 57706K->57706K(1101824K)
[2022-05-03T01:03:34.023+0000][2124.937s] GC(659) Pause Young (Normal) (G1 Evacuation Pause) 381M->91M(512M) 11.088ms
[2022-05-03T01:03:34.023+0000][2124.937s] GC(659) User=0.05s Sys=0.00s Real=0.01s
[2022-05-03T01:03:36.199+0000][2127.113s] GC(660) Pause Young (Normal) (G1 Evacuation Pause)
[2022-05-03T01:03:36.200+0000][2127.114s] GC(660) Using 8 workers of 8 for evacuation
[2022-05-03T01:03:36.207+0000][2127.121s] GC(660)   Pre Evacuate Collection Set: 0.0ms
[2022-05-03T01:03:36.208+0000][2127.122s] GC(660)   Evacuate Collection Set: 3.6ms
[2022-05-03T01:03:36.208+0000][2127.122s] GC(660)   Post Evacuate Collection Set: 3.0ms
[2022-05-03T01:03:36.208+0000][2127.122s] GC(660)   Other: 1.0ms
[2022-05-03T01:03:36.209+0000][2127.123s] GC(660) Eden regions: 290->0(287)
[2022-05-03T01:03:36.209+0000][2127.123s] GC(660) Survivor regions: 17->20(39)
[2022-05-03T01:03:36.209+0000][2127.123s] GC(660) Old regions: 70->70
[2022-05-03T01:03:36.210+0000][2127.124s] GC(660) Humongous regions: 7->7
[2022-05-03T01:03:36.210+0000][2127.124s] GC(660) Metaspace: 57706K->57706K(1101824K)
[2022-05-03T01:03:36.210+0000][2127.124s] GC(660) Pause Young (Normal) (G1 Evacuation Pause) 381M->94M(512M) 10.959ms
[2022-05-03T01:03:36.211+0000][2127.125s] GC(660) User=0.04s Sys=0.00s Real=0.01s
[2022-05-03T01:03:38.508+0000][2129.422s] GC(661) Pause Young (Normal) (G1 Evacuation Pause)
[2022-05-03T01:03:38.508+0000][2129.422s] GC(661) Using 8 workers of 8 for evacuation
[2022-05-03T01:03:38.513+0000][2129.427s] GC(661)   Pre Evacuate Collection Set: 0.0ms
[2022-05-03T01:03:38.514+0000][2129.428s] GC(661)   Evacuate Collection Set: 2.2ms
[2022-05-03T01:03:38.514+0000][2129.428s] GC(661)   Post Evacuate Collection Set: 2.6ms
[2022-05-03T01:03:38.514+0000][2129.428s] GC(661)   Other: 0.7ms
[2022-05-03T01:03:38.515+0000][2129.429s] GC(661) Eden regions: 287->0(291)
[2022-05-03T01:03:38.515+0000][2129.429s] GC(661) Survivor regions: 20->16(39)
[2022-05-03T01:03:38.515+0000][2129.430s] GC(661) Old regions: 70->70
[2022-05-03T01:03:38.516+0000][2129.430s] GC(661) Humongous regions: 7->7
[2022-05-03T01:03:38.516+0000][2129.430s] GC(661) Metaspace: 57706K->57706K(1101824K)
[2022-05-03T01:03:38.516+0000][2129.431s] GC(661) Pause Young (Normal) (G1 Evacuation Pause) 381M->91M(512M) 8.789ms
[2022-05-03T01:03:38.517+0000][2129.431s] GC(661) User=0.03s Sys=0.00s Real=0.01s
[2022-05-03T01:03:40.426+0000][2131.340s] GC(662) Pause Young (Normal) (G1 Evacuation Pause)
[2022-05-03T01:03:40.426+0000][2131.340s] GC(662) Using 8 workers of 8 for evacuation
[2022-05-03T01:03:40.432+0000][2131.346s] GC(662)   Pre Evacuate Collection Set: 0.0ms
[2022-05-03T01:03:40.432+0000][2131.346s] GC(662)   Evacuate Collection Set: 3.8ms
[2022-05-03T01:03:40.432+0000][2131.346s] GC(662)   Post Evacuate Collection Set: 1.8ms
[2022-05-03T01:03:40.433+0000][2131.347s] GC(662)   Other: 0.5ms
[2022-05-03T01:03:40.433+0000][2131.347s] GC(662) Eden regions: 291->0(292)
[2022-05-03T01:03:40.433+0000][2131.347s] GC(662) Survivor regions: 16->15(39)
[2022-05-03T01:03:40.433+0000][2131.347s] GC(662) Old regions: 70->70
[2022-05-03T01:03:40.434+0000][2131.348s] GC(662) Humongous regions: 7->7
[2022-05-03T01:03:40.434+0000][2131.348s] GC(662) Metaspace: 57706K->57706K(1101824K)
[2022-05-03T01:03:40.434+0000][2131.348s] GC(662) Pause Young (Normal) (G1 Evacuation Pause) 382M->89M(512M) 8.484ms
[2022-05-03T01:03:40.434+0000][2131.348s] GC(662) User=0.04s Sys=0.00s Real=0.01s
[2022-05-03T01:03:42.568+0000][2133.482s] GC(663) Pause Young (Normal) (G1 Evacuation Pause)
[2022-05-03T01:03:42.568+0000][2133.482s] GC(663) Using 8 workers of 8 for evacuation
[2022-05-03T01:03:42.574+0000][2133.489s] GC(663)   Pre Evacuate Collection Set: 0.0ms
[2022-05-03T01:03:42.575+0000][2133.489s] GC(663)   Evacuate Collection Set: 3.5ms
[2022-05-03T01:03:42.575+0000][2133.489s] GC(663)   Post Evacuate Collection Set: 2.3ms
[2022-05-03T01:03:42.575+0000][2133.490s] GC(663)   Other: 0.8ms
[2022-05-03T01:03:42.576+0000][2133.490s] GC(663) Eden regions: 292->0(289)
[2022-05-03T01:03:42.576+0000][2133.490s] GC(663) Survivor regions: 15->18(39)
[2022-05-03T01:03:42.576+0000][2133.490s] GC(663) Old regions: 70->70
[2022-05-03T01:03:42.577+0000][2133.491s] GC(663) Humongous regions: 7->7
[2022-05-03T01:03:42.577+0000][2133.491s] GC(663) Metaspace: 57706K->57706K(1101824K)
[2022-05-03T01:03:42.577+0000][2133.491s] GC(663) Pause Young (Normal) (G1 Evacuation Pause) 381M->93M(512M) 9.081ms
[2022-05-03T01:03:42.577+0000][2133.491s] GC(663) User=0.03s Sys=0.02s Real=0.01s
[2022-05-03T01:03:44.884+0000][2135.798s] GC(664) Pause Young (Normal) (G1 Evacuation Pause)
[2022-05-03T01:03:44.885+0000][2135.799s] GC(664) Using 8 workers of 8 for evacuation
[2022-05-03T01:03:44.891+0000][2135.805s] GC(664)   Pre Evacuate Collection Set: 0.0ms
[2022-05-03T01:03:44.892+0000][2135.806s] GC(664)   Evacuate Collection Set: 3.6ms
[2022-05-03T01:03:44.892+0000][2135.806s] GC(664)   Post Evacuate Collection Set: 2.7ms
[2022-05-03T01:03:44.893+0000][2135.807s] GC(664)   Other: 0.9ms
[2022-05-03T01:03:44.893+0000][2135.807s] GC(664) Eden regions: 289->0(288)
[2022-05-03T01:03:44.893+0000][2135.808s] GC(664) Survivor regions: 18->19(39)
[2022-05-03T01:03:44.894+0000][2135.808s] GC(664) Old regions: 70->70
[2022-05-03T01:03:44.894+0000][2135.808s] GC(664) Humongous regions: 7->7
[2022-05-03T01:03:44.894+0000][2135.809s] GC(664) Metaspace: 57706K->57706K(1101824K)
[2022-05-03T01:03:44.895+0000][2135.809s] GC(664) Pause Young (Normal) (G1 Evacuation Pause) 382M->94M(512M) 10.445ms
[2022-05-03T01:03:44.895+0000][2135.809s] GC(664) User=0.04s Sys=0.01s Real=0.01s
[2022-05-03T01:03:47.130+0000][2138.044s] GC(665) Pause Young (Normal) (G1 Evacuation Pause)
[2022-05-03T01:03:47.130+0000][2138.044s] GC(665) Using 8 workers of 8 for evacuation
[2022-05-03T01:03:47.135+0000][2138.049s] GC(665)   Pre Evacuate Collection Set: 0.0ms
[2022-05-03T01:03:47.136+0000][2138.050s] GC(665)   Evacuate Collection Set: 3.0ms
[2022-05-03T01:03:47.136+0000][2138.050s] GC(665)   Post Evacuate Collection Set: 1.8ms
[2022-05-03T01:03:47.136+0000][2138.050s] GC(665)   Other: 0.5ms
[2022-05-03T01:03:47.137+0000][2138.051s] GC(665) Eden regions: 288->0(291)
[2022-05-03T01:03:47.137+0000][2138.051s] GC(665) Survivor regions: 19->16(39)
[2022-05-03T01:03:47.137+0000][2138.052s] GC(665) Old regions: 70->70
[2022-05-03T01:03:47.138+0000][2138.052s] GC(665) Humongous regions: 7->7
[2022-05-03T01:03:47.138+0000][2138.052s] GC(665) Metaspace: 57706K->57706K(1101824K)
[2022-05-03T01:03:47.138+0000][2138.052s] GC(665) Pause Young (Normal) (G1 Evacuation Pause) 382M->91M(512M) 8.369ms
[2022-05-03T01:03:47.139+0000][2138.053s] GC(665) User=0.04s Sys=0.00s Real=0.01s
[2022-05-03T01:03:48.906+0000][2139.820s] GC(666) Pause Young (Normal) (G1 Evacuation Pause)
[2022-05-03T01:03:48.907+0000][2139.821s] GC(666) Using 8 workers of 8 for evacuation
[2022-05-03T01:03:48.921+0000][2139.835s] GC(666)   Pre Evacuate Collection Set: 0.0ms
[2022-05-03T01:03:48.922+0000][2139.836s] GC(666)   Evacuate Collection Set: 10.4ms
[2022-05-03T01:03:48.922+0000][2139.836s] GC(666)   Post Evacuate Collection Set: 3.8ms
[2022-05-03T01:03:48.922+0000][2139.837s] GC(666)   Other: 0.8ms
[2022-05-03T01:03:48.923+0000][2139.837s] GC(666) Eden regions: 291->0(290)
[2022-05-03T01:03:48.923+0000][2139.837s] GC(666) Survivor regions: 16->17(39)
[2022-05-03T01:03:48.924+0000][2139.838s] GC(666) Old regions: 70->70
[2022-05-03T01:03:48.924+0000][2139.838s] GC(666) Humongous regions: 7->7
[2022-05-03T01:03:48.924+0000][2139.839s] GC(666) Metaspace: 57706K->57706K(1101824K)
[2022-05-03T01:03:48.925+0000][2139.839s] GC(666) Pause Young (Normal) (G1 Evacuation Pause) 382M->92M(512M) 18.538ms
[2022-05-03T01:03:48.925+0000][2139.839s] GC(666) User=0.11s Sys=0.00s Real=0.02s
[2022-05-03T01:03:51.102+0000][2142.016s] GC(667) Pause Young (Normal) (G1 Evacuation Pause)
[2022-05-03T01:03:51.103+0000][2142.017s] GC(667) Using 8 workers of 8 for evacuation
[2022-05-03T01:03:51.109+0000][2142.023s] GC(667)   Pre Evacuate Collection Set: 0.0ms
[2022-05-03T01:03:51.109+0000][2142.023s] GC(667)   Evacuate Collection Set: 3.0ms
[2022-05-03T01:03:51.109+0000][2142.024s] GC(667)   Post Evacuate Collection Set: 2.6ms
[2022-05-03T01:03:51.110+0000][2142.024s] GC(667)   Other: 1.0ms
[2022-05-03T01:03:51.110+0000][2142.024s] GC(667) Eden regions: 290->0(288)
[2022-05-03T01:03:51.111+0000][2142.025s] GC(667) Survivor regions: 17->19(39)
[2022-05-03T01:03:51.111+0000][2142.025s] GC(667) Old regions: 70->70
[2022-05-03T01:03:51.111+0000][2142.025s] GC(667) Humongous regions: 7->7
[2022-05-03T01:03:51.112+0000][2142.026s] GC(667) Metaspace: 57706K->57706K(1101824K)
[2022-05-03T01:03:51.112+0000][2142.026s] GC(667) Pause Young (Normal) (G1 Evacuation Pause) 382M->94M(512M) 9.721ms
[2022-05-03T01:03:51.112+0000][2142.026s] GC(667) User=0.04s Sys=0.00s Real=0.01s
[2022-05-03T01:03:53.377+0000][2144.291s] GC(668) Pause Young (Normal) (G1 Evacuation Pause)
[2022-05-03T01:03:53.378+0000][2144.292s] GC(668) Using 8 workers of 8 for evacuation
[2022-05-03T01:03:53.384+0000][2144.298s] GC(668)   Pre Evacuate Collection Set: 0.0ms
[2022-05-03T01:03:53.385+0000][2144.299s] GC(668)   Evacuate Collection Set: 3.3ms
[2022-05-03T01:03:53.385+0000][2144.299s] GC(668)   Post Evacuate Collection Set: 2.8ms
[2022-05-03T01:03:53.385+0000][2144.300s] GC(668)   Other: 0.8ms
[2022-05-03T01:03:53.386+0000][2144.300s] GC(668) Eden regions: 288->0(290)
[2022-05-03T01:03:53.386+0000][2144.300s] GC(668) Survivor regions: 19->17(39)
[2022-05-03T01:03:53.387+0000][2144.301s] GC(668) Old regions: 70->70
[2022-05-03T01:03:53.387+0000][2144.301s] GC(668) Humongous regions: 7->7
[2022-05-03T01:03:53.387+0000][2144.301s] GC(668) Metaspace: 57706K->57706K(1101824K)
[2022-05-03T01:03:53.388+0000][2144.302s] GC(668) Pause Young (Normal) (G1 Evacuation Pause) 382M->92M(512M) 10.204ms
[2022-05-03T01:03:53.388+0000][2144.302s] GC(668) User=0.03s Sys=0.01s Real=0.01s
[2022-05-03T01:03:55.289+0000][2146.203s] GC(669) Pause Young (Normal) (G1 Evacuation Pause)
[2022-05-03T01:03:55.289+0000][2146.203s] GC(669) Using 8 workers of 8 for evacuation
[2022-05-03T01:03:55.294+0000][2146.208s] GC(669)   Pre Evacuate Collection Set: 0.0ms
[2022-05-03T01:03:55.295+0000][2146.209s] GC(669)   Evacuate Collection Set: 2.7ms
[2022-05-03T01:03:55.295+0000][2146.209s] GC(669)   Post Evacuate Collection Set: 1.9ms
[2022-05-03T01:03:55.295+0000][2146.209s] GC(669)   Other: 0.7ms
[2022-05-03T01:03:55.296+0000][2146.210s] GC(669) Eden regions: 290->0(291)
[2022-05-03T01:03:55.296+0000][2146.210s] GC(669) Survivor regions: 17->16(39)
[2022-05-03T01:03:55.296+0000][2146.210s] GC(669) Old regions: 70->70
[2022-05-03T01:03:55.297+0000][2146.211s] GC(669) Humongous regions: 7->7
[2022-05-03T01:03:55.297+0000][2146.211s] GC(669) Metaspace: 57706K->57706K(1101824K)
[2022-05-03T01:03:55.297+0000][2146.211s] GC(669) Pause Young (Normal) (G1 Evacuation Pause) 382M->90M(512M) 8.360ms
[2022-05-03T01:03:55.297+0000][2146.212s] GC(669) User=0.03s Sys=0.01s Real=0.01s
[2022-05-03T01:03:57.307+0000][2148.221s] GC(670) Pause Young (Normal) (G1 Evacuation Pause)
[2022-05-03T01:03:57.308+0000][2148.222s] GC(670) Using 8 workers of 8 for evacuation
[2022-05-03T01:03:57.314+0000][2148.228s] GC(670)   Pre Evacuate Collection Set: 0.0ms
[2022-05-03T01:03:57.315+0000][2148.229s] GC(670)   Evacuate Collection Set: 3.5ms
[2022-05-03T01:03:57.315+0000][2148.229s] GC(670)   Post Evacuate Collection Set: 2.5ms
[2022-05-03T01:03:57.315+0000][2148.229s] GC(670)   Other: 0.9ms
[2022-05-03T01:03:57.316+0000][2148.230s] GC(670) Eden regions: 291->0(287)
[2022-05-03T01:03:57.316+0000][2148.230s] GC(670) Survivor regions: 16->20(39)
[2022-05-03T01:03:57.316+0000][2148.230s] GC(670) Old regions: 70->70
[2022-05-03T01:03:57.317+0000][2148.231s] GC(670) Humongous regions: 7->7
[2022-05-03T01:03:57.317+0000][2148.231s] GC(670) Metaspace: 57706K->57706K(1101824K)
[2022-05-03T01:03:57.317+0000][2148.231s] GC(670) Pause Young (Normal) (G1 Evacuation Pause) 381M->94M(512M) 10.062ms
[2022-05-03T01:03:57.318+0000][2148.232s] GC(670) User=0.04s Sys=0.00s Real=0.01s
[2022-05-03T01:03:59.539+0000][2150.453s] GC(671) Pause Young (Normal) (G1 Evacuation Pause)
[2022-05-03T01:03:59.539+0000][2150.453s] GC(671) Using 8 workers of 8 for evacuation
[2022-05-03T01:03:59.546+0000][2150.460s] GC(671)   Pre Evacuate Collection Set: 0.0ms
[2022-05-03T01:03:59.546+0000][2150.460s] GC(671)   Evacuate Collection Set: 3.4ms
[2022-05-03T01:03:59.546+0000][2150.460s] GC(671)   Post Evacuate Collection Set: 2.7ms
[2022-05-03T01:03:59.547+0000][2150.461s] GC(671)   Other: 0.7ms
[2022-05-03T01:03:59.547+0000][2150.461s] GC(671) Eden regions: 287->0(288)
[2022-05-03T01:03:59.547+0000][2150.462s] GC(671) Survivor regions: 20->19(39)
[2022-05-03T01:03:59.548+0000][2150.462s] GC(671) Old regions: 70->71
[2022-05-03T01:03:59.548+0000][2150.462s] GC(671) Humongous regions: 7->7
[2022-05-03T01:03:59.548+0000][2150.463s] GC(671) Metaspace: 57706K->57706K(1101824K)
[2022-05-03T01:03:59.549+0000][2150.463s] GC(671) Pause Young (Normal) (G1 Evacuation Pause) 381M->94M(512M) 9.875ms
[2022-05-03T01:03:59.549+0000][2150.463s] GC(671) User=0.04s Sys=0.00s Real=0.01s
[2022-05-03T01:04:01.777+0000][2152.691s] GC(672) Pause Young (Normal) (G1 Evacuation Pause)
[2022-05-03T01:04:01.778+0000][2152.692s] GC(672) Using 8 workers of 8 for evacuation
[2022-05-03T01:04:01.784+0000][2152.698s] GC(672)   Pre Evacuate Collection Set: 0.0ms
[2022-05-03T01:04:01.784+0000][2152.698s] GC(672)   Evacuate Collection Set: 2.8ms
[2022-05-03T01:04:01.784+0000][2152.698s] GC(672)   Post Evacuate Collection Set: 2.8ms
[2022-05-03T01:04:01.785+0000][2152.699s] GC(672)   Other: 0.8ms
[2022-05-03T01:04:01.785+0000][2152.699s] GC(672) Eden regions: 288->0(291)
[2022-05-03T01:04:01.785+0000][2152.699s] GC(672) Survivor regions: 19->16(39)
[2022-05-03T01:04:01.785+0000][2152.700s] GC(672) Old regions: 71->71
[2022-05-03T01:04:01.786+0000][2152.700s] GC(672) Humongous regions: 7->7
[2022-05-03T01:04:01.786+0000][2152.700s] GC(672) Metaspace: 57706K->57706K(1101824K)
[2022-05-03T01:04:01.786+0000][2152.700s] GC(672) Pause Young (Normal) (G1 Evacuation Pause) 382M->91M(512M) 9.092ms
[2022-05-03T01:04:01.787+0000][2152.701s] GC(672) User=0.03s Sys=0.01s Real=0.01s
[2022-05-03T01:04:03.493+0000][2154.407s] GC(673) Pause Young (Normal) (G1 Evacuation Pause)
[2022-05-03T01:04:03.494+0000][2154.408s] GC(673) Using 8 workers of 8 for evacuation
[2022-05-03T01:04:03.498+0000][2154.413s] GC(673)   Pre Evacuate Collection Set: 0.0ms
[2022-05-03T01:04:03.499+0000][2154.413s] GC(673)   Evacuate Collection Set: 2.7ms
[2022-05-03T01:04:03.499+0000][2154.413s] GC(673)   Post Evacuate Collection Set: 1.6ms
[2022-05-03T01:04:03.500+0000][2154.414s] GC(673)   Other: 0.8ms
[2022-05-03T01:04:03.500+0000][2154.414s] GC(673) Eden regions: 291->0(293)
[2022-05-03T01:04:03.500+0000][2154.414s] GC(673) Survivor regions: 16->14(39)
[2022-05-03T01:04:03.501+0000][2154.415s] GC(673) Old regions: 71->71
[2022-05-03T01:04:03.501+0000][2154.415s] GC(673) Humongous regions: 7->7
[2022-05-03T01:04:03.501+0000][2154.415s] GC(673) Metaspace: 57706K->57706K(1101824K)
[2022-05-03T01:04:03.501+0000][2154.415s] GC(673) Pause Young (Normal) (G1 Evacuation Pause) 382M->89M(512M) 7.836ms
[2022-05-03T01:04:03.501+0000][2154.416s] GC(673) User=0.03s Sys=0.00s Real=0.01s
[2022-05-03T01:04:05.766+0000][2156.680s] GC(674) Pause Young (Normal) (G1 Evacuation Pause)
[2022-05-03T01:04:05.767+0000][2156.681s] GC(674) Using 8 workers of 8 for evacuation
[2022-05-03T01:04:05.773+0000][2156.687s] GC(674)   Pre Evacuate Collection Set: 0.0ms
[2022-05-03T01:04:05.773+0000][2156.687s] GC(674)   Evacuate Collection Set: 3.1ms
[2022-05-03T01:04:05.774+0000][2156.688s] GC(674)   Post Evacuate Collection Set: 2.5ms
[2022-05-03T01:04:05.774+0000][2156.688s] GC(674)   Other: 1.1ms
[2022-05-03T01:04:05.775+0000][2156.689s] GC(674) Eden regions: 293->0(288)
[2022-05-03T01:04:05.775+0000][2156.689s] GC(674) Survivor regions: 14->19(39)
[2022-05-03T01:04:05.775+0000][2156.689s] GC(674) Old regions: 71->71
[2022-05-03T01:04:05.775+0000][2156.690s] GC(674) Humongous regions: 7->7
[2022-05-03T01:04:05.776+0000][2156.690s] GC(674) Metaspace: 57706K->57706K(1101824K)
[2022-05-03T01:04:05.776+0000][2156.690s] GC(674) Pause Young (Normal) (G1 Evacuation Pause) 382M->94M(512M) 9.649ms
[2022-05-03T01:04:05.776+0000][2156.690s] GC(674) User=0.04s Sys=0.00s Real=0.01s
[2022-05-03T01:04:07.934+0000][2158.848s] GC(675) Pause Young (Normal) (G1 Evacuation Pause)
[2022-05-03T01:04:07.934+0000][2158.848s] GC(675) Using 8 workers of 8 for evacuation
[2022-05-03T01:04:07.940+0000][2158.854s] GC(675)   Pre Evacuate Collection Set: 0.0ms
[2022-05-03T01:04:07.940+0000][2158.854s] GC(675)   Evacuate Collection Set: 2.3ms
[2022-05-03T01:04:07.941+0000][2158.855s] GC(675)   Post Evacuate Collection Set: 2.8ms
[2022-05-03T01:04:07.941+0000][2158.855s] GC(675)   Other: 0.7ms
[2022-05-03T01:04:07.941+0000][2158.855s] GC(675) Eden regions: 288->0(291)
[2022-05-03T01:04:07.942+0000][2158.856s] GC(675) Survivor regions: 19->16(39)
[2022-05-03T01:04:07.942+0000][2158.856s] GC(675) Old regions: 71->71
[2022-05-03T01:04:07.942+0000][2158.856s] GC(675) Humongous regions: 7->7
[2022-05-03T01:04:07.943+0000][2158.857s] GC(675) Metaspace: 57706K->57706K(1101824K)
[2022-05-03T01:04:07.943+0000][2158.857s] GC(675) Pause Young (Normal) (G1 Evacuation Pause) 382M->91M(512M) 8.863ms
[2022-05-03T01:04:07.943+0000][2158.857s] GC(675) User=0.03s Sys=0.00s Real=0.01s
[2022-05-03T01:04:09.909+0000][2160.823s] GC(676) Pause Young (Normal) (G1 Evacuation Pause)
[2022-05-03T01:04:09.909+0000][2160.823s] GC(676) Using 8 workers of 8 for evacuation
[2022-05-03T01:04:09.914+0000][2160.829s] GC(676)   Pre Evacuate Collection Set: 0.0ms
[2022-05-03T01:04:09.915+0000][2160.829s] GC(676)   Evacuate Collection Set: 3.1ms
[2022-05-03T01:04:09.915+0000][2160.829s] GC(676)   Post Evacuate Collection Set: 1.7ms
[2022-05-03T01:04:09.916+0000][2160.830s] GC(676)   Other: 0.5ms
[2022-05-03T01:04:09.916+0000][2160.830s] GC(676) Eden regions: 291->0(293)
[2022-05-03T01:04:09.917+0000][2160.831s] GC(676) Survivor regions: 16->14(39)
[2022-05-03T01:04:09.917+0000][2160.831s] GC(676) Old regions: 71->71
[2022-05-03T01:04:09.917+0000][2160.831s] GC(676) Humongous regions: 7->7
[2022-05-03T01:04:09.918+0000][2160.832s] GC(676) Metaspace: 57706K->57706K(1101824K)
[2022-05-03T01:04:09.918+0000][2160.832s] GC(676) Pause Young (Normal) (G1 Evacuation Pause) 382M->89M(512M) 8.913ms
[2022-05-03T01:04:09.918+0000][2160.832s] GC(676) User=0.01s Sys=0.02s Real=0.01s
[2022-05-03T01:04:11.994+0000][2162.908s] GC(677) Pause Young (Normal) (G1 Evacuation Pause)
[2022-05-03T01:04:11.994+0000][2162.908s] GC(677) Using 8 workers of 8 for evacuation
[2022-05-03T01:04:12.000+0000][2162.914s] GC(677)   Pre Evacuate Collection Set: 0.0ms
[2022-05-03T01:04:12.000+0000][2162.914s] GC(677)   Evacuate Collection Set: 2.6ms
[2022-05-03T01:04:12.000+0000][2162.915s] GC(677)   Post Evacuate Collection Set: 2.5ms
[2022-05-03T01:04:12.001+0000][2162.915s] GC(677)   Other: 0.9ms
[2022-05-03T01:04:12.001+0000][2162.915s] GC(677) Eden regions: 293->0(289)
[2022-05-03T01:04:12.002+0000][2162.916s] GC(677) Survivor regions: 14->18(39)
[2022-05-03T01:04:12.002+0000][2162.916s] GC(677) Old regions: 71->71
[2022-05-03T01:04:12.002+0000][2162.916s] GC(677) Humongous regions: 7->7
[2022-05-03T01:04:12.002+0000][2162.916s] GC(677) Metaspace: 57706K->57706K(1101824K)
[2022-05-03T01:04:12.003+0000][2162.917s] GC(677) Pause Young (Normal) (G1 Evacuation Pause) 382M->93M(512M) 9.045ms
[2022-05-03T01:04:12.003+0000][2162.917s] GC(677) User=0.03s Sys=0.00s Real=0.01s
[2022-05-03T01:04:14.282+0000][2165.196s] GC(678) Pause Young (Normal) (G1 Evacuation Pause)
[2022-05-03T01:04:14.283+0000][2165.197s] GC(678) Using 8 workers of 8 for evacuation
[2022-05-03T01:04:14.303+0000][2165.217s] GC(678)   Pre Evacuate Collection Set: 0.0ms
[2022-05-03T01:04:14.303+0000][2165.217s] GC(678)   Evacuate Collection Set: 10.8ms
[2022-05-03T01:04:14.303+0000][2165.217s] GC(678)   Post Evacuate Collection Set: 8.8ms
[2022-05-03T01:04:14.303+0000][2165.217s] GC(678)   Other: 0.8ms
[2022-05-03T01:04:14.304+0000][2165.218s] GC(678) Eden regions: 289->0(288)
[2022-05-03T01:04:14.304+0000][2165.218s] GC(678) Survivor regions: 18->19(39)
[2022-05-03T01:04:14.304+0000][2165.218s] GC(678) Old regions: 71->71
[2022-05-03T01:04:14.304+0000][2165.218s] GC(678) Humongous regions: 7->7
[2022-05-03T01:04:14.304+0000][2165.218s] GC(678) Metaspace: 57706K->57706K(1101824K)
[2022-05-03T01:04:14.304+0000][2165.219s] GC(678) Pause Young (Normal) (G1 Evacuation Pause) 382M->94M(512M) 22.142ms
[2022-05-03T01:04:14.305+0000][2165.219s] GC(678) User=0.14s Sys=0.00s Real=0.03s
[2022-05-03T01:04:16.533+0000][2167.447s] GC(679) Pause Young (Normal) (G1 Evacuation Pause)
[2022-05-03T01:04:16.533+0000][2167.447s] GC(679) Using 8 workers of 8 for evacuation
[2022-05-03T01:04:16.548+0000][2167.462s] GC(679)   Pre Evacuate Collection Set: 0.0ms
[2022-05-03T01:04:16.548+0000][2167.463s] GC(679)   Evacuate Collection Set: 9.6ms
[2022-05-03T01:04:16.549+0000][2167.463s] GC(679)   Post Evacuate Collection Set: 5.0ms
[2022-05-03T01:04:16.549+0000][2167.463s] GC(679)   Other: 0.8ms
[2022-05-03T01:04:16.549+0000][2167.464s] GC(679) Eden regions: 288->0(290)
[2022-05-03T01:04:16.550+0000][2167.464s] GC(679) Survivor regions: 19->17(39)
[2022-05-03T01:04:16.550+0000][2167.464s] GC(679) Old regions: 71->71
[2022-05-03T01:04:16.550+0000][2167.465s] GC(679) Humongous regions: 7->7
[2022-05-03T01:04:16.551+0000][2167.465s] GC(679) Metaspace: 57706K->57706K(1101824K)
[2022-05-03T01:04:16.551+0000][2167.465s] GC(679) Pause Young (Normal) (G1 Evacuation Pause) 382M->92M(512M) 18.291ms
[2022-05-03T01:04:16.551+0000][2167.465s] GC(679) User=0.11s Sys=0.00s Real=0.02s
[2022-05-03T01:04:18.353+0000][2169.267s] GC(680) Pause Young (Normal) (G1 Evacuation Pause)
[2022-05-03T01:04:18.353+0000][2169.267s] GC(680) Using 8 workers of 8 for evacuation
[2022-05-03T01:04:18.364+0000][2169.278s] GC(680)   Pre Evacuate Collection Set: 0.0ms
[2022-05-03T01:04:18.365+0000][2169.279s] GC(680)   Evacuate Collection Set: 8.3ms
[2022-05-03T01:04:18.365+0000][2169.279s] GC(680)   Post Evacuate Collection Set: 2.4ms
[2022-05-03T01:04:18.365+0000][2169.279s] GC(680)   Other: 0.7ms
[2022-05-03T01:04:18.366+0000][2169.280s] GC(680) Eden regions: 290->0(288)
[2022-05-03T01:04:18.366+0000][2169.280s] GC(680) Survivor regions: 17->19(39)
[2022-05-03T01:04:18.366+0000][2169.280s] GC(680) Old regions: 71->71
[2022-05-03T01:04:18.366+0000][2169.281s] GC(680) Humongous regions: 7->7
[2022-05-03T01:04:18.367+0000][2169.281s] GC(680) Metaspace: 57706K->57706K(1101824K)
[2022-05-03T01:04:18.367+0000][2169.281s] GC(680) Pause Young (Normal) (G1 Evacuation Pause) 382M->95M(512M) 13.885ms
[2022-05-03T01:04:18.367+0000][2169.281s] GC(680) User=0.06s Sys=0.01s Real=0.02s
[2022-05-03T01:04:20.555+0000][2171.469s] GC(681) Pause Young (Normal) (G1 Evacuation Pause)
[2022-05-03T01:04:20.555+0000][2171.469s] GC(681) Using 8 workers of 8 for evacuation
[2022-05-03T01:04:20.561+0000][2171.476s] GC(681)   Pre Evacuate Collection Set: 0.0ms
[2022-05-03T01:04:20.562+0000][2171.476s] GC(681)   Evacuate Collection Set: 3.4ms
[2022-05-03T01:04:20.562+0000][2171.476s] GC(681)   Post Evacuate Collection Set: 2.7ms
[2022-05-03T01:04:20.563+0000][2171.477s] GC(681)   Other: 0.8ms
[2022-05-03T01:04:20.563+0000][2171.477s] GC(681) Eden regions: 288->0(287)
[2022-05-03T01:04:20.563+0000][2171.478s] GC(681) Survivor regions: 19->20(39)
[2022-05-03T01:04:20.564+0000][2171.478s] GC(681) Old regions: 71->71
[2022-05-03T01:04:20.564+0000][2171.478s] GC(681) Humongous regions: 7->7
[2022-05-03T01:04:20.564+0000][2171.478s] GC(681) Metaspace: 57706K->57706K(1101824K)
[2022-05-03T01:04:20.565+0000][2171.479s] GC(681) Pause Young (Normal) (G1 Evacuation Pause) 383M->95M(512M) 9.941ms
[2022-05-03T01:04:20.565+0000][2171.479s] GC(681) User=0.03s Sys=0.00s Real=0.01s
[2022-05-03T01:04:22.916+0000][2173.830s] GC(682) Pause Young (Normal) (G1 Evacuation Pause)
[2022-05-03T01:04:22.916+0000][2173.830s] GC(682) Using 8 workers of 8 for evacuation
[2022-05-03T01:04:22.923+0000][2173.837s] GC(682)   Pre Evacuate Collection Set: 0.0ms
[2022-05-03T01:04:22.923+0000][2173.837s] GC(682)   Evacuate Collection Set: 3.7ms
[2022-05-03T01:04:22.924+0000][2173.838s] GC(682)   Post Evacuate Collection Set: 2.7ms
[2022-05-03T01:04:22.924+0000][2173.838s] GC(682)   Other: 0.9ms
[2022-05-03T01:04:22.924+0000][2173.838s] GC(682) Eden regions: 287->0(288)
[2022-05-03T01:04:22.925+0000][2173.839s] GC(682) Survivor regions: 20->19(39)
[2022-05-03T01:04:22.925+0000][2173.839s] GC(682) Old regions: 71->71
[2022-05-03T01:04:22.925+0000][2173.839s] GC(682) Humongous regions: 7->7
[2022-05-03T01:04:22.926+0000][2173.840s] GC(682) Metaspace: 57706K->57706K(1101824K)
[2022-05-03T01:04:22.926+0000][2173.840s] GC(682) Pause Young (Normal) (G1 Evacuation Pause) 382M->94M(512M) 10.183ms
[2022-05-03T01:04:22.926+0000][2173.840s] GC(682) User=0.04s Sys=0.01s Real=0.01s
[2022-05-03T01:04:24.608+0000][2175.522s] GC(683) Pause Young (Normal) (G1 Evacuation Pause)
[2022-05-03T01:04:24.608+0000][2175.523s] GC(683) Using 8 workers of 8 for evacuation
[2022-05-03T01:04:24.613+0000][2175.527s] GC(683)   Pre Evacuate Collection Set: 0.0ms
[2022-05-03T01:04:24.614+0000][2175.528s] GC(683)   Evacuate Collection Set: 2.7ms
[2022-05-03T01:04:24.614+0000][2175.528s] GC(683)   Post Evacuate Collection Set: 1.5ms
[2022-05-03T01:04:24.614+0000][2175.528s] GC(683)   Other: 0.8ms
[2022-05-03T01:04:24.615+0000][2175.529s] GC(683) Eden regions: 288->0(292)
[2022-05-03T01:04:24.615+0000][2175.529s] GC(683) Survivor regions: 19->15(39)
[2022-05-03T01:04:24.615+0000][2175.529s] GC(683) Old regions: 71->71
[2022-05-03T01:04:24.616+0000][2175.530s] GC(683) Humongous regions: 7->7
[2022-05-03T01:04:24.616+0000][2175.530s] GC(683) Metaspace: 57706K->57706K(1101824K)
[2022-05-03T01:04:24.616+0000][2175.530s] GC(683) Pause Young (Normal) (G1 Evacuation Pause) 382M->90M(512M) 8.063ms
[2022-05-03T01:04:24.616+0000][2175.530s] GC(683) User=0.03s Sys=0.00s Real=0.01s
[2022-05-03T01:04:26.901+0000][2177.815s] GC(684) Pause Young (Normal) (G1 Evacuation Pause)
[2022-05-03T01:04:26.901+0000][2177.815s] GC(684) Using 8 workers of 8 for evacuation
[2022-05-03T01:04:26.908+0000][2177.822s] GC(684)   Pre Evacuate Collection Set: 0.0ms
[2022-05-03T01:04:26.908+0000][2177.822s] GC(684)   Evacuate Collection Set: 3.4ms
[2022-05-03T01:04:26.909+0000][2177.823s] GC(684)   Post Evacuate Collection Set: 2.5ms
[2022-05-03T01:04:26.909+0000][2177.823s] GC(684)   Other: 0.9ms
[2022-05-03T01:04:26.909+0000][2177.823s] GC(684) Eden regions: 292->0(287)
[2022-05-03T01:04:26.910+0000][2177.824s] GC(684) Survivor regions: 15->20(39)
[2022-05-03T01:04:26.910+0000][2177.824s] GC(684) Old regions: 71->71
[2022-05-03T01:04:26.910+0000][2177.825s] GC(684) Humongous regions: 7->7
[2022-05-03T01:04:26.911+0000][2177.825s] GC(684) Metaspace: 57706K->57706K(1101824K)
[2022-05-03T01:04:26.911+0000][2177.825s] GC(684) Pause Young (Normal) (G1 Evacuation Pause) 382M->95M(512M) 10.199ms
[2022-05-03T01:04:26.911+0000][2177.826s] GC(684) User=0.04s Sys=0.00s Real=0.01s
[2022-05-03T01:04:29.182+0000][2180.096s] GC(685) Pause Young (Normal) (G1 Evacuation Pause)
[2022-05-03T01:04:29.183+0000][2180.097s] GC(685) Using 8 workers of 8 for evacuation
[2022-05-03T01:04:29.188+0000][2180.103s] GC(685)   Pre Evacuate Collection Set: 0.0ms
[2022-05-03T01:04:29.189+0000][2180.103s] GC(685)   Evacuate Collection Set: 2.8ms
[2022-05-03T01:04:29.189+0000][2180.103s] GC(685)   Post Evacuate Collection Set: 2.7ms
[2022-05-03T01:04:29.190+0000][2180.104s] GC(685)   Other: 0.7ms
[2022-05-03T01:04:29.190+0000][2180.104s] GC(685) Eden regions: 287->0(290)
[2022-05-03T01:04:29.190+0000][2180.104s] GC(685) Survivor regions: 20->17(39)
[2022-05-03T01:04:29.191+0000][2180.105s] GC(685) Old regions: 71->71
[2022-05-03T01:04:29.191+0000][2180.105s] GC(685) Humongous regions: 7->7
[2022-05-03T01:04:29.191+0000][2180.105s] GC(685) Metaspace: 57706K->57706K(1101824K)
[2022-05-03T01:04:29.191+0000][2180.105s] GC(685) Pause Young (Normal) (G1 Evacuation Pause) 382M->92M(512M) 9.090ms
[2022-05-03T01:04:29.192+0000][2180.106s] GC(685) User=0.04s Sys=0.00s Real=0.01s
[2022-05-03T01:04:31.281+0000][2182.196s] GC(686) Pause Young (Normal) (G1 Evacuation Pause)
[2022-05-03T01:04:31.282+0000][2182.196s] GC(686) Using 8 workers of 8 for evacuation
[2022-05-03T01:04:31.287+0000][2182.201s] GC(686)   Pre Evacuate Collection Set: 0.0ms
[2022-05-03T01:04:31.288+0000][2182.202s] GC(686)   Evacuate Collection Set: 2.9ms
[2022-05-03T01:04:31.288+0000][2182.202s] GC(686)   Post Evacuate Collection Set: 2.0ms
[2022-05-03T01:04:31.289+0000][2182.203s] GC(686)   Other: 0.9ms
[2022-05-03T01:04:31.289+0000][2182.203s] GC(686) Eden regions: 290->0(292)
[2022-05-03T01:04:31.289+0000][2182.203s] GC(686) Survivor regions: 17->15(39)
[2022-05-03T01:04:31.290+0000][2182.204s] GC(686) Old regions: 71->71
[2022-05-03T01:04:31.290+0000][2182.204s] GC(686) Humongous regions: 7->7
[2022-05-03T01:04:31.290+0000][2182.204s] GC(686) Metaspace: 57706K->57706K(1101824K)
[2022-05-03T01:04:31.291+0000][2182.205s] GC(686) Pause Young (Normal) (G1 Evacuation Pause) 382M->90M(512M) 9.159ms
[2022-05-03T01:04:31.291+0000][2182.205s] GC(686) User=0.04s Sys=0.00s Real=0.01s
[2022-05-03T01:04:33.258+0000][2184.172s] GC(687) Pause Young (Normal) (G1 Evacuation Pause)
[2022-05-03T01:04:33.258+0000][2184.172s] GC(687) Using 8 workers of 8 for evacuation
[2022-05-03T01:04:33.264+0000][2184.178s] GC(687)   Pre Evacuate Collection Set: 0.0ms
[2022-05-03T01:04:33.264+0000][2184.178s] GC(687)   Evacuate Collection Set: 2.5ms
[2022-05-03T01:04:33.265+0000][2184.179s] GC(687)   Post Evacuate Collection Set: 2.6ms
[2022-05-03T01:04:33.265+0000][2184.179s] GC(687)   Other: 0.9ms
[2022-05-03T01:04:33.266+0000][2184.180s] GC(687) Eden regions: 292->0(290)
[2022-05-03T01:04:33.266+0000][2184.180s] GC(687) Survivor regions: 15->17(39)
[2022-05-03T01:04:33.266+0000][2184.181s] GC(687) Old regions: 71->71
[2022-05-03T01:04:33.267+0000][2184.181s] GC(687) Humongous regions: 7->7
[2022-05-03T01:04:33.267+0000][2184.181s] GC(687) Metaspace: 57706K->57706K(1101824K)
[2022-05-03T01:04:33.268+0000][2184.182s] GC(687) Pause Young (Normal) (G1 Evacuation Pause) 382M->93M(512M) 9.753ms
[2022-05-03T01:04:33.268+0000][2184.182s] GC(687) User=0.03s Sys=0.00s Real=0.01s
[2022-05-03T01:04:35.461+0000][2186.375s] GC(688) Pause Young (Normal) (G1 Evacuation Pause)
[2022-05-03T01:04:35.461+0000][2186.375s] GC(688) Using 8 workers of 8 for evacuation
[2022-05-03T01:04:35.468+0000][2186.382s] GC(688)   Pre Evacuate Collection Set: 0.0ms
[2022-05-03T01:04:35.468+0000][2186.382s] GC(688)   Evacuate Collection Set: 3.5ms
[2022-05-03T01:04:35.468+0000][2186.382s] GC(688)   Post Evacuate Collection Set: 2.6ms
[2022-05-03T01:04:35.469+0000][2186.383s] GC(688)   Other: 0.7ms
[2022-05-03T01:04:35.469+0000][2186.383s] GC(688) Eden regions: 290->0(288)
[2022-05-03T01:04:35.469+0000][2186.383s] GC(688) Survivor regions: 17->19(39)
[2022-05-03T01:04:35.470+0000][2186.384s] GC(688) Old regions: 71->71
[2022-05-03T01:04:35.470+0000][2186.384s] GC(688) Humongous regions: 7->7
[2022-05-03T01:04:35.470+0000][2186.384s] GC(688) Metaspace: 57706K->57706K(1101824K)
[2022-05-03T01:04:35.470+0000][2186.385s] GC(688) Pause Young (Normal) (G1 Evacuation Pause) 383M->95M(512M) 9.753ms
[2022-05-03T01:04:35.471+0000][2186.385s] GC(688) User=0.04s Sys=0.00s Real=0.01s
[2022-05-03T01:04:37.781+0000][2188.695s] GC(689) Pause Young (Normal) (G1 Evacuation Pause)
[2022-05-03T01:04:37.781+0000][2188.696s] GC(689) Using 8 workers of 8 for evacuation
[2022-05-03T01:04:37.788+0000][2188.702s] GC(689)   Pre Evacuate Collection Set: 0.0ms
[2022-05-03T01:04:37.788+0000][2188.703s] GC(689)   Evacuate Collection Set: 4.0ms
[2022-05-03T01:04:37.789+0000][2188.703s] GC(689)   Post Evacuate Collection Set: 2.0ms
[2022-05-03T01:04:37.789+0000][2188.703s] GC(689)   Other: 1.0ms
[2022-05-03T01:04:37.790+0000][2188.704s] GC(689) Eden regions: 288->0(290)
[2022-05-03T01:04:37.790+0000][2188.704s] GC(689) Survivor regions: 19->17(39)
[2022-05-03T01:04:37.790+0000][2188.704s] GC(689) Old regions: 71->71
[2022-05-03T01:04:37.791+0000][2188.705s] GC(689) Humongous regions: 7->7
[2022-05-03T01:04:37.791+0000][2188.705s] GC(689) Metaspace: 57706K->57706K(1101824K)
[2022-05-03T01:04:37.791+0000][2188.705s] GC(689) Pause Young (Normal) (G1 Evacuation Pause) 383M->93M(512M) 10.059ms
[2022-05-03T01:04:37.791+0000][2188.706s] GC(689) User=0.04s Sys=0.00s Real=0.01s
[2022-05-03T01:04:39.494+0000][2190.408s] GC(690) Pause Young (Normal) (G1 Evacuation Pause)
[2022-05-03T01:04:39.495+0000][2190.409s] GC(690) Using 8 workers of 8 for evacuation
[2022-05-03T01:04:39.501+0000][2190.415s] GC(690)   Pre Evacuate Collection Set: 0.0ms
[2022-05-03T01:04:39.501+0000][2190.415s] GC(690)   Evacuate Collection Set: 3.3ms
[2022-05-03T01:04:39.502+0000][2190.416s] GC(690)   Post Evacuate Collection Set: 2.5ms
[2022-05-03T01:04:39.502+0000][2190.416s] GC(690)   Other: 0.8ms
[2022-05-03T01:04:39.502+0000][2190.416s] GC(690) Eden regions: 290->0(287)
[2022-05-03T01:04:39.502+0000][2190.417s] GC(690) Survivor regions: 17->20(39)
[2022-05-03T01:04:39.503+0000][2190.417s] GC(690) Old regions: 71->71
[2022-05-03T01:04:39.503+0000][2190.417s] GC(690) Humongous regions: 7->7
[2022-05-03T01:04:39.503+0000][2190.417s] GC(690) Metaspace: 57706K->57706K(1101824K)
[2022-05-03T01:04:39.504+0000][2190.418s] GC(690) Pause Young (Normal) (G1 Evacuation Pause) 383M->95M(512M) 9.298ms
[2022-05-03T01:04:39.504+0000][2190.418s] GC(690) User=0.03s Sys=0.00s Real=0.00s
[2022-05-03T01:04:41.762+0000][2192.676s] GC(691) Pause Young (Normal) (G1 Evacuation Pause)
[2022-05-03T01:04:41.762+0000][2192.676s] GC(691) Using 8 workers of 8 for evacuation
[2022-05-03T01:04:41.769+0000][2192.683s] GC(691)   Pre Evacuate Collection Set: 0.0ms
[2022-05-03T01:04:41.769+0000][2192.683s] GC(691)   Evacuate Collection Set: 3.3ms
[2022-05-03T01:04:41.770+0000][2192.684s] GC(691)   Post Evacuate Collection Set: 2.6ms
[2022-05-03T01:04:41.770+0000][2192.684s] GC(691)   Other: 1.0ms
[2022-05-03T01:04:41.770+0000][2192.685s] GC(691) Eden regions: 287->0(287)
[2022-05-03T01:04:41.771+0000][2192.685s] GC(691) Survivor regions: 20->20(39)
[2022-05-03T01:04:41.771+0000][2192.685s] GC(691) Old regions: 71->71
[2022-05-03T01:04:41.771+0000][2192.686s] GC(691) Humongous regions: 7->7
[2022-05-03T01:04:41.772+0000][2192.686s] GC(691) Metaspace: 57706K->57706K(1101824K)
[2022-05-03T01:04:41.772+0000][2192.686s] GC(691) Pause Young (Normal) (G1 Evacuation Pause) 382M->96M(512M) 10.245ms
[2022-05-03T01:04:41.772+0000][2192.686s] GC(691) User=0.05s Sys=0.00s Real=0.01s
[2022-05-03T01:04:43.954+0000][2194.868s] GC(692) Pause Young (Normal) (G1 Evacuation Pause)
[2022-05-03T01:04:43.954+0000][2194.868s] GC(692) Using 8 workers of 8 for evacuation
[2022-05-03T01:04:43.967+0000][2194.881s] GC(692)   Pre Evacuate Collection Set: 0.0ms
[2022-05-03T01:04:43.968+0000][2194.882s] GC(692)   Evacuate Collection Set: 8.3ms
[2022-05-03T01:04:43.968+0000][2194.882s] GC(692)   Post Evacuate Collection Set: 4.3ms
[2022-05-03T01:04:43.969+0000][2194.883s] GC(692)   Other: 0.8ms
[2022-05-03T01:04:43.969+0000][2194.883s] GC(692) Eden regions: 287->0(289)
[2022-05-03T01:04:43.969+0000][2194.883s] GC(692) Survivor regions: 20->18(39)
[2022-05-03T01:04:43.970+0000][2194.884s] GC(692) Old regions: 71->71
[2022-05-03T01:04:43.970+0000][2194.884s] GC(692) Humongous regions: 7->7
[2022-05-03T01:04:43.970+0000][2194.885s] GC(692) Metaspace: 57706K->57706K(1101824K)
[2022-05-03T01:04:43.971+0000][2194.885s] GC(692) Pause Young (Normal) (G1 Evacuation Pause) 383M->94M(512M) 16.766ms
[2022-05-03T01:04:43.971+0000][2194.885s] GC(692) User=0.09s Sys=0.00s Real=0.02s
[2022-05-03T01:04:45.783+0000][2196.697s] GC(693) Pause Young (Normal) (G1 Evacuation Pause)
[2022-05-03T01:04:45.783+0000][2196.697s] GC(693) Using 8 workers of 8 for evacuation
[2022-05-03T01:04:45.788+0000][2196.702s] GC(693)   Pre Evacuate Collection Set: 0.0ms
[2022-05-03T01:04:45.788+0000][2196.702s] GC(693)   Evacuate Collection Set: 2.8ms
[2022-05-03T01:04:45.788+0000][2196.702s] GC(693)   Post Evacuate Collection Set: 1.6ms
[2022-05-03T01:04:45.789+0000][2196.703s] GC(693)   Other: 0.8ms
[2022-05-03T01:04:45.789+0000][2196.703s] GC(693) Eden regions: 289->0(292)
[2022-05-03T01:04:45.789+0000][2196.703s] GC(693) Survivor regions: 18->15(39)
[2022-05-03T01:04:45.790+0000][2196.704s] GC(693) Old regions: 71->71
[2022-05-03T01:04:45.790+0000][2196.704s] GC(693) Humongous regions: 7->7
[2022-05-03T01:04:45.790+0000][2196.704s] GC(693) Metaspace: 57708K->57708K(1101824K)
[2022-05-03T01:04:45.790+0000][2196.704s] GC(693) Pause Young (Normal) (G1 Evacuation Pause) 383M->90M(512M) 7.778ms
[2022-05-03T01:04:45.790+0000][2196.705s] GC(693) User=0.04s Sys=0.00s Real=0.01s
[2022-05-03T01:04:48.158+0000][2199.072s] GC(694) Pause Young (Normal) (G1 Evacuation Pause)
[2022-05-03T01:04:48.158+0000][2199.072s] GC(694) Using 8 workers of 8 for evacuation
[2022-05-03T01:04:48.165+0000][2199.079s] GC(694)   Pre Evacuate Collection Set: 0.0ms
[2022-05-03T01:04:48.165+0000][2199.079s] GC(694)   Evacuate Collection Set: 3.6ms
[2022-05-03T01:04:48.166+0000][2199.080s] GC(694)   Post Evacuate Collection Set: 2.5ms
[2022-05-03T01:04:48.166+0000][2199.080s] GC(694)   Other: 0.8ms
[2022-05-03T01:04:48.166+0000][2199.080s] GC(694) Eden regions: 292->0(287)
[2022-05-03T01:04:48.167+0000][2199.081s] GC(694) Survivor regions: 15->20(39)
[2022-05-03T01:04:48.167+0000][2199.081s] GC(694) Old regions: 71->71
[2022-05-03T01:04:48.167+0000][2199.081s] GC(694) Humongous regions: 7->7
[2022-05-03T01:04:48.168+0000][2199.082s] GC(694) Metaspace: 57708K->57708K(1101824K)
[2022-05-03T01:04:48.168+0000][2199.082s] GC(694) Pause Young (Normal) (G1 Evacuation Pause) 382M->96M(512M) 9.855ms
[2022-05-03T01:04:48.168+0000][2199.082s] GC(694) User=0.04s Sys=0.00s Real=0.01s
[2022-05-03T01:04:50.379+0000][2201.293s] GC(695) Pause Young (Normal) (G1 Evacuation Pause)
[2022-05-03T01:04:50.380+0000][2201.294s] GC(695) Using 8 workers of 8 for evacuation
[2022-05-03T01:04:50.386+0000][2201.300s] GC(695)   Pre Evacuate Collection Set: 0.0ms
[2022-05-03T01:04:50.386+0000][2201.301s] GC(695)   Evacuate Collection Set: 2.9ms
[2022-05-03T01:04:50.387+0000][2201.301s] GC(695)   Post Evacuate Collection Set: 2.9ms
[2022-05-03T01:04:50.387+0000][2201.301s] GC(695)   Other: 1.0ms
[2022-05-03T01:04:50.388+0000][2201.302s] GC(695) Eden regions: 287->0(290)
[2022-05-03T01:04:50.388+0000][2201.302s] GC(695) Survivor regions: 20->17(39)
[2022-05-03T01:04:50.388+0000][2201.303s] GC(695) Old regions: 71->71
[2022-05-03T01:04:50.389+0000][2201.303s] GC(695) Humongous regions: 7->7
[2022-05-03T01:04:50.389+0000][2201.303s] GC(695) Metaspace: 57708K->57708K(1101824K)
[2022-05-03T01:04:50.389+0000][2201.304s] GC(695) Pause Young (Normal) (G1 Evacuation Pause) 383M->93M(512M) 10.329ms
[2022-05-03T01:04:50.390+0000][2201.304s] GC(695) User=0.04s Sys=0.00s Real=0.01s
[2022-05-03T01:04:52.434+0000][2203.348s] GC(696) Pause Young (Normal) (G1 Evacuation Pause)
[2022-05-03T01:04:52.434+0000][2203.349s] GC(696) Using 8 workers of 8 for evacuation
[2022-05-03T01:04:52.439+0000][2203.354s] GC(696)   Pre Evacuate Collection Set: 0.0ms
[2022-05-03T01:04:52.440+0000][2203.354s] GC(696)   Evacuate Collection Set: 2.7ms
[2022-05-03T01:04:52.440+0000][2203.354s] GC(696)   Post Evacuate Collection Set: 1.9ms
[2022-05-03T01:04:52.441+0000][2203.355s] GC(696)   Other: 0.8ms
[2022-05-03T01:04:52.441+0000][2203.355s] GC(696) Eden regions: 290->0(292)
[2022-05-03T01:04:52.441+0000][2203.355s] GC(696) Survivor regions: 17->15(39)
[2022-05-03T01:04:52.441+0000][2203.356s] GC(696) Old regions: 71->72
[2022-05-03T01:04:52.442+0000][2203.356s] GC(696) Humongous regions: 7->7
[2022-05-03T01:04:52.442+0000][2203.356s] GC(696) Metaspace: 57708K->57708K(1101824K)
[2022-05-03T01:04:52.442+0000][2203.356s] GC(696) Pause Young (Normal) (G1 Evacuation Pause) 383M->91M(512M) 8.272ms
[2022-05-03T01:04:52.443+0000][2203.357s] GC(696) User=0.02s Sys=0.01s Real=0.01s
[2022-05-03T01:04:54.477+0000][2205.391s] GC(697) Pause Young (Normal) (G1 Evacuation Pause)
[2022-05-03T01:04:54.477+0000][2205.391s] GC(697) Using 8 workers of 8 for evacuation
[2022-05-03T01:04:54.483+0000][2205.397s] GC(697)   Pre Evacuate Collection Set: 0.0ms
[2022-05-03T01:04:54.483+0000][2205.397s] GC(697)   Evacuate Collection Set: 2.8ms
[2022-05-03T01:04:54.483+0000][2205.398s] GC(697)   Post Evacuate Collection Set: 2.4ms
[2022-05-03T01:04:54.484+0000][2205.398s] GC(697)   Other: 0.6ms
[2022-05-03T01:04:54.484+0000][2205.398s] GC(697) Eden regions: 292->0(289)
[2022-05-03T01:04:54.484+0000][2205.398s] GC(697) Survivor regions: 15->18(39)
[2022-05-03T01:04:54.485+0000][2205.399s] GC(697) Old regions: 72->72
[2022-05-03T01:04:54.485+0000][2205.399s] GC(697) Humongous regions: 7->7
[2022-05-03T01:04:54.485+0000][2205.399s] GC(697) Metaspace: 57708K->57708K(1101824K)
[2022-05-03T01:04:54.485+0000][2205.400s] GC(697) Pause Young (Normal) (G1 Evacuation Pause) 383M->94M(512M) 8.460ms
[2022-05-03T01:04:54.486+0000][2205.400s] GC(697) User=0.03s Sys=0.00s Real=0.01s
[2022-05-03T01:04:56.770+0000][2207.685s] GC(698) Pause Young (Normal) (G1 Evacuation Pause)
[2022-05-03T01:04:56.771+0000][2207.685s] GC(698) Using 8 workers of 8 for evacuation
[2022-05-03T01:04:56.778+0000][2207.692s] GC(698)   Pre Evacuate Collection Set: 0.0ms
[2022-05-03T01:04:56.779+0000][2207.693s] GC(698)   Evacuate Collection Set: 4.4ms
[2022-05-03T01:04:56.779+0000][2207.693s] GC(698)   Post Evacuate Collection Set: 2.5ms
[2022-05-03T01:04:56.779+0000][2207.693s] GC(698)   Other: 0.9ms
[2022-05-03T01:04:56.779+0000][2207.693s] GC(698) Eden regions: 289->0(288)
[2022-05-03T01:04:56.780+0000][2207.694s] GC(698) Survivor regions: 18->19(39)
[2022-05-03T01:04:56.780+0000][2207.694s] GC(698) Old regions: 72->72
[2022-05-03T01:04:56.780+0000][2207.694s] GC(698) Humongous regions: 7->7
[2022-05-03T01:04:56.780+0000][2207.694s] GC(698) Metaspace: 57708K->57708K(1101824K)
[2022-05-03T01:04:56.781+0000][2207.695s] GC(698) Pause Young (Normal) (G1 Evacuation Pause) 383M->95M(512M) 10.198ms
[2022-05-03T01:04:56.781+0000][2207.695s] GC(698) User=0.05s Sys=0.00s Real=0.01s
[2022-05-03T01:04:58.971+0000][2209.885s] GC(699) Pause Young (Normal) (G1 Evacuation Pause)
[2022-05-03T01:04:58.971+0000][2209.885s] GC(699) Using 8 workers of 8 for evacuation
[2022-05-03T01:04:58.977+0000][2209.891s] GC(699)   Pre Evacuate Collection Set: 0.0ms
[2022-05-03T01:04:58.978+0000][2209.892s] GC(699)   Evacuate Collection Set: 4.1ms
[2022-05-03T01:04:58.978+0000][2209.892s] GC(699)   Post Evacuate Collection Set: 1.8ms
[2022-05-03T01:04:58.979+0000][2209.893s] GC(699)   Other: 0.8ms
[2022-05-03T01:04:58.979+0000][2209.893s] GC(699) Eden regions: 288->0(290)
[2022-05-03T01:04:58.979+0000][2209.893s] GC(699) Survivor regions: 19->17(39)
[2022-05-03T01:04:58.980+0000][2209.894s] GC(699) Old regions: 72->72
[2022-05-03T01:04:58.980+0000][2209.894s] GC(699) Humongous regions: 7->7
[2022-05-03T01:04:58.980+0000][2209.894s] GC(699) Metaspace: 57709K->57709K(1101824K)
[2022-05-03T01:04:58.981+0000][2209.895s] GC(699) Pause Young (Normal) (G1 Evacuation Pause) 383M->93M(512M) 10.158ms
[2022-05-03T01:04:58.981+0000][2209.895s] GC(699) User=0.04s Sys=0.00s Real=0.01s
[2022-05-03T01:05:00.743+0000][2211.657s] GC(700) Pause Young (Normal) (G1 Evacuation Pause)
[2022-05-03T01:05:00.743+0000][2211.657s] GC(700) Using 8 workers of 8 for evacuation
[2022-05-03T01:05:00.749+0000][2211.663s] GC(700)   Pre Evacuate Collection Set: 0.0ms
[2022-05-03T01:05:00.750+0000][2211.664s] GC(700)   Evacuate Collection Set: 3.4ms
[2022-05-03T01:05:00.750+0000][2211.664s] GC(700)   Post Evacuate Collection Set: 2.3ms
[2022-05-03T01:05:00.750+0000][2211.664s] GC(700)   Other: 0.8ms
[2022-05-03T01:05:00.751+0000][2211.665s] GC(700) Eden regions: 290->0(287)
[2022-05-03T01:05:00.751+0000][2211.665s] GC(700) Survivor regions: 17->20(39)
[2022-05-03T01:05:00.751+0000][2211.665s] GC(700) Old regions: 72->72
[2022-05-03T01:05:00.751+0000][2211.666s] GC(700) Humongous regions: 7->7
[2022-05-03T01:05:00.752+0000][2211.666s] GC(700) Metaspace: 57709K->57709K(1101824K)
[2022-05-03T01:05:00.752+0000][2211.666s] GC(700) Pause Young (Normal) (G1 Evacuation Pause) 383M->96M(512M) 9.376ms
[2022-05-03T01:05:00.752+0000][2211.666s] GC(700) User=0.04s Sys=0.00s Real=0.01s
[2022-05-03T01:05:03.017+0000][2213.931s] GC(701) Pause Young (Normal) (G1 Evacuation Pause)
[2022-05-03T01:05:03.017+0000][2213.931s] GC(701) Using 8 workers of 8 for evacuation
[2022-05-03T01:05:03.023+0000][2213.938s] GC(701)   Pre Evacuate Collection Set: 0.0ms
[2022-05-03T01:05:03.024+0000][2213.938s] GC(701)   Evacuate Collection Set: 3.3ms
[2022-05-03T01:05:03.024+0000][2213.938s] GC(701)   Post Evacuate Collection Set: 2.5ms
[2022-05-03T01:05:03.024+0000][2213.939s] GC(701)   Other: 0.8ms
[2022-05-03T01:05:03.025+0000][2213.939s] GC(701) Eden regions: 287->0(287)
[2022-05-03T01:05:03.025+0000][2213.939s] GC(701) Survivor regions: 20->20(39)
[2022-05-03T01:05:03.025+0000][2213.940s] GC(701) Old regions: 72->72
[2022-05-03T01:05:03.026+0000][2213.940s] GC(701) Humongous regions: 7->7
[2022-05-03T01:05:03.026+0000][2213.940s] GC(701) Metaspace: 57709K->57709K(1101824K)
[2022-05-03T01:05:03.026+0000][2213.941s] GC(701) Pause Young (Normal) (G1 Evacuation Pause) 383M->96M(512M) 9.604ms
[2022-05-03T01:05:03.027+0000][2213.941s] GC(701) User=0.02s Sys=0.01s Real=0.01s
[2022-05-03T01:05:05.322+0000][2216.236s] GC(702) Pause Young (Normal) (G1 Evacuation Pause)
[2022-05-03T01:05:05.322+0000][2216.236s] GC(702) Using 8 workers of 8 for evacuation
[2022-05-03T01:05:05.329+0000][2216.243s] GC(702)   Pre Evacuate Collection Set: 0.0ms
[2022-05-03T01:05:05.329+0000][2216.243s] GC(702)   Evacuate Collection Set: 3.2ms
[2022-05-03T01:05:05.329+0000][2216.243s] GC(702)   Post Evacuate Collection Set: 2.6ms
[2022-05-03T01:05:05.330+0000][2216.244s] GC(702)   Other: 0.9ms
[2022-05-03T01:05:05.330+0000][2216.244s] GC(702) Eden regions: 287->0(288)
[2022-05-03T01:05:05.330+0000][2216.245s] GC(702) Survivor regions: 20->19(39)
[2022-05-03T01:05:05.331+0000][2216.245s] GC(702) Old regions: 72->72
[2022-05-03T01:05:05.331+0000][2216.245s] GC(702) Humongous regions: 7->7
[2022-05-03T01:05:05.331+0000][2216.245s] GC(702) Metaspace: 57709K->57709K(1101824K)
[2022-05-03T01:05:05.332+0000][2216.246s] GC(702) Pause Young (Normal) (G1 Evacuation Pause) 383M->95M(512M) 9.761ms
[2022-05-03T01:05:05.332+0000][2216.246s] GC(702) User=0.04s Sys=0.00s Real=0.01s
[2022-05-03T01:05:07.053+0000][2217.967s] GC(703) Pause Young (Normal) (G1 Evacuation Pause)
[2022-05-03T01:05:07.053+0000][2217.968s] GC(703) Using 8 workers of 8 for evacuation
[2022-05-03T01:05:07.059+0000][2217.973s] GC(703)   Pre Evacuate Collection Set: 0.0ms
[2022-05-03T01:05:07.059+0000][2217.973s] GC(703)   Evacuate Collection Set: 3.4ms
[2022-05-03T01:05:07.059+0000][2217.974s] GC(703)   Post Evacuate Collection Set: 1.8ms
[2022-05-03T01:05:07.060+0000][2217.974s] GC(703)   Other: 0.6ms
[2022-05-03T01:05:07.060+0000][2217.974s] GC(703) Eden regions: 288->0(293)
[2022-05-03T01:05:07.060+0000][2217.974s] GC(703) Survivor regions: 19->14(39)
[2022-05-03T01:05:07.060+0000][2217.974s] GC(703) Old regions: 72->72
[2022-05-03T01:05:07.060+0000][2217.974s] GC(703) Humongous regions: 7->7
[2022-05-03T01:05:07.061+0000][2217.975s] GC(703) Metaspace: 57709K->57709K(1101824K)
[2022-05-03T01:05:07.061+0000][2217.975s] GC(703) Pause Young (Normal) (G1 Evacuation Pause) 383M->90M(512M) 7.543ms
[2022-05-03T01:05:07.061+0000][2217.975s] GC(703) User=0.03s Sys=0.00s Real=0.01s
[2022-05-03T01:05:09.280+0000][2220.194s] GC(704) Pause Young (Normal) (G1 Evacuation Pause)
[2022-05-03T01:05:09.280+0000][2220.195s] GC(704) Using 8 workers of 8 for evacuation
[2022-05-03T01:05:09.287+0000][2220.201s] GC(704)   Pre Evacuate Collection Set: 0.0ms
[2022-05-03T01:05:09.287+0000][2220.201s] GC(704)   Evacuate Collection Set: 3.5ms
[2022-05-03T01:05:09.288+0000][2220.202s] GC(704)   Post Evacuate Collection Set: 2.5ms
[2022-05-03T01:05:09.288+0000][2220.202s] GC(704)   Other: 0.9ms
[2022-05-03T01:05:09.288+0000][2220.202s] GC(704) Eden regions: 293->0(287)
[2022-05-03T01:05:09.288+0000][2220.202s] GC(704) Survivor regions: 14->20(39)
[2022-05-03T01:05:09.289+0000][2220.203s] GC(704) Old regions: 72->72
[2022-05-03T01:05:09.289+0000][2220.203s] GC(704) Humongous regions: 7->7
[2022-05-03T01:05:09.289+0000][2220.203s] GC(704) Metaspace: 57709K->57709K(1101824K)
[2022-05-03T01:05:09.290+0000][2220.204s] GC(704) Pause Young (Normal) (G1 Evacuation Pause) 383M->96M(512M) 9.526ms
[2022-05-03T01:05:09.290+0000][2220.204s] GC(704) User=0.04s Sys=0.00s Real=0.01s
[2022-05-03T01:05:11.570+0000][2222.484s] GC(705) Pause Young (Normal) (G1 Evacuation Pause)
[2022-05-03T01:05:11.570+0000][2222.484s] GC(705) Using 8 workers of 8 for evacuation
[2022-05-03T01:05:11.577+0000][2222.491s] GC(705)   Pre Evacuate Collection Set: 0.0ms
[2022-05-03T01:05:11.577+0000][2222.491s] GC(705)   Evacuate Collection Set: 3.2ms
[2022-05-03T01:05:11.578+0000][2222.492s] GC(705)   Post Evacuate Collection Set: 2.9ms
[2022-05-03T01:05:11.578+0000][2222.492s] GC(705)   Other: 1.0ms
[2022-05-03T01:05:11.578+0000][2222.493s] GC(705) Eden regions: 287->0(288)
[2022-05-03T01:05:11.579+0000][2222.493s] GC(705) Survivor regions: 20->19(39)
[2022-05-03T01:05:11.579+0000][2222.493s] GC(705) Old regions: 72->72
[2022-05-03T01:05:11.579+0000][2222.494s] GC(705) Humongous regions: 7->7
[2022-05-03T01:05:11.580+0000][2222.494s] GC(705) Metaspace: 57709K->57709K(1101824K)
[2022-05-03T01:05:11.580+0000][2222.494s] GC(705) Pause Young (Normal) (G1 Evacuation Pause) 383M->95M(512M) 10.382ms
[2022-05-03T01:05:11.580+0000][2222.494s] GC(705) User=0.04s Sys=0.00s Real=0.01s
[2022-05-03T01:05:13.283+0000][2224.197s] GC(706) Pause Young (Normal) (G1 Evacuation Pause)
[2022-05-03T01:05:13.284+0000][2224.198s] GC(706) Using 8 workers of 8 for evacuation
[2022-05-03T01:05:13.289+0000][2224.203s] GC(706)   Pre Evacuate Collection Set: 0.0ms
[2022-05-03T01:05:13.289+0000][2224.203s] GC(706)   Evacuate Collection Set: 2.8ms
[2022-05-03T01:05:13.289+0000][2224.203s] GC(706)   Post Evacuate Collection Set: 1.6ms
[2022-05-03T01:05:13.290+0000][2224.204s] GC(706)   Other: 0.9ms
[2022-05-03T01:05:13.290+0000][2224.204s] GC(706) Eden regions: 288->0(293)
[2022-05-03T01:05:13.290+0000][2224.205s] GC(706) Survivor regions: 19->14(39)
[2022-05-03T01:05:13.291+0000][2224.205s] GC(706) Old regions: 72->72
[2022-05-03T01:05:13.291+0000][2224.205s] GC(706) Humongous regions: 7->7
[2022-05-03T01:05:13.291+0000][2224.205s] GC(706) Metaspace: 57709K->57709K(1101824K)
[2022-05-03T01:05:13.292+0000][2224.206s] GC(706) Pause Young (Normal) (G1 Evacuation Pause) 383M->90M(512M) 8.416ms
[2022-05-03T01:05:13.292+0000][2224.206s] GC(706) User=0.03s Sys=0.00s Real=0.01s
[2022-05-03T01:05:15.685+0000][2226.599s] GC(707) Pause Young (Normal) (G1 Evacuation Pause)
[2022-05-03T01:05:15.686+0000][2226.600s] GC(707) Using 8 workers of 8 for evacuation
[2022-05-03T01:05:15.691+0000][2226.605s] GC(707)   Pre Evacuate Collection Set: 0.0ms
[2022-05-03T01:05:15.692+0000][2226.606s] GC(707)   Evacuate Collection Set: 2.5ms
[2022-05-03T01:05:15.692+0000][2226.606s] GC(707)   Post Evacuate Collection Set: 2.7ms
[2022-05-03T01:05:15.692+0000][2226.607s] GC(707)   Other: 0.9ms
[2022-05-03T01:05:15.693+0000][2226.607s] GC(707) Eden regions: 293->0(289)
[2022-05-03T01:05:15.693+0000][2226.607s] GC(707) Survivor regions: 14->18(39)
[2022-05-03T01:05:15.693+0000][2226.607s] GC(707) Old regions: 72->72
[2022-05-03T01:05:15.694+0000][2226.608s] GC(707) Humongous regions: 7->7
[2022-05-03T01:05:15.694+0000][2226.608s] GC(707) Metaspace: 57714K->57714K(1101824K)
[2022-05-03T01:05:15.694+0000][2226.608s] GC(707) Pause Young (Normal) (G1 Evacuation Pause) 383M->94M(512M) 8.809ms
[2022-05-03T01:05:15.694+0000][2226.608s] GC(707) User=0.03s Sys=0.01s Real=0.01s
[2022-05-03T01:05:17.950+0000][2228.865s] GC(708) Pause Young (Normal) (G1 Evacuation Pause)
[2022-05-03T01:05:17.951+0000][2228.865s] GC(708) Using 8 workers of 8 for evacuation
[2022-05-03T01:05:17.968+0000][2228.882s] GC(708)   Pre Evacuate Collection Set: 0.0ms
[2022-05-03T01:05:17.969+0000][2228.883s] GC(708)   Evacuate Collection Set: 8.3ms
[2022-05-03T01:05:17.969+0000][2228.883s] GC(708)   Post Evacuate Collection Set: 8.7ms
[2022-05-03T01:05:17.969+0000][2228.883s] GC(708)   Other: 0.8ms
[2022-05-03T01:05:17.969+0000][2228.884s] GC(708) Eden regions: 289->0(288)
[2022-05-03T01:05:17.970+0000][2228.884s] GC(708) Survivor regions: 18->19(39)
[2022-05-03T01:05:17.970+0000][2228.884s] GC(708) Old regions: 72->72
[2022-05-03T01:05:17.970+0000][2228.884s] GC(708) Humongous regions: 7->7
[2022-05-03T01:05:17.970+0000][2228.884s] GC(708) Metaspace: 57714K->57714K(1101824K)
[2022-05-03T01:05:17.970+0000][2228.885s] GC(708) Pause Young (Normal) (G1 Evacuation Pause) 383M->95M(512M) 19.957ms
[2022-05-03T01:05:17.971+0000][2228.885s] GC(708) User=0.13s Sys=0.00s Real=0.02s
[2022-05-03T01:05:19.792+0000][2230.706s] GC(709) Pause Young (Normal) (G1 Evacuation Pause)
[2022-05-03T01:05:19.793+0000][2230.707s] GC(709) Using 8 workers of 8 for evacuation
[2022-05-03T01:05:19.798+0000][2230.712s] GC(709)   Pre Evacuate Collection Set: 0.0ms
[2022-05-03T01:05:19.798+0000][2230.712s] GC(709)   Evacuate Collection Set: 2.9ms
[2022-05-03T01:05:19.798+0000][2230.712s] GC(709)   Post Evacuate Collection Set: 1.6ms
[2022-05-03T01:05:19.799+0000][2230.713s] GC(709)   Other: 0.8ms
[2022-05-03T01:05:19.799+0000][2230.713s] GC(709) Eden regions: 288->0(292)
[2022-05-03T01:05:19.799+0000][2230.713s] GC(709) Survivor regions: 19->15(39)
[2022-05-03T01:05:19.800+0000][2230.714s] GC(709) Old regions: 72->72
[2022-05-03T01:05:19.800+0000][2230.714s] GC(709) Humongous regions: 7->7
[2022-05-03T01:05:19.800+0000][2230.714s] GC(709) Metaspace: 57714K->57714K(1101824K)
[2022-05-03T01:05:19.801+0000][2230.715s] GC(709) Pause Young (Normal) (G1 Evacuation Pause) 383M->91M(512M) 8.411ms
[2022-05-03T01:05:19.801+0000][2230.715s] GC(709) User=0.03s Sys=0.00s Real=0.01s
[2022-05-03T01:05:22.078+0000][2232.992s] GC(710) Pause Young (Normal) (G1 Evacuation Pause)
[2022-05-03T01:05:22.078+0000][2232.992s] GC(710) Using 8 workers of 8 for evacuation
[2022-05-03T01:05:22.091+0000][2233.005s] GC(710)   Pre Evacuate Collection Set: 0.0ms
[2022-05-03T01:05:22.092+0000][2233.006s] GC(710)   Evacuate Collection Set: 7.9ms
[2022-05-03T01:05:22.092+0000][2233.006s] GC(710)   Post Evacuate Collection Set: 4.7ms
[2022-05-03T01:05:22.093+0000][2233.007s] GC(710)   Other: 1.0ms
[2022-05-03T01:05:22.093+0000][2233.007s] GC(710) Eden regions: 292->0(288)
[2022-05-03T01:05:22.093+0000][2233.008s] GC(710) Survivor regions: 15->19(39)
[2022-05-03T01:05:22.094+0000][2233.008s] GC(710) Old regions: 72->72
[2022-05-03T01:05:22.094+0000][2233.008s] GC(710) Humongous regions: 7->7
[2022-05-03T01:05:22.095+0000][2233.009s] GC(710) Metaspace: 57714K->57714K(1101824K)
[2022-05-03T01:05:22.095+0000][2233.009s] GC(710) Pause Young (Normal) (G1 Evacuation Pause) 383M->95M(512M) 17.191ms
[2022-05-03T01:05:22.095+0000][2233.009s] GC(710) User=0.09s Sys=0.00s Real=0.02s
[2022-05-03T01:05:24.282+0000][2235.196s] GC(711) Pause Young (Normal) (G1 Evacuation Pause)
[2022-05-03T01:05:24.283+0000][2235.197s] GC(711) Using 8 workers of 8 for evacuation
[2022-05-03T01:05:24.294+0000][2235.209s] GC(711)   Pre Evacuate Collection Set: 0.0ms
[2022-05-03T01:05:24.295+0000][2235.209s] GC(711)   Evacuate Collection Set: 7.0ms
[2022-05-03T01:05:24.295+0000][2235.209s] GC(711)   Post Evacuate Collection Set: 4.7ms
[2022-05-03T01:05:24.296+0000][2235.210s] GC(711)   Other: 0.5ms
[2022-05-03T01:05:24.296+0000][2235.210s] GC(711) Eden regions: 288->0(291)
[2022-05-03T01:05:24.296+0000][2235.211s] GC(711) Survivor regions: 19->16(39)
[2022-05-03T01:05:24.297+0000][2235.211s] GC(711) Old regions: 72->72
[2022-05-03T01:05:24.297+0000][2235.211s] GC(711) Humongous regions: 7->7
[2022-05-03T01:05:24.297+0000][2235.212s] GC(711) Metaspace: 57714K->57714K(1101824K)
[2022-05-03T01:05:24.298+0000][2235.212s] GC(711) Pause Young (Normal) (G1 Evacuation Pause) 383M->93M(512M) 15.441ms
[2022-05-03T01:05:24.298+0000][2235.212s] GC(711) User=0.08s Sys=0.00s Real=0.02s
[2022-05-03T01:05:26.209+0000][2237.123s] GC(712) Pause Young (Normal) (G1 Evacuation Pause)
[2022-05-03T01:05:26.209+0000][2237.123s] GC(712) Using 8 workers of 8 for evacuation
[2022-05-03T01:05:26.214+0000][2237.128s] GC(712)   Pre Evacuate Collection Set: 0.0ms
[2022-05-03T01:05:26.215+0000][2237.129s] GC(712)   Evacuate Collection Set: 2.8ms
[2022-05-03T01:05:26.215+0000][2237.129s] GC(712)   Post Evacuate Collection Set: 1.9ms
[2022-05-03T01:05:26.215+0000][2237.130s] GC(712)   Other: 0.5ms
[2022-05-03T01:05:26.216+0000][2237.130s] GC(712) Eden regions: 291->0(292)
[2022-05-03T01:05:26.216+0000][2237.130s] GC(712) Survivor regions: 16->15(39)
[2022-05-03T01:05:26.217+0000][2237.131s] GC(712) Old regions: 72->72
[2022-05-03T01:05:26.217+0000][2237.131s] GC(712) Humongous regions: 7->7
[2022-05-03T01:05:26.218+0000][2237.132s] GC(712) Metaspace: 57714K->57714K(1101824K)
[2022-05-03T01:05:26.218+0000][2237.132s] GC(712) Pause Young (Normal) (G1 Evacuation Pause) 384M->91M(512M) 8.865ms
[2022-05-03T01:05:26.218+0000][2237.132s] GC(712) User=0.02s Sys=0.01s Real=0.01s
[2022-05-03T01:05:28.353+0000][2239.267s] GC(713) Pause Young (Normal) (G1 Evacuation Pause)
[2022-05-03T01:05:28.353+0000][2239.267s] GC(713) Using 8 workers of 8 for evacuation
[2022-05-03T01:05:28.360+0000][2239.274s] GC(713)   Pre Evacuate Collection Set: 0.0ms
[2022-05-03T01:05:28.360+0000][2239.274s] GC(713)   Evacuate Collection Set: 3.7ms
[2022-05-03T01:05:28.361+0000][2239.275s] GC(713)   Post Evacuate Collection Set: 2.7ms
[2022-05-03T01:05:28.361+0000][2239.275s] GC(713)   Other: 0.7ms
[2022-05-03T01:05:28.361+0000][2239.275s] GC(713) Eden regions: 292->0(287)
[2022-05-03T01:05:28.362+0000][2239.276s] GC(713) Survivor regions: 15->20(39)
[2022-05-03T01:05:28.362+0000][2239.276s] GC(713) Old regions: 72->72
[2022-05-03T01:05:28.362+0000][2239.276s] GC(713) Humongous regions: 7->7
[2022-05-03T01:05:28.363+0000][2239.277s] GC(713) Metaspace: 57714K->57714K(1101824K)
[2022-05-03T01:05:28.363+0000][2239.277s] GC(713) Pause Young (Normal) (G1 Evacuation Pause) 383M->97M(512M) 10.120ms
[2022-05-03T01:05:28.363+0000][2239.277s] GC(713) User=0.04s Sys=0.00s Real=0.01s
[2022-05-03T01:05:30.641+0000][2241.556s] GC(714) Pause Young (Normal) (G1 Evacuation Pause)
[2022-05-03T01:05:30.642+0000][2241.556s] GC(714) Using 8 workers of 8 for evacuation
[2022-05-03T01:05:30.647+0000][2241.561s] GC(714)   Pre Evacuate Collection Set: 0.0ms
[2022-05-03T01:05:30.648+0000][2241.562s] GC(714)   Evacuate Collection Set: 2.1ms
[2022-05-03T01:05:30.648+0000][2241.562s] GC(714)   Post Evacuate Collection Set: 3.1ms
[2022-05-03T01:05:30.648+0000][2241.563s] GC(714)   Other: 0.4ms
[2022-05-03T01:05:30.649+0000][2241.563s] GC(714) Eden regions: 287->0(291)
[2022-05-03T01:05:30.649+0000][2241.563s] GC(714) Survivor regions: 20->16(39)
[2022-05-03T01:05:30.650+0000][2241.564s] GC(714) Old regions: 72->72
[2022-05-03T01:05:30.650+0000][2241.564s] GC(714) Humongous regions: 7->7
[2022-05-03T01:05:30.650+0000][2241.564s] GC(714) Metaspace: 57714K->57714K(1101824K)
[2022-05-03T01:05:30.651+0000][2241.565s] GC(714) Pause Young (Normal) (G1 Evacuation Pause) 384M->93M(512M) 9.199ms
[2022-05-03T01:05:30.651+0000][2241.565s] GC(714) User=0.03s Sys=0.01s Real=0.01s
[2022-05-03T01:05:32.654+0000][2243.568s] GC(715) Pause Young (Normal) (G1 Evacuation Pause)
[2022-05-03T01:05:32.655+0000][2243.569s] GC(715) Using 8 workers of 8 for evacuation
[2022-05-03T01:05:32.660+0000][2243.574s] GC(715)   Pre Evacuate Collection Set: 0.0ms
[2022-05-03T01:05:32.660+0000][2243.574s] GC(715)   Evacuate Collection Set: 2.8ms
[2022-05-03T01:05:32.660+0000][2243.574s] GC(715)   Post Evacuate Collection Set: 1.7ms
[2022-05-03T01:05:32.661+0000][2243.575s] GC(715)   Other: 1.0ms
[2022-05-03T01:05:32.661+0000][2243.575s] GC(715) Eden regions: 291->0(292)
[2022-05-03T01:05:32.661+0000][2243.575s] GC(715) Survivor regions: 16->15(39)
[2022-05-03T01:05:32.662+0000][2243.576s] GC(715) Old regions: 72->72
[2022-05-03T01:05:32.662+0000][2243.576s] GC(715) Humongous regions: 7->7
[2022-05-03T01:05:32.662+0000][2243.576s] GC(715) Metaspace: 57714K->57714K(1101824K)
[2022-05-03T01:05:32.663+0000][2243.577s] GC(715) Pause Young (Normal) (G1 Evacuation Pause) 384M->92M(512M) 8.807ms
[2022-05-03T01:05:32.663+0000][2243.577s] GC(715) User=0.02s Sys=0.01s Real=0.01s
[2022-05-03T01:05:34.634+0000][2245.548s] GC(716) Pause Young (Normal) (G1 Evacuation Pause)
[2022-05-03T01:05:34.634+0000][2245.549s] GC(716) Using 8 workers of 8 for evacuation
[2022-05-03T01:05:34.639+0000][2245.553s] GC(716)   Pre Evacuate Collection Set: 0.0ms
[2022-05-03T01:05:34.640+0000][2245.554s] GC(716)   Evacuate Collection Set: 2.3ms
[2022-05-03T01:05:34.640+0000][2245.554s] GC(716)   Post Evacuate Collection Set: 2.4ms
[2022-05-03T01:05:34.641+0000][2245.555s] GC(716)   Other: 0.4ms
[2022-05-03T01:05:34.641+0000][2245.555s] GC(716) Eden regions: 292->0(290)
[2022-05-03T01:05:34.641+0000][2245.555s] GC(716) Survivor regions: 15->17(39)
[2022-05-03T01:05:34.642+0000][2245.556s] GC(716) Old regions: 72->72
[2022-05-03T01:05:34.642+0000][2245.556s] GC(716) Humongous regions: 7->7
[2022-05-03T01:05:34.642+0000][2245.556s] GC(716) Metaspace: 57714K->57714K(1101824K)
[2022-05-03T01:05:34.642+0000][2245.557s] GC(716) Pause Young (Normal) (G1 Evacuation Pause) 384M->94M(512M) 8.176ms
[2022-05-03T01:05:34.643+0000][2245.557s] GC(716) User=0.03s Sys=0.00s Real=0.00s
[2022-05-03T01:05:36.878+0000][2247.792s] GC(717) Pause Young (Normal) (G1 Evacuation Pause)
[2022-05-03T01:05:36.878+0000][2247.792s] GC(717) Using 8 workers of 8 for evacuation
[2022-05-03T01:05:36.885+0000][2247.799s] GC(717)   Pre Evacuate Collection Set: 0.0ms
[2022-05-03T01:05:36.885+0000][2247.800s] GC(717)   Evacuate Collection Set: 3.7ms
[2022-05-03T01:05:36.886+0000][2247.800s] GC(717)   Post Evacuate Collection Set: 2.7ms
[2022-05-03T01:05:36.886+0000][2247.800s] GC(717)   Other: 0.9ms
[2022-05-03T01:05:36.887+0000][2247.801s] GC(717) Eden regions: 290->0(288)
[2022-05-03T01:05:36.887+0000][2247.801s] GC(717) Survivor regions: 17->19(39)
[2022-05-03T01:05:36.887+0000][2247.801s] GC(717) Old regions: 72->72
[2022-05-03T01:05:36.887+0000][2247.802s] GC(717) Humongous regions: 7->7
[2022-05-03T01:05:36.888+0000][2247.802s] GC(717) Metaspace: 57714K->57714K(1101824K)
[2022-05-03T01:05:36.888+0000][2247.802s] GC(717) Pause Young (Normal) (G1 Evacuation Pause) 384M->95M(512M) 10.239ms
[2022-05-03T01:05:36.888+0000][2247.802s] GC(717) User=0.04s Sys=0.00s Real=0.01s
[2022-05-03T01:05:38.910+0000][2249.825s] GC(718) Pause Young (Normal) (G1 Evacuation Pause)
[2022-05-03T01:05:38.911+0000][2249.825s] GC(718) Using 8 workers of 8 for evacuation
[2022-05-03T01:05:38.916+0000][2249.831s] GC(718)   Pre Evacuate Collection Set: 0.0ms
[2022-05-03T01:05:38.917+0000][2249.831s] GC(718)   Evacuate Collection Set: 2.8ms
[2022-05-03T01:05:38.917+0000][2249.831s] GC(718)   Post Evacuate Collection Set: 2.1ms
[2022-05-03T01:05:38.918+0000][2249.832s] GC(718)   Other: 1.1ms
[2022-05-03T01:05:38.918+0000][2249.832s] GC(718) Eden regions: 288->0(292)
[2022-05-03T01:05:38.919+0000][2249.833s] GC(718) Survivor regions: 19->15(39)
[2022-05-03T01:05:38.919+0000][2249.833s] GC(718) Old regions: 72->72
[2022-05-03T01:05:38.919+0000][2249.834s] GC(718) Humongous regions: 7->7
[2022-05-03T01:05:38.920+0000][2249.834s] GC(718) Metaspace: 57714K->57714K(1101824K)
[2022-05-03T01:05:38.920+0000][2249.834s] GC(718) Pause Young (Normal) (G1 Evacuation Pause) 383M->92M(512M) 9.748ms
[2022-05-03T01:05:38.921+0000][2249.835s] GC(718) User=0.03s Sys=0.00s Real=0.01s
[2022-05-03T01:05:40.946+0000][2251.860s] GC(719) Pause Young (Normal) (G1 Evacuation Pause)
[2022-05-03T01:05:40.946+0000][2251.860s] GC(719) Using 8 workers of 8 for evacuation
[2022-05-03T01:05:40.952+0000][2251.866s] GC(719)   Pre Evacuate Collection Set: 0.0ms
[2022-05-03T01:05:40.953+0000][2251.867s] GC(719)   Evacuate Collection Set: 2.9ms
[2022-05-03T01:05:40.953+0000][2251.867s] GC(719)   Post Evacuate Collection Set: 2.7ms
[2022-05-03T01:05:40.953+0000][2251.867s] GC(719)   Other: 0.9ms
[2022-05-03T01:05:40.954+0000][2251.868s] GC(719) Eden regions: 292->0(288)
[2022-05-03T01:05:40.954+0000][2251.868s] GC(719) Survivor regions: 15->19(39)
[2022-05-03T01:05:40.954+0000][2251.868s] GC(719) Old regions: 72->72
[2022-05-03T01:05:40.955+0000][2251.869s] GC(719) Humongous regions: 7->7
[2022-05-03T01:05:40.955+0000][2251.869s] GC(719) Metaspace: 57714K->57714K(1101824K)
[2022-05-03T01:05:40.955+0000][2251.869s] GC(719) Pause Young (Normal) (G1 Evacuation Pause) 384M->96M(512M) 9.525ms
[2022-05-03T01:05:40.955+0000][2251.870s] GC(719) User=0.04s Sys=0.00s Real=0.01s
[2022-05-03T01:05:43.131+0000][2254.045s] GC(720) Pause Young (Normal) (G1 Evacuation Pause)
[2022-05-03T01:05:43.131+0000][2254.045s] GC(720) Using 8 workers of 8 for evacuation
[2022-05-03T01:05:43.137+0000][2254.051s] GC(720)   Pre Evacuate Collection Set: 0.0ms
[2022-05-03T01:05:43.137+0000][2254.052s] GC(720)   Evacuate Collection Set: 3.0ms
[2022-05-03T01:05:43.138+0000][2254.052s] GC(720)   Post Evacuate Collection Set: 2.7ms
[2022-05-03T01:05:43.138+0000][2254.052s] GC(720)   Other: 0.9ms
[2022-05-03T01:05:43.139+0000][2254.053s] GC(720) Eden regions: 288->0(289)
[2022-05-03T01:05:43.139+0000][2254.053s] GC(720) Survivor regions: 19->18(39)
[2022-05-03T01:05:43.139+0000][2254.053s] GC(720) Old regions: 72->72
[2022-05-03T01:05:43.140+0000][2254.054s] GC(720) Humongous regions: 7->7
[2022-05-03T01:05:43.140+0000][2254.054s] GC(720) Metaspace: 57714K->57714K(1101824K)
[2022-05-03T01:05:43.140+0000][2254.054s] GC(720) Pause Young (Normal) (G1 Evacuation Pause) 384M->95M(512M) 9.687ms
[2022-05-03T01:05:43.140+0000][2254.055s] GC(720) User=0.04s Sys=0.00s Real=0.01s
[2022-05-03T01:05:44.867+0000][2255.782s] GC(721) Pause Young (Normal) (G1 Evacuation Pause)
[2022-05-03T01:05:44.868+0000][2255.782s] GC(721) Using 8 workers of 8 for evacuation
[2022-05-03T01:05:44.873+0000][2255.787s] GC(721)   Pre Evacuate Collection Set: 0.0ms
[2022-05-03T01:05:44.873+0000][2255.787s] GC(721)   Evacuate Collection Set: 3.0ms
[2022-05-03T01:05:44.874+0000][2255.788s] GC(721)   Post Evacuate Collection Set: 1.9ms
[2022-05-03T01:05:44.874+0000][2255.788s] GC(721)   Other: 0.4ms
[2022-05-03T01:05:44.875+0000][2255.789s] GC(721) Eden regions: 289->0(292)
[2022-05-03T01:05:44.875+0000][2255.789s] GC(721) Survivor regions: 18->15(39)
[2022-05-03T01:05:44.875+0000][2255.789s] GC(721) Old regions: 72->73
[2022-05-03T01:05:44.876+0000][2255.790s] GC(721) Humongous regions: 7->7
[2022-05-03T01:05:44.876+0000][2255.790s] GC(721) Metaspace: 57714K->57714K(1101824K)
[2022-05-03T01:05:44.876+0000][2255.790s] GC(721) Pause Young (Normal) (G1 Evacuation Pause) 384M->92M(512M) 8.789ms
[2022-05-03T01:05:44.877+0000][2255.791s] GC(721) User=0.03s Sys=0.01s Real=0.01s
[2022-05-03T01:05:47.070+0000][2257.984s] GC(722) Pause Young (Normal) (G1 Evacuation Pause)
[2022-05-03T01:05:47.070+0000][2257.984s] GC(722) Using 8 workers of 8 for evacuation
[2022-05-03T01:05:47.093+0000][2258.007s] GC(722)   Pre Evacuate Collection Set: 0.0ms
[2022-05-03T01:05:47.093+0000][2258.007s] GC(722)   Evacuate Collection Set: 11.2ms
[2022-05-03T01:05:47.094+0000][2258.008s] GC(722)   Post Evacuate Collection Set: 11.5ms
[2022-05-03T01:05:47.094+0000][2258.008s] GC(722)   Other: 0.7ms
[2022-05-03T01:05:47.094+0000][2258.008s] GC(722) Eden regions: 292->0(287)
[2022-05-03T01:05:47.094+0000][2258.008s] GC(722) Survivor regions: 15->20(39)
[2022-05-03T01:05:47.094+0000][2258.008s] GC(722) Old regions: 73->73
[2022-05-03T01:05:47.095+0000][2258.009s] GC(722) Humongous regions: 7->7
[2022-05-03T01:05:47.095+0000][2258.009s] GC(722) Metaspace: 57714K->57714K(1101824K)
[2022-05-03T01:05:47.095+0000][2258.009s] GC(722) Pause Young (Normal) (G1 Evacuation Pause) 384M->97M(512M) 25.224ms
[2022-05-03T01:05:47.095+0000][2258.009s] GC(722) User=0.17s Sys=0.01s Real=0.03s
[2022-05-03T01:05:49.350+0000][2260.264s] GC(723) Pause Young (Normal) (G1 Evacuation Pause)
[2022-05-03T01:05:49.350+0000][2260.264s] GC(723) Using 8 workers of 8 for evacuation
[2022-05-03T01:05:49.356+0000][2260.270s] GC(723)   Pre Evacuate Collection Set: 0.0ms
[2022-05-03T01:05:49.356+0000][2260.270s] GC(723)   Evacuate Collection Set: 2.9ms
[2022-05-03T01:05:49.357+0000][2260.271s] GC(723)   Post Evacuate Collection Set: 2.6ms
[2022-05-03T01:05:49.357+0000][2260.271s] GC(723)   Other: 0.8ms
[2022-05-03T01:05:49.357+0000][2260.272s] GC(723) Eden regions: 287->0(289)
[2022-05-03T01:05:49.358+0000][2260.272s] GC(723) Survivor regions: 20->18(39)
[2022-05-03T01:05:49.358+0000][2260.272s] GC(723) Old regions: 73->73
[2022-05-03T01:05:49.358+0000][2260.272s] GC(723) Humongous regions: 7->7
[2022-05-03T01:05:49.358+0000][2260.273s] GC(723) Metaspace: 57714K->57714K(1101824K)
[2022-05-03T01:05:49.359+0000][2260.273s] GC(723) Pause Young (Normal) (G1 Evacuation Pause) 384M->95M(512M) 9.089ms
[2022-05-03T01:05:49.359+0000][2260.273s] GC(723) User=0.04s Sys=0.00s Real=0.01s
[2022-05-03T01:05:51.056+0000][2261.970s] GC(724) Pause Young (Normal) (G1 Evacuation Pause)
[2022-05-03T01:05:51.057+0000][2261.971s] GC(724) Using 8 workers of 8 for evacuation
[2022-05-03T01:05:51.061+0000][2261.975s] GC(724)   Pre Evacuate Collection Set: 0.0ms
[2022-05-03T01:05:51.062+0000][2261.976s] GC(724)   Evacuate Collection Set: 2.4ms
[2022-05-03T01:05:51.062+0000][2261.976s] GC(724)   Post Evacuate Collection Set: 1.6ms
[2022-05-03T01:05:51.063+0000][2261.977s] GC(724)   Other: 1.0ms
[2022-05-03T01:05:51.063+0000][2261.977s] GC(724) Eden regions: 289->0(293)
[2022-05-03T01:05:51.063+0000][2261.977s] GC(724) Survivor regions: 18->14(39)
[2022-05-03T01:05:51.064+0000][2261.978s] GC(724) Old regions: 73->73
[2022-05-03T01:05:51.064+0000][2261.978s] GC(724) Humongous regions: 7->7
[2022-05-03T01:05:51.064+0000][2261.978s] GC(724) Metaspace: 57714K->57714K(1101824K)
[2022-05-03T01:05:51.065+0000][2261.979s] GC(724) Pause Young (Normal) (G1 Evacuation Pause) 384M->91M(512M) 8.497ms
[2022-05-03T01:05:51.065+0000][2261.979s] GC(724) User=0.02s Sys=0.01s Real=0.01s
[2022-05-03T01:05:53.267+0000][2264.181s] GC(725) Pause Young (Normal) (G1 Evacuation Pause)
[2022-05-03T01:05:53.267+0000][2264.181s] GC(725) Using 8 workers of 8 for evacuation
[2022-05-03T01:05:53.274+0000][2264.188s] GC(725)   Pre Evacuate Collection Set: 0.0ms
[2022-05-03T01:05:53.274+0000][2264.189s] GC(725)   Evacuate Collection Set: 3.5ms
[2022-05-03T01:05:53.275+0000][2264.189s] GC(725)   Post Evacuate Collection Set: 2.7ms
[2022-05-03T01:05:53.275+0000][2264.189s] GC(725)   Other: 0.9ms
[2022-05-03T01:05:53.276+0000][2264.190s] GC(725) Eden regions: 293->0(286)
[2022-05-03T01:05:53.276+0000][2264.190s] GC(725) Survivor regions: 14->21(39)
[2022-05-03T01:05:53.276+0000][2264.190s] GC(725) Old regions: 73->73
[2022-05-03T01:05:53.277+0000][2264.191s] GC(725) Humongous regions: 7->7
[2022-05-03T01:05:53.277+0000][2264.191s] GC(725) Metaspace: 57714K->57714K(1101824K)
[2022-05-03T01:05:53.277+0000][2264.192s] GC(725) Pause Young (Normal) (G1 Evacuation Pause) 384M->98M(512M) 10.646ms
[2022-05-03T01:05:53.278+0000][2264.192s] GC(725) User=0.04s Sys=0.01s Real=0.01s
[2022-05-03T01:05:55.382+0000][2266.296s] GC(726) Pause Young (Normal) (G1 Evacuation Pause)
[2022-05-03T01:05:55.382+0000][2266.296s] GC(726) Using 8 workers of 8 for evacuation
[2022-05-03T01:05:55.389+0000][2266.303s] GC(726)   Pre Evacuate Collection Set: 0.0ms
[2022-05-03T01:05:55.390+0000][2266.304s] GC(726)   Evacuate Collection Set: 4.3ms
[2022-05-03T01:05:55.390+0000][2266.304s] GC(726)   Post Evacuate Collection Set: 2.6ms
[2022-05-03T01:05:55.390+0000][2266.305s] GC(726)   Other: 0.7ms
[2022-05-03T01:05:55.391+0000][2266.305s] GC(726) Eden regions: 286->0(289)
[2022-05-03T01:05:55.391+0000][2266.305s] GC(726) Survivor regions: 21->18(39)
[2022-05-03T01:05:55.391+0000][2266.305s] GC(726) Old regions: 73->73
[2022-05-03T01:05:55.392+0000][2266.306s] GC(726) Humongous regions: 7->7
[2022-05-03T01:05:55.392+0000][2266.306s] GC(726) Metaspace: 57714K->57714K(1101824K)
[2022-05-03T01:05:55.392+0000][2266.306s] GC(726) Pause Young (Normal) (G1 Evacuation Pause) 384M->95M(512M) 10.515ms
[2022-05-03T01:05:55.393+0000][2266.307s] GC(726) User=0.05s Sys=0.00s Real=0.01s
[2022-05-03T01:05:57.772+0000][2268.686s] GC(727) Pause Young (Normal) (G1 Evacuation Pause)
[2022-05-03T01:05:57.772+0000][2268.686s] GC(727) Using 8 workers of 8 for evacuation
[2022-05-03T01:05:57.784+0000][2268.698s] GC(727)   Pre Evacuate Collection Set: 0.0ms
[2022-05-03T01:05:57.784+0000][2268.698s] GC(727)   Evacuate Collection Set: 3.9ms
[2022-05-03T01:05:57.785+0000][2268.699s] GC(727)   Post Evacuate Collection Set: 7.5ms
[2022-05-03T01:05:57.785+0000][2268.699s] GC(727)   Other: 1.0ms
[2022-05-03T01:05:57.786+0000][2268.700s] GC(727) Eden regions: 289->0(286)
[2022-05-03T01:05:57.786+0000][2268.700s] GC(727) Survivor regions: 18->21(39)
[2022-05-03T01:05:57.787+0000][2268.701s] GC(727) Old regions: 73->73
[2022-05-03T01:05:57.787+0000][2268.701s] GC(727) Humongous regions: 7->7
[2022-05-03T01:05:57.787+0000][2268.701s] GC(727) Metaspace: 57714K->57714K(1101824K)
[2022-05-03T01:05:57.788+0000][2268.702s] GC(727) Pause Young (Normal) (G1 Evacuation Pause) 384M->98M(512M) 15.992ms
[2022-05-03T01:05:57.788+0000][2268.702s] GC(727) User=0.07s Sys=0.00s Real=0.02s
[2022-05-03T01:06:00.524+0000][2271.438s] GC(728) Pause Young (Normal) (G1 Evacuation Pause)
[2022-05-03T01:06:00.524+0000][2271.438s] GC(728) Using 8 workers of 8 for evacuation
[2022-05-03T01:06:00.535+0000][2271.449s] GC(728)   Pre Evacuate Collection Set: 0.0ms
[2022-05-03T01:06:00.536+0000][2271.450s] GC(728)   Evacuate Collection Set: 5.8ms
[2022-05-03T01:06:00.537+0000][2271.451s] GC(728)   Post Evacuate Collection Set: 4.4ms
[2022-05-03T01:06:00.537+0000][2271.451s] GC(728)   Other: 1.4ms
[2022-05-03T01:06:00.538+0000][2271.452s] GC(728) Eden regions: 286->0(287)
[2022-05-03T01:06:00.538+0000][2271.452s] GC(728) Survivor regions: 21->20(39)
[2022-05-03T01:06:00.539+0000][2271.453s] GC(728) Old regions: 73->73
[2022-05-03T01:06:00.539+0000][2271.454s] GC(728) Humongous regions: 7->7
[2022-05-03T01:06:00.540+0000][2271.454s] GC(728) Metaspace: 57714K->57714K(1101824K)
[2022-05-03T01:06:00.540+0000][2271.455s] GC(728) Pause Young (Normal) (G1 Evacuation Pause) 384M->97M(512M) 16.849ms
[2022-05-03T01:06:00.541+0000][2271.455s] GC(728) User=0.00s Sys=0.06s Real=0.02s
[2022-05-03T01:06:02.831+0000][2273.745s] GC(729) Pause Young (Normal) (G1 Evacuation Pause)
[2022-05-03T01:06:02.831+0000][2273.746s] GC(729) Using 8 workers of 8 for evacuation
[2022-05-03T01:06:02.841+0000][2273.755s] GC(729)   Pre Evacuate Collection Set: 0.0ms
[2022-05-03T01:06:02.841+0000][2273.755s] GC(729)   Evacuate Collection Set: 2.8ms
[2022-05-03T01:06:02.841+0000][2273.756s] GC(729)   Post Evacuate Collection Set: 6.1ms
[2022-05-03T01:06:02.842+0000][2273.756s] GC(729)   Other: 0.7ms
[2022-05-03T01:06:02.842+0000][2273.756s] GC(729) Eden regions: 287->0(292)
[2022-05-03T01:06:02.842+0000][2273.756s] GC(729) Survivor regions: 20->15(39)
[2022-05-03T01:06:02.843+0000][2273.757s] GC(729) Old regions: 73->73
[2022-05-03T01:06:02.843+0000][2273.757s] GC(729) Humongous regions: 7->7
[2022-05-03T01:06:02.843+0000][2273.757s] GC(729) Metaspace: 57714K->57714K(1101824K)
[2022-05-03T01:06:02.843+0000][2273.757s] GC(729) Pause Young (Normal) (G1 Evacuation Pause) 384M->92M(512M) 12.215ms
[2022-05-03T01:06:02.844+0000][2273.758s] GC(729) User=0.06s Sys=0.00s Real=0.01s
[2022-05-03T01:06:04.598+0000][2275.512s] GC(730) Pause Young (Normal) (G1 Evacuation Pause)
[2022-05-03T01:06:04.599+0000][2275.513s] GC(730) Using 8 workers of 8 for evacuation
[2022-05-03T01:06:04.606+0000][2275.520s] GC(730)   Pre Evacuate Collection Set: 0.0ms
[2022-05-03T01:06:04.606+0000][2275.520s] GC(730)   Evacuate Collection Set: 3.8ms
[2022-05-03T01:06:04.607+0000][2275.521s] GC(730)   Post Evacuate Collection Set: 2.9ms
[2022-05-03T01:06:04.607+0000][2275.521s] GC(730)   Other: 0.9ms
[2022-05-03T01:06:04.608+0000][2275.522s] GC(730) Eden regions: 292->0(288)
[2022-05-03T01:06:04.608+0000][2275.522s] GC(730) Survivor regions: 15->19(39)
[2022-05-03T01:06:04.608+0000][2275.522s] GC(730) Old regions: 73->73
[2022-05-03T01:06:04.609+0000][2275.523s] GC(730) Humongous regions: 7->7
[2022-05-03T01:06:04.609+0000][2275.523s] GC(730) Metaspace: 57714K->57714K(1101824K)
[2022-05-03T01:06:04.609+0000][2275.523s] GC(730) Pause Young (Normal) (G1 Evacuation Pause) 384M->96M(512M) 11.176ms
[2022-05-03T01:06:04.610+0000][2275.524s] GC(730) User=0.04s Sys=0.00s Real=0.01s
[2022-05-03T01:06:06.735+0000][2277.649s] GC(731) Pause Young (Normal) (G1 Evacuation Pause)
[2022-05-03T01:06:06.735+0000][2277.649s] GC(731) Using 8 workers of 8 for evacuation
[2022-05-03T01:06:06.741+0000][2277.656s] GC(731)   Pre Evacuate Collection Set: 0.0ms
[2022-05-03T01:06:06.742+0000][2277.656s] GC(731)   Evacuate Collection Set: 2.8ms
[2022-05-03T01:06:06.742+0000][2277.656s] GC(731)   Post Evacuate Collection Set: 2.8ms
[2022-05-03T01:06:06.743+0000][2277.657s] GC(731)   Other: 1.1ms
[2022-05-03T01:06:06.743+0000][2277.657s] GC(731) Eden regions: 288->0(289)
[2022-05-03T01:06:06.743+0000][2277.658s] GC(731) Survivor regions: 19->18(39)
[2022-05-03T01:06:06.744+0000][2277.658s] GC(731) Old regions: 73->73
[2022-05-03T01:06:06.744+0000][2277.658s] GC(731) Humongous regions: 7->7
[2022-05-03T01:06:06.744+0000][2277.658s] GC(731) Metaspace: 57714K->57714K(1101824K)
[2022-05-03T01:06:06.744+0000][2277.659s] GC(731) Pause Young (Normal) (G1 Evacuation Pause) 384M->96M(512M) 9.833ms
[2022-05-03T01:06:06.745+0000][2277.659s] GC(731) User=0.03s Sys=0.00s Real=0.01s
[2022-05-03T01:06:08.475+0000][2279.389s] GC(732) Pause Young (Normal) (G1 Evacuation Pause)
[2022-05-03T01:06:08.475+0000][2279.389s] GC(732) Using 8 workers of 8 for evacuation
[2022-05-03T01:06:08.480+0000][2279.394s] GC(732)   Pre Evacuate Collection Set: 0.0ms
[2022-05-03T01:06:08.481+0000][2279.395s] GC(732)   Evacuate Collection Set: 2.9ms
[2022-05-03T01:06:08.481+0000][2279.395s] GC(732)   Post Evacuate Collection Set: 1.7ms
[2022-05-03T01:06:08.481+0000][2279.395s] GC(732)   Other: 0.5ms
[2022-05-03T01:06:08.482+0000][2279.396s] GC(732) Eden regions: 289->0(293)
[2022-05-03T01:06:08.482+0000][2279.396s] GC(732) Survivor regions: 18->14(39)
[2022-05-03T01:06:08.482+0000][2279.396s] GC(732) Old regions: 73->73
[2022-05-03T01:06:08.482+0000][2279.397s] GC(732) Humongous regions: 7->7
[2022-05-03T01:06:08.483+0000][2279.397s] GC(732) Metaspace: 57714K->57714K(1101824K)
[2022-05-03T01:06:08.483+0000][2279.397s] GC(732) Pause Young (Normal) (G1 Evacuation Pause) 385M->92M(512M) 7.802ms
[2022-05-03T01:06:08.483+0000][2279.397s] GC(732) User=0.03s Sys=0.01s Real=0.00s
[2022-05-03T01:06:10.667+0000][2281.581s] GC(733) Pause Young (Normal) (G1 Evacuation Pause)
[2022-05-03T01:06:10.667+0000][2281.581s] GC(733) Using 8 workers of 8 for evacuation
[2022-05-03T01:06:10.674+0000][2281.588s] GC(733)   Pre Evacuate Collection Set: 0.0ms
[2022-05-03T01:06:10.674+0000][2281.588s] GC(733)   Evacuate Collection Set: 3.2ms
[2022-05-03T01:06:10.674+0000][2281.589s] GC(733)   Post Evacuate Collection Set: 2.8ms
[2022-05-03T01:06:10.675+0000][2281.589s] GC(733)   Other: 0.8ms
[2022-05-03T01:06:10.675+0000][2281.589s] GC(733) Eden regions: 293->0(288)
[2022-05-03T01:06:10.675+0000][2281.589s] GC(733) Survivor regions: 14->19(39)
[2022-05-03T01:06:10.676+0000][2281.590s] GC(733) Old regions: 73->73
[2022-05-03T01:06:10.676+0000][2281.590s] GC(733) Humongous regions: 7->7
[2022-05-03T01:06:10.676+0000][2281.590s] GC(733) Metaspace: 57714K->57714K(1101824K)
[2022-05-03T01:06:10.677+0000][2281.591s] GC(733) Pause Young (Normal) (G1 Evacuation Pause) 385M->96M(512M) 9.790ms
[2022-05-03T01:06:10.677+0000][2281.591s] GC(733) User=0.03s Sys=0.00s Real=0.01s
[2022-05-03T01:06:12.874+0000][2283.788s] GC(734) Pause Young (Normal) (G1 Evacuation Pause)
[2022-05-03T01:06:12.874+0000][2283.789s] GC(734) Using 8 workers of 8 for evacuation
[2022-05-03T01:06:12.881+0000][2283.795s] GC(734)   Pre Evacuate Collection Set: 0.0ms
[2022-05-03T01:06:12.881+0000][2283.795s] GC(734)   Evacuate Collection Set: 2.9ms
[2022-05-03T01:06:12.882+0000][2283.796s] GC(734)   Post Evacuate Collection Set: 2.9ms
[2022-05-03T01:06:12.882+0000][2283.796s] GC(734)   Other: 0.9ms
[2022-05-03T01:06:12.882+0000][2283.796s] GC(734) Eden regions: 288->0(289)
[2022-05-03T01:06:12.883+0000][2283.797s] GC(734) Survivor regions: 19->18(39)
[2022-05-03T01:06:12.883+0000][2283.797s] GC(734) Old regions: 73->73
[2022-05-03T01:06:12.883+0000][2283.798s] GC(734) Humongous regions: 7->7
[2022-05-03T01:06:12.884+0000][2283.798s] GC(734) Metaspace: 57714K->57714K(1101824K)
[2022-05-03T01:06:12.884+0000][2283.798s] GC(734) Pause Young (Normal) (G1 Evacuation Pause) 384M->95M(512M) 10.020ms
[2022-05-03T01:06:12.884+0000][2283.799s] GC(734) User=0.03s Sys=0.00s Real=0.02s
[2022-05-03T01:06:14.588+0000][2285.502s] GC(735) Pause Young (Normal) (G1 Evacuation Pause)
[2022-05-03T01:06:14.589+0000][2285.503s] GC(735) Using 8 workers of 8 for evacuation
[2022-05-03T01:06:14.593+0000][2285.508s] GC(735)   Pre Evacuate Collection Set: 0.0ms
[2022-05-03T01:06:14.594+0000][2285.508s] GC(735)   Evacuate Collection Set: 2.4ms
[2022-05-03T01:06:14.594+0000][2285.508s] GC(735)   Post Evacuate Collection Set: 1.9ms
[2022-05-03T01:06:14.595+0000][2285.509s] GC(735)   Other: 0.8ms
[2022-05-03T01:06:14.595+0000][2285.509s] GC(735) Eden regions: 289->0(293)
[2022-05-03T01:06:14.595+0000][2285.510s] GC(735) Survivor regions: 18->14(39)
[2022-05-03T01:06:14.596+0000][2285.510s] GC(735) Old regions: 73->73
[2022-05-03T01:06:14.596+0000][2285.510s] GC(735) Humongous regions: 7->7
[2022-05-03T01:06:14.597+0000][2285.511s] GC(735) Metaspace: 57714K->57714K(1101824K)
[2022-05-03T01:06:14.597+0000][2285.511s] GC(735) Pause Young (Normal) (G1 Evacuation Pause) 384M->92M(512M) 8.662ms
[2022-05-03T01:06:14.597+0000][2285.511s] GC(735) User=0.03s Sys=0.01s Real=0.01s
[2022-05-03T01:06:16.760+0000][2287.675s] GC(736) Pause Young (Normal) (G1 Evacuation Pause)
[2022-05-03T01:06:16.761+0000][2287.675s] GC(736) Using 8 workers of 8 for evacuation
[2022-05-03T01:06:16.767+0000][2287.682s] GC(736)   Pre Evacuate Collection Set: 0.0ms
[2022-05-03T01:06:16.768+0000][2287.682s] GC(736)   Evacuate Collection Set: 3.5ms
[2022-05-03T01:06:16.768+0000][2287.682s] GC(736)   Post Evacuate Collection Set: 2.5ms
[2022-05-03T01:06:16.769+0000][2287.683s] GC(736)   Other: 1.0ms
[2022-05-03T01:06:16.769+0000][2287.683s] GC(736) Eden regions: 293->0(286)
[2022-05-03T01:06:16.769+0000][2287.683s] GC(736) Survivor regions: 14->21(39)
[2022-05-03T01:06:16.770+0000][2287.684s] GC(736) Old regions: 73->73
[2022-05-03T01:06:16.770+0000][2287.684s] GC(736) Humongous regions: 7->7
[2022-05-03T01:06:16.770+0000][2287.684s] GC(736) Metaspace: 57714K->57714K(1101824K)
[2022-05-03T01:06:16.771+0000][2287.685s] GC(736) Pause Young (Normal) (G1 Evacuation Pause) 385M->98M(512M) 10.266ms
[2022-05-03T01:06:16.771+0000][2287.685s] GC(736) User=0.05s Sys=0.00s Real=0.01s
[2022-05-03T01:06:18.965+0000][2289.879s] GC(737) Pause Young (Normal) (G1 Evacuation Pause)
[2022-05-03T01:06:18.965+0000][2289.879s] GC(737) Using 8 workers of 8 for evacuation
[2022-05-03T01:06:18.986+0000][2289.901s] GC(737)   Pre Evacuate Collection Set: 0.0ms
[2022-05-03T01:06:18.987+0000][2289.901s] GC(737)   Evacuate Collection Set: 10.9ms
[2022-05-03T01:06:18.987+0000][2289.901s] GC(737)   Post Evacuate Collection Set: 9.9ms
[2022-05-03T01:06:18.987+0000][2289.901s] GC(737)   Other: 0.6ms
[2022-05-03T01:06:18.987+0000][2289.901s] GC(737) Eden regions: 286->0(288)
[2022-05-03T01:06:18.987+0000][2289.902s] GC(737) Survivor regions: 21->19(39)
[2022-05-03T01:06:18.988+0000][2289.902s] GC(737) Old regions: 73->73
[2022-05-03T01:06:18.988+0000][2289.902s] GC(737) Humongous regions: 7->7
[2022-05-03T01:06:18.988+0000][2289.902s] GC(737) Metaspace: 57714K->57714K(1101824K)
[2022-05-03T01:06:18.988+0000][2289.902s] GC(737) Pause Young (Normal) (G1 Evacuation Pause) 384M->97M(512M) 23.393ms
[2022-05-03T01:06:18.989+0000][2289.903s] GC(737) User=0.15s Sys=0.00s Real=0.02s
[2022-05-03T01:06:20.742+0000][2291.656s] GC(738) Pause Young (Normal) (G1 Evacuation Pause)
[2022-05-03T01:06:20.742+0000][2291.657s] GC(738) Using 8 workers of 8 for evacuation
[2022-05-03T01:06:20.749+0000][2291.663s] GC(738)   Pre Evacuate Collection Set: 0.0ms
[2022-05-03T01:06:20.749+0000][2291.663s] GC(738)   Evacuate Collection Set: 3.5ms
[2022-05-03T01:06:20.750+0000][2291.664s] GC(738)   Post Evacuate Collection Set: 2.4ms
[2022-05-03T01:06:20.750+0000][2291.664s] GC(738)   Other: 0.9ms
[2022-05-03T01:06:20.750+0000][2291.664s] GC(738) Eden regions: 288->0(286)
[2022-05-03T01:06:20.751+0000][2291.665s] GC(738) Survivor regions: 19->21(39)
[2022-05-03T01:06:20.751+0000][2291.665s] GC(738) Old regions: 73->73
[2022-05-03T01:06:20.751+0000][2291.665s] GC(738) Humongous regions: 7->7
[2022-05-03T01:06:20.752+0000][2291.666s] GC(738) Metaspace: 57714K->57714K(1101824K)
[2022-05-03T01:06:20.752+0000][2291.666s] GC(738) Pause Young (Normal) (G1 Evacuation Pause) 385M->98M(512M) 9.808ms
[2022-05-03T01:06:20.752+0000][2291.666s] GC(738) User=0.04s Sys=0.00s Real=0.01s
[2022-05-03T01:06:22.911+0000][2293.825s] GC(739) Pause Young (Normal) (G1 Evacuation Pause)
[2022-05-03T01:06:22.911+0000][2293.825s] GC(739) Using 8 workers of 8 for evacuation
[2022-05-03T01:06:22.926+0000][2293.840s] GC(739)   Pre Evacuate Collection Set: 0.0ms
[2022-05-03T01:06:22.927+0000][2293.841s] GC(739)   Evacuate Collection Set: 9.3ms
[2022-05-03T01:06:22.927+0000][2293.841s] GC(739)   Post Evacuate Collection Set: 5.3ms
[2022-05-03T01:06:22.928+0000][2293.842s] GC(739)   Other: 1.0ms
[2022-05-03T01:06:22.928+0000][2293.842s] GC(739) Eden regions: 286->0(287)
[2022-05-03T01:06:22.928+0000][2293.842s] GC(739) Survivor regions: 21->20(39)
[2022-05-03T01:06:22.929+0000][2293.843s] GC(739) Old regions: 73->73
[2022-05-03T01:06:22.929+0000][2293.843s] GC(739) Humongous regions: 7->7
[2022-05-03T01:06:22.929+0000][2293.844s] GC(739) Metaspace: 57714K->57714K(1101824K)
[2022-05-03T01:06:22.930+0000][2293.844s] GC(739) Pause Young (Normal) (G1 Evacuation Pause) 384M->98M(512M) 19.069ms
[2022-05-03T01:06:22.930+0000][2293.844s] GC(739) User=0.09s Sys=0.01s Real=0.02s
[2022-05-03T01:06:25.000+0000][2295.914s] GC(740) Pause Young (Normal) (G1 Evacuation Pause)
[2022-05-03T01:06:25.000+0000][2295.914s] GC(740) Using 8 workers of 8 for evacuation
[2022-05-03T01:06:25.005+0000][2295.919s] GC(740)   Pre Evacuate Collection Set: 0.0ms
[2022-05-03T01:06:25.006+0000][2295.920s] GC(740)   Evacuate Collection Set: 2.8ms
[2022-05-03T01:06:25.006+0000][2295.920s] GC(740)   Post Evacuate Collection Set: 1.8ms
[2022-05-03T01:06:25.006+0000][2295.921s] GC(740)   Other: 0.7ms
[2022-05-03T01:06:25.007+0000][2295.921s] GC(740) Eden regions: 287->0(291)
[2022-05-03T01:06:25.007+0000][2295.921s] GC(740) Survivor regions: 20->16(39)
[2022-05-03T01:06:25.007+0000][2295.922s] GC(740) Old regions: 73->73
[2022-05-03T01:06:25.008+0000][2295.922s] GC(740) Humongous regions: 7->7
[2022-05-03T01:06:25.008+0000][2295.922s] GC(740) Metaspace: 57714K->57714K(1101824K)
[2022-05-03T01:06:25.009+0000][2295.923s] GC(740) Pause Young (Normal) (G1 Evacuation Pause) 385M->94M(512M) 8.768ms
[2022-05-03T01:06:25.009+0000][2295.923s] GC(740) User=0.03s Sys=0.00s Real=0.01s
[2022-05-03T01:06:27.024+0000][2297.938s] GC(741) Pause Young (Normal) (G1 Evacuation Pause)
[2022-05-03T01:06:27.024+0000][2297.939s] GC(741) Using 8 workers of 8 for evacuation
[2022-05-03T01:06:27.036+0000][2297.950s] GC(741)   Pre Evacuate Collection Set: 0.0ms
[2022-05-03T01:06:27.037+0000][2297.951s] GC(741)   Evacuate Collection Set: 8.3ms
[2022-05-03T01:06:27.037+0000][2297.951s] GC(741)   Post Evacuate Collection Set: 3.1ms
[2022-05-03T01:06:27.037+0000][2297.951s] GC(741)   Other: 0.5ms
[2022-05-03T01:06:27.038+0000][2297.952s] GC(741) Eden regions: 291->0(289)
[2022-05-03T01:06:27.038+0000][2297.952s] GC(741) Survivor regions: 16->18(39)
[2022-05-03T01:06:27.038+0000][2297.952s] GC(741) Old regions: 73->73
[2022-05-03T01:06:27.039+0000][2297.953s] GC(741) Humongous regions: 7->7
[2022-05-03T01:06:27.039+0000][2297.953s] GC(741) Metaspace: 57714K->57714K(1101824K)
[2022-05-03T01:06:27.039+0000][2297.953s] GC(741) Pause Young (Normal) (G1 Evacuation Pause) 385M->95M(512M) 14.762ms
[2022-05-03T01:06:27.039+0000][2297.953s] GC(741) User=0.08s Sys=0.00s Real=0.01s
[2022-05-03T01:06:29.215+0000][2300.129s] GC(742) Pause Young (Normal) (G1 Evacuation Pause)
[2022-05-03T01:06:29.215+0000][2300.129s] GC(742) Using 8 workers of 8 for evacuation
[2022-05-03T01:06:29.221+0000][2300.135s] GC(742)   Pre Evacuate Collection Set: 0.0ms
[2022-05-03T01:06:29.221+0000][2300.135s] GC(742)   Evacuate Collection Set: 2.5ms
[2022-05-03T01:06:29.221+0000][2300.135s] GC(742)   Post Evacuate Collection Set: 2.4ms
[2022-05-03T01:06:29.222+0000][2300.136s] GC(742)   Other: 0.8ms
[2022-05-03T01:06:29.222+0000][2300.136s] GC(742) Eden regions: 289->0(290)
[2022-05-03T01:06:29.222+0000][2300.137s] GC(742) Survivor regions: 18->17(39)
[2022-05-03T01:06:29.223+0000][2300.137s] GC(742) Old regions: 73->73
[2022-05-03T01:06:29.223+0000][2300.137s] GC(742) Humongous regions: 7->7
[2022-05-03T01:06:29.223+0000][2300.137s] GC(742) Metaspace: 57714K->57714K(1101824K)
[2022-05-03T01:06:29.223+0000][2300.138s] GC(742) Pause Young (Normal) (G1 Evacuation Pause) 384M->95M(512M) 8.687ms
[2022-05-03T01:06:29.224+0000][2300.138s] GC(742) User=0.03s Sys=0.01s Real=0.00s
[2022-05-03T01:06:30.911+0000][2301.826s] GC(743) Pause Young (Normal) (G1 Evacuation Pause)
[2022-05-03T01:06:30.912+0000][2301.826s] GC(743) Using 8 workers of 8 for evacuation
[2022-05-03T01:06:30.921+0000][2301.835s] GC(743)   Pre Evacuate Collection Set: 0.0ms
[2022-05-03T01:06:30.921+0000][2301.835s] GC(743)   Evacuate Collection Set: 3.2ms
[2022-05-03T01:06:30.922+0000][2301.836s] GC(743)   Post Evacuate Collection Set: 5.4ms
[2022-05-03T01:06:30.922+0000][2301.836s] GC(743)   Other: 0.8ms
[2022-05-03T01:06:30.922+0000][2301.836s] GC(743) Eden regions: 290->0(293)
[2022-05-03T01:06:30.922+0000][2301.837s] GC(743) Survivor regions: 17->14(39)
[2022-05-03T01:06:30.923+0000][2301.837s] GC(743) Old regions: 73->73
[2022-05-03T01:06:30.923+0000][2301.837s] GC(743) Humongous regions: 7->7
[2022-05-03T01:06:30.923+0000][2301.837s] GC(743) Metaspace: 57714K->57714K(1101824K)
[2022-05-03T01:06:30.924+0000][2301.838s] GC(743) Pause Young (Normal) (G1 Evacuation Pause) 385M->92M(512M) 12.134ms
[2022-05-03T01:06:30.924+0000][2301.838s] GC(743) User=0.06s Sys=0.00s Real=0.01s
[2022-05-03T01:06:33.158+0000][2304.072s] GC(744) Pause Young (Normal) (G1 Evacuation Pause)
[2022-05-03T01:06:33.159+0000][2304.073s] GC(744) Using 8 workers of 8 for evacuation
[2022-05-03T01:06:33.191+0000][2304.105s] GC(744)   Pre Evacuate Collection Set: 0.0ms
[2022-05-03T01:06:33.192+0000][2304.106s] GC(744)   Evacuate Collection Set: 20.1ms
[2022-05-03T01:06:33.192+0000][2304.106s] GC(744)   Post Evacuate Collection Set: 12.3ms
[2022-05-03T01:06:33.192+0000][2304.106s] GC(744)   Other: 0.8ms
[2022-05-03T01:06:33.193+0000][2304.107s] GC(744) Eden regions: 293->0(288)
[2022-05-03T01:06:33.193+0000][2304.107s] GC(744) Survivor regions: 14->19(39)
[2022-05-03T01:06:33.193+0000][2304.107s] GC(744) Old regions: 73->73
[2022-05-03T01:06:33.194+0000][2304.108s] GC(744) Humongous regions: 7->7
[2022-05-03T01:06:33.194+0000][2304.108s] GC(744) Metaspace: 57714K->57714K(1101824K)
[2022-05-03T01:06:33.194+0000][2304.108s] GC(744) Pause Young (Normal) (G1 Evacuation Pause) 385M->96M(512M) 36.010ms
[2022-05-03T01:06:33.194+0000][2304.109s] GC(744) User=0.25s Sys=0.00s Real=0.04s
[2022-05-03T01:06:36.122+0000][2307.037s] GC(745) Pause Young (Normal) (G1 Evacuation Pause)
[2022-05-03T01:06:36.123+0000][2307.037s] GC(745) Using 8 workers of 8 for evacuation
[2022-05-03T01:06:36.129+0000][2307.043s] GC(745)   Pre Evacuate Collection Set: 0.0ms
[2022-05-03T01:06:36.130+0000][2307.044s] GC(745)   Evacuate Collection Set: 3.9ms
[2022-05-03T01:06:36.130+0000][2307.044s] GC(745)   Post Evacuate Collection Set: 1.9ms
[2022-05-03T01:06:36.130+0000][2307.045s] GC(745)   Other: 0.9ms
[2022-05-03T01:06:36.131+0000][2307.045s] GC(745) Eden regions: 288->0(289)
[2022-05-03T01:06:36.132+0000][2307.046s] GC(745) Survivor regions: 19->18(39)
[2022-05-03T01:06:36.132+0000][2307.046s] GC(745) Old regions: 73->73
[2022-05-03T01:06:36.132+0000][2307.046s] GC(745) Humongous regions: 7->7
[2022-05-03T01:06:36.133+0000][2307.047s] GC(745) Metaspace: 57714K->57714K(1101824K)
[2022-05-03T01:06:36.133+0000][2307.047s] GC(745) Pause Young (Normal) (G1 Evacuation Pause) 384M->96M(512M) 10.368ms
[2022-05-03T01:06:36.133+0000][2307.047s] GC(745) User=0.04s Sys=0.00s Real=0.01s
[2022-05-03T01:06:37.871+0000][2308.785s] GC(746) Pause Young (Normal) (G1 Evacuation Pause)
[2022-05-03T01:06:37.871+0000][2308.785s] GC(746) Using 8 workers of 8 for evacuation
[2022-05-03T01:06:37.884+0000][2308.798s] GC(746)   Pre Evacuate Collection Set: 0.0ms
[2022-05-03T01:06:37.884+0000][2308.799s] GC(746)   Evacuate Collection Set: 8.2ms
[2022-05-03T01:06:37.885+0000][2308.799s] GC(746)   Post Evacuate Collection Set: 4.6ms
[2022-05-03T01:06:37.885+0000][2308.799s] GC(746)   Other: 0.6ms
[2022-05-03T01:06:37.885+0000][2308.799s] GC(746) Eden regions: 289->0(289)
[2022-05-03T01:06:37.885+0000][2308.799s] GC(746) Survivor regions: 18->18(39)
[2022-05-03T01:06:37.885+0000][2308.799s] GC(746) Old regions: 73->73
[2022-05-03T01:06:37.885+0000][2308.800s] GC(746) Humongous regions: 7->7
[2022-05-03T01:06:37.886+0000][2308.800s] GC(746) Metaspace: 57714K->57714K(1101824K)
[2022-05-03T01:06:37.886+0000][2308.800s] GC(746) Pause Young (Normal) (G1 Evacuation Pause) 385M->96M(512M) 14.917ms
[2022-05-03T01:06:37.886+0000][2308.800s] GC(746) User=0.10s Sys=0.00s Real=0.02s
[2022-05-03T01:06:40.145+0000][2311.059s] GC(747) Pause Young (Normal) (G1 Evacuation Pause)
[2022-05-03T01:06:40.146+0000][2311.060s] GC(747) Using 8 workers of 8 for evacuation
[2022-05-03T01:06:40.152+0000][2311.066s] GC(747)   Pre Evacuate Collection Set: 0.0ms
[2022-05-03T01:06:40.153+0000][2311.067s] GC(747)   Evacuate Collection Set: 3.5ms
[2022-05-03T01:06:40.153+0000][2311.067s] GC(747)   Post Evacuate Collection Set: 2.8ms
[2022-05-03T01:06:40.154+0000][2311.068s] GC(747)   Other: 0.7ms
[2022-05-03T01:06:40.154+0000][2311.068s] GC(747) Eden regions: 289->0(286)
[2022-05-03T01:06:40.154+0000][2311.068s] GC(747) Survivor regions: 18->21(39)
[2022-05-03T01:06:40.155+0000][2311.069s] GC(747) Old regions: 73->74
[2022-05-03T01:06:40.155+0000][2311.069s] GC(747) Humongous regions: 7->7
[2022-05-03T01:06:40.155+0000][2311.070s] GC(747) Metaspace: 57714K->57714K(1101824K)
[2022-05-03T01:06:40.156+0000][2311.070s] GC(747) Pause Young (Normal) (G1 Evacuation Pause) 385M->99M(512M) 10.519ms
[2022-05-03T01:06:40.156+0000][2311.070s] GC(747) User=0.04s Sys=0.01s Real=0.01s
[2022-05-03T01:06:42.283+0000][2313.197s] GC(748) Pause Young (Normal) (G1 Evacuation Pause)
[2022-05-03T01:06:42.283+0000][2313.197s] GC(748) Using 8 workers of 8 for evacuation
[2022-05-03T01:06:42.294+0000][2313.208s] GC(748)   Pre Evacuate Collection Set: 0.0ms
[2022-05-03T01:06:42.295+0000][2313.209s] GC(748)   Evacuate Collection Set: 7.9ms
[2022-05-03T01:06:42.295+0000][2313.209s] GC(748)   Post Evacuate Collection Set: 2.4ms
[2022-05-03T01:06:42.295+0000][2313.209s] GC(748)   Other: 0.9ms
[2022-05-03T01:06:42.296+0000][2313.210s] GC(748) Eden regions: 286->0(289)
[2022-05-03T01:06:42.296+0000][2313.210s] GC(748) Survivor regions: 21->18(39)
[2022-05-03T01:06:42.296+0000][2313.210s] GC(748) Old regions: 74->74
[2022-05-03T01:06:42.296+0000][2313.211s] GC(748) Humongous regions: 7->7
[2022-05-03T01:06:42.297+0000][2313.211s] GC(748) Metaspace: 57714K->57714K(1101824K)
[2022-05-03T01:06:42.297+0000][2313.211s] GC(748) Pause Young (Normal) (G1 Evacuation Pause) 385M->96M(512M) 13.960ms
[2022-05-03T01:06:42.297+0000][2313.211s] GC(748) User=0.07s Sys=0.00s Real=0.02s
[2022-05-03T01:06:44.133+0000][2315.047s] GC(749) Pause Young (Normal) (G1 Evacuation Pause)
[2022-05-03T01:06:44.133+0000][2315.048s] GC(749) Using 8 workers of 8 for evacuation
[2022-05-03T01:06:44.140+0000][2315.054s] GC(749)   Pre Evacuate Collection Set: 0.0ms
[2022-05-03T01:06:44.140+0000][2315.055s] GC(749)   Evacuate Collection Set: 3.6ms
[2022-05-03T01:06:44.141+0000][2315.055s] GC(749)   Post Evacuate Collection Set: 2.5ms
[2022-05-03T01:06:44.141+0000][2315.055s] GC(749)   Other: 0.7ms
[2022-05-03T01:06:44.141+0000][2315.056s] GC(749) Eden regions: 289->0(287)
[2022-05-03T01:06:44.142+0000][2315.056s] GC(749) Survivor regions: 18->20(39)
[2022-05-03T01:06:44.142+0000][2315.056s] GC(749) Old regions: 74->74
[2022-05-03T01:06:44.142+0000][2315.056s] GC(749) Humongous regions: 7->7
[2022-05-03T01:06:44.143+0000][2315.057s] GC(749) Metaspace: 57714K->57714K(1101824K)
[2022-05-03T01:06:44.143+0000][2315.057s] GC(749) Pause Young (Normal) (G1 Evacuation Pause) 385M->98M(512M) 9.695ms
[2022-05-03T01:06:44.143+0000][2315.057s] GC(749) User=0.05s Sys=0.00s Real=0.01s
[2022-05-03T01:06:46.373+0000][2317.287s] GC(750) Pause Young (Normal) (G1 Evacuation Pause)
[2022-05-03T01:06:46.374+0000][2317.288s] GC(750) Using 8 workers of 8 for evacuation
[2022-05-03T01:06:46.381+0000][2317.295s] GC(750)   Pre Evacuate Collection Set: 0.0ms
[2022-05-03T01:06:46.381+0000][2317.295s] GC(750)   Evacuate Collection Set: 3.9ms
[2022-05-03T01:06:46.381+0000][2317.295s] GC(750)   Post Evacuate Collection Set: 2.7ms
[2022-05-03T01:06:46.382+0000][2317.296s] GC(750)   Other: 0.9ms
[2022-05-03T01:06:46.382+0000][2317.296s] GC(750) Eden regions: 287->0(287)
[2022-05-03T01:06:46.382+0000][2317.297s] GC(750) Survivor regions: 20->20(39)
[2022-05-03T01:06:46.383+0000][2317.297s] GC(750) Old regions: 74->74
[2022-05-03T01:06:46.383+0000][2317.297s] GC(750) Humongous regions: 7->7
[2022-05-03T01:06:46.384+0000][2317.298s] GC(750) Metaspace: 57714K->57714K(1101824K)
[2022-05-03T01:06:46.384+0000][2317.298s] GC(750) Pause Young (Normal) (G1 Evacuation Pause) 385M->98M(512M) 10.735ms
[2022-05-03T01:06:46.384+0000][2317.298s] GC(750) User=0.03s Sys=0.01s Real=0.02s
[2022-05-03T01:06:48.294+0000][2319.208s] GC(751) Pause Young (Normal) (G1 Evacuation Pause)
[2022-05-03T01:06:48.294+0000][2319.208s] GC(751) Using 8 workers of 8 for evacuation
[2022-05-03T01:06:48.299+0000][2319.213s] GC(751)   Pre Evacuate Collection Set: 0.0ms
[2022-05-03T01:06:48.300+0000][2319.214s] GC(751)   Evacuate Collection Set: 2.9ms
[2022-05-03T01:06:48.300+0000][2319.214s] GC(751)   Post Evacuate Collection Set: 2.0ms
[2022-05-03T01:06:48.301+0000][2319.215s] GC(751)   Other: 0.9ms
[2022-05-03T01:06:48.301+0000][2319.215s] GC(751) Eden regions: 287->0(292)
[2022-05-03T01:06:48.301+0000][2319.215s] GC(751) Survivor regions: 20->15(39)
[2022-05-03T01:06:48.302+0000][2319.216s] GC(751) Old regions: 74->74
[2022-05-03T01:06:48.302+0000][2319.216s] GC(751) Humongous regions: 7->7
[2022-05-03T01:06:48.302+0000][2319.217s] GC(751) Metaspace: 57714K->57714K(1101824K)
[2022-05-03T01:06:48.303+0000][2319.217s] GC(751) Pause Young (Normal) (G1 Evacuation Pause) 385M->93M(512M) 9.081ms
[2022-05-03T01:06:48.303+0000][2319.217s] GC(751) User=0.03s Sys=0.00s Real=0.01s
[2022-05-03T01:06:50.339+0000][2321.253s] GC(752) Pause Young (Normal) (G1 Evacuation Pause)
[2022-05-03T01:06:50.339+0000][2321.253s] GC(752) Using 8 workers of 8 for evacuation
[2022-05-03T01:06:50.345+0000][2321.259s] GC(752)   Pre Evacuate Collection Set: 0.0ms
[2022-05-03T01:06:50.345+0000][2321.259s] GC(752)   Evacuate Collection Set: 2.4ms
[2022-05-03T01:06:50.345+0000][2321.259s] GC(752)   Post Evacuate Collection Set: 2.7ms
[2022-05-03T01:06:50.346+0000][2321.260s] GC(752)   Other: 0.5ms
[2022-05-03T01:06:50.346+0000][2321.260s] GC(752) Eden regions: 292->0(289)
[2022-05-03T01:06:50.346+0000][2321.260s] GC(752) Survivor regions: 15->18(39)
[2022-05-03T01:06:50.347+0000][2321.261s] GC(752) Old regions: 74->74
[2022-05-03T01:06:50.347+0000][2321.261s] GC(752) Humongous regions: 7->7
[2022-05-03T01:06:50.347+0000][2321.261s] GC(752) Metaspace: 57714K->57714K(1101824K)
[2022-05-03T01:06:50.347+0000][2321.262s] GC(752) Pause Young (Normal) (G1 Evacuation Pause) 385M->96M(512M) 8.377ms
[2022-05-03T01:06:50.348+0000][2321.262s] GC(752) User=0.03s Sys=0.01s Real=0.01s
[2022-05-03T01:06:52.571+0000][2323.485s] GC(753) Pause Young (Normal) (G1 Evacuation Pause)
[2022-05-03T01:06:52.571+0000][2323.485s] GC(753) Using 8 workers of 8 for evacuation
[2022-05-03T01:06:52.577+0000][2323.491s] GC(753)   Pre Evacuate Collection Set: 0.0ms
[2022-05-03T01:06:52.577+0000][2323.492s] GC(753)   Evacuate Collection Set: 2.3ms
[2022-05-03T01:06:52.578+0000][2323.492s] GC(753)   Post Evacuate Collection Set: 3.0ms
[2022-05-03T01:06:52.578+0000][2323.492s] GC(753)   Other: 1.1ms
[2022-05-03T01:06:52.579+0000][2323.493s] GC(753) Eden regions: 289->0(291)
[2022-05-03T01:06:52.579+0000][2323.493s] GC(753) Survivor regions: 18->16(39)
[2022-05-03T01:06:52.579+0000][2323.493s] GC(753) Old regions: 74->74
[2022-05-03T01:06:52.580+0000][2323.494s] GC(753) Humongous regions: 7->7
[2022-05-03T01:06:52.580+0000][2323.494s] GC(753) Metaspace: 57714K->57714K(1101824K)
[2022-05-03T01:06:52.580+0000][2323.494s] GC(753) Pause Young (Normal) (G1 Evacuation Pause) 385M->94M(512M) 9.454ms
[2022-05-03T01:06:52.581+0000][2323.495s] GC(753) User=0.04s Sys=0.00s Real=0.01s
[2022-05-03T01:06:54.259+0000][2325.173s] GC(754) Pause Young (Normal) (G1 Evacuation Pause)
[2022-05-03T01:06:54.259+0000][2325.173s] GC(754) Using 8 workers of 8 for evacuation
[2022-05-03T01:06:54.264+0000][2325.178s] GC(754)   Pre Evacuate Collection Set: 0.0ms
[2022-05-03T01:06:54.265+0000][2325.179s] GC(754)   Evacuate Collection Set: 2.7ms
[2022-05-03T01:06:54.265+0000][2325.179s] GC(754)   Post Evacuate Collection Set: 1.6ms
[2022-05-03T01:06:54.265+0000][2325.180s] GC(754)   Other: 0.9ms
[2022-05-03T01:06:54.266+0000][2325.180s] GC(754) Eden regions: 291->0(292)
[2022-05-03T01:06:54.266+0000][2325.180s] GC(754) Survivor regions: 16->15(39)
[2022-05-03T01:06:54.266+0000][2325.181s] GC(754) Old regions: 74->74
[2022-05-03T01:06:54.267+0000][2325.181s] GC(754) Humongous regions: 7->7
[2022-05-03T01:06:54.267+0000][2325.181s] GC(754) Metaspace: 57714K->57714K(1101824K)
[2022-05-03T01:06:54.267+0000][2325.181s] GC(754) Pause Young (Normal) (G1 Evacuation Pause) 385M->93M(512M) 8.367ms
[2022-05-03T01:06:54.267+0000][2325.182s] GC(754) User=0.03s Sys=0.00s Real=0.01s
[2022-05-03T01:06:56.452+0000][2327.367s] GC(755) Pause Young (Normal) (G1 Evacuation Pause)
[2022-05-03T01:06:56.453+0000][2327.367s] GC(755) Using 8 workers of 8 for evacuation
[2022-05-03T01:06:56.458+0000][2327.372s] GC(755)   Pre Evacuate Collection Set: 0.0ms
[2022-05-03T01:06:56.458+0000][2327.372s] GC(755)   Evacuate Collection Set: 2.3ms
[2022-05-03T01:06:56.459+0000][2327.373s] GC(755)   Post Evacuate Collection Set: 2.5ms
[2022-05-03T01:06:56.459+0000][2327.373s] GC(755)   Other: 0.6ms
[2022-05-03T01:06:56.459+0000][2327.374s] GC(755) Eden regions: 292->0(289)
[2022-05-03T01:06:56.460+0000][2327.374s] GC(755) Survivor regions: 15->18(39)
[2022-05-03T01:06:56.460+0000][2327.374s] GC(755) Old regions: 74->74
[2022-05-03T01:06:56.460+0000][2327.375s] GC(755) Humongous regions: 7->7
[2022-05-03T01:06:56.461+0000][2327.375s] GC(755) Metaspace: 57714K->57714K(1101824K)
[2022-05-03T01:06:56.461+0000][2327.375s] GC(755) Pause Young (Normal) (G1 Evacuation Pause) 385M->96M(512M) 8.576ms
[2022-05-03T01:06:56.461+0000][2327.375s] GC(755) User=0.03s Sys=0.00s Real=0.01s
[2022-05-03T01:06:58.713+0000][2329.627s] GC(756) Pause Young (Normal) (G1 Evacuation Pause)
[2022-05-03T01:06:58.713+0000][2329.627s] GC(756) Using 8 workers of 8 for evacuation
[2022-05-03T01:06:58.719+0000][2329.633s] GC(756)   Pre Evacuate Collection Set: 0.0ms
[2022-05-03T01:06:58.720+0000][2329.634s] GC(756)   Evacuate Collection Set: 2.9ms
[2022-05-03T01:06:58.720+0000][2329.634s] GC(756)   Post Evacuate Collection Set: 2.7ms
[2022-05-03T01:06:58.721+0000][2329.635s] GC(756)   Other: 0.7ms
[2022-05-03T01:06:58.721+0000][2329.635s] GC(756) Eden regions: 289->0(289)
[2022-05-03T01:06:58.721+0000][2329.635s] GC(756) Survivor regions: 18->18(39)
[2022-05-03T01:06:58.722+0000][2329.636s] GC(756) Old regions: 74->74
[2022-05-03T01:06:58.722+0000][2329.636s] GC(756) Humongous regions: 7->7
[2022-05-03T01:06:58.722+0000][2329.637s] GC(756) Metaspace: 57714K->57714K(1101824K)
[2022-05-03T01:06:58.723+0000][2329.637s] GC(756) Pause Young (Normal) (G1 Evacuation Pause) 385M->96M(512M) 9.992ms
[2022-05-03T01:06:58.723+0000][2329.637s] GC(756) User=0.04s Sys=0.00s Real=0.01s
[2022-05-03T01:07:00.464+0000][2331.378s] GC(757) Pause Young (Normal) (G1 Evacuation Pause)
[2022-05-03T01:07:00.464+0000][2331.378s] GC(757) Using 8 workers of 8 for evacuation
[2022-05-03T01:07:00.477+0000][2331.391s] GC(757)   Pre Evacuate Collection Set: 0.0ms
[2022-05-03T01:07:00.477+0000][2331.391s] GC(757)   Evacuate Collection Set: 5.2ms
[2022-05-03T01:07:00.477+0000][2331.392s] GC(757)   Post Evacuate Collection Set: 6.9ms
[2022-05-03T01:07:00.478+0000][2331.392s] GC(757)   Other: 1.0ms
[2022-05-03T01:07:00.478+0000][2331.392s] GC(757) Eden regions: 289->0(293)
[2022-05-03T01:07:00.478+0000][2331.392s] GC(757) Survivor regions: 18->14(39)
[2022-05-03T01:07:00.478+0000][2331.393s] GC(757) Old regions: 74->74
[2022-05-03T01:07:00.479+0000][2331.393s] GC(757) Humongous regions: 7->7
[2022-05-03T01:07:00.479+0000][2331.393s] GC(757) Metaspace: 57714K->57714K(1101824K)
[2022-05-03T01:07:00.479+0000][2331.393s] GC(757) Pause Young (Normal) (G1 Evacuation Pause) 385M->92M(512M) 15.531ms
[2022-05-03T01:07:00.479+0000][2331.393s] GC(757) User=0.09s Sys=0.00s Real=0.02s
[2022-05-03T01:07:02.854+0000][2333.768s] GC(758) Pause Young (Normal) (G1 Evacuation Pause)
[2022-05-03T01:07:02.854+0000][2333.768s] GC(758) Using 8 workers of 8 for evacuation
[2022-05-03T01:07:02.861+0000][2333.775s] GC(758)   Pre Evacuate Collection Set: 0.0ms
[2022-05-03T01:07:02.861+0000][2333.775s] GC(758)   Evacuate Collection Set: 3.4ms
[2022-05-03T01:07:02.862+0000][2333.776s] GC(758)   Post Evacuate Collection Set: 2.6ms
[2022-05-03T01:07:02.862+0000][2333.776s] GC(758)   Other: 1.1ms
[2022-05-03T01:07:02.862+0000][2333.776s] GC(758) Eden regions: 293->0(287)
[2022-05-03T01:07:02.863+0000][2333.777s] GC(758) Survivor regions: 14->20(39)
[2022-05-03T01:07:02.863+0000][2333.777s] GC(758) Old regions: 74->74
[2022-05-03T01:07:02.863+0000][2333.778s] GC(758) Humongous regions: 7->7
[2022-05-03T01:07:02.864+0000][2333.778s] GC(758) Metaspace: 57714K->57714K(1101824K)
[2022-05-03T01:07:02.864+0000][2333.778s] GC(758) Pause Young (Normal) (G1 Evacuation Pause) 385M->99M(512M) 10.468ms
[2022-05-03T01:07:02.864+0000][2333.779s] GC(758) User=0.04s Sys=0.00s Real=0.02s
[2022-05-03T01:07:05.106+0000][2336.020s] GC(759) Pause Young (Normal) (G1 Evacuation Pause)
[2022-05-03T01:07:05.107+0000][2336.021s] GC(759) Using 8 workers of 8 for evacuation
[2022-05-03T01:07:05.113+0000][2336.027s] GC(759)   Pre Evacuate Collection Set: 0.0ms
[2022-05-03T01:07:05.114+0000][2336.028s] GC(759)   Evacuate Collection Set: 3.2ms
[2022-05-03T01:07:05.114+0000][2336.028s] GC(759)   Post Evacuate Collection Set: 2.6ms
[2022-05-03T01:07:05.114+0000][2336.028s] GC(759)   Other: 1.0ms
[2022-05-03T01:07:05.115+0000][2336.029s] GC(759) Eden regions: 287->0(289)
[2022-05-03T01:07:05.115+0000][2336.029s] GC(759) Survivor regions: 20->18(39)
[2022-05-03T01:07:05.115+0000][2336.029s] GC(759) Old regions: 74->74
[2022-05-03T01:07:05.116+0000][2336.030s] GC(759) Humongous regions: 7->7
[2022-05-03T01:07:05.116+0000][2336.030s] GC(759) Metaspace: 57714K->57714K(1101824K)
[2022-05-03T01:07:05.116+0000][2336.031s] GC(759) Pause Young (Normal) (G1 Evacuation Pause) 386M->97M(512M) 10.133ms
[2022-05-03T01:07:05.117+0000][2336.031s] GC(759) User=0.04s Sys=0.01s Real=0.01s
[2022-05-03T01:07:06.942+0000][2337.856s] GC(760) Pause Young (Normal) (G1 Evacuation Pause)
[2022-05-03T01:07:06.942+0000][2337.856s] GC(760) Using 8 workers of 8 for evacuation
[2022-05-03T01:07:06.951+0000][2337.865s] GC(760)   Pre Evacuate Collection Set: 0.0ms
[2022-05-03T01:07:06.951+0000][2337.865s] GC(760)   Evacuate Collection Set: 3.5ms
[2022-05-03T01:07:06.952+0000][2337.866s] GC(760)   Post Evacuate Collection Set: 5.0ms
[2022-05-03T01:07:06.952+0000][2337.866s] GC(760)   Other: 0.8ms
[2022-05-03T01:07:06.952+0000][2337.866s] GC(760) Eden regions: 289->0(290)
[2022-05-03T01:07:06.953+0000][2337.867s] GC(760) Survivor regions: 18->17(39)
[2022-05-03T01:07:06.953+0000][2337.867s] GC(760) Old regions: 74->74
[2022-05-03T01:07:06.953+0000][2337.867s] GC(760) Humongous regions: 7->7
[2022-05-03T01:07:06.954+0000][2337.868s] GC(760) Metaspace: 57714K->57714K(1101824K)
[2022-05-03T01:07:06.954+0000][2337.868s] GC(760) Pause Young (Normal) (G1 Evacuation Pause) 386M->95M(512M) 12.036ms
[2022-05-03T01:07:06.954+0000][2337.868s] GC(760) User=0.06s Sys=0.00s Real=0.01s
[2022-05-03T01:07:09.172+0000][2340.086s] GC(761) Pause Young (Normal) (G1 Evacuation Pause)
[2022-05-03T01:07:09.172+0000][2340.086s] GC(761) Using 8 workers of 8 for evacuation
[2022-05-03T01:07:09.178+0000][2340.092s] GC(761)   Pre Evacuate Collection Set: 0.0ms
[2022-05-03T01:07:09.179+0000][2340.093s] GC(761)   Evacuate Collection Set: 2.9ms
[2022-05-03T01:07:09.179+0000][2340.093s] GC(761)   Post Evacuate Collection Set: 2.8ms
[2022-05-03T01:07:09.180+0000][2340.094s] GC(761)   Other: 1.0ms
[2022-05-03T01:07:09.180+0000][2340.094s] GC(761) Eden regions: 290->0(289)
[2022-05-03T01:07:09.180+0000][2340.095s] GC(761) Survivor regions: 17->18(39)
[2022-05-03T01:07:09.181+0000][2340.095s] GC(761) Old regions: 74->74
[2022-05-03T01:07:09.181+0000][2340.095s] GC(761) Humongous regions: 7->7
[2022-05-03T01:07:09.182+0000][2340.096s] GC(761) Metaspace: 57714K->57714K(1101824K)
[2022-05-03T01:07:09.182+0000][2340.096s] GC(761) Pause Young (Normal) (G1 Evacuation Pause) 385M->97M(512M) 10.294ms
[2022-05-03T01:07:09.182+0000][2340.096s] GC(761) User=0.04s Sys=0.00s Real=0.01s
[2022-05-03T01:07:11.226+0000][2342.140s] GC(762) Pause Young (Normal) (G1 Evacuation Pause)
[2022-05-03T01:07:11.226+0000][2342.140s] GC(762) Using 8 workers of 8 for evacuation
[2022-05-03T01:07:11.231+0000][2342.145s] GC(762)   Pre Evacuate Collection Set: 0.0ms
[2022-05-03T01:07:11.232+0000][2342.146s] GC(762)   Evacuate Collection Set: 2.9ms
[2022-05-03T01:07:11.232+0000][2342.146s] GC(762)   Post Evacuate Collection Set: 1.9ms
[2022-05-03T01:07:11.232+0000][2342.146s] GC(762)   Other: 0.5ms
[2022-05-03T01:07:11.233+0000][2342.147s] GC(762) Eden regions: 289->0(292)
[2022-05-03T01:07:11.233+0000][2342.147s] GC(762) Survivor regions: 18->15(39)
[2022-05-03T01:07:11.233+0000][2342.147s] GC(762) Old regions: 74->74
[2022-05-03T01:07:11.233+0000][2342.148s] GC(762) Humongous regions: 7->7
[2022-05-03T01:07:11.234+0000][2342.148s] GC(762) Metaspace: 57714K->57714K(1101824K)
[2022-05-03T01:07:11.234+0000][2342.148s] GC(762) Pause Young (Normal) (G1 Evacuation Pause) 386M->94M(512M) 8.059ms
[2022-05-03T01:07:11.234+0000][2342.148s] GC(762) User=0.03s Sys=0.00s Real=0.01s
[2022-05-03T01:07:13.869+0000][2344.783s] GC(763) Pause Young (Normal) (G1 Evacuation Pause)
[2022-05-03T01:07:13.869+0000][2344.783s] GC(763) Using 8 workers of 8 for evacuation
[2022-05-03T01:07:13.886+0000][2344.800s] GC(763)   Pre Evacuate Collection Set: 0.0ms
[2022-05-03T01:07:13.887+0000][2344.801s] GC(763)   Evacuate Collection Set: 8.0ms
[2022-05-03T01:07:13.887+0000][2344.801s] GC(763)   Post Evacuate Collection Set: 8.6ms
[2022-05-03T01:07:13.887+0000][2344.802s] GC(763)   Other: 1.0ms
[2022-05-03T01:07:13.888+0000][2344.802s] GC(763) Eden regions: 292->0(287)
[2022-05-03T01:07:13.888+0000][2344.802s] GC(763) Survivor regions: 15->20(39)
[2022-05-03T01:07:13.888+0000][2344.802s] GC(763) Old regions: 74->74
[2022-05-03T01:07:13.889+0000][2344.803s] GC(763) Humongous regions: 7->7
[2022-05-03T01:07:13.889+0000][2344.803s] GC(763) Metaspace: 57714K->57714K(1101824K)
[2022-05-03T01:07:13.889+0000][2344.803s] GC(763) Pause Young (Normal) (G1 Evacuation Pause) 386M->99M(512M) 20.282ms
[2022-05-03T01:07:13.889+0000][2344.804s] GC(763) User=0.12s Sys=0.00s Real=0.02s
[2022-05-03T01:07:16.307+0000][2347.221s] GC(764) Pause Young (Normal) (G1 Evacuation Pause)
[2022-05-03T01:07:16.307+0000][2347.221s] GC(764) Using 8 workers of 8 for evacuation
[2022-05-03T01:07:16.314+0000][2347.228s] GC(764)   Pre Evacuate Collection Set: 0.0ms
[2022-05-03T01:07:16.314+0000][2347.228s] GC(764)   Evacuate Collection Set: 3.4ms
[2022-05-03T01:07:16.314+0000][2347.229s] GC(764)   Post Evacuate Collection Set: 2.6ms
[2022-05-03T01:07:16.315+0000][2347.229s] GC(764)   Other: 0.8ms
[2022-05-03T01:07:16.315+0000][2347.229s] GC(764) Eden regions: 287->0(288)
[2022-05-03T01:07:16.316+0000][2347.230s] GC(764) Survivor regions: 20->19(39)
[2022-05-03T01:07:16.316+0000][2347.230s] GC(764) Old regions: 74->74
[2022-05-03T01:07:16.317+0000][2347.231s] GC(764) Humongous regions: 7->7
[2022-05-03T01:07:16.317+0000][2347.231s] GC(764) Metaspace: 57714K->57714K(1101824K)
[2022-05-03T01:07:16.317+0000][2347.231s] GC(764) Pause Young (Normal) (G1 Evacuation Pause) 386M->98M(512M) 10.363ms
[2022-05-03T01:07:16.318+0000][2347.232s] GC(764) User=0.04s Sys=0.00s Real=0.01s
[2022-05-03T01:07:18.324+0000][2349.238s] GC(765) Pause Young (Normal) (G1 Evacuation Pause)
[2022-05-03T01:07:18.325+0000][2349.239s] GC(765) Using 8 workers of 8 for evacuation
[2022-05-03T01:07:18.330+0000][2349.244s] GC(765)   Pre Evacuate Collection Set: 0.0ms
[2022-05-03T01:07:18.330+0000][2349.244s] GC(765)   Evacuate Collection Set: 2.8ms
[2022-05-03T01:07:18.331+0000][2349.245s] GC(765)   Post Evacuate Collection Set: 2.0ms
[2022-05-03T01:07:18.331+0000][2349.245s] GC(765)   Other: 0.7ms
[2022-05-03T01:07:18.332+0000][2349.246s] GC(765) Eden regions: 288->0(292)
[2022-05-03T01:07:18.332+0000][2349.246s] GC(765) Survivor regions: 19->15(39)
[2022-05-03T01:07:18.332+0000][2349.246s] GC(765) Old regions: 74->74
[2022-05-03T01:07:18.333+0000][2349.247s] GC(765) Humongous regions: 7->7
[2022-05-03T01:07:18.333+0000][2349.247s] GC(765) Metaspace: 57714K->57714K(1101824K)
[2022-05-03T01:07:18.333+0000][2349.247s] GC(765) Pause Young (Normal) (G1 Evacuation Pause) 386M->94M(512M) 9.016ms
[2022-05-03T01:07:18.334+0000][2349.248s] GC(765) User=0.03s Sys=0.00s Real=0.00s
[2022-05-03T01:07:20.387+0000][2351.301s] GC(766) Pause Young (Normal) (G1 Evacuation Pause)
[2022-05-03T01:07:20.388+0000][2351.302s] GC(766) Using 8 workers of 8 for evacuation
[2022-05-03T01:07:20.394+0000][2351.308s] GC(766)   Pre Evacuate Collection Set: 0.0ms
[2022-05-03T01:07:20.395+0000][2351.309s] GC(766)   Evacuate Collection Set: 3.6ms
[2022-05-03T01:07:20.395+0000][2351.309s] GC(766)   Post Evacuate Collection Set: 2.7ms
[2022-05-03T01:07:20.396+0000][2351.310s] GC(766)   Other: 0.8ms
[2022-05-03T01:07:20.396+0000][2351.310s] GC(766) Eden regions: 292->0(286)
[2022-05-03T01:07:20.396+0000][2351.311s] GC(766) Survivor regions: 15->21(39)
[2022-05-03T01:07:20.397+0000][2351.311s] GC(766) Old regions: 74->74
[2022-05-03T01:07:20.397+0000][2351.311s] GC(766) Humongous regions: 7->7
[2022-05-03T01:07:20.398+0000][2351.312s] GC(766) Metaspace: 57714K->57714K(1101824K)
[2022-05-03T01:07:20.398+0000][2351.312s] GC(766) Pause Young (Normal) (G1 Evacuation Pause) 386M->99M(512M) 10.837ms
[2022-05-03T01:07:20.398+0000][2351.312s] GC(766) User=0.02s Sys=0.02s Real=0.01s
[2022-05-03T01:07:22.668+0000][2353.583s] GC(767) Pause Young (Normal) (G1 Evacuation Pause)
[2022-05-03T01:07:22.669+0000][2353.583s] GC(767) Using 8 workers of 8 for evacuation
[2022-05-03T01:07:22.676+0000][2353.590s] GC(767)   Pre Evacuate Collection Set: 0.0ms
[2022-05-03T01:07:22.677+0000][2353.591s] GC(767)   Evacuate Collection Set: 3.6ms
[2022-05-03T01:07:22.677+0000][2353.591s] GC(767)   Post Evacuate Collection Set: 3.1ms
[2022-05-03T01:07:22.677+0000][2353.592s] GC(767)   Other: 0.9ms
[2022-05-03T01:07:22.678+0000][2353.592s] GC(767) Eden regions: 286->0(288)
[2022-05-03T01:07:22.678+0000][2353.592s] GC(767) Survivor regions: 21->19(39)
[2022-05-03T01:07:22.679+0000][2353.593s] GC(767) Old regions: 74->74
[2022-05-03T01:07:22.679+0000][2353.593s] GC(767) Humongous regions: 7->7
[2022-05-03T01:07:22.679+0000][2353.594s] GC(767) Metaspace: 57714K->57714K(1101824K)
[2022-05-03T01:07:22.680+0000][2353.594s] GC(767) Pause Young (Normal) (G1 Evacuation Pause) 385M->98M(512M) 11.440ms
[2022-05-03T01:07:22.680+0000][2353.594s] GC(767) User=0.05s Sys=0.00s Real=0.01s
[2022-05-03T01:07:24.315+0000][2355.230s] GC(768) Pause Young (Normal) (G1 Evacuation Pause)
[2022-05-03T01:07:24.316+0000][2355.230s] GC(768) Using 8 workers of 8 for evacuation
[2022-05-03T01:07:24.321+0000][2355.235s] GC(768)   Pre Evacuate Collection Set: 0.0ms
[2022-05-03T01:07:24.321+0000][2355.235s] GC(768)   Evacuate Collection Set: 2.3ms
[2022-05-03T01:07:24.321+0000][2355.236s] GC(768)   Post Evacuate Collection Set: 1.9ms
[2022-05-03T01:07:24.322+0000][2355.236s] GC(768)   Other: 0.9ms
[2022-05-03T01:07:24.322+0000][2355.236s] GC(768) Eden regions: 288->0(293)
[2022-05-03T01:07:24.323+0000][2355.237s] GC(768) Survivor regions: 19->14(39)
[2022-05-03T01:07:24.323+0000][2355.237s] GC(768) Old regions: 74->74
[2022-05-03T01:07:24.323+0000][2355.237s] GC(768) Humongous regions: 7->7
[2022-05-03T01:07:24.324+0000][2355.238s] GC(768) Metaspace: 57714K->57714K(1101824K)
[2022-05-03T01:07:24.324+0000][2355.238s] GC(768) Pause Young (Normal) (G1 Evacuation Pause) 386M->93M(512M) 8.457ms
[2022-05-03T01:07:24.324+0000][2355.238s] GC(768) User=0.02s Sys=0.00s Real=0.01s
[2022-05-03T01:07:26.614+0000][2357.529s] GC(769) Pause Young (Normal) (G1 Evacuation Pause)
[2022-05-03T01:07:26.615+0000][2357.529s] GC(769) Using 8 workers of 8 for evacuation
[2022-05-03T01:07:26.620+0000][2357.534s] GC(769)   Pre Evacuate Collection Set: 0.0ms
[2022-05-03T01:07:26.620+0000][2357.534s] GC(769)   Evacuate Collection Set: 2.3ms
[2022-05-03T01:07:26.621+0000][2357.535s] GC(769)   Post Evacuate Collection Set: 2.5ms
[2022-05-03T01:07:26.621+0000][2357.535s] GC(769)   Other: 0.6ms
[2022-05-03T01:07:26.621+0000][2357.535s] GC(769) Eden regions: 293->0(289)
[2022-05-03T01:07:26.622+0000][2357.536s] GC(769) Survivor regions: 14->18(39)
[2022-05-03T01:07:26.622+0000][2357.536s] GC(769) Old regions: 74->74
[2022-05-03T01:07:26.622+0000][2357.536s] GC(769) Humongous regions: 7->7
[2022-05-03T01:07:26.623+0000][2357.537s] GC(769) Metaspace: 57714K->57714K(1101824K)
[2022-05-03T01:07:26.623+0000][2357.537s] GC(769) Pause Young (Normal) (G1 Evacuation Pause) 386M->97M(512M) 8.539ms
[2022-05-03T01:07:26.623+0000][2357.537s] GC(769) User=0.03s Sys=0.00s Real=0.00s
[2022-05-03T01:07:28.853+0000][2359.767s] GC(770) Pause Young (Normal) (G1 Evacuation Pause)
[2022-05-03T01:07:28.853+0000][2359.767s] GC(770) Using 8 workers of 8 for evacuation
[2022-05-03T01:07:28.867+0000][2359.782s] GC(770)   Pre Evacuate Collection Set: 0.0ms
[2022-05-03T01:07:28.868+0000][2359.782s] GC(770)   Evacuate Collection Set: 7.0ms
[2022-05-03T01:07:28.868+0000][2359.782s] GC(770)   Post Evacuate Collection Set: 7.0ms
[2022-05-03T01:07:28.868+0000][2359.782s] GC(770)   Other: 0.7ms
[2022-05-03T01:07:28.868+0000][2359.783s] GC(770) Eden regions: 289->0(290)
[2022-05-03T01:07:28.869+0000][2359.783s] GC(770) Survivor regions: 18->17(39)
[2022-05-03T01:07:28.869+0000][2359.783s] GC(770) Old regions: 74->74
[2022-05-03T01:07:28.869+0000][2359.783s] GC(770) Humongous regions: 7->7
[2022-05-03T01:07:28.869+0000][2359.783s] GC(770) Metaspace: 57714K->57714K(1101824K)
[2022-05-03T01:07:28.869+0000][2359.783s] GC(770) Pause Young (Normal) (G1 Evacuation Pause) 386M->95M(512M) 16.455ms
[2022-05-03T01:07:28.869+0000][2359.784s] GC(770) User=0.11s Sys=0.00s Real=0.02s
[2022-05-03T01:07:30.638+0000][2361.552s] GC(771) Pause Young (Normal) (G1 Evacuation Pause)
[2022-05-03T01:07:30.638+0000][2361.552s] GC(771) Using 8 workers of 8 for evacuation
[2022-05-03T01:07:30.643+0000][2361.557s] GC(771)   Pre Evacuate Collection Set: 0.0ms
[2022-05-03T01:07:30.643+0000][2361.557s] GC(771)   Evacuate Collection Set: 3.1ms
[2022-05-03T01:07:30.644+0000][2361.558s] GC(771)   Post Evacuate Collection Set: 1.7ms
[2022-05-03T01:07:30.644+0000][2361.558s] GC(771)   Other: 0.7ms
[2022-05-03T01:07:30.644+0000][2361.558s] GC(771) Eden regions: 290->0(291)
[2022-05-03T01:07:30.645+0000][2361.559s] GC(771) Survivor regions: 17->16(39)
[2022-05-03T01:07:30.645+0000][2361.559s] GC(771) Old regions: 74->74
[2022-05-03T01:07:30.645+0000][2361.559s] GC(771) Humongous regions: 7->7
[2022-05-03T01:07:30.645+0000][2361.559s] GC(771) Metaspace: 57714K->57714K(1101824K)
[2022-05-03T01:07:30.646+0000][2361.560s] GC(771) Pause Young (Normal) (G1 Evacuation Pause) 385M->95M(512M) 8.026ms
[2022-05-03T01:07:30.646+0000][2361.560s] GC(771) User=0.03s Sys=0.01s Real=0.01s
[2022-05-03T01:07:32.878+0000][2363.793s] GC(772) Pause Young (Normal) (G1 Evacuation Pause)
[2022-05-03T01:07:32.879+0000][2363.793s] GC(772) Using 8 workers of 8 for evacuation
[2022-05-03T01:07:32.886+0000][2363.800s] GC(772)   Pre Evacuate Collection Set: 0.0ms
[2022-05-03T01:07:32.886+0000][2363.800s] GC(772)   Evacuate Collection Set: 3.5ms
[2022-05-03T01:07:32.887+0000][2363.801s] GC(772)   Post Evacuate Collection Set: 2.9ms
[2022-05-03T01:07:32.887+0000][2363.801s] GC(772)   Other: 1.0ms
[2022-05-03T01:07:32.887+0000][2363.801s] GC(772) Eden regions: 291->0(286)
[2022-05-03T01:07:32.888+0000][2363.802s] GC(772) Survivor regions: 16->21(39)
[2022-05-03T01:07:32.888+0000][2363.802s] GC(772) Old regions: 74->74
[2022-05-03T01:07:32.888+0000][2363.802s] GC(772) Humongous regions: 7->7
[2022-05-03T01:07:32.889+0000][2363.803s] GC(772) Metaspace: 57714K->57714K(1101824K)
[2022-05-03T01:07:32.889+0000][2363.803s] GC(772) Pause Young (Normal) (G1 Evacuation Pause) 386M->99M(512M) 10.375ms
[2022-05-03T01:07:32.889+0000][2363.803s] GC(772) User=0.05s Sys=0.00s Real=0.01s
[2022-05-03T01:07:34.833+0000][2365.747s] GC(773) Pause Young (Normal) (G1 Evacuation Pause)
[2022-05-03T01:07:34.833+0000][2365.747s] GC(773) Using 8 workers of 8 for evacuation
[2022-05-03T01:07:34.838+0000][2365.752s] GC(773)   Pre Evacuate Collection Set: 0.0ms
[2022-05-03T01:07:34.839+0000][2365.753s] GC(773)   Evacuate Collection Set: 2.9ms
[2022-05-03T01:07:34.839+0000][2365.753s] GC(773)   Post Evacuate Collection Set: 2.0ms
[2022-05-03T01:07:34.840+0000][2365.754s] GC(773)   Other: 0.6ms
[2022-05-03T01:07:34.840+0000][2365.754s] GC(773) Eden regions: 286->0(291)
[2022-05-03T01:07:34.840+0000][2365.754s] GC(773) Survivor regions: 21->16(39)
[2022-05-03T01:07:34.841+0000][2365.755s] GC(773) Old regions: 74->75
[2022-05-03T01:07:34.841+0000][2365.755s] GC(773) Humongous regions: 7->7
[2022-05-03T01:07:34.841+0000][2365.755s] GC(773) Metaspace: 57714K->57714K(1101824K)
[2022-05-03T01:07:34.841+0000][2365.756s] GC(773) Pause Young (Normal) (G1 Evacuation Pause) 385M->95M(512M) 8.607ms
[2022-05-03T01:07:34.842+0000][2365.756s] GC(773) User=0.04s Sys=0.00s Real=0.01s
[2022-05-03T01:07:36.871+0000][2367.785s] GC(774) Pause Young (Normal) (G1 Evacuation Pause)
[2022-05-03T01:07:36.871+0000][2367.786s] GC(774) Using 8 workers of 8 for evacuation
[2022-05-03T01:07:36.878+0000][2367.792s] GC(774)   Pre Evacuate Collection Set: 0.0ms
[2022-05-03T01:07:36.878+0000][2367.793s] GC(774)   Evacuate Collection Set: 3.6ms
[2022-05-03T01:07:36.879+0000][2367.793s] GC(774)   Post Evacuate Collection Set: 2.6ms
[2022-05-03T01:07:36.879+0000][2367.793s] GC(774)   Other: 0.8ms
[2022-05-03T01:07:36.880+0000][2367.794s] GC(774) Eden regions: 291->0(286)
[2022-05-03T01:07:36.880+0000][2367.794s] GC(774) Survivor regions: 16->21(39)
[2022-05-03T01:07:36.880+0000][2367.794s] GC(774) Old regions: 75->75
[2022-05-03T01:07:36.880+0000][2367.795s] GC(774) Humongous regions: 7->7
[2022-05-03T01:07:36.881+0000][2367.795s] GC(774) Metaspace: 57714K->57714K(1101824K)
[2022-05-03T01:07:36.881+0000][2367.795s] GC(774) Pause Young (Normal) (G1 Evacuation Pause) 386M->100M(512M) 9.909ms
[2022-05-03T01:07:36.881+0000][2367.795s] GC(774) User=0.04s Sys=0.00s Real=0.01s
[2022-05-03T01:07:39.055+0000][2369.969s] GC(775) Pause Young (Normal) (G1 Evacuation Pause)
[2022-05-03T01:07:39.055+0000][2369.969s] GC(775) Using 8 workers of 8 for evacuation
[2022-05-03T01:07:39.063+0000][2369.977s] GC(775)   Pre Evacuate Collection Set: 0.0ms
[2022-05-03T01:07:39.063+0000][2369.977s] GC(775)   Evacuate Collection Set: 3.9ms
[2022-05-03T01:07:39.063+0000][2369.977s] GC(775)   Post Evacuate Collection Set: 3.0ms
[2022-05-03T01:07:39.064+0000][2369.978s] GC(775)   Other: 1.0ms
[2022-05-03T01:07:39.064+0000][2369.978s] GC(775) Eden regions: 286->0(288)
[2022-05-03T01:07:39.064+0000][2369.978s] GC(775) Survivor regions: 21->19(39)
[2022-05-03T01:07:39.065+0000][2369.979s] GC(775) Old regions: 75->75
[2022-05-03T01:07:39.065+0000][2369.979s] GC(775) Humongous regions: 7->7
[2022-05-03T01:07:39.065+0000][2369.979s] GC(775) Metaspace: 57714K->57714K(1101824K)
[2022-05-03T01:07:39.066+0000][2369.980s] GC(775) Pause Young (Normal) (G1 Evacuation Pause) 386M->98M(512M) 11.085ms
[2022-05-03T01:07:39.066+0000][2369.980s] GC(775) User=0.04s Sys=0.00s Real=0.01s
[2022-05-03T01:07:41.074+0000][2371.989s] GC(776) Pause Young (Normal) (G1 Evacuation Pause)
[2022-05-03T01:07:41.075+0000][2371.989s] GC(776) Using 8 workers of 8 for evacuation
[2022-05-03T01:07:41.080+0000][2371.994s] GC(776)   Pre Evacuate Collection Set: 0.0ms
[2022-05-03T01:07:41.080+0000][2371.994s] GC(776)   Evacuate Collection Set: 2.7ms
[2022-05-03T01:07:41.081+0000][2371.995s] GC(776)   Post Evacuate Collection Set: 1.7ms
[2022-05-03T01:07:41.081+0000][2371.995s] GC(776)   Other: 1.0ms
[2022-05-03T01:07:41.081+0000][2371.996s] GC(776) Eden regions: 288->0(292)
[2022-05-03T01:07:41.082+0000][2371.996s] GC(776) Survivor regions: 19->15(39)
[2022-05-03T01:07:41.082+0000][2371.996s] GC(776) Old regions: 75->75
[2022-05-03T01:07:41.083+0000][2371.997s] GC(776) Humongous regions: 7->7
[2022-05-03T01:07:41.083+0000][2371.997s] GC(776) Metaspace: 57714K->57714K(1101824K)
[2022-05-03T01:07:41.083+0000][2371.997s] GC(776) Pause Young (Normal) (G1 Evacuation Pause) 386M->94M(512M) 8.745ms
[2022-05-03T01:07:41.083+0000][2371.998s] GC(776) User=0.03s Sys=0.01s Real=0.00s
[2022-05-03T01:07:43.080+0000][2373.994s] GC(777) Pause Young (Normal) (G1 Evacuation Pause)
[2022-05-03T01:07:43.080+0000][2373.995s] GC(777) Using 8 workers of 8 for evacuation
[2022-05-03T01:07:43.087+0000][2374.001s] GC(777)   Pre Evacuate Collection Set: 0.0ms
[2022-05-03T01:07:43.088+0000][2374.002s] GC(777)   Evacuate Collection Set: 3.6ms
[2022-05-03T01:07:43.088+0000][2374.002s] GC(777)   Post Evacuate Collection Set: 2.8ms
[2022-05-03T01:07:43.089+0000][2374.003s] GC(777)   Other: 0.9ms
[2022-05-03T01:07:43.089+0000][2374.003s] GC(777) Eden regions: 292->0(286)
[2022-05-03T01:07:43.089+0000][2374.003s] GC(777) Survivor regions: 15->21(39)
[2022-05-03T01:07:43.090+0000][2374.004s] GC(777) Old regions: 75->75
[2022-05-03T01:07:43.090+0000][2374.004s] GC(777) Humongous regions: 7->7
[2022-05-03T01:07:43.090+0000][2374.004s] GC(777) Metaspace: 57714K->57714K(1101824K)
[2022-05-03T01:07:43.090+0000][2374.005s] GC(777) Pause Young (Normal) (G1 Evacuation Pause) 386M->100M(512M) 10.459ms
[2022-05-03T01:07:43.091+0000][2374.005s] GC(777) User=0.04s Sys=0.00s Real=0.01s
[2022-05-03T01:07:45.392+0000][2376.306s] GC(778) Pause Young (Normal) (G1 Evacuation Pause)
[2022-05-03T01:07:45.392+0000][2376.307s] GC(778) Using 8 workers of 8 for evacuation
[2022-05-03T01:07:45.399+0000][2376.313s] GC(778)   Pre Evacuate Collection Set: 0.0ms
[2022-05-03T01:07:45.400+0000][2376.314s] GC(778)   Evacuate Collection Set: 3.4ms
[2022-05-03T01:07:45.400+0000][2376.314s] GC(778)   Post Evacuate Collection Set: 2.7ms
[2022-05-03T01:07:45.400+0000][2376.315s] GC(778)   Other: 0.8ms
[2022-05-03T01:07:45.401+0000][2376.315s] GC(778) Eden regions: 286->0(288)
[2022-05-03T01:07:45.401+0000][2376.315s] GC(778) Survivor regions: 21->19(39)
[2022-05-03T01:07:45.402+0000][2376.316s] GC(778) Old regions: 75->75
[2022-05-03T01:07:45.402+0000][2376.316s] GC(778) Humongous regions: 7->7
[2022-05-03T01:07:45.403+0000][2376.317s] GC(778) Metaspace: 57714K->57714K(1101824K)
[2022-05-03T01:07:45.403+0000][2376.317s] GC(778) Pause Young (Normal) (G1 Evacuation Pause) 386M->98M(512M) 10.826ms
[2022-05-03T01:07:45.403+0000][2376.317s] GC(778) User=0.05s Sys=0.00s Real=0.01s
[2022-05-03T01:07:47.094+0000][2378.009s] GC(779) Pause Young (Normal) (G1 Evacuation Pause)
[2022-05-03T01:07:47.095+0000][2378.009s] GC(779) Using 8 workers of 8 for evacuation
[2022-05-03T01:07:47.099+0000][2378.014s] GC(779)   Pre Evacuate Collection Set: 0.0ms
[2022-05-03T01:07:47.100+0000][2378.014s] GC(779)   Evacuate Collection Set: 2.6ms
[2022-05-03T01:07:47.100+0000][2378.014s] GC(779)   Post Evacuate Collection Set: 1.8ms
[2022-05-03T01:07:47.100+0000][2378.014s] GC(779)   Other: 0.6ms
[2022-05-03T01:07:47.100+0000][2378.015s] GC(779) Eden regions: 288->0(293)
[2022-05-03T01:07:47.101+0000][2378.015s] GC(779) Survivor regions: 19->14(39)
[2022-05-03T01:07:47.101+0000][2378.015s] GC(779) Old regions: 75->75
[2022-05-03T01:07:47.101+0000][2378.015s] GC(779) Humongous regions: 7->7
[2022-05-03T01:07:47.101+0000][2378.015s] GC(779) Metaspace: 57714K->57714K(1101824K)
[2022-05-03T01:07:47.101+0000][2378.016s] GC(779) Pause Young (Normal) (G1 Evacuation Pause) 386M->93M(512M) 6.987ms
[2022-05-03T01:07:47.102+0000][2378.016s] GC(779) User=0.02s Sys=0.01s Real=0.00s
[2022-05-03T01:07:49.402+0000][2380.316s] GC(780) Pause Young (Normal) (G1 Evacuation Pause)
[2022-05-03T01:07:49.403+0000][2380.317s] GC(780) Using 8 workers of 8 for evacuation
[2022-05-03T01:07:49.414+0000][2380.328s] GC(780)   Pre Evacuate Collection Set: 0.0ms
[2022-05-03T01:07:49.415+0000][2380.329s] GC(780)   Evacuate Collection Set: 8.8ms
[2022-05-03T01:07:49.415+0000][2380.329s] GC(780)   Post Evacuate Collection Set: 2.5ms
[2022-05-03T01:07:49.416+0000][2380.330s] GC(780)   Other: 0.8ms
[2022-05-03T01:07:49.416+0000][2380.330s] GC(780) Eden regions: 293->0(289)
[2022-05-03T01:07:49.416+0000][2380.330s] GC(780) Survivor regions: 14->18(39)
[2022-05-03T01:07:49.417+0000][2380.331s] GC(780) Old regions: 75->75
[2022-05-03T01:07:49.417+0000][2380.331s] GC(780) Humongous regions: 7->7
[2022-05-03T01:07:49.417+0000][2380.331s] GC(780) Metaspace: 57714K->57714K(1101824K)
[2022-05-03T01:07:49.418+0000][2380.332s] GC(780) Pause Young (Normal) (G1 Evacuation Pause) 386M->97M(512M) 15.536ms
[2022-05-03T01:07:49.418+0000][2380.332s] GC(780) User=0.05s Sys=0.04s Real=0.02s
[2022-05-03T01:07:51.626+0000][2382.540s] GC(781) Pause Young (Normal) (G1 Evacuation Pause)
[2022-05-03T01:07:51.626+0000][2382.540s] GC(781) Using 8 workers of 8 for evacuation
[2022-05-03T01:07:51.650+0000][2382.564s] GC(781)   Pre Evacuate Collection Set: 0.0ms
[2022-05-03T01:07:51.651+0000][2382.565s] GC(781)   Evacuate Collection Set: 14.5ms
[2022-05-03T01:07:51.651+0000][2382.565s] GC(781)   Post Evacuate Collection Set: 8.9ms
[2022-05-03T01:07:51.651+0000][2382.565s] GC(781)   Other: 0.6ms
[2022-05-03T01:07:51.652+0000][2382.566s] GC(781) Eden regions: 289->0(289)
[2022-05-03T01:07:51.652+0000][2382.566s] GC(781) Survivor regions: 18->18(39)
[2022-05-03T01:07:51.652+0000][2382.566s] GC(781) Old regions: 75->75
[2022-05-03T01:07:51.652+0000][2382.566s] GC(781) Humongous regions: 7->7
[2022-05-03T01:07:51.653+0000][2382.567s] GC(781) Metaspace: 57714K->57714K(1101824K)
[2022-05-03T01:07:51.653+0000][2382.567s] GC(781) Pause Young (Normal) (G1 Evacuation Pause) 386M->97M(512M) 26.804ms
[2022-05-03T01:07:51.653+0000][2382.567s] GC(781) User=0.17s Sys=0.00s Real=0.02s
[2022-05-03T01:07:53.423+0000][2384.337s] GC(782) Pause Young (Normal) (G1 Evacuation Pause)
[2022-05-03T01:07:53.423+0000][2384.337s] GC(782) Using 8 workers of 8 for evacuation
[2022-05-03T01:07:53.428+0000][2384.342s] GC(782)   Pre Evacuate Collection Set: 0.0ms
[2022-05-03T01:07:53.429+0000][2384.343s] GC(782)   Evacuate Collection Set: 3.1ms
[2022-05-03T01:07:53.429+0000][2384.343s] GC(782)   Post Evacuate Collection Set: 1.8ms
[2022-05-03T01:07:53.429+0000][2384.343s] GC(782)   Other: 0.7ms
[2022-05-03T01:07:53.430+0000][2384.344s] GC(782) Eden regions: 289->0(292)
[2022-05-03T01:07:53.430+0000][2384.344s] GC(782) Survivor regions: 18->15(39)
[2022-05-03T01:07:53.430+0000][2384.345s] GC(782) Old regions: 75->75
[2022-05-03T01:07:53.431+0000][2384.345s] GC(782) Humongous regions: 7->7
[2022-05-03T01:07:53.431+0000][2384.345s] GC(782) Metaspace: 57714K->57714K(1101824K)
[2022-05-03T01:07:53.431+0000][2384.345s] GC(782) Pause Young (Normal) (G1 Evacuation Pause) 386M->95M(512M) 8.698ms
[2022-05-03T01:07:53.431+0000][2384.346s] GC(782) User=0.03s Sys=0.00s Real=0.01s
[2022-05-03T01:07:55.628+0000][2386.542s] GC(783) Pause Young (Normal) (G1 Evacuation Pause)
[2022-05-03T01:07:55.628+0000][2386.542s] GC(783) Using 8 workers of 8 for evacuation
[2022-05-03T01:07:55.642+0000][2386.556s] GC(783)   Pre Evacuate Collection Set: 0.0ms
[2022-05-03T01:07:55.642+0000][2386.556s] GC(783)   Evacuate Collection Set: 8.2ms
[2022-05-03T01:07:55.643+0000][2386.557s] GC(783)   Post Evacuate Collection Set: 5.2ms
[2022-05-03T01:07:55.643+0000][2386.557s] GC(783)   Other: 0.8ms
[2022-05-03T01:07:55.643+0000][2386.557s] GC(783) Eden regions: 292->0(287)
[2022-05-03T01:07:55.644+0000][2386.558s] GC(783) Survivor regions: 15->20(39)
[2022-05-03T01:07:55.644+0000][2386.558s] GC(783) Old regions: 75->75
[2022-05-03T01:07:55.644+0000][2386.558s] GC(783) Humongous regions: 7->7
[2022-05-03T01:07:55.644+0000][2386.559s] GC(783) Metaspace: 57714K->57714K(1101824K)
[2022-05-03T01:07:55.645+0000][2386.559s] GC(783) Pause Young (Normal) (G1 Evacuation Pause) 387M->99M(512M) 16.939ms
[2022-05-03T01:07:55.645+0000][2386.559s] GC(783) User=0.09s Sys=0.00s Real=0.02s
[2022-05-03T01:07:57.817+0000][2388.732s] GC(784) Pause Young (Normal) (G1 Evacuation Pause)
[2022-05-03T01:07:57.818+0000][2388.732s] GC(784) Using 8 workers of 8 for evacuation
[2022-05-03T01:07:57.826+0000][2388.740s] GC(784)   Pre Evacuate Collection Set: 0.0ms
[2022-05-03T01:07:57.826+0000][2388.740s] GC(784)   Evacuate Collection Set: 4.3ms
[2022-05-03T01:07:57.827+0000][2388.741s] GC(784)   Post Evacuate Collection Set: 2.9ms
[2022-05-03T01:07:57.828+0000][2388.742s] GC(784)   Other: 1.0ms
[2022-05-03T01:07:57.828+0000][2388.742s] GC(784) Eden regions: 287->0(291)
[2022-05-03T01:07:57.829+0000][2388.743s] GC(784) Survivor regions: 20->16(39)
[2022-05-03T01:07:57.829+0000][2388.743s] GC(784) Old regions: 75->75
[2022-05-03T01:07:57.830+0000][2388.744s] GC(784) Humongous regions: 7->7
[2022-05-03T01:07:57.830+0000][2388.744s] GC(784) Metaspace: 57714K->57714K(1101824K)
[2022-05-03T01:07:57.831+0000][2388.745s] GC(784) Pause Young (Normal) (G1 Evacuation Pause) 386M->96M(512M) 13.278ms
[2022-05-03T01:07:57.831+0000][2388.745s] GC(784) User=0.05s Sys=0.00s Real=0.01s
[2022-05-03T01:08:00.142+0000][2391.056s] GC(785) Pause Young (Normal) (G1 Evacuation Pause)
[2022-05-03T01:08:00.142+0000][2391.056s] GC(785) Using 8 workers of 8 for evacuation
[2022-05-03T01:08:00.147+0000][2391.061s] GC(785)   Pre Evacuate Collection Set: 0.0ms
[2022-05-03T01:08:00.147+0000][2391.061s] GC(785)   Evacuate Collection Set: 2.3ms
[2022-05-03T01:08:00.147+0000][2391.062s] GC(785)   Post Evacuate Collection Set: 2.4ms
[2022-05-03T01:08:00.148+0000][2391.062s] GC(785)   Other: 0.4ms
[2022-05-03T01:08:00.148+0000][2391.062s] GC(785) Eden regions: 291->0(289)
[2022-05-03T01:08:00.148+0000][2391.062s] GC(785) Survivor regions: 16->18(39)
[2022-05-03T01:08:00.149+0000][2391.063s] GC(785) Old regions: 75->75
[2022-05-03T01:08:00.149+0000][2391.063s] GC(785) Humongous regions: 7->7
[2022-05-03T01:08:00.149+0000][2391.063s] GC(785) Metaspace: 57714K->57714K(1101824K)
[2022-05-03T01:08:00.149+0000][2391.064s] GC(785) Pause Young (Normal) (G1 Evacuation Pause) 387M->97M(512M) 7.873ms
[2022-05-03T01:08:00.150+0000][2391.064s] GC(785) User=0.03s Sys=0.00s Real=0.01s
[2022-05-03T01:08:02.436+0000][2393.350s] GC(786) Pause Young (Normal) (G1 Evacuation Pause)
[2022-05-03T01:08:02.436+0000][2393.350s] GC(786) Using 8 workers of 8 for evacuation
[2022-05-03T01:08:02.441+0000][2393.355s] GC(786)   Pre Evacuate Collection Set: 0.0ms
[2022-05-03T01:08:02.442+0000][2393.356s] GC(786)   Evacuate Collection Set: 2.1ms
[2022-05-03T01:08:02.442+0000][2393.356s] GC(786)   Post Evacuate Collection Set: 2.7ms
[2022-05-03T01:08:02.443+0000][2393.357s] GC(786)   Other: 0.9ms
[2022-05-03T01:08:02.443+0000][2393.357s] GC(786) Eden regions: 289->0(290)
[2022-05-03T01:08:02.443+0000][2393.357s] GC(786) Survivor regions: 18->17(39)
[2022-05-03T01:08:02.444+0000][2393.358s] GC(786) Old regions: 75->75
[2022-05-03T01:08:02.444+0000][2393.358s] GC(786) Humongous regions: 7->7
[2022-05-03T01:08:02.444+0000][2393.358s] GC(786) Metaspace: 57714K->57714K(1101824K)
[2022-05-03T01:08:02.445+0000][2393.359s] GC(786) Pause Young (Normal) (G1 Evacuation Pause) 386M->96M(512M) 9.088ms
[2022-05-03T01:08:02.445+0000][2393.359s] GC(786) User=0.03s Sys=0.00s Real=0.01s
[2022-05-03T01:08:04.178+0000][2395.093s] GC(787) Pause Young (Normal) (G1 Evacuation Pause)
[2022-05-03T01:08:04.179+0000][2395.093s] GC(787) Using 8 workers of 8 for evacuation
[2022-05-03T01:08:04.185+0000][2395.099s] GC(787)   Pre Evacuate Collection Set: 0.0ms
[2022-05-03T01:08:04.185+0000][2395.099s] GC(787)   Evacuate Collection Set: 3.1ms
[2022-05-03T01:08:04.186+0000][2395.100s] GC(787)   Post Evacuate Collection Set: 2.1ms
[2022-05-03T01:08:04.186+0000][2395.100s] GC(787)   Other: 1.0ms
[2022-05-03T01:08:04.186+0000][2395.100s] GC(787) Eden regions: 290->0(292)
[2022-05-03T01:08:04.187+0000][2395.101s] GC(787) Survivor regions: 17->15(39)
[2022-05-03T01:08:04.187+0000][2395.101s] GC(787) Old regions: 75->75
[2022-05-03T01:08:04.187+0000][2395.102s] GC(787) Humongous regions: 7->7
[2022-05-03T01:08:04.188+0000][2395.102s] GC(787) Metaspace: 57714K->57714K(1101824K)
[2022-05-03T01:08:04.188+0000][2395.102s] GC(787) Pause Young (Normal) (G1 Evacuation Pause) 386M->94M(512M) 9.609ms
[2022-05-03T01:08:04.188+0000][2395.103s] GC(787) User=0.03s Sys=0.01s Real=0.01s
[2022-05-03T01:08:06.358+0000][2397.272s] GC(788) Pause Young (Normal) (G1 Evacuation Pause)
[2022-05-03T01:08:06.358+0000][2397.273s] GC(788) Using 8 workers of 8 for evacuation
[2022-05-03T01:08:06.365+0000][2397.279s] GC(788)   Pre Evacuate Collection Set: 0.0ms
[2022-05-03T01:08:06.366+0000][2397.280s] GC(788)   Evacuate Collection Set: 3.6ms
[2022-05-03T01:08:06.366+0000][2397.280s] GC(788)   Post Evacuate Collection Set: 2.8ms
[2022-05-03T01:08:06.366+0000][2397.281s] GC(788)   Other: 0.9ms
[2022-05-03T01:08:06.367+0000][2397.281s] GC(788) Eden regions: 292->0(286)
[2022-05-03T01:08:06.367+0000][2397.281s] GC(788) Survivor regions: 15->21(39)
[2022-05-03T01:08:06.368+0000][2397.282s] GC(788) Old regions: 75->75
[2022-05-03T01:08:06.368+0000][2397.282s] GC(788) Humongous regions: 7->7
[2022-05-03T01:08:06.368+0000][2397.282s] GC(788) Metaspace: 57714K->57714K(1101824K)
[2022-05-03T01:08:06.369+0000][2397.283s] GC(788) Pause Young (Normal) (G1 Evacuation Pause) 386M->100M(512M) 10.487ms
[2022-05-03T01:08:06.369+0000][2397.283s] GC(788) User=0.04s Sys=0.00s Real=0.01s
[2022-05-03T01:08:08.593+0000][2399.508s] GC(789) Pause Young (Normal) (G1 Evacuation Pause)
[2022-05-03T01:08:08.594+0000][2399.508s] GC(789) Using 8 workers of 8 for evacuation
[2022-05-03T01:08:08.600+0000][2399.514s] GC(789)   Pre Evacuate Collection Set: 0.0ms
[2022-05-03T01:08:08.601+0000][2399.515s] GC(789)   Evacuate Collection Set: 3.2ms
[2022-05-03T01:08:08.601+0000][2399.515s] GC(789)   Post Evacuate Collection Set: 2.6ms
[2022-05-03T01:08:08.601+0000][2399.516s] GC(789)   Other: 0.8ms
[2022-05-03T01:08:08.602+0000][2399.516s] GC(789) Eden regions: 286->0(289)
[2022-05-03T01:08:08.602+0000][2399.516s] GC(789) Survivor regions: 21->18(39)
[2022-05-03T01:08:08.603+0000][2399.517s] GC(789) Old regions: 75->75
[2022-05-03T01:08:08.603+0000][2399.517s] GC(789) Humongous regions: 7->7
[2022-05-03T01:08:08.603+0000][2399.517s] GC(789) Metaspace: 57714K->57714K(1101824K)
[2022-05-03T01:08:08.603+0000][2399.518s] GC(789) Pause Young (Normal) (G1 Evacuation Pause) 386M->98M(512M) 10.049ms
[2022-05-03T01:08:08.604+0000][2399.518s] GC(789) User=0.04s Sys=0.00s Real=0.01s
[2022-05-03T01:08:10.315+0000][2401.229s] GC(790) Pause Young (Normal) (G1 Evacuation Pause)
[2022-05-03T01:08:10.316+0000][2401.230s] GC(790) Using 8 workers of 8 for evacuation
[2022-05-03T01:08:10.321+0000][2401.235s] GC(790)   Pre Evacuate Collection Set: 0.0ms
[2022-05-03T01:08:10.322+0000][2401.236s] GC(790)   Evacuate Collection Set: 3.5ms
[2022-05-03T01:08:10.322+0000][2401.236s] GC(790)   Post Evacuate Collection Set: 1.8ms
[2022-05-03T01:08:10.322+0000][2401.236s] GC(790)   Other: 0.7ms
[2022-05-03T01:08:10.323+0000][2401.237s] GC(790) Eden regions: 289->0(290)
[2022-05-03T01:08:10.323+0000][2401.237s] GC(790) Survivor regions: 18->17(39)
[2022-05-03T01:08:10.323+0000][2401.237s] GC(790) Old regions: 75->75
[2022-05-03T01:08:10.323+0000][2401.238s] GC(790) Humongous regions: 7->7
[2022-05-03T01:08:10.324+0000][2401.238s] GC(790) Metaspace: 57714K->57714K(1101824K)
[2022-05-03T01:08:10.324+0000][2401.238s] GC(790) Pause Young (Normal) (G1 Evacuation Pause) 387M->97M(512M) 8.830ms
[2022-05-03T01:08:10.324+0000][2401.238s] GC(790) User=0.04s Sys=0.00s Real=0.01s
[2022-05-03T01:08:12.614+0000][2403.528s] GC(791) Pause Young (Normal) (G1 Evacuation Pause)
[2022-05-03T01:08:12.615+0000][2403.529s] GC(791) Using 8 workers of 8 for evacuation
[2022-05-03T01:08:12.620+0000][2403.534s] GC(791)   Pre Evacuate Collection Set: 0.0ms
[2022-05-03T01:08:12.621+0000][2403.535s] GC(791)   Evacuate Collection Set: 2.5ms
[2022-05-03T01:08:12.621+0000][2403.535s] GC(791)   Post Evacuate Collection Set: 2.5ms
[2022-05-03T01:08:12.621+0000][2403.535s] GC(791)   Other: 1.0ms
[2022-05-03T01:08:12.622+0000][2403.536s] GC(791) Eden regions: 290->0(288)
[2022-05-03T01:08:12.622+0000][2403.536s] GC(791) Survivor regions: 17->19(39)
[2022-05-03T01:08:12.622+0000][2403.536s] GC(791) Old regions: 75->75
[2022-05-03T01:08:12.623+0000][2403.537s] GC(791) Humongous regions: 7->7
[2022-05-03T01:08:12.623+0000][2403.537s] GC(791) Metaspace: 57714K->57714K(1101824K)
[2022-05-03T01:08:12.623+0000][2403.537s] GC(791) Pause Young (Normal) (G1 Evacuation Pause) 387M->98M(512M) 9.112ms
[2022-05-03T01:08:12.624+0000][2403.538s] GC(791) User=0.03s Sys=0.00s Real=0.00s
[2022-05-03T01:08:14.860+0000][2405.774s] GC(792) Pause Young (Normal) (G1 Evacuation Pause)
[2022-05-03T01:08:14.860+0000][2405.774s] GC(792) Using 8 workers of 8 for evacuation
[2022-05-03T01:08:14.867+0000][2405.781s] GC(792)   Pre Evacuate Collection Set: 0.0ms
[2022-05-03T01:08:14.867+0000][2405.782s] GC(792)   Evacuate Collection Set: 4.3ms
[2022-05-03T01:08:14.868+0000][2405.782s] GC(792)   Post Evacuate Collection Set: 2.0ms
[2022-05-03T01:08:14.868+0000][2405.782s] GC(792)   Other: 1.0ms
[2022-05-03T01:08:14.869+0000][2405.783s] GC(792) Eden regions: 288->0(290)
[2022-05-03T01:08:14.869+0000][2405.783s] GC(792) Survivor regions: 19->17(39)
[2022-05-03T01:08:14.869+0000][2405.783s] GC(792) Old regions: 75->75
[2022-05-03T01:08:14.870+0000][2405.784s] GC(792) Humongous regions: 7->7
[2022-05-03T01:08:14.870+0000][2405.784s] GC(792) Metaspace: 57714K->57714K(1101824K)
[2022-05-03T01:08:14.870+0000][2405.784s] GC(792) Pause Young (Normal) (G1 Evacuation Pause) 386M->97M(512M) 10.504ms
[2022-05-03T01:08:14.871+0000][2405.785s] GC(792) User=0.04s Sys=0.00s Real=0.01s
[2022-05-03T01:08:17.020+0000][2407.934s] GC(793) Pause Young (Normal) (G1 Evacuation Pause)
[2022-05-03T01:08:17.020+0000][2407.934s] GC(793) Using 8 workers of 8 for evacuation
[2022-05-03T01:08:17.038+0000][2407.952s] GC(793)   Pre Evacuate Collection Set: 0.0ms
[2022-05-03T01:08:17.038+0000][2407.952s] GC(793)   Evacuate Collection Set: 10.1ms
[2022-05-03T01:08:17.038+0000][2407.952s] GC(793)   Post Evacuate Collection Set: 7.2ms
[2022-05-03T01:08:17.039+0000][2407.953s] GC(793)   Other: 0.7ms
[2022-05-03T01:08:17.039+0000][2407.953s] GC(793) Eden regions: 290->0(287)
[2022-05-03T01:08:17.039+0000][2407.953s] GC(793) Survivor regions: 17->20(39)
[2022-05-03T01:08:17.039+0000][2407.954s] GC(793) Old regions: 75->75
[2022-05-03T01:08:17.040+0000][2407.954s] GC(793) Humongous regions: 7->7
[2022-05-03T01:08:17.040+0000][2407.954s] GC(793) Metaspace: 57714K->57714K(1101824K)
[2022-05-03T01:08:17.040+0000][2407.954s] GC(793) Pause Young (Normal) (G1 Evacuation Pause) 387M->100M(512M) 20.351ms
[2022-05-03T01:08:17.040+0000][2407.955s] GC(793) User=0.13s Sys=0.00s Real=0.02s
[2022-05-03T01:08:20.209+0000][2411.124s] GC(794) Pause Young (Normal) (G1 Evacuation Pause)
[2022-05-03T01:08:20.210+0000][2411.124s] GC(794) Using 8 workers of 8 for evacuation
[2022-05-03T01:08:20.230+0000][2411.144s] GC(794)   Pre Evacuate Collection Set: 0.0ms
[2022-05-03T01:08:20.231+0000][2411.145s] GC(794)   Evacuate Collection Set: 7.0ms
[2022-05-03T01:08:20.231+0000][2411.145s] GC(794)   Post Evacuate Collection Set: 12.8ms
[2022-05-03T01:08:20.231+0000][2411.146s] GC(794)   Other: 0.8ms
[2022-05-03T01:08:20.232+0000][2411.146s] GC(794) Eden regions: 287->0(282)
[2022-05-03T01:08:20.232+0000][2411.146s] GC(794) Survivor regions: 20->25(39)
[2022-05-03T01:08:20.233+0000][2411.147s] GC(794) Old regions: 75->75
[2022-05-03T01:08:20.233+0000][2411.147s] GC(794) Humongous regions: 7->7
[2022-05-03T01:08:20.233+0000][2411.148s] GC(794) Metaspace: 57716K->57716K(1101824K)
[2022-05-03T01:08:20.234+0000][2411.148s] GC(794) Pause Young (Normal) (G1 Evacuation Pause) 387M->105M(512M) 24.293ms
[2022-05-03T01:08:20.234+0000][2411.148s] GC(794) User=0.14s Sys=0.00s Real=0.02s
[2022-05-03T01:08:22.802+0000][2413.716s] GC(795) Pause Young (Normal) (G1 Evacuation Pause)
[2022-05-03T01:08:22.802+0000][2413.716s] GC(795) Using 8 workers of 8 for evacuation
[2022-05-03T01:08:22.817+0000][2413.731s] GC(795)   Pre Evacuate Collection Set: 0.0ms
[2022-05-03T01:08:22.818+0000][2413.732s] GC(795)   Evacuate Collection Set: 9.2ms
[2022-05-03T01:08:22.818+0000][2413.732s] GC(795)   Post Evacuate Collection Set: 5.6ms
[2022-05-03T01:08:22.818+0000][2413.732s] GC(795)   Other: 0.8ms
[2022-05-03T01:08:22.818+0000][2413.732s] GC(795) Eden regions: 282->0(286)
[2022-05-03T01:08:22.819+0000][2413.733s] GC(795) Survivor regions: 25->21(39)
[2022-05-03T01:08:22.819+0000][2413.733s] GC(795) Old regions: 75->76
[2022-05-03T01:08:22.819+0000][2413.733s] GC(795) Humongous regions: 7->7
[2022-05-03T01:08:22.819+0000][2413.733s] GC(795) Metaspace: 57716K->57716K(1101824K)
[2022-05-03T01:08:22.820+0000][2413.734s] GC(795) Pause Young (Normal) (G1 Evacuation Pause) 387M->101M(512M) 17.748ms
[2022-05-03T01:08:22.820+0000][2413.734s] GC(795) User=0.11s Sys=0.00s Real=0.02s
[2022-05-03T01:08:24.907+0000][2415.821s] GC(796) Pause Young (Normal) (G1 Evacuation Pause)
[2022-05-03T01:08:24.907+0000][2415.821s] GC(796) Using 8 workers of 8 for evacuation
[2022-05-03T01:08:24.919+0000][2415.833s] GC(796)   Pre Evacuate Collection Set: 0.0ms
[2022-05-03T01:08:24.920+0000][2415.834s] GC(796)   Evacuate Collection Set: 4.0ms
[2022-05-03T01:08:24.920+0000][2415.834s] GC(796)   Post Evacuate Collection Set: 7.8ms
[2022-05-03T01:08:24.920+0000][2415.834s] GC(796)   Other: 0.7ms
[2022-05-03T01:08:24.920+0000][2415.835s] GC(796) Eden regions: 286->0(286)
[2022-05-03T01:08:24.921+0000][2415.835s] GC(796) Survivor regions: 21->21(39)
[2022-05-03T01:08:24.921+0000][2415.835s] GC(796) Old regions: 76->76
[2022-05-03T01:08:24.921+0000][2415.835s] GC(796) Humongous regions: 7->7
[2022-05-03T01:08:24.921+0000][2415.835s] GC(796) Metaspace: 57716K->57716K(1101824K)
[2022-05-03T01:08:24.922+0000][2415.836s] GC(796) Pause Young (Normal) (G1 Evacuation Pause) 387M->101M(512M) 14.851ms
[2022-05-03T01:08:24.922+0000][2415.836s] GC(796) User=0.08s Sys=0.00s Real=0.01s
[2022-05-03T01:28:46.372+0000][2422.596s] GC(797) Pause Young (Normal) (G1 Evacuation Pause)
[2022-05-03T01:28:46.543+0000][2422.767s] GC(797) Using 8 workers of 8 for evacuation
[2022-05-03T01:28:46.551+0000][2422.775s] GC(797)   Pre Evacuate Collection Set: 0.1ms
[2022-05-03T01:28:46.557+0000][2422.781s] GC(797)   Evacuate Collection Set: 4.3ms
[2022-05-03T01:28:46.558+0000][2422.782s] GC(797)   Post Evacuate Collection Set: 2.1ms
[2022-05-03T01:28:46.563+0000][2422.787s] GC(797)   Other: 172.9ms
[2022-05-03T01:28:46.566+0000][2422.790s] GC(797) Eden regions: 286->0(288)
[2022-05-03T01:28:46.567+0000][2422.791s] GC(797) Survivor regions: 21->19(39)
[2022-05-03T01:28:46.568+0000][2422.792s] GC(797) Old regions: 76->76
[2022-05-03T01:28:46.568+0000][2422.792s] GC(797) Humongous regions: 7->7
[2022-05-03T01:28:46.569+0000][2422.793s] GC(797) Metaspace: 57716K->57716K(1101824K)
[2022-05-03T01:28:46.570+0000][2422.794s] GC(797) Pause Young (Normal) (G1 Evacuation Pause) 387M->99M(512M) 197.774ms
[2022-05-03T01:28:46.570+0000][2422.794s] GC(797) User=0.04s Sys=0.00s Real=0.20s
[2022-05-03T01:28:52.628+0000][2428.852s] GC(798) Pause Young (Normal) (G1 Evacuation Pause)
[2022-05-03T01:28:52.628+0000][2428.852s] GC(798) Using 8 workers of 8 for evacuation
[2022-05-03T01:28:52.662+0000][2428.886s] GC(798)   Pre Evacuate Collection Set: 0.0ms
[2022-05-03T01:28:52.662+0000][2428.886s] GC(798)   Evacuate Collection Set: 4.9ms
[2022-05-03T01:28:52.662+0000][2428.887s] GC(798)   Post Evacuate Collection Set: 28.6ms
[2022-05-03T01:28:52.663+0000][2428.887s] GC(798)   Other: 0.8ms
[2022-05-03T01:28:52.663+0000][2428.887s] GC(798) Eden regions: 288->0(286)
[2022-05-03T01:28:52.663+0000][2428.887s] GC(798) Survivor regions: 19->21(39)
[2022-05-03T01:28:52.664+0000][2428.888s] GC(798) Old regions: 76->76
[2022-05-03T01:28:52.664+0000][2428.888s] GC(798) Humongous regions: 7->7
[2022-05-03T01:28:52.664+0000][2428.888s] GC(798) Metaspace: 57716K->57716K(1101824K)
[2022-05-03T01:28:52.664+0000][2428.889s] GC(798) Pause Young (Normal) (G1 Evacuation Pause) 387M->101M(512M) 36.873ms
[2022-05-03T01:28:52.665+0000][2428.889s] GC(798) User=0.22s Sys=0.00s Real=0.04s
[2022-05-03T01:29:01.605+0000][2437.829s] GC(799) Pause Young (Normal) (G1 Evacuation Pause)
[2022-05-03T01:29:01.605+0000][2437.829s] GC(799) Using 8 workers of 8 for evacuation
[2022-05-03T01:29:01.732+0000][2437.956s] GC(799)   Pre Evacuate Collection Set: 0.0ms
[2022-05-03T01:29:01.732+0000][2437.956s] GC(799)   Evacuate Collection Set: 76.4ms
[2022-05-03T01:29:01.732+0000][2437.956s] GC(799)   Post Evacuate Collection Set: 49.7ms
[2022-05-03T01:29:01.732+0000][2437.956s] GC(799)   Other: 0.8ms
[2022-05-03T01:29:01.732+0000][2437.957s] GC(799) Eden regions: 286->0(287)
[2022-05-03T01:29:01.733+0000][2437.957s] GC(799) Survivor regions: 21->20(39)
[2022-05-03T01:29:01.733+0000][2437.957s] GC(799) Old regions: 76->76
[2022-05-03T01:29:01.733+0000][2437.957s] GC(799) Humongous regions: 7->7
[2022-05-03T01:29:01.733+0000][2437.957s] GC(799) Metaspace: 57716K->57716K(1101824K)
[2022-05-03T01:29:01.733+0000][2437.957s] GC(799) Pause Young (Normal) (G1 Evacuation Pause) 387M->100M(512M) 128.714ms
[2022-05-03T01:29:01.734+0000][2437.958s] GC(799) User=0.86s Sys=0.00s Real=0.12s
[2022-05-03T01:29:06.595+0000][2442.819s] GC(800) Pause Young (Normal) (G1 Evacuation Pause)
[2022-05-03T01:29:06.595+0000][2442.819s] GC(800) Using 8 workers of 8 for evacuation
[2022-05-03T01:29:06.603+0000][2442.827s] GC(800)   Pre Evacuate Collection Set: 0.0ms
[2022-05-03T01:29:06.603+0000][2442.827s] GC(800)   Evacuate Collection Set: 3.8ms
[2022-05-03T01:29:06.603+0000][2442.827s] GC(800)   Post Evacuate Collection Set: 3.2ms
[2022-05-03T01:29:06.604+0000][2442.828s] GC(800)   Other: 1.1ms
[2022-05-03T01:29:06.604+0000][2442.828s] GC(800) Eden regions: 287->0(284)
[2022-05-03T01:29:06.605+0000][2442.829s] GC(800) Survivor regions: 20->23(39)
[2022-05-03T01:29:06.605+0000][2442.829s] GC(800) Old regions: 76->76
[2022-05-03T01:29:06.605+0000][2442.829s] GC(800) Humongous regions: 7->7
[2022-05-03T01:29:06.605+0000][2442.830s] GC(800) Metaspace: 57718K->57718K(1101824K)
[2022-05-03T01:29:06.606+0000][2442.830s] GC(800) Pause Young (Normal) (G1 Evacuation Pause) 387M->103M(512M) 11.253ms
[2022-05-03T01:29:06.606+0000][2442.830s] GC(800) User=0.04s Sys=0.00s Real=0.01s
[2022-05-03T01:29:11.999+0000][2448.223s] GC(801) Pause Young (Normal) (G1 Evacuation Pause)
[2022-05-03T01:29:11.999+0000][2448.223s] GC(801) Using 8 workers of 8 for evacuation
[2022-05-03T01:29:12.069+0000][2448.293s] GC(801)   Pre Evacuate Collection Set: 0.0ms
[2022-05-03T01:29:12.069+0000][2448.293s] GC(801)   Evacuate Collection Set: 41.5ms
[2022-05-03T01:29:12.069+0000][2448.294s] GC(801)   Post Evacuate Collection Set: 27.6ms
[2022-05-03T01:29:12.070+0000][2448.294s] GC(801)   Other: 0.9ms
[2022-05-03T01:29:12.070+0000][2448.294s] GC(801) Eden regions: 284->0(284)
[2022-05-03T01:29:12.071+0000][2448.295s] GC(801) Survivor regions: 23->23(39)
[2022-05-03T01:29:12.071+0000][2448.295s] GC(801) Old regions: 76->76
[2022-05-03T01:29:12.071+0000][2448.295s] GC(801) Humongous regions: 7->7
[2022-05-03T01:29:12.072+0000][2448.296s] GC(801) Metaspace: 57726K->57726K(1101824K)
[2022-05-03T01:29:12.072+0000][2448.296s] GC(801) Pause Young (Normal) (G1 Evacuation Pause) 387M->104M(512M) 73.421ms
[2022-05-03T01:29:12.072+0000][2448.296s] GC(801) User=0.47s Sys=0.00s Real=0.07s
[2022-05-03T01:29:13.811+0000][2450.036s] GC(802) Pause Young (Normal) (G1 Evacuation Pause)
[2022-05-03T01:29:13.812+0000][2450.036s] GC(802) Using 8 workers of 8 for evacuation
[2022-05-03T01:29:13.886+0000][2450.110s] GC(802)   Pre Evacuate Collection Set: 0.0ms
[2022-05-03T01:29:13.886+0000][2450.110s] GC(802)   Evacuate Collection Set: 61.8ms
[2022-05-03T01:29:13.886+0000][2450.110s] GC(802)   Post Evacuate Collection Set: 11.0ms
[2022-05-03T01:29:13.887+0000][2450.111s] GC(802)   Other: 1.4ms
[2022-05-03T01:29:13.887+0000][2450.111s] GC(802) Eden regions: 284->0(288)
[2022-05-03T01:29:13.887+0000][2450.111s] GC(802) Survivor regions: 23->19(39)
[2022-05-03T01:29:13.887+0000][2450.111s] GC(802) Old regions: 76->76
[2022-05-03T01:29:13.888+0000][2450.112s] GC(802) Humongous regions: 7->7
[2022-05-03T01:29:13.888+0000][2450.112s] GC(802) Metaspace: 57726K->57726K(1101824K)
[2022-05-03T01:29:13.888+0000][2450.112s] GC(802) Pause Young (Normal) (G1 Evacuation Pause) 388M->100M(512M) 76.640ms
[2022-05-03T01:29:13.888+0000][2450.112s] GC(802) User=0.43s Sys=0.05s Real=0.08s
[2022-05-03T01:29:17.249+0000][2453.473s] GC(803) Pause Young (Normal) (G1 Evacuation Pause)
[2022-05-03T01:29:17.249+0000][2453.473s] GC(803) Using 8 workers of 8 for evacuation
[2022-05-03T01:29:17.302+0000][2453.526s] GC(803)   Pre Evacuate Collection Set: 0.0ms
[2022-05-03T01:29:17.302+0000][2453.526s] GC(803)   Evacuate Collection Set: 11.2ms
[2022-05-03T01:29:17.302+0000][2453.526s] GC(803)   Post Evacuate Collection Set: 41.1ms
[2022-05-03T01:29:17.303+0000][2453.527s] GC(803)   Other: 0.8ms
[2022-05-03T01:29:17.303+0000][2453.527s] GC(803) Eden regions: 288->0(283)
[2022-05-03T01:29:17.303+0000][2453.527s] GC(803) Survivor regions: 19->24(39)
[2022-05-03T01:29:17.303+0000][2453.527s] GC(803) Old regions: 76->76
[2022-05-03T01:29:17.303+0000][2453.527s] GC(803) Humongous regions: 7->7
[2022-05-03T01:29:17.304+0000][2453.528s] GC(803) Metaspace: 57728K->57728K(1101824K)
[2022-05-03T01:29:17.304+0000][2453.528s] GC(803) Pause Young (Normal) (G1 Evacuation Pause) 388M->105M(512M) 55.255ms
[2022-05-03T01:29:17.304+0000][2453.528s] GC(803) User=0.34s Sys=0.02s Real=0.06s
[2022-05-03T01:29:20.804+0000][2457.028s] GC(804) Pause Young (Normal) (G1 Evacuation Pause)
[2022-05-03T01:29:20.804+0000][2457.028s] GC(804) Using 8 workers of 8 for evacuation
[2022-05-03T01:29:20.814+0000][2457.038s] GC(804)   Pre Evacuate Collection Set: 0.0ms
[2022-05-03T01:29:20.814+0000][2457.038s] GC(804)   Evacuate Collection Set: 5.8ms
[2022-05-03T01:29:20.815+0000][2457.039s] GC(804)   Post Evacuate Collection Set: 3.3ms
[2022-05-03T01:29:20.815+0000][2457.039s] GC(804)   Other: 0.8ms
[2022-05-03T01:29:20.816+0000][2457.040s] GC(804) Eden regions: 283->0(282)
[2022-05-03T01:29:20.816+0000][2457.040s] GC(804) Survivor regions: 24->25(39)
[2022-05-03T01:29:20.816+0000][2457.040s] GC(804) Old regions: 76->76
[2022-05-03T01:29:20.817+0000][2457.041s] GC(804) Humongous regions: 7->7
[2022-05-03T01:29:20.817+0000][2457.041s] GC(804) Metaspace: 57728K->57728K(1101824K)
[2022-05-03T01:29:20.817+0000][2457.042s] GC(804) Pause Young (Normal) (G1 Evacuation Pause) 388M->106M(512M) 13.415ms
[2022-05-03T01:29:20.818+0000][2457.042s] GC(804) User=0.06s Sys=0.01s Real=0.02s
[2022-05-03T01:29:24.031+0000][2460.255s] GC(805) Pause Young (Normal) (G1 Evacuation Pause)
[2022-05-03T01:29:24.031+0000][2460.255s] GC(805) Using 8 workers of 8 for evacuation
[2022-05-03T01:29:24.042+0000][2460.266s] GC(805)   Pre Evacuate Collection Set: 0.0ms
[2022-05-03T01:29:24.042+0000][2460.266s] GC(805)   Evacuate Collection Set: 5.9ms
[2022-05-03T01:29:24.042+0000][2460.267s] GC(805)   Post Evacuate Collection Set: 4.2ms
[2022-05-03T01:29:24.043+0000][2460.267s] GC(805)   Other: 0.7ms
[2022-05-03T01:29:24.043+0000][2460.267s] GC(805) Eden regions: 282->0(285)
[2022-05-03T01:29:24.043+0000][2460.267s] GC(805) Survivor regions: 25->22(39)
[2022-05-03T01:29:24.043+0000][2460.267s] GC(805) Old regions: 76->76
[2022-05-03T01:29:24.043+0000][2460.268s] GC(805) Humongous regions: 7->7
[2022-05-03T01:29:24.044+0000][2460.268s] GC(805) Metaspace: 57731K->57731K(1101824K)
[2022-05-03T01:29:24.044+0000][2460.268s] GC(805) Pause Young (Normal) (G1 Evacuation Pause) 388M->102M(512M) 12.858ms
[2022-05-03T01:29:24.044+0000][2460.268s] GC(805) User=0.06s Sys=0.00s Real=0.02s
[2022-05-03T01:29:26.044+0000][2462.268s] GC(806) Pause Young (Normal) (G1 Evacuation Pause)
[2022-05-03T01:29:26.044+0000][2462.268s] GC(806) Using 8 workers of 8 for evacuation
[2022-05-03T01:29:26.066+0000][2462.290s] GC(806)   Pre Evacuate Collection Set: 0.0ms
[2022-05-03T01:29:26.066+0000][2462.290s] GC(806)   Evacuate Collection Set: 18.0ms
[2022-05-03T01:29:26.066+0000][2462.291s] GC(806)   Post Evacuate Collection Set: 2.9ms
[2022-05-03T01:29:26.067+0000][2462.291s] GC(806)   Other: 0.9ms
[2022-05-03T01:29:26.067+0000][2462.291s] GC(806) Eden regions: 285->0(286)
[2022-05-03T01:29:26.068+0000][2462.292s] GC(806) Survivor regions: 22->21(39)
[2022-05-03T01:29:26.068+0000][2462.292s] GC(806) Old regions: 76->76
[2022-05-03T01:29:26.068+0000][2462.292s] GC(806) Humongous regions: 7->7
[2022-05-03T01:29:26.069+0000][2462.293s] GC(806) Metaspace: 57731K->57731K(1101824K)
[2022-05-03T01:29:26.069+0000][2462.293s] GC(806) Pause Young (Normal) (G1 Evacuation Pause) 387M->101M(512M) 25.457ms
[2022-05-03T01:29:26.069+0000][2462.294s] GC(806) User=0.15s Sys=0.00s Real=0.03s
[2022-05-03T01:29:28.350+0000][2464.574s] GC(807) Pause Young (Normal) (G1 Evacuation Pause)
[2022-05-03T01:29:28.350+0000][2464.574s] GC(807) Using 8 workers of 8 for evacuation
[2022-05-03T01:29:28.357+0000][2464.581s] GC(807)   Pre Evacuate Collection Set: 0.0ms
[2022-05-03T01:29:28.357+0000][2464.582s] GC(807)   Evacuate Collection Set: 4.3ms
[2022-05-03T01:29:28.358+0000][2464.582s] GC(807)   Post Evacuate Collection Set: 2.0ms
[2022-05-03T01:29:28.358+0000][2464.582s] GC(807)   Other: 0.8ms
[2022-05-03T01:29:28.359+0000][2464.583s] GC(807) Eden regions: 286->0(288)
[2022-05-03T01:29:28.359+0000][2464.583s] GC(807) Survivor regions: 21->19(39)
[2022-05-03T01:29:28.359+0000][2464.583s] GC(807) Old regions: 76->76
[2022-05-03T01:29:28.360+0000][2464.584s] GC(807) Humongous regions: 7->7
[2022-05-03T01:29:28.360+0000][2464.584s] GC(807) Metaspace: 57731K->57731K(1101824K)
[2022-05-03T01:29:28.360+0000][2464.584s] GC(807) Pause Young (Normal) (G1 Evacuation Pause) 387M->100M(512M) 10.102ms
[2022-05-03T01:29:28.360+0000][2464.584s] GC(807) User=0.05s Sys=0.00s Real=0.01s
[2022-05-03T01:29:30.539+0000][2466.763s] GC(808) Pause Young (Normal) (G1 Evacuation Pause)
[2022-05-03T01:29:30.540+0000][2466.764s] GC(808) Using 8 workers of 8 for evacuation
[2022-05-03T01:29:30.551+0000][2466.776s] GC(808)   Pre Evacuate Collection Set: 0.0ms
[2022-05-03T01:29:30.552+0000][2466.776s] GC(808)   Evacuate Collection Set: 8.2ms
[2022-05-03T01:29:30.552+0000][2466.776s] GC(808)   Post Evacuate Collection Set: 3.2ms
[2022-05-03T01:29:30.553+0000][2466.777s] GC(808)   Other: 0.6ms
[2022-05-03T01:29:30.553+0000][2466.777s] GC(808) Eden regions: 288->0(287)
[2022-05-03T01:29:30.554+0000][2466.778s] GC(808) Survivor regions: 19->20(39)
[2022-05-03T01:29:30.554+0000][2466.778s] GC(808) Old regions: 76->76
[2022-05-03T01:29:30.554+0000][2466.778s] GC(808) Humongous regions: 7->7
[2022-05-03T01:29:30.555+0000][2466.779s] GC(808) Metaspace: 57731K->57731K(1101824K)
[2022-05-03T01:29:30.555+0000][2466.779s] GC(808) Pause Young (Normal) (G1 Evacuation Pause) 388M->100M(512M) 15.608ms
[2022-05-03T01:29:30.555+0000][2466.779s] GC(808) User=0.07s Sys=0.01s Real=0.02s
[2022-05-03T01:29:32.699+0000][2468.923s] GC(809) Pause Young (Normal) (G1 Evacuation Pause)
[2022-05-03T01:29:32.699+0000][2468.923s] GC(809) Using 8 workers of 8 for evacuation
[2022-05-03T01:29:32.705+0000][2468.929s] GC(809)   Pre Evacuate Collection Set: 0.0ms
[2022-05-03T01:29:32.705+0000][2468.929s] GC(809)   Evacuate Collection Set: 2.3ms
[2022-05-03T01:29:32.706+0000][2468.930s] GC(809)   Post Evacuate Collection Set: 2.9ms
[2022-05-03T01:29:32.706+0000][2468.930s] GC(809)   Other: 0.6ms
[2022-05-03T01:29:32.706+0000][2468.930s] GC(809) Eden regions: 287->0(289)
[2022-05-03T01:29:32.707+0000][2468.931s] GC(809) Survivor regions: 20->18(39)
[2022-05-03T01:29:32.707+0000][2468.931s] GC(809) Old regions: 76->76
[2022-05-03T01:29:32.707+0000][2468.932s] GC(809) Humongous regions: 7->7
[2022-05-03T01:29:32.708+0000][2468.932s] GC(809) Metaspace: 57731K->57731K(1101824K)
[2022-05-03T01:29:32.708+0000][2468.932s] GC(809) Pause Young (Normal) (G1 Evacuation Pause) 387M->99M(512M) 9.267ms
[2022-05-03T01:29:32.708+0000][2468.933s] GC(809) User=0.03s Sys=0.01s Real=0.01s
[2022-05-03T01:29:35.007+0000][2471.232s] GC(810) Pause Young (Normal) (G1 Evacuation Pause)
[2022-05-03T01:29:35.008+0000][2471.232s] GC(810) Using 8 workers of 8 for evacuation
[2022-05-03T01:29:35.017+0000][2471.241s] GC(810)   Pre Evacuate Collection Set: 0.1ms
[2022-05-03T01:29:35.018+0000][2471.242s] GC(810)   Evacuate Collection Set: 5.6ms
[2022-05-03T01:29:35.018+0000][2471.242s] GC(810)   Post Evacuate Collection Set: 3.2ms
[2022-05-03T01:29:35.019+0000][2471.243s] GC(810)   Other: 1.0ms
[2022-05-03T01:29:35.019+0000][2471.243s] GC(810) Eden regions: 289->0(291)
[2022-05-03T01:29:35.019+0000][2471.243s] GC(810) Survivor regions: 18->16(39)
[2022-05-03T01:29:35.020+0000][2471.244s] GC(810) Old regions: 76->76
[2022-05-03T01:29:35.020+0000][2471.244s] GC(810) Humongous regions: 7->7
[2022-05-03T01:29:35.020+0000][2471.244s] GC(810) Metaspace: 57731K->57731K(1101824K)
[2022-05-03T01:29:35.020+0000][2471.244s] GC(810) Pause Young (Normal) (G1 Evacuation Pause) 388M->97M(512M) 12.800ms
[2022-05-03T01:29:35.020+0000][2471.245s] GC(810) User=0.05s Sys=0.00s Real=0.01s
[2022-05-03T01:29:36.960+0000][2473.184s] GC(811) Pause Young (Normal) (G1 Evacuation Pause)
[2022-05-03T01:29:36.960+0000][2473.184s] GC(811) Using 8 workers of 8 for evacuation
[2022-05-03T01:29:36.983+0000][2473.207s] GC(811)   Pre Evacuate Collection Set: 0.0ms
[2022-05-03T01:29:36.984+0000][2473.208s] GC(811)   Evacuate Collection Set: 10.4ms
[2022-05-03T01:29:36.984+0000][2473.208s] GC(811)   Post Evacuate Collection Set: 12.4ms
[2022-05-03T01:29:36.984+0000][2473.208s] GC(811)   Other: 0.8ms
[2022-05-03T01:29:36.984+0000][2473.208s] GC(811) Eden regions: 291->0(288)
[2022-05-03T01:29:36.984+0000][2473.209s] GC(811) Survivor regions: 16->19(39)
[2022-05-03T01:29:36.985+0000][2473.209s] GC(811) Old regions: 76->76
[2022-05-03T01:29:36.985+0000][2473.209s] GC(811) Humongous regions: 7->7
[2022-05-03T01:29:36.985+0000][2473.209s] GC(811) Metaspace: 57731K->57731K(1101824K)
[2022-05-03T01:29:36.985+0000][2473.209s] GC(811) Pause Young (Normal) (G1 Evacuation Pause) 388M->99M(512M) 25.756ms
[2022-05-03T01:29:36.986+0000][2473.210s] GC(811) User=0.17s Sys=0.00s Real=0.03s
[2022-05-03T01:29:39.305+0000][2475.529s] GC(812) Pause Young (Normal) (G1 Evacuation Pause)
[2022-05-03T01:29:39.306+0000][2475.530s] GC(812) Using 8 workers of 8 for evacuation
[2022-05-03T01:29:39.312+0000][2475.536s] GC(812)   Pre Evacuate Collection Set: 0.0ms
[2022-05-03T01:29:39.312+0000][2475.536s] GC(812)   Evacuate Collection Set: 3.0ms
[2022-05-03T01:29:39.313+0000][2475.537s] GC(812)   Post Evacuate Collection Set: 2.9ms
[2022-05-03T01:29:39.313+0000][2475.537s] GC(812)   Other: 0.7ms
[2022-05-03T01:29:39.313+0000][2475.537s] GC(812) Eden regions: 288->0(288)
[2022-05-03T01:29:39.314+0000][2475.538s] GC(812) Survivor regions: 19->19(39)
[2022-05-03T01:29:39.314+0000][2475.538s] GC(812) Old regions: 76->76
[2022-05-03T01:29:39.314+0000][2475.538s] GC(812) Humongous regions: 7->7
[2022-05-03T01:29:39.314+0000][2475.538s] GC(812) Metaspace: 57731K->57731K(1101824K)
[2022-05-03T01:29:39.315+0000][2475.539s] GC(812) Pause Young (Normal) (G1 Evacuation Pause) 387M->100M(512M) 9.378ms
[2022-05-03T01:29:39.315+0000][2475.539s] GC(812) User=0.04s Sys=0.00s Real=0.01s
[2022-05-03T01:29:41.529+0000][2477.753s] GC(813) Pause Young (Normal) (G1 Evacuation Pause)
[2022-05-03T01:29:41.530+0000][2477.754s] GC(813) Using 8 workers of 8 for evacuation
[2022-05-03T01:29:41.536+0000][2477.760s] GC(813)   Pre Evacuate Collection Set: 0.0ms
[2022-05-03T01:29:41.537+0000][2477.761s] GC(813)   Evacuate Collection Set: 3.8ms
[2022-05-03T01:29:41.537+0000][2477.761s] GC(813)   Post Evacuate Collection Set: 2.1ms
[2022-05-03T01:29:41.537+0000][2477.762s] GC(813)   Other: 1.0ms
[2022-05-03T01:29:41.538+0000][2477.762s] GC(813) Eden regions: 288->0(290)
[2022-05-03T01:29:41.538+0000][2477.762s] GC(813) Survivor regions: 19->17(39)
[2022-05-03T01:29:41.539+0000][2477.763s] GC(813) Old regions: 76->76
[2022-05-03T01:29:41.539+0000][2477.763s] GC(813) Humongous regions: 7->7
[2022-05-03T01:29:41.539+0000][2477.763s] GC(813) Metaspace: 57731K->57731K(1101824K)
[2022-05-03T01:29:41.540+0000][2477.764s] GC(813) Pause Young (Normal) (G1 Evacuation Pause) 388M->98M(512M) 10.430ms
[2022-05-03T01:29:41.540+0000][2477.764s] GC(813) User=0.02s Sys=0.02s Real=0.01s
[2022-05-03T01:29:43.364+0000][2479.588s] GC(814) Pause Young (Normal) (G1 Evacuation Pause)
[2022-05-03T01:29:43.364+0000][2479.589s] GC(814) Using 8 workers of 8 for evacuation
[2022-05-03T01:29:43.370+0000][2479.594s] GC(814)   Pre Evacuate Collection Set: 0.0ms
[2022-05-03T01:29:43.370+0000][2479.594s] GC(814)   Evacuate Collection Set: 2.6ms
[2022-05-03T01:29:43.371+0000][2479.595s] GC(814)   Post Evacuate Collection Set: 2.3ms
[2022-05-03T01:29:43.371+0000][2479.595s] GC(814)   Other: 0.8ms
[2022-05-03T01:29:43.372+0000][2479.596s] GC(814) Eden regions: 290->0(288)
[2022-05-03T01:29:43.372+0000][2479.596s] GC(814) Survivor regions: 17->19(39)
[2022-05-03T01:29:43.372+0000][2479.596s] GC(814) Old regions: 76->76
[2022-05-03T01:29:43.373+0000][2479.597s] GC(814) Humongous regions: 7->7
[2022-05-03T01:29:43.373+0000][2479.597s] GC(814) Metaspace: 57731K->57731K(1101824K)
[2022-05-03T01:29:43.373+0000][2479.597s] GC(814) Pause Young (Normal) (G1 Evacuation Pause) 388M->99M(512M) 9.146ms
[2022-05-03T01:29:43.373+0000][2479.598s] GC(814) User=0.03s Sys=0.00s Real=0.01s
[2022-05-03T01:29:45.713+0000][2481.937s] GC(815) Pause Young (Normal) (G1 Evacuation Pause)
[2022-05-03T01:29:45.713+0000][2481.937s] GC(815) Using 8 workers of 8 for evacuation
[2022-05-03T01:29:45.724+0000][2481.948s] GC(815)   Pre Evacuate Collection Set: 0.0ms
[2022-05-03T01:29:45.724+0000][2481.948s] GC(815)   Evacuate Collection Set: 8.1ms
[2022-05-03T01:29:45.724+0000][2481.948s] GC(815)   Post Evacuate Collection Set: 2.0ms
[2022-05-03T01:29:45.724+0000][2481.949s] GC(815)   Other: 0.7ms
[2022-05-03T01:29:45.725+0000][2481.949s] GC(815) Eden regions: 288->0(289)
[2022-05-03T01:29:45.725+0000][2481.949s] GC(815) Survivor regions: 19->18(39)
[2022-05-03T01:29:45.725+0000][2481.950s] GC(815) Old regions: 76->76
[2022-05-03T01:29:45.726+0000][2481.950s] GC(815) Humongous regions: 7->7
[2022-05-03T01:29:45.726+0000][2481.950s] GC(815) Metaspace: 57731K->57731K(1101824K)
[2022-05-03T01:29:45.726+0000][2481.950s] GC(815) Pause Young (Normal) (G1 Evacuation Pause) 387M->99M(512M) 13.578ms
[2022-05-03T01:29:45.727+0000][2481.951s] GC(815) User=0.07s Sys=0.00s Real=0.02s
[2022-05-03T01:29:47.737+0000][2483.961s] GC(816) Pause Young (Normal) (G1 Evacuation Pause)
[2022-05-03T01:29:47.737+0000][2483.961s] GC(816) Using 8 workers of 8 for evacuation
[2022-05-03T01:29:47.744+0000][2483.968s] GC(816)   Pre Evacuate Collection Set: 0.0ms
[2022-05-03T01:29:47.744+0000][2483.968s] GC(816)   Evacuate Collection Set: 2.9ms
[2022-05-03T01:29:47.744+0000][2483.968s] GC(816)   Post Evacuate Collection Set: 3.1ms
[2022-05-03T01:29:47.745+0000][2483.969s] GC(816)   Other: 0.8ms
[2022-05-03T01:29:47.745+0000][2483.969s] GC(816) Eden regions: 289->0(287)
[2022-05-03T01:29:47.745+0000][2483.969s] GC(816) Survivor regions: 18->20(39)
[2022-05-03T01:29:47.745+0000][2483.970s] GC(816) Old regions: 76->76
[2022-05-03T01:29:47.746+0000][2483.970s] GC(816) Humongous regions: 7->7
[2022-05-03T01:29:47.746+0000][2483.970s] GC(816) Metaspace: 57731K->57731K(1101824K)
[2022-05-03T01:29:47.746+0000][2483.971s] GC(816) Pause Young (Normal) (G1 Evacuation Pause) 388M->100M(512M) 9.624ms
[2022-05-03T01:29:47.747+0000][2483.971s] GC(816) User=0.04s Sys=0.00s Real=0.01s
[2022-05-03T01:29:49.799+0000][2486.023s] GC(817) Pause Young (Normal) (G1 Evacuation Pause)
[2022-05-03T01:29:49.799+0000][2486.023s] GC(817) Using 8 workers of 8 for evacuation
[2022-05-03T01:29:49.804+0000][2486.028s] GC(817)   Pre Evacuate Collection Set: 0.0ms
[2022-05-03T01:29:49.805+0000][2486.029s] GC(817)   Evacuate Collection Set: 3.3ms
[2022-05-03T01:29:49.805+0000][2486.029s] GC(817)   Post Evacuate Collection Set: 1.8ms
[2022-05-03T01:29:49.805+0000][2486.030s] GC(817)   Other: 0.7ms
[2022-05-03T01:29:49.806+0000][2486.030s] GC(817) Eden regions: 287->0(288)
[2022-05-03T01:29:49.806+0000][2486.030s] GC(817) Survivor regions: 20->19(39)
[2022-05-03T01:29:49.806+0000][2486.030s] GC(817) Old regions: 76->76
[2022-05-03T01:29:49.806+0000][2486.031s] GC(817) Humongous regions: 7->7
[2022-05-03T01:29:49.807+0000][2486.031s] GC(817) Metaspace: 57731K->57731K(1101824K)
[2022-05-03T01:29:49.807+0000][2486.031s] GC(817) Pause Young (Normal) (G1 Evacuation Pause) 387M->99M(512M) 8.442ms
[2022-05-03T01:29:49.807+0000][2486.031s] GC(817) User=0.02s Sys=0.01s Real=0.01s
[2022-05-03T01:29:52.076+0000][2488.300s] GC(818) Pause Young (Normal) (G1 Evacuation Pause)
[2022-05-03T01:29:52.076+0000][2488.300s] GC(818) Using 8 workers of 8 for evacuation
[2022-05-03T01:29:52.087+0000][2488.311s] GC(818)   Pre Evacuate Collection Set: 0.0ms
[2022-05-03T01:29:52.088+0000][2488.312s] GC(818)   Evacuate Collection Set: 8.5ms
[2022-05-03T01:29:52.088+0000][2488.312s] GC(818)   Post Evacuate Collection Set: 2.8ms
[2022-05-03T01:29:52.088+0000][2488.312s] GC(818)   Other: 0.4ms
[2022-05-03T01:29:52.089+0000][2488.313s] GC(818) Eden regions: 288->0(286)
[2022-05-03T01:29:52.089+0000][2488.313s] GC(818) Survivor regions: 19->21(39)
[2022-05-03T01:29:52.089+0000][2488.313s] GC(818) Old regions: 76->76
[2022-05-03T01:29:52.089+0000][2488.313s] GC(818) Humongous regions: 7->7
[2022-05-03T01:29:52.090+0000][2488.314s] GC(818) Metaspace: 57731K->57731K(1101824K)
[2022-05-03T01:29:52.090+0000][2488.314s] GC(818) Pause Young (Normal) (G1 Evacuation Pause) 387M->102M(512M) 14.043ms
[2022-05-03T01:29:52.090+0000][2488.314s] GC(818) User=0.08s Sys=0.00s Real=0.01s
[2022-05-03T01:29:53.920+0000][2490.144s] GC(819) Pause Young (Normal) (G1 Evacuation Pause)
[2022-05-03T01:29:53.920+0000][2490.145s] GC(819) Using 8 workers of 8 for evacuation
[2022-05-03T01:29:53.926+0000][2490.150s] GC(819)   Pre Evacuate Collection Set: 0.0ms
[2022-05-03T01:29:53.927+0000][2490.151s] GC(819)   Evacuate Collection Set: 2.7ms
[2022-05-03T01:29:53.927+0000][2490.151s] GC(819)   Post Evacuate Collection Set: 2.6ms
[2022-05-03T01:29:53.928+0000][2490.152s] GC(819)   Other: 0.9ms
[2022-05-03T01:29:53.928+0000][2490.152s] GC(819) Eden regions: 286->0(289)
[2022-05-03T01:29:53.928+0000][2490.152s] GC(819) Survivor regions: 21->18(39)
[2022-05-03T01:29:53.929+0000][2490.153s] GC(819) Old regions: 76->76
[2022-05-03T01:29:53.929+0000][2490.153s] GC(819) Humongous regions: 7->7
[2022-05-03T01:29:53.929+0000][2490.153s] GC(819) Metaspace: 57731K->57731K(1101824K)
[2022-05-03T01:29:53.930+0000][2490.154s] GC(819) Pause Young (Normal) (G1 Evacuation Pause) 388M->99M(512M) 9.495ms
[2022-05-03T01:29:53.930+0000][2490.154s] GC(819) User=0.04s Sys=0.00s Real=0.01s
[2022-05-03T01:29:56.232+0000][2492.456s] GC(820) Pause Young (Normal) (G1 Evacuation Pause)
[2022-05-03T01:29:56.232+0000][2492.456s] GC(820) Using 8 workers of 8 for evacuation
[2022-05-03T01:29:56.257+0000][2492.481s] GC(820)   Pre Evacuate Collection Set: 0.0ms
[2022-05-03T01:29:56.257+0000][2492.482s] GC(820)   Evacuate Collection Set: 14.4ms
[2022-05-03T01:29:56.258+0000][2492.482s] GC(820)   Post Evacuate Collection Set: 10.3ms
[2022-05-03T01:29:56.258+0000][2492.482s] GC(820)   Other: 0.7ms
[2022-05-03T01:29:56.258+0000][2492.482s] GC(820) Eden regions: 289->0(286)
[2022-05-03T01:29:56.259+0000][2492.483s] GC(820) Survivor regions: 18->21(39)
[2022-05-03T01:29:56.259+0000][2492.483s] GC(820) Old regions: 76->76
[2022-05-03T01:29:56.259+0000][2492.483s] GC(820) Humongous regions: 7->7
[2022-05-03T01:29:56.260+0000][2492.484s] GC(820) Metaspace: 57731K->57731K(1101824K)
[2022-05-03T01:29:56.260+0000][2492.484s] GC(820) Pause Young (Normal) (G1 Evacuation Pause) 388M->102M(512M) 28.241ms
[2022-05-03T01:29:56.260+0000][2492.484s] GC(820) User=0.19s Sys=0.00s Real=0.03s
[2022-05-03T01:29:58.607+0000][2494.831s] GC(821) Pause Young (Normal) (G1 Evacuation Pause)
[2022-05-03T01:29:58.608+0000][2494.832s] GC(821) Using 8 workers of 8 for evacuation
[2022-05-03T01:29:58.614+0000][2494.838s] GC(821)   Pre Evacuate Collection Set: 0.0ms
[2022-05-03T01:29:58.615+0000][2494.839s] GC(821)   Evacuate Collection Set: 3.2ms
[2022-05-03T01:29:58.615+0000][2494.839s] GC(821)   Post Evacuate Collection Set: 2.8ms
[2022-05-03T01:29:58.615+0000][2494.840s] GC(821)   Other: 1.0ms
[2022-05-03T01:29:58.616+0000][2494.840s] GC(821) Eden regions: 286->0(289)
[2022-05-03T01:29:58.616+0000][2494.840s] GC(821) Survivor regions: 21->18(39)
[2022-05-03T01:29:58.617+0000][2494.841s] GC(821) Old regions: 76->76
[2022-05-03T01:29:58.617+0000][2494.841s] GC(821) Humongous regions: 7->7
[2022-05-03T01:29:58.617+0000][2494.841s] GC(821) Metaspace: 57731K->57731K(1101824K)
[2022-05-03T01:29:58.618+0000][2494.842s] GC(821) Pause Young (Normal) (G1 Evacuation Pause) 388M->99M(512M) 10.184ms
[2022-05-03T01:29:58.618+0000][2494.842s] GC(821) User=0.04s Sys=0.00s Real=0.01s
[2022-05-03T01:30:00.596+0000][2496.821s] GC(822) Pause Young (Normal) (G1 Evacuation Pause)
[2022-05-03T01:30:00.597+0000][2496.821s] GC(822) Using 8 workers of 8 for evacuation
[2022-05-03T01:30:00.603+0000][2496.827s] GC(822)   Pre Evacuate Collection Set: 0.0ms
[2022-05-03T01:30:00.603+0000][2496.827s] GC(822)   Evacuate Collection Set: 3.5ms
[2022-05-03T01:30:00.603+0000][2496.828s] GC(822)   Post Evacuate Collection Set: 1.8ms
[2022-05-03T01:30:00.604+0000][2496.828s] GC(822)   Other: 0.8ms
[2022-05-03T01:30:00.604+0000][2496.828s] GC(822) Eden regions: 289->0(290)
[2022-05-03T01:30:00.604+0000][2496.829s] GC(822) Survivor regions: 18->17(39)
[2022-05-03T01:30:00.605+0000][2496.829s] GC(822) Old regions: 76->76
[2022-05-03T01:30:00.605+0000][2496.829s] GC(822) Humongous regions: 7->7
[2022-05-03T01:30:00.606+0000][2496.830s] GC(822) Metaspace: 57731K->57731K(1101824K)
[2022-05-03T01:30:00.606+0000][2496.830s] GC(822) Pause Young (Normal) (G1 Evacuation Pause) 388M->98M(512M) 9.375ms
[2022-05-03T01:30:00.606+0000][2496.830s] GC(822) User=0.04s Sys=0.01s Real=0.01s
[2022-05-03T01:30:02.796+0000][2499.020s] GC(823) Pause Young (Normal) (G1 Evacuation Pause)
[2022-05-03T01:30:02.796+0000][2499.021s] GC(823) Using 8 workers of 8 for evacuation
[2022-05-03T01:30:02.813+0000][2499.037s] GC(823)   Pre Evacuate Collection Set: 0.0ms
[2022-05-03T01:30:02.813+0000][2499.037s] GC(823)   Evacuate Collection Set: 10.5ms
[2022-05-03T01:30:02.813+0000][2499.038s] GC(823)   Post Evacuate Collection Set: 5.1ms
[2022-05-03T01:30:02.814+0000][2499.038s] GC(823)   Other: 1.0ms
[2022-05-03T01:30:02.814+0000][2499.038s] GC(823) Eden regions: 290->0(287)
[2022-05-03T01:30:02.814+0000][2499.038s] GC(823) Survivor regions: 17->20(39)
[2022-05-03T01:30:02.814+0000][2499.038s] GC(823) Old regions: 76->76
[2022-05-03T01:30:02.815+0000][2499.039s] GC(823) Humongous regions: 7->7
[2022-05-03T01:30:02.815+0000][2499.039s] GC(823) Metaspace: 57731K->57731K(1101824K)
[2022-05-03T01:30:02.815+0000][2499.039s] GC(823) Pause Young (Normal) (G1 Evacuation Pause) 388M->100M(512M) 19.014ms
[2022-05-03T01:30:02.815+0000][2499.039s] GC(823) User=0.11s Sys=0.00s Real=0.02s
[2022-05-03T01:30:04.812+0000][2501.036s] GC(824) Pause Young (Normal) (G1 Evacuation Pause)
[2022-05-03T01:30:04.812+0000][2501.036s] GC(824) Using 8 workers of 8 for evacuation
[2022-05-03T01:30:04.818+0000][2501.042s] GC(824)   Pre Evacuate Collection Set: 0.0ms
[2022-05-03T01:30:04.818+0000][2501.042s] GC(824)   Evacuate Collection Set: 3.0ms
[2022-05-03T01:30:04.819+0000][2501.043s] GC(824)   Post Evacuate Collection Set: 1.9ms
[2022-05-03T01:30:04.819+0000][2501.043s] GC(824)   Other: 0.9ms
[2022-05-03T01:30:04.819+0000][2501.043s] GC(824) Eden regions: 287->0(291)
[2022-05-03T01:30:04.820+0000][2501.044s] GC(824) Survivor regions: 20->16(39)
[2022-05-03T01:30:04.820+0000][2501.044s] GC(824) Old regions: 76->76
[2022-05-03T01:30:04.820+0000][2501.044s] GC(824) Humongous regions: 7->7
[2022-05-03T01:30:04.820+0000][2501.045s] GC(824) Metaspace: 57731K->57731K(1101824K)
[2022-05-03T01:30:04.821+0000][2501.045s] GC(824) Pause Young (Normal) (G1 Evacuation Pause) 387M->96M(512M) 8.827ms
[2022-05-03T01:30:04.821+0000][2501.045s] GC(824) User=0.03s Sys=0.00s Real=0.01s
[2022-05-03T01:30:06.804+0000][2503.028s] GC(825) Pause Young (Normal) (G1 Evacuation Pause)
[2022-05-03T01:30:06.804+0000][2503.029s] GC(825) Using 8 workers of 8 for evacuation
[2022-05-03T01:30:06.812+0000][2503.036s] GC(825)   Pre Evacuate Collection Set: 0.0ms
[2022-05-03T01:30:06.812+0000][2503.036s] GC(825)   Evacuate Collection Set: 4.5ms
[2022-05-03T01:30:06.813+0000][2503.037s] GC(825)   Post Evacuate Collection Set: 2.6ms
[2022-05-03T01:30:06.813+0000][2503.037s] GC(825)   Other: 0.8ms
[2022-05-03T01:30:06.813+0000][2503.037s] GC(825) Eden regions: 291->0(286)
[2022-05-03T01:30:06.814+0000][2503.038s] GC(825) Survivor regions: 16->21(39)
[2022-05-03T01:30:06.814+0000][2503.038s] GC(825) Old regions: 76->76
[2022-05-03T01:30:06.814+0000][2503.038s] GC(825) Humongous regions: 7->7
[2022-05-03T01:30:06.815+0000][2503.039s] GC(825) Metaspace: 57731K->57731K(1101824K)
[2022-05-03T01:30:06.815+0000][2503.039s] GC(825) Pause Young (Normal) (G1 Evacuation Pause) 387M->101M(512M) 10.979ms
[2022-05-03T01:30:06.815+0000][2503.039s] GC(825) User=0.05s Sys=0.00s Real=0.02s
[2022-05-03T01:30:09.146+0000][2505.370s] GC(826) Pause Young (Normal) (G1 Evacuation Pause)
[2022-05-03T01:30:09.146+0000][2505.370s] GC(826) Using 8 workers of 8 for evacuation
[2022-05-03T01:30:09.163+0000][2505.387s] GC(826)   Pre Evacuate Collection Set: 0.0ms
[2022-05-03T01:30:09.163+0000][2505.387s] GC(826)   Evacuate Collection Set: 10.5ms
[2022-05-03T01:30:09.164+0000][2505.388s] GC(826)   Post Evacuate Collection Set: 5.6ms
[2022-05-03T01:30:09.164+0000][2505.388s] GC(826)   Other: 0.8ms
[2022-05-03T01:30:09.164+0000][2505.388s] GC(826) Eden regions: 286->0(288)
[2022-05-03T01:30:09.164+0000][2505.389s] GC(826) Survivor regions: 21->19(39)
[2022-05-03T01:30:09.165+0000][2505.389s] GC(826) Old regions: 76->76
[2022-05-03T01:30:09.165+0000][2505.389s] GC(826) Humongous regions: 7->7
[2022-05-03T01:30:09.165+0000][2505.390s] GC(826) Metaspace: 57731K->57731K(1101824K)
[2022-05-03T01:30:09.166+0000][2505.390s] GC(826) Pause Young (Normal) (G1 Evacuation Pause) 387M->100M(512M) 19.828ms
[2022-05-03T01:30:09.166+0000][2505.390s] GC(826) User=0.12s Sys=0.00s Real=0.02s
[2022-05-03T01:30:11.041+0000][2507.265s] GC(827) Pause Young (Normal) (G1 Evacuation Pause)
[2022-05-03T01:30:11.041+0000][2507.265s] GC(827) Using 8 workers of 8 for evacuation
[2022-05-03T01:30:11.060+0000][2507.284s] GC(827)   Pre Evacuate Collection Set: 0.0ms
[2022-05-03T01:30:11.060+0000][2507.285s] GC(827)   Evacuate Collection Set: 9.5ms
[2022-05-03T01:30:11.061+0000][2507.285s] GC(827)   Post Evacuate Collection Set: 9.0ms
[2022-05-03T01:30:11.061+0000][2507.285s] GC(827)   Other: 0.6ms
[2022-05-03T01:30:11.061+0000][2507.285s] GC(827) Eden regions: 288->0(293)
[2022-05-03T01:30:11.061+0000][2507.286s] GC(827) Survivor regions: 19->14(39)
[2022-05-03T01:30:11.062+0000][2507.286s] GC(827) Old regions: 76->77
[2022-05-03T01:30:11.062+0000][2507.286s] GC(827) Humongous regions: 7->7
[2022-05-03T01:30:11.062+0000][2507.286s] GC(827) Metaspace: 57731K->57731K(1101824K)
[2022-05-03T01:30:11.063+0000][2507.287s] GC(827) Pause Young (Normal) (G1 Evacuation Pause) 388M->95M(512M) 21.389ms
[2022-05-03T01:30:11.063+0000][2507.287s] GC(827) User=0.12s Sys=0.00s Real=0.02s
[2022-05-03T01:30:13.571+0000][2509.796s] GC(828) Pause Young (Normal) (G1 Evacuation Pause)
[2022-05-03T01:30:13.572+0000][2509.796s] GC(828) Using 8 workers of 8 for evacuation
[2022-05-03T01:30:13.582+0000][2509.806s] GC(828)   Pre Evacuate Collection Set: 0.0ms
[2022-05-03T01:30:13.582+0000][2509.806s] GC(828)   Evacuate Collection Set: 4.5ms
[2022-05-03T01:30:13.583+0000][2509.807s] GC(828)   Post Evacuate Collection Set: 5.2ms
[2022-05-03T01:30:13.583+0000][2509.807s] GC(828)   Other: 0.8ms
[2022-05-03T01:30:13.584+0000][2509.808s] GC(828) Eden regions: 293->0(282)
[2022-05-03T01:30:13.584+0000][2509.808s] GC(828) Survivor regions: 14->25(39)
[2022-05-03T01:30:13.584+0000][2509.808s] GC(828) Old regions: 77->77
[2022-05-03T01:30:13.585+0000][2509.809s] GC(828) Humongous regions: 7->7
[2022-05-03T01:30:13.585+0000][2509.809s] GC(828) Metaspace: 57731K->57731K(1101824K)
[2022-05-03T01:30:13.585+0000][2509.809s] GC(828) Pause Young (Normal) (G1 Evacuation Pause) 388M->106M(512M) 13.797ms
[2022-05-03T01:30:13.586+0000][2509.810s] GC(828) User=0.07s Sys=0.00s Real=0.02s
[2022-05-03T01:30:16.152+0000][2512.376s] GC(829) Pause Young (Normal) (G1 Evacuation Pause)
[2022-05-03T01:30:16.152+0000][2512.376s] GC(829) Using 8 workers of 8 for evacuation
[2022-05-03T01:30:16.159+0000][2512.383s] GC(829)   Pre Evacuate Collection Set: 0.0ms
[2022-05-03T01:30:16.159+0000][2512.383s] GC(829)   Evacuate Collection Set: 4.2ms
[2022-05-03T01:30:16.159+0000][2512.384s] GC(829)   Post Evacuate Collection Set: 1.7ms
[2022-05-03T01:30:16.160+0000][2512.384s] GC(829)   Other: 0.8ms
[2022-05-03T01:30:16.160+0000][2512.384s] GC(829) Eden regions: 282->0(289)
[2022-05-03T01:30:16.161+0000][2512.385s] GC(829) Survivor regions: 25->18(39)
[2022-05-03T01:30:16.161+0000][2512.385s] GC(829) Old regions: 77->77
[2022-05-03T01:30:16.161+0000][2512.385s] GC(829) Humongous regions: 7->7
[2022-05-03T01:30:16.162+0000][2512.386s] GC(829) Metaspace: 57731K->57731K(1101824K)
[2022-05-03T01:30:16.162+0000][2512.386s] GC(829) Pause Young (Normal) (G1 Evacuation Pause) 388M->99M(512M) 9.858ms
[2022-05-03T01:30:16.162+0000][2512.386s] GC(829) User=0.05s Sys=0.00s Real=0.01s
[2022-05-03T01:30:18.013+0000][2514.237s] GC(830) Pause Young (Normal) (G1 Evacuation Pause)
[2022-05-03T01:30:18.013+0000][2514.237s] GC(830) Using 8 workers of 8 for evacuation
[2022-05-03T01:30:18.034+0000][2514.258s] GC(830)   Pre Evacuate Collection Set: 0.0ms
[2022-05-03T01:30:18.034+0000][2514.258s] GC(830)   Evacuate Collection Set: 7.8ms
[2022-05-03T01:30:18.034+0000][2514.258s] GC(830)   Post Evacuate Collection Set: 12.5ms
[2022-05-03T01:30:18.034+0000][2514.259s] GC(830)   Other: 0.9ms
[2022-05-03T01:30:18.035+0000][2514.259s] GC(830) Eden regions: 289->0(289)
[2022-05-03T01:30:18.035+0000][2514.259s] GC(830) Survivor regions: 18->18(39)
[2022-05-03T01:30:18.035+0000][2514.259s] GC(830) Old regions: 77->77
[2022-05-03T01:30:18.035+0000][2514.260s] GC(830) Humongous regions: 7->7
[2022-05-03T01:30:18.036+0000][2514.260s] GC(830) Metaspace: 57731K->57731K(1101824K)
[2022-05-03T01:30:18.036+0000][2514.260s] GC(830) Pause Young (Normal) (G1 Evacuation Pause) 388M->100M(512M) 23.490ms
[2022-05-03T01:30:18.036+0000][2514.260s] GC(830) User=0.12s Sys=0.00s Real=0.03s
[2022-05-03T01:30:20.489+0000][2516.713s] GC(831) Pause Young (Normal) (G1 Evacuation Pause)
[2022-05-03T01:30:20.489+0000][2516.713s] GC(831) Using 8 workers of 8 for evacuation
[2022-05-03T01:30:20.495+0000][2516.719s] GC(831)   Pre Evacuate Collection Set: 0.0ms
[2022-05-03T01:30:20.496+0000][2516.720s] GC(831)   Evacuate Collection Set: 2.5ms
[2022-05-03T01:30:20.496+0000][2516.720s] GC(831)   Post Evacuate Collection Set: 3.0ms
[2022-05-03T01:30:20.497+0000][2516.721s] GC(831)   Other: 0.9ms
[2022-05-03T01:30:20.497+0000][2516.721s] GC(831) Eden regions: 289->0(289)
[2022-05-03T01:30:20.497+0000][2516.721s] GC(831) Survivor regions: 18->18(39)
[2022-05-03T01:30:20.498+0000][2516.722s] GC(831) Old regions: 77->77
[2022-05-03T01:30:20.498+0000][2516.722s] GC(831) Humongous regions: 7->7
[2022-05-03T01:30:20.498+0000][2516.722s] GC(831) Metaspace: 57731K->57731K(1101824K)
[2022-05-03T01:30:20.499+0000][2516.723s] GC(831) Pause Young (Normal) (G1 Evacuation Pause) 389M->99M(512M) 9.541ms
[2022-05-03T01:30:20.499+0000][2516.723s] GC(831) User=0.04s Sys=0.00s Real=0.01s
[2022-05-03T01:30:22.646+0000][2518.870s] GC(832) Pause Young (Normal) (G1 Evacuation Pause)
[2022-05-03T01:30:22.646+0000][2518.871s] GC(832) Using 8 workers of 8 for evacuation
[2022-05-03T01:30:22.652+0000][2518.876s] GC(832)   Pre Evacuate Collection Set: 0.0ms
[2022-05-03T01:30:22.652+0000][2518.876s] GC(832)   Evacuate Collection Set: 2.6ms
[2022-05-03T01:30:22.653+0000][2518.877s] GC(832)   Post Evacuate Collection Set: 2.1ms
[2022-05-03T01:30:22.653+0000][2518.877s] GC(832)   Other: 0.9ms
[2022-05-03T01:30:22.653+0000][2518.877s] GC(832) Eden regions: 289->0(292)
[2022-05-03T01:30:22.654+0000][2518.878s] GC(832) Survivor regions: 18->15(39)
[2022-05-03T01:30:22.654+0000][2518.878s] GC(832) Old regions: 77->77
[2022-05-03T01:30:22.654+0000][2518.878s] GC(832) Humongous regions: 7->7
[2022-05-03T01:30:22.655+0000][2518.879s] GC(832) Metaspace: 57731K->57731K(1101824K)
[2022-05-03T01:30:22.655+0000][2518.879s] GC(832) Pause Young (Normal) (G1 Evacuation Pause) 388M->96M(512M) 8.843ms
[2022-05-03T01:30:22.655+0000][2518.879s] GC(832) User=0.03s Sys=0.01s Real=0.01s
[2022-05-03T01:30:24.687+0000][2520.912s] GC(833) Pause Young (Normal) (G1 Evacuation Pause)
[2022-05-03T01:30:24.688+0000][2520.912s] GC(833) Using 8 workers of 8 for evacuation
[2022-05-03T01:30:24.694+0000][2520.918s] GC(833)   Pre Evacuate Collection Set: 0.0ms
[2022-05-03T01:30:24.695+0000][2520.919s] GC(833)   Evacuate Collection Set: 3.3ms
[2022-05-03T01:30:24.695+0000][2520.919s] GC(833)   Post Evacuate Collection Set: 2.6ms
[2022-05-03T01:30:24.695+0000][2520.919s] GC(833)   Other: 0.8ms
[2022-05-03T01:30:24.696+0000][2520.920s] GC(833) Eden regions: 292->0(286)
[2022-05-03T01:30:24.696+0000][2520.920s] GC(833) Survivor regions: 15->21(39)
[2022-05-03T01:30:24.696+0000][2520.920s] GC(833) Old regions: 77->77
[2022-05-03T01:30:24.696+0000][2520.921s] GC(833) Humongous regions: 7->7
[2022-05-03T01:30:24.697+0000][2520.921s] GC(833) Metaspace: 57731K->57731K(1101824K)
[2022-05-03T01:30:24.697+0000][2520.921s] GC(833) Pause Young (Normal) (G1 Evacuation Pause) 388M->102M(512M) 9.531ms
[2022-05-03T01:30:24.697+0000][2520.921s] GC(833) User=0.04s Sys=0.01s Real=0.01s
[2022-05-03T01:30:27.154+0000][2523.378s] GC(834) Pause Young (Normal) (G1 Evacuation Pause)
[2022-05-03T01:30:27.163+0000][2523.387s] GC(834) Using 8 workers of 8 for evacuation
[2022-05-03T01:30:27.182+0000][2523.406s] GC(834)   Pre Evacuate Collection Set: 0.0ms
[2022-05-03T01:30:27.182+0000][2523.406s] GC(834)   Evacuate Collection Set: 12.8ms
[2022-05-03T01:30:27.183+0000][2523.407s] GC(834)   Post Evacuate Collection Set: 4.9ms
[2022-05-03T01:30:27.183+0000][2523.407s] GC(834)   Other: 10.3ms
[2022-05-03T01:30:27.184+0000][2523.408s] GC(834) Eden regions: 286->0(288)
[2022-05-03T01:30:27.184+0000][2523.408s] GC(834) Survivor regions: 21->19(39)
[2022-05-03T01:30:27.184+0000][2523.408s] GC(834) Old regions: 77->77
[2022-05-03T01:30:27.185+0000][2523.409s] GC(834) Humongous regions: 7->7
[2022-05-03T01:30:27.185+0000][2523.409s] GC(834) Metaspace: 57731K->57731K(1101824K)
[2022-05-03T01:30:27.186+0000][2523.410s] GC(834) Pause Young (Normal) (G1 Evacuation Pause) 388M->101M(512M) 32.113ms
[2022-05-03T01:30:27.186+0000][2523.410s] GC(834) User=0.12s Sys=0.01s Real=0.04s
[2022-05-03T01:30:28.998+0000][2525.222s] GC(835) Pause Young (Normal) (G1 Evacuation Pause)
[2022-05-03T01:30:28.998+0000][2525.222s] GC(835) Using 8 workers of 8 for evacuation
[2022-05-03T01:30:29.004+0000][2525.228s] GC(835)   Pre Evacuate Collection Set: 0.0ms
[2022-05-03T01:30:29.005+0000][2525.229s] GC(835)   Evacuate Collection Set: 2.7ms
[2022-05-03T01:30:29.005+0000][2525.229s] GC(835)   Post Evacuate Collection Set: 2.9ms
[2022-05-03T01:30:29.005+0000][2525.229s] GC(835)   Other: 0.8ms
[2022-05-03T01:30:29.005+0000][2525.229s] GC(835) Eden regions: 288->0(289)
[2022-05-03T01:30:29.006+0000][2525.230s] GC(835) Survivor regions: 19->18(39)
[2022-05-03T01:30:29.006+0000][2525.230s] GC(835) Old regions: 77->77
[2022-05-03T01:30:29.006+0000][2525.230s] GC(835) Humongous regions: 7->7
[2022-05-03T01:30:29.006+0000][2525.230s] GC(835) Metaspace: 57731K->57731K(1101824K)
[2022-05-03T01:30:29.007+0000][2525.231s] GC(835) Pause Young (Normal) (G1 Evacuation Pause) 389M->99M(512M) 8.713ms
[2022-05-03T01:30:29.007+0000][2525.231s] GC(835) User=0.03s Sys=0.01s Real=0.01s
[2022-05-03T01:30:31.317+0000][2527.541s] GC(836) Pause Young (Normal) (G1 Evacuation Pause)
[2022-05-03T01:30:31.317+0000][2527.541s] GC(836) Using 8 workers of 8 for evacuation
[2022-05-03T01:30:31.323+0000][2527.547s] GC(836)   Pre Evacuate Collection Set: 0.0ms
[2022-05-03T01:30:31.324+0000][2527.548s] GC(836)   Evacuate Collection Set: 3.9ms
[2022-05-03T01:30:31.324+0000][2527.548s] GC(836)   Post Evacuate Collection Set: 1.9ms
[2022-05-03T01:30:31.325+0000][2527.549s] GC(836)   Other: 0.7ms
[2022-05-03T01:30:31.325+0000][2527.549s] GC(836) Eden regions: 289->0(287)
[2022-05-03T01:30:31.325+0000][2527.550s] GC(836) Survivor regions: 18->20(39)
[2022-05-03T01:30:31.326+0000][2527.550s] GC(836) Old regions: 77->77
[2022-05-03T01:30:31.326+0000][2527.550s] GC(836) Humongous regions: 7->7
[2022-05-03T01:30:31.326+0000][2527.550s] GC(836) Metaspace: 57731K->57731K(1101824K)
[2022-05-03T01:30:31.327+0000][2527.551s] GC(836) Pause Young (Normal) (G1 Evacuation Pause) 388M->102M(512M) 9.780ms
[2022-05-03T01:30:31.327+0000][2527.551s] GC(836) User=0.04s Sys=0.00s Real=0.01s
[2022-05-03T01:30:33.595+0000][2529.819s] GC(837) Pause Young (Normal) (G1 Evacuation Pause)
[2022-05-03T01:30:33.596+0000][2529.820s] GC(837) Using 8 workers of 8 for evacuation
[2022-05-03T01:30:33.602+0000][2529.826s] GC(837)   Pre Evacuate Collection Set: 0.0ms
[2022-05-03T01:30:33.603+0000][2529.827s] GC(837)   Evacuate Collection Set: 3.4ms
[2022-05-03T01:30:33.603+0000][2529.827s] GC(837)   Post Evacuate Collection Set: 2.7ms
[2022-05-03T01:30:33.603+0000][2529.827s] GC(837)   Other: 1.1ms
[2022-05-03T01:30:33.604+0000][2529.828s] GC(837) Eden regions: 287->0(286)
[2022-05-03T01:30:33.604+0000][2529.828s] GC(837) Survivor regions: 20->21(39)
[2022-05-03T01:30:33.604+0000][2529.828s] GC(837) Old regions: 77->77
[2022-05-03T01:30:33.605+0000][2529.829s] GC(837) Humongous regions: 7->7
[2022-05-03T01:30:33.605+0000][2529.829s] GC(837) Metaspace: 57731K->57731K(1101824K)
[2022-05-03T01:30:33.605+0000][2529.829s] GC(837) Pause Young (Normal) (G1 Evacuation Pause) 389M->102M(512M) 10.128ms
[2022-05-03T01:30:33.606+0000][2529.830s] GC(837) User=0.04s Sys=0.01s Real=0.01s
[2022-05-03T01:30:35.317+0000][2531.541s] GC(838) Pause Young (Normal) (G1 Evacuation Pause)
[2022-05-03T01:30:35.317+0000][2531.541s] GC(838) Using 8 workers of 8 for evacuation
[2022-05-03T01:30:35.324+0000][2531.548s] GC(838)   Pre Evacuate Collection Set: 0.0ms
[2022-05-03T01:30:35.324+0000][2531.548s] GC(838)   Evacuate Collection Set: 3.6ms
[2022-05-03T01:30:35.324+0000][2531.548s] GC(838)   Post Evacuate Collection Set: 2.6ms
[2022-05-03T01:30:35.325+0000][2531.549s] GC(838)   Other: 0.8ms
[2022-05-03T01:30:35.325+0000][2531.549s] GC(838) Eden regions: 286->0(286)
[2022-05-03T01:30:35.325+0000][2531.549s] GC(838) Survivor regions: 21->21(39)
[2022-05-03T01:30:35.325+0000][2531.549s] GC(838) Old regions: 77->77
[2022-05-03T01:30:35.326+0000][2531.550s] GC(838) Humongous regions: 7->7
[2022-05-03T01:30:35.326+0000][2531.550s] GC(838) Metaspace: 57731K->57731K(1101824K)
[2022-05-03T01:30:35.326+0000][2531.550s] GC(838) Pause Young (Normal) (G1 Evacuation Pause) 388M->102M(512M) 9.238ms
[2022-05-03T01:30:35.326+0000][2531.550s] GC(838) User=0.03s Sys=0.00s Real=0.01s
[2022-05-03T01:30:37.621+0000][2533.845s] GC(839) Pause Young (Normal) (G1 Evacuation Pause)
[2022-05-03T01:30:37.621+0000][2533.845s] GC(839) Using 8 workers of 8 for evacuation
[2022-05-03T01:30:37.627+0000][2533.851s] GC(839)   Pre Evacuate Collection Set: 0.0ms
[2022-05-03T01:30:37.628+0000][2533.852s] GC(839)   Evacuate Collection Set: 3.2ms
[2022-05-03T01:30:37.628+0000][2533.852s] GC(839)   Post Evacuate Collection Set: 2.7ms
[2022-05-03T01:30:37.629+0000][2533.853s] GC(839)   Other: 1.0ms
[2022-05-03T01:30:37.629+0000][2533.853s] GC(839) Eden regions: 286->0(287)
[2022-05-03T01:30:37.630+0000][2533.854s] GC(839) Survivor regions: 21->20(39)
[2022-05-03T01:30:37.630+0000][2533.854s] GC(839) Old regions: 77->77
[2022-05-03T01:30:37.630+0000][2533.854s] GC(839) Humongous regions: 7->7
[2022-05-03T01:30:37.631+0000][2533.855s] GC(839) Metaspace: 57731K->57731K(1101824K)
[2022-05-03T01:30:37.631+0000][2533.855s] GC(839) Pause Young (Normal) (G1 Evacuation Pause) 388M->101M(512M) 10.519ms
[2022-05-03T01:30:37.631+0000][2533.855s] GC(839) User=0.04s Sys=0.00s Real=0.01s
[2022-05-03T01:30:39.386+0000][2535.610s] GC(840) Pause Young (Normal) (G1 Evacuation Pause)
[2022-05-03T01:30:39.386+0000][2535.610s] GC(840) Using 8 workers of 8 for evacuation
[2022-05-03T01:30:39.393+0000][2535.617s] GC(840)   Pre Evacuate Collection Set: 0.0ms
[2022-05-03T01:30:39.394+0000][2535.618s] GC(840)   Evacuate Collection Set: 3.2ms
[2022-05-03T01:30:39.394+0000][2535.618s] GC(840)   Post Evacuate Collection Set: 3.2ms
[2022-05-03T01:30:39.394+0000][2535.618s] GC(840)   Other: 0.9ms
[2022-05-03T01:30:39.394+0000][2535.619s] GC(840) Eden regions: 287->0(292)
[2022-05-03T01:30:39.395+0000][2535.619s] GC(840) Survivor regions: 20->15(39)
[2022-05-03T01:30:39.395+0000][2535.619s] GC(840) Old regions: 77->77
[2022-05-03T01:30:39.395+0000][2535.620s] GC(840) Humongous regions: 7->7
[2022-05-03T01:30:39.396+0000][2535.620s] GC(840) Metaspace: 57731K->57731K(1101824K)
[2022-05-03T01:30:39.396+0000][2535.620s] GC(840) Pause Young (Normal) (G1 Evacuation Pause) 388M->96M(512M) 10.140ms
[2022-05-03T01:30:39.396+0000][2535.620s] GC(840) User=0.04s Sys=0.01s Real=0.01s
[2022-05-03T01:30:41.902+0000][2538.126s] GC(841) Pause Young (Normal) (G1 Evacuation Pause)
[2022-05-03T01:30:41.902+0000][2538.126s] GC(841) Using 8 workers of 8 for evacuation
[2022-05-03T01:30:41.909+0000][2538.133s] GC(841)   Pre Evacuate Collection Set: 0.0ms
[2022-05-03T01:30:41.909+0000][2538.133s] GC(841)   Evacuate Collection Set: 3.6ms
[2022-05-03T01:30:41.910+0000][2538.134s] GC(841)   Post Evacuate Collection Set: 2.5ms
[2022-05-03T01:30:41.910+0000][2538.134s] GC(841)   Other: 0.8ms
[2022-05-03T01:30:41.910+0000][2538.134s] GC(841) Eden regions: 292->0(286)
[2022-05-03T01:30:41.911+0000][2538.135s] GC(841) Survivor regions: 15->21(39)
[2022-05-03T01:30:41.911+0000][2538.135s] GC(841) Old regions: 77->77
[2022-05-03T01:30:41.911+0000][2538.135s] GC(841) Humongous regions: 7->7
[2022-05-03T01:30:41.912+0000][2538.136s] GC(841) Metaspace: 57731K->57731K(1101824K)
[2022-05-03T01:30:41.912+0000][2538.136s] GC(841) Pause Young (Normal) (G1 Evacuation Pause) 388M->102M(512M) 9.875ms
[2022-05-03T01:30:41.912+0000][2538.136s] GC(841) User=0.05s Sys=0.00s Real=0.01s
[2022-05-03T01:30:44.173+0000][2540.397s] GC(842) Pause Young (Normal) (G1 Evacuation Pause)
[2022-05-03T01:30:44.173+0000][2540.397s] GC(842) Using 8 workers of 8 for evacuation
[2022-05-03T01:30:44.190+0000][2540.414s] GC(842)   Pre Evacuate Collection Set: 0.0ms
[2022-05-03T01:30:44.191+0000][2540.415s] GC(842)   Evacuate Collection Set: 8.9ms
[2022-05-03T01:30:44.191+0000][2540.415s] GC(842)   Post Evacuate Collection Set: 7.3ms
[2022-05-03T01:30:44.191+0000][2540.415s] GC(842)   Other: 1.0ms
[2022-05-03T01:30:44.192+0000][2540.416s] GC(842) Eden regions: 286->0(288)
[2022-05-03T01:30:44.192+0000][2540.416s] GC(842) Survivor regions: 21->19(39)
[2022-05-03T01:30:44.192+0000][2540.416s] GC(842) Old regions: 77->77
[2022-05-03T01:30:44.192+0000][2540.416s] GC(842) Humongous regions: 7->7
[2022-05-03T01:30:44.193+0000][2540.417s] GC(842) Metaspace: 57731K->57731K(1101824K)
[2022-05-03T01:30:44.193+0000][2540.417s] GC(842) Pause Young (Normal) (G1 Evacuation Pause) 388M->100M(512M) 19.764ms
[2022-05-03T01:30:44.193+0000][2540.417s] GC(842) User=0.12s Sys=0.00s Real=0.02s
[2022-05-03T01:30:46.452+0000][2542.676s] GC(843) Pause Young (Normal) (G1 Evacuation Pause)
[2022-05-03T01:30:46.452+0000][2542.676s] GC(843) Using 8 workers of 8 for evacuation
[2022-05-03T01:30:46.465+0000][2542.689s] GC(843)   Pre Evacuate Collection Set: 0.0ms
[2022-05-03T01:30:46.465+0000][2542.689s] GC(843)   Evacuate Collection Set: 7.9ms
[2022-05-03T01:30:46.466+0000][2542.690s] GC(843)   Post Evacuate Collection Set: 4.3ms
[2022-05-03T01:30:46.466+0000][2542.690s] GC(843)   Other: 1.0ms
[2022-05-03T01:30:46.466+0000][2542.690s] GC(843) Eden regions: 288->0(292)
[2022-05-03T01:30:46.467+0000][2542.691s] GC(843) Survivor regions: 19->15(39)
[2022-05-03T01:30:46.467+0000][2542.691s] GC(843) Old regions: 77->77
[2022-05-03T01:30:46.468+0000][2542.692s] GC(843) Humongous regions: 7->7
[2022-05-03T01:30:46.468+0000][2542.692s] GC(843) Metaspace: 57731K->57731K(1101824K)
[2022-05-03T01:30:46.468+0000][2542.692s] GC(843) Pause Young (Normal) (G1 Evacuation Pause) 388M->97M(512M) 16.552ms
[2022-05-03T01:30:46.469+0000][2542.693s] GC(843) User=0.08s Sys=0.01s Real=0.02s
[2022-05-03T01:30:48.901+0000][2545.125s] GC(844) Pause Young (Normal) (G1 Evacuation Pause)
[2022-05-03T01:30:48.901+0000][2545.126s] GC(844) Using 8 workers of 8 for evacuation
[2022-05-03T01:30:48.920+0000][2545.144s] GC(844)   Pre Evacuate Collection Set: 0.0ms
[2022-05-03T01:30:48.920+0000][2545.144s] GC(844)   Evacuate Collection Set: 7.9ms
[2022-05-03T01:30:48.921+0000][2545.145s] GC(844)   Post Evacuate Collection Set: 10.2ms
[2022-05-03T01:30:48.921+0000][2545.145s] GC(844)   Other: 0.7ms
[2022-05-03T01:30:48.921+0000][2545.145s] GC(844) Eden regions: 292->0(287)
[2022-05-03T01:30:48.922+0000][2545.146s] GC(844) Survivor regions: 15->20(39)
[2022-05-03T01:30:48.922+0000][2545.146s] GC(844) Old regions: 77->77
[2022-05-03T01:30:48.922+0000][2545.146s] GC(844) Humongous regions: 7->7
[2022-05-03T01:30:48.923+0000][2545.147s] GC(844) Metaspace: 57731K->57731K(1101824K)
[2022-05-03T01:30:48.923+0000][2545.147s] GC(844) Pause Young (Normal) (G1 Evacuation Pause) 389M->102M(512M) 21.653ms
[2022-05-03T01:30:48.923+0000][2545.147s] GC(844) User=0.13s Sys=0.00s Real=0.02s
[2022-05-03T01:30:51.150+0000][2547.374s] GC(845) Pause Young (Normal) (G1 Evacuation Pause)
[2022-05-03T01:30:51.150+0000][2547.374s] GC(845) Using 8 workers of 8 for evacuation
[2022-05-03T01:30:51.156+0000][2547.380s] GC(845)   Pre Evacuate Collection Set: 0.0ms
[2022-05-03T01:30:51.156+0000][2547.380s] GC(845)   Evacuate Collection Set: 3.0ms
[2022-05-03T01:30:51.157+0000][2547.381s] GC(845)   Post Evacuate Collection Set: 2.3ms
[2022-05-03T01:30:51.157+0000][2547.381s] GC(845)   Other: 0.6ms
[2022-05-03T01:30:51.157+0000][2547.381s] GC(845) Eden regions: 287->0(291)
[2022-05-03T01:30:51.158+0000][2547.382s] GC(845) Survivor regions: 20->16(39)
[2022-05-03T01:30:51.158+0000][2547.382s] GC(845) Old regions: 77->77
[2022-05-03T01:30:51.158+0000][2547.383s] GC(845) Humongous regions: 7->7
[2022-05-03T01:30:51.159+0000][2547.383s] GC(845) Metaspace: 57731K->57731K(1101824K)
[2022-05-03T01:30:51.159+0000][2547.383s] GC(845) Pause Young (Normal) (G1 Evacuation Pause) 389M->97M(512M) 9.257ms
[2022-05-03T01:30:51.159+0000][2547.383s] GC(845) User=0.04s Sys=0.00s Real=0.01s
[2022-05-03T01:30:53.400+0000][2549.624s] GC(846) Pause Young (Normal) (G1 Evacuation Pause)
[2022-05-03T01:30:53.400+0000][2549.624s] GC(846) Using 8 workers of 8 for evacuation
[2022-05-03T01:30:53.408+0000][2549.632s] GC(846)   Pre Evacuate Collection Set: 0.0ms
[2022-05-03T01:30:53.408+0000][2549.632s] GC(846)   Evacuate Collection Set: 4.6ms
[2022-05-03T01:30:53.409+0000][2549.633s] GC(846)   Post Evacuate Collection Set: 2.7ms
[2022-05-03T01:30:53.409+0000][2549.633s] GC(846)   Other: 0.7ms
[2022-05-03T01:30:53.409+0000][2549.633s] GC(846) Eden regions: 291->0(286)
[2022-05-03T01:30:53.410+0000][2549.634s] GC(846) Survivor regions: 16->21(39)
[2022-05-03T01:30:53.410+0000][2549.634s] GC(846) Old regions: 77->77
[2022-05-03T01:30:53.410+0000][2549.634s] GC(846) Humongous regions: 7->7
[2022-05-03T01:30:53.411+0000][2549.635s] GC(846) Metaspace: 57731K->57731K(1101824K)
[2022-05-03T01:30:53.411+0000][2549.635s] GC(846) Pause Young (Normal) (G1 Evacuation Pause) 388M->102M(512M) 11.095ms
[2022-05-03T01:30:53.411+0000][2549.635s] GC(846) User=0.05s Sys=0.00s Real=0.01s
[2022-05-03T01:30:55.703+0000][2551.927s] GC(847) Pause Young (Normal) (G1 Evacuation Pause)
[2022-05-03T01:30:55.703+0000][2551.927s] GC(847) Using 8 workers of 8 for evacuation
[2022-05-03T01:30:55.710+0000][2551.934s] GC(847)   Pre Evacuate Collection Set: 0.0ms
[2022-05-03T01:30:55.710+0000][2551.934s] GC(847)   Evacuate Collection Set: 3.2ms
[2022-05-03T01:30:55.711+0000][2551.935s] GC(847)   Post Evacuate Collection Set: 2.8ms
[2022-05-03T01:30:55.711+0000][2551.935s] GC(847)   Other: 1.0ms
[2022-05-03T01:30:55.711+0000][2551.935s] GC(847) Eden regions: 286->0(288)
[2022-05-03T01:30:55.712+0000][2551.936s] GC(847) Survivor regions: 21->19(39)
[2022-05-03T01:30:55.712+0000][2551.936s] GC(847) Old regions: 77->77
[2022-05-03T01:30:55.712+0000][2551.936s] GC(847) Humongous regions: 7->7
[2022-05-03T01:30:55.713+0000][2551.937s] GC(847) Metaspace: 57731K->57731K(1101824K)
[2022-05-03T01:30:55.713+0000][2551.937s] GC(847) Pause Young (Normal) (G1 Evacuation Pause) 388M->101M(512M) 10.004ms
[2022-05-03T01:30:55.713+0000][2551.937s] GC(847) User=0.04s Sys=0.00s Real=0.01s
[2022-05-03T01:30:57.640+0000][2553.864s] GC(848) Pause Young (Normal) (G1 Evacuation Pause)
[2022-05-03T01:30:57.641+0000][2553.865s] GC(848) Using 8 workers of 8 for evacuation
[2022-05-03T01:30:57.653+0000][2553.877s] GC(848)   Pre Evacuate Collection Set: 0.0ms
[2022-05-03T01:30:57.654+0000][2553.878s] GC(848)   Evacuate Collection Set: 8.6ms
[2022-05-03T01:30:57.654+0000][2553.878s] GC(848)   Post Evacuate Collection Set: 3.1ms
[2022-05-03T01:30:57.654+0000][2553.879s] GC(848)   Other: 1.0ms
[2022-05-03T01:30:57.655+0000][2553.879s] GC(848) Eden regions: 288->0(292)
[2022-05-03T01:30:57.655+0000][2553.879s] GC(848) Survivor regions: 19->15(39)
[2022-05-03T01:30:57.656+0000][2553.880s] GC(848) Old regions: 77->77
[2022-05-03T01:30:57.656+0000][2553.880s] GC(848) Humongous regions: 7->7
[2022-05-03T01:30:57.656+0000][2553.881s] GC(848) Metaspace: 57731K->57731K(1101824K)
[2022-05-03T01:30:57.657+0000][2553.881s] GC(848) Pause Young (Normal) (G1 Evacuation Pause) 389M->97M(512M) 16.379ms
[2022-05-03T01:30:57.657+0000][2553.881s] GC(848) User=0.09s Sys=0.00s Real=0.02s
[2022-05-03T01:31:00.025+0000][2556.249s] GC(849) Pause Young (Normal) (G1 Evacuation Pause)
[2022-05-03T01:31:00.025+0000][2556.250s] GC(849) Using 8 workers of 8 for evacuation
[2022-05-03T01:31:00.033+0000][2556.257s] GC(849)   Pre Evacuate Collection Set: 0.0ms
[2022-05-03T01:31:00.034+0000][2556.258s] GC(849)   Evacuate Collection Set: 3.5ms
[2022-05-03T01:31:00.034+0000][2556.258s] GC(849)   Post Evacuate Collection Set: 3.7ms
[2022-05-03T01:31:00.034+0000][2556.258s] GC(849)   Other: 0.9ms
[2022-05-03T01:31:00.034+0000][2556.259s] GC(849) Eden regions: 292->0(286)
[2022-05-03T01:31:00.035+0000][2556.259s] GC(849) Survivor regions: 15->21(39)
[2022-05-03T01:31:00.035+0000][2556.259s] GC(849) Old regions: 77->77
[2022-05-03T01:31:00.035+0000][2556.260s] GC(849) Humongous regions: 7->7
[2022-05-03T01:31:00.036+0000][2556.260s] GC(849) Metaspace: 57731K->57731K(1101824K)
[2022-05-03T01:31:00.036+0000][2556.260s] GC(849) Pause Young (Normal) (G1 Evacuation Pause) 389M->103M(512M) 10.922ms
[2022-05-03T01:31:00.036+0000][2556.260s] GC(849) User=0.05s Sys=0.00s Real=0.01s
[2022-05-03T01:31:02.562+0000][2558.787s] GC(850) Pause Young (Normal) (G1 Evacuation Pause)
[2022-05-03T01:31:02.563+0000][2558.787s] GC(850) Using 8 workers of 8 for evacuation
[2022-05-03T01:31:02.576+0000][2558.801s] GC(850)   Pre Evacuate Collection Set: 0.0ms
[2022-05-03T01:31:02.577+0000][2558.801s] GC(850)   Evacuate Collection Set: 10.0ms
[2022-05-03T01:31:02.577+0000][2558.801s] GC(850)   Post Evacuate Collection Set: 3.1ms
[2022-05-03T01:31:02.578+0000][2558.802s] GC(850)   Other: 1.0ms
[2022-05-03T01:31:02.578+0000][2558.802s] GC(850) Eden regions: 286->0(288)
[2022-05-03T01:31:02.578+0000][2558.803s] GC(850) Survivor regions: 21->19(39)
[2022-05-03T01:31:02.579+0000][2558.803s] GC(850) Old regions: 77->77
[2022-05-03T01:31:02.579+0000][2558.803s] GC(850) Humongous regions: 7->7
[2022-05-03T01:31:02.579+0000][2558.803s] GC(850) Metaspace: 57731K->57731K(1101824K)
[2022-05-03T01:31:02.580+0000][2558.804s] GC(850) Pause Young (Normal) (G1 Evacuation Pause) 389M->100M(512M) 17.149ms
[2022-05-03T01:31:02.580+0000][2558.804s] GC(850) User=0.10s Sys=0.00s Real=0.02s
[2022-05-03T01:31:04.422+0000][2560.646s] GC(851) Pause Young (Normal) (G1 Evacuation Pause)
[2022-05-03T01:31:04.422+0000][2560.646s] GC(851) Using 8 workers of 8 for evacuation
[2022-05-03T01:31:04.437+0000][2560.661s] GC(851)   Pre Evacuate Collection Set: 0.0ms
[2022-05-03T01:31:04.437+0000][2560.661s] GC(851)   Evacuate Collection Set: 10.8ms
[2022-05-03T01:31:04.437+0000][2560.661s] GC(851)   Post Evacuate Collection Set: 3.1ms
[2022-05-03T01:31:04.438+0000][2560.662s] GC(851)   Other: 0.7ms
[2022-05-03T01:31:04.438+0000][2560.662s] GC(851) Eden regions: 288->0(292)
[2022-05-03T01:31:04.438+0000][2560.662s] GC(851) Survivor regions: 19->15(39)
[2022-05-03T01:31:04.438+0000][2560.662s] GC(851) Old regions: 77->77
[2022-05-03T01:31:04.439+0000][2560.663s] GC(851) Humongous regions: 7->7
[2022-05-03T01:31:04.439+0000][2560.663s] GC(851) Metaspace: 57731K->57731K(1101824K)
[2022-05-03T01:31:04.439+0000][2560.663s] GC(851) Pause Young (Normal) (G1 Evacuation Pause) 388M->97M(512M) 17.035ms
[2022-05-03T01:31:04.439+0000][2560.663s] GC(851) User=0.11s Sys=0.00s Real=0.02s
[2022-05-03T01:31:06.764+0000][2562.988s] GC(852) Pause Young (Normal) (G1 Evacuation Pause)
[2022-05-03T01:31:06.764+0000][2562.988s] GC(852) Using 8 workers of 8 for evacuation
[2022-05-03T01:31:06.801+0000][2563.025s] GC(852)   Pre Evacuate Collection Set: 0.0ms
[2022-05-03T01:31:06.801+0000][2563.025s] GC(852)   Evacuate Collection Set: 25.4ms
[2022-05-03T01:31:06.802+0000][2563.026s] GC(852)   Post Evacuate Collection Set: 10.9ms
[2022-05-03T01:31:06.802+0000][2563.026s] GC(852)   Other: 0.9ms
[2022-05-03T01:31:06.803+0000][2563.027s] GC(852) Eden regions: 292->0(287)
[2022-05-03T01:31:06.803+0000][2563.027s] GC(852) Survivor regions: 15->20(39)
[2022-05-03T01:31:06.803+0000][2563.027s] GC(852) Old regions: 77->77
[2022-05-03T01:31:06.803+0000][2563.027s] GC(852) Humongous regions: 7->7
[2022-05-03T01:31:06.804+0000][2563.028s] GC(852) Metaspace: 57732K->57732K(1101824K)
[2022-05-03T01:31:06.804+0000][2563.028s] GC(852) Pause Young (Normal) (G1 Evacuation Pause) 389M->102M(512M) 40.201ms
[2022-05-03T01:31:06.804+0000][2563.028s] GC(852) User=0.25s Sys=0.02s Real=0.05s
